09-28 15:19:39.551 19450 19450 I ViewRootImpl@a68cb9b[PopupWindow:7ba43aa]: Relayout returned: old=(0,0,1080,2274) new=(0,80,0,2274) req=(0,2274)0 dur=5 res=0x7 s={true -5476376609221093472} ch=true fn=-1
09-28 15:19:39.552 19450 19484 D OpenGLRenderer: eglCreateWindowSurface
09-28 15:19:39.553 19450 19450 I ViewRootImpl@a68cb9b[PopupWindow:7ba43aa]: [DP] dp(1) 0 android.view.ViewRootImpl.reportNextDraw:11442 android.view.ViewRootImpl.performTraversals:4198 android.view.ViewRootImpl.doTraversal:2924 
09-28 15:19:39.553 19450 19450 D ViewRootImpl@a68cb9b[PopupWindow:7ba43aa]: Creating frameDrawingCallback nextDrawUseBlastSync=false reportNextDraw=true hasBlurUpdates=false
09-28 15:19:39.553 19450 19450 D ViewRootImpl@a68cb9b[PopupWindow:7ba43aa]: Creating frameCompleteCallback
09-28 15:19:39.553 19450 19450 I ViewRootImpl@a68cb9b[PopupWindow:7ba43aa]: [DP] pd() Cancel asnyc report
09-28 15:19:39.553 19450 19450 I ViewRootImpl@a68cb9b[PopupWindow:7ba43aa]: [DP] pdf(0) 0 android.view.ViewRootImpl.performDraw:5212 android.view.ViewRootImpl.performTraversals:4217 android.view.ViewRootImpl.doTraversal:2924 
09-28 15:19:39.553 19450 19450 I ViewRootImpl@a68cb9b[PopupWindow:7ba43aa]: [DP] rdf()
09-28 15:19:39.553 19450 19450 D ViewRootImpl@a68cb9b[PopupWindow:7ba43aa]: reportDrawFinished (fn: -1) 
09-28 15:19:39.559 19450 19450 I ViewRootImpl@a68cb9b[PopupWindow:7ba43aa]: handleResized, msg = 5 frames=ClientWindowFrames{frame=[0,80][0,2274] display=[0,80][1080,2274] backdrop=[0,0][0,2194]} forceNextWindowRelayout=false displayId=0 frameChanged=false backdropFrameChanged=true configChanged=false displayChanged=false mNextDrawUseBlastSync=false mergedConfiguration={mGlobalConfig={1.0 425mcc1mnc [en_US,iw_IL] ldltr sw411dp w411dp h835dp 420dpi nrml long port night finger -keyb/v/h -nav/h winConfig={ mBounds=Rect(0, 0 - 1080, 2400) mAppBounds=Rect(0, 80 - 1080, 2274) mMaxBounds=Rect(0, 0 - 1080, 2400) mWindowingMode=fullscreen mDisplayWindowingMode=fullscreen mActivityType=undefined mAlwaysOnTop=undefined mRotation=ROTATION_0 mPopOver=off mFreeformTaskPinningState=unpinned} s.17658 fontWeightAdjustment=0 ff=0 bf=0 bts=0 desktop/d dm/n dc/d ?dcui ?dcaf enb/d themeSeq=0} mOverrideConfig={1.0 425mcc1mnc [en_US,iw_IL] ldltr sw411dp w411dp h835dp 420dpi nrml long port night finger -keyb/v/h -nav/h winConfig={ mBounds=Rect(0, 0 - 1080, 2400) mAppBounds=Rect(0, 80 - 1080, 2274) mMaxBounds=Rect(0, 0 - 1080, 2400) mWindowingMode=fullscreen mDisplayWindowingMode=fullscreen mActivityType=standard mAlwaysOnTop=undefined mRotation=ROTATION_0 mPopOver=off mFreeformTaskPinningState=unpinned} s.1 fontWeightAdjustment=0 ff=0 bf=0 bts=0 desktop/d dm/n dc/d ?dcui ?dcaf enb/d themeSeq=0}}
09-28 15:19:39.559 19450 19450 I ViewRootImpl@a68cb9b[PopupWindow:7ba43aa]: [DP] dp(1) 0 android.view.ViewRootImpl.reportNextDraw:11442 android.view.ViewRootImpl.handleResized:2235 android.view.ViewRootImpl.access$1200:303 
09-28 15:19:39.561 19450 19450 D ViewRootImpl@a68cb9b[PopupWindow:7ba43aa]: Creating frameDrawingCallback nextDrawUseBlastSync=false reportNextDraw=true hasBlurUpdates=false
09-28 15:19:39.561 19450 19450 D ViewRootImpl@a68cb9b[PopupWindow:7ba43aa]: Creating frameCompleteCallback
09-28 15:19:39.561 19450 19450 I ViewRootImpl@a68cb9b[PopupWindow:7ba43aa]: [DP] pd() Cancel asnyc report
09-28 15:19:39.561 19450 19450 I ViewRootImpl@a68cb9b[PopupWindow:7ba43aa]: [DP] pdf(0) 0 android.view.ViewRootImpl.performDraw:5212 android.view.ViewRootImpl.performTraversals:4217 android.view.ViewRootImpl.doTraversal:2924 
09-28 15:19:39.561 19450 19450 I ViewRootImpl@a68cb9b[PopupWindow:7ba43aa]: [DP] rdf()
09-28 15:19:39.562 19450 19450 D ViewRootImpl@a68cb9b[PopupWindow:7ba43aa]: reportDrawFinished (fn: -1) 
09-28 15:19:39.569 19450 19718 V nubo.Debugger: Starting socket thread. channelType: 0, Connecting to labil.nubosoftware.com:7443
09-28 15:19:39.613 19450 19718 E nubo.NuboClientActivity: nuboClientVersion: 3.0.50, NuboVersionCode: 410
09-28 15:19:39.615 19450 19718 E nubo.NuboParams: getClientFrameRate: server
09-28 15:19:39.617 19450 19718 E nubo.NuboClientActivity: sendPlayerLogin. initialFPS: Initial process FPS is 20Hz, mNetworkConQuality: 3
09-28 15:19:39.618 19450 19718 E nubo.Debugger: SocketThread::run. Waiting for drawPlayerLoginAck. channelIdx: 0
09-28 15:19:39.618 19450 19740 E nubo.NuboOutStreamMgr: Sending cmd: 3
09-28 15:19:39.711 19450 19718 E nubo.Debugger: SocketThread::run. loginMgmtErrorCode: 0, channelIdx: 0
09-28 15:19:39.711 19450 19718 I nubo.Debugger: Logged in
09-28 15:19:39.718 19450 19718 E nubo.NuboClientActivity: setPackName:: processId = 2639, packName = com.nubo.launcher.nubo
09-28 15:19:39.719 19450 19718 E nubo.Debugger: Push window. wndId=11597708, processId: 2639
09-28 15:19:39.720 19450 19718 E nubo.NuboClientActivity: pushWndOnStack. containerType: 1, x: null, y: null, w: 720, h: 1462
09-28 15:19:39.722 19450 19450 I Dialog  : mIsDeviceDefault = false, mIsSamsungBasicInteraction = false, isMetaDataInActivity = false
09-28 15:19:39.732 19450 19450 I DecorView: [INFO] isPopOver=false, config=false
09-28 15:19:39.732 19450 19450 I DecorView: updateCaptionType >> DecorView@1bc337b[], isFloating=false, isApplication=true, hasWindowControllerCallback=false, hasWindowDecorCaption=false
09-28 15:19:39.732 19450 19450 D DecorView: setCaptionType = 0, this = DecorView@1bc337b[]
09-28 15:19:39.733 19450 19450 I DecorView: getCurrentDensityDpi: from app context. densityDpi=420 msg=resources_loaded
09-28 15:19:39.733 19450 19450 I MSHandlerLifeCycle: isMultiSplitHandlerRequested: ignored. pkg=com.nubo.test7 isActivity=false callers=com.android.internal.policy.DecorView.setVisibility:4295 com.nubo.ui.UiUtils.setLightsOutMode:26 com.nubo.windows.PanelDialog.init:288 com.nubo.windows.WindowsStack$StackNode.init:592 com.nubo.windows.WindowsStack$StackNode.init:546 
09-28 15:19:39.733 19450 19450 I MSHandlerLifeCycle: removeMultiSplitHandler: no exist. decor=DecorView@1bc337b[]
09-28 15:19:39.734 19450 19450 I MSHandlerLifeCycle: isMultiSplitHandlerRequested: ignored. pkg=com.nubo.test7 isActivity=false callers=com.android.internal.policy.DecorView.setVisibility:4295 com.nubo.client.NuboClientActivity$36.run:8118 android.os.Handler.handleCallback:938 android.os.Handler.dispatchMessage:99 android.os.Looper.loopOnce:226 
09-28 15:19:39.734 19450 19450 I MSHandlerLifeCycle: removeMultiSplitHandler: no exist. decor=DecorView@1bc337b[]
09-28 15:19:39.737 19450 19450 D InsetsSourceConsumer: setRequestedVisible: visible=false, type=20, host=com.nubo.test7/com.nubo.client.NuboClientActivity, from=android.view.InsetsSourceConsumer.hide:253 android.view.InsetsController.collectSourceControls:1215 android.view.InsetsController.controlAnimationUnchecked:1077 android.view.InsetsController.applyAnimation:1456 android.view.InsetsController.applyAnimation:1437 android.view.InsetsController.hide:1006 android.view.InsetsController.hide:981 android.view.ViewRootImpl.controlInsetsForCompatibility:3147 android.view.ViewRootImpl.setView:1560 android.view.WindowManagerGlobal.addView:509 
09-28 15:19:39.737 19450 19450 D InsetsSourceConsumer: setRequestedVisible: visible=false, type=0, host=com.nubo.test7/com.nubo.client.NuboClientActivity, from=android.view.InsetsSourceConsumer.hide:253 android.view.InsetsController.collectSourceControls:1215 android.view.InsetsController.controlAnimationUnchecked:1077 android.view.InsetsController.applyAnimation:1456 android.view.InsetsController.applyAnimation:1437 android.view.InsetsController.hide:1006 android.view.InsetsController.hide:981 android.view.ViewRootImpl.controlInsetsForCompatibility:3147 android.view.ViewRootImpl.setView:1560 android.view.WindowManagerGlobal.addView:509 
09-28 15:19:39.741 19450 19450 I ViewRootImpl@adb31f1[NuboClientActivity]: setView = com.android.internal.policy.DecorView@1bc337b TM=true
09-28 15:19:39.742 19450 19718 E nubo.Debugger: Show window1. wndId=11597708, processId: 2639
09-28 15:19:39.743 19450 19718 V nubo.NuboClientActivity: ShowWindow PACKAGENAME=com.nubo.launcher.nubo, wndId: 11597708
09-28 15:19:39.743 19450 19718 E nubo.NuboClientActivity: ShowWindow. layout visible. processId=2639, wndId=11597708, stackSize=1, packageName: com.nubo.launcher.nubo, nuboWndId: 151928533
09-28 15:19:39.744 19450 19458 I com.nubo.test7: Compiler allocated 4163KB to compile void android.widget.TextView.<init>(android.content.Context, android.util.AttributeSet, int, int)
09-28 15:19:39.754 19450 19450 I ViewRootImpl@adb31f1[NuboClientActivity]: Relayout returned: old=(0,0,1080,2400) new=(0,80,1080,2400) req=(1080,2400)8 dur=4 res=0x1 s={false 0} ch=false fn=-1
09-28 15:19:39.761 19450 19450 I ViewRootImpl@80b7fb0[PopupWindow:d6796f3]: setView = android.widget.PopupWindow$PopupDecorView@1daaf4f TM=true
09-28 15:19:39.762 19450 19450 I DecorView: notifyKeepScreenOnChanged: keepScreenOn=false
09-28 15:19:39.762 19450 19450 I MSHandlerLifeCycle: isMultiSplitHandlerRequested: ignored. pkg=com.nubo.test7 isActivity=false callers=com.android.internal.policy.DecorView.hasMultiSplitHandlerInNonFreeformMode:891 com.android.internal.policy.DecorView.notifyKeepScreenOnChanged:885 android.view.ViewRootImpl.applyKeepScreenOnFlag:2945 android.view.ViewRootImpl.setLayoutParams:2108 android.view.WindowManagerGlobal.updateViewLayout:537 
09-28 15:19:39.768 19450 19450 I ViewRootImpl@adb31f1[NuboClientActivity]: Relayout returned: old=(0,80,1080,2400) new=(0,80,1080,2400) req=(1080,2320)8 dur=3 res=0x1 s={false 0} ch=false fn=-1
09-28 15:19:39.774 19450 19450 I ViewRootImpl@80b7fb0[PopupWindow:d6796f3]: Relayout returned: old=(0,0,1080,2274) new=(0,80,0,2274) req=(0,2274)0 dur=5 res=0x7 s={true -5476376609221041152} ch=true fn=-1
09-28 15:19:39.775 19450 19484 D OpenGLRenderer: eglCreateWindowSurface
09-28 15:19:39.776 19450 19450 I ViewRootImpl@80b7fb0[PopupWindow:d6796f3]: [DP] dp(1) 0 android.view.ViewRootImpl.reportNextDraw:11442 android.view.ViewRootImpl.performTraversals:4198 android.view.ViewRootImpl.doTraversal:2924 
09-28 15:19:39.776 19450 19450 D ViewRootImpl@80b7fb0[PopupWindow:d6796f3]: Creating frameDrawingCallback nextDrawUseBlastSync=false reportNextDraw=true hasBlurUpdates=false
09-28 15:19:39.776 19450 19450 D ViewRootImpl@80b7fb0[PopupWindow:d6796f3]: Creating frameCompleteCallback
09-28 15:19:39.776 19450 19450 I ViewRootImpl@80b7fb0[PopupWindow:d6796f3]: [DP] pd() Cancel asnyc report
09-28 15:19:39.776 19450 19450 I ViewRootImpl@80b7fb0[PopupWindow:d6796f3]: [DP] pdf(0) 0 android.view.ViewRootImpl.performDraw:5212 android.view.ViewRootImpl.performTraversals:4217 android.view.ViewRootImpl.doTraversal:2924 
09-28 15:19:39.776 19450 19450 I ViewRootImpl@80b7fb0[PopupWindow:d6796f3]: [DP] rdf()
09-28 15:19:39.776 19450 19450 D ViewRootImpl@80b7fb0[PopupWindow:d6796f3]: reportDrawFinished (fn: -1) 
09-28 15:19:39.777 19450 19450 I MSHandlerLifeCycle: isMultiSplitHandlerRequested: ignored. pkg=com.nubo.test7 isActivity=false callers=com.android.internal.policy.DecorView.setVisibility:4295 com.nubo.client.NuboClientActivity$37.run:8144 android.os.Handler.handleCallback:938 android.os.Handler.dispatchMessage:99 android.os.Looper.loopOnce:226 
09-28 15:19:39.777 19450 19450 I MSHandlerLifeCycle: removeMultiSplitHandler: no exist. decor=DecorView@1bc337b[NuboClientActivity]
09-28 15:19:39.777 19450 19450 D nubo.MenuBarManager: re-add menu to new parent view
09-28 15:19:39.778 19450 19450 D nubo.MenuBarManager: add status bar to new parent view
09-28 15:19:39.789 19450 19718 E nubo.NuboClientActivity: setTopTask: topTask= 1000002, processId: 2639
09-28 15:19:39.794 19450 19469 I ViewRootImpl@80b7fb0[PopupWindow:d6796f3]: Resizing android.view.ViewRootImpl@42b16cd: frame=[0,80][0,2274] reportDraw=false forceLayout=false backDropFrame=Rect(0, 0 - 0, 2194)
09-28 15:19:39.798 19450 19450 I ViewRootImpl@adb31f1[NuboClientActivity]: Relayout returned: old=(0,80,1080,2400) new=(0,80,1080,2400) req=(1080,2320)0 dur=6 res=0x7 s={true -5476376609221049872} ch=true fn=-1
09-28 15:19:39.799 19450 19450 I DecorView: getCurrentDensityDpi: from app context. densityDpi=420 msg=remove_caption
09-28 15:19:39.799 19450 19450 I DecorView: [INFO] isPopOver=false, config=true
09-28 15:19:39.799 19450 19450 I DecorView: updateCaptionType >> DecorView@1bc337b[NuboClientActivity], isFloating=false, isApplication=true, hasWindowControllerCallback=false, hasWindowDecorCaption=false
09-28 15:19:39.799 19450 19450 D DecorView: setCaptionType = 0, this = DecorView@1bc337b[NuboClientActivity]
09-28 15:19:39.799 19450 19450 I MSHandlerLifeCycle: isMultiSplitHandlerRequested: ignored. pkg=com.nubo.test7 isActivity=false callers=com.android.internal.policy.DecorView.onConfigurationChanged:3301 android.view.View.dispatchConfigurationChanged:15681 android.view.ViewGroup.dispatchConfigurationChanged:1659 android.view.ViewRootImpl.updateConfiguration:6215 android.view.ViewRootImpl.performConfigurationChange:6178 
09-28 15:19:39.799 19450 19450 I MSHandlerLifeCycle: removeMultiSplitHandler: no exist. decor=DecorView@1bc337b[NuboClientActivity]
09-28 15:19:39.800 19450 19484 D OpenGLRenderer: eglCreateWindowSurface
09-28 15:19:39.801 19450 19450 I ViewRootImpl@adb31f1[NuboClientActivity]: [DP] dp(1) 1 android.view.ViewRootImpl.reportNextDraw:11442 android.view.ViewRootImpl.performTraversals:4198 android.view.ViewRootImpl.doTraversal:2924 
09-28 15:19:39.801 19450 19450 D ViewRootImpl@adb31f1[NuboClientActivity]: Creating frameDrawingCallback nextDrawUseBlastSync=false reportNextDraw=true hasBlurUpdates=false
09-28 15:19:39.801 19450 19450 D ViewRootImpl@adb31f1[NuboClientActivity]: Creating frameCompleteCallback
09-28 15:19:39.802 19450 19450 D nubo.Debugger: onSurfaceTextureAvailable. surface=android.graphics.SurfaceTexture@6d95b82
09-28 15:19:39.804 19450 19504 D ViewRootImpl@adb31f1[NuboClientActivity]: Received frameDrawingCallback frameNum=1. Creating transactionCompleteCallback=false
09-28 15:19:39.805 19450 19484 D ViewRootImpl@adb31f1[NuboClientActivity]: Received frameCompleteCallback  lastAcquiredFrameNum=1 lastAttemptedDrawFrameNum=1
09-28 15:19:39.808 19450 19450 I ViewRootImpl@adb31f1[NuboClientActivity]: [DP] pdf(0) 1 android.view.ViewRootImpl.lambda$addFrameCompleteCallbackIfNeeded$3$ViewRootImpl:5000 android.view.ViewRootImpl$$ExternalSyntheticLambda16.run:6 android.os.Handler.handleCallback:938 
09-28 15:19:39.808 19450 19450 I ViewRootImpl@adb31f1[NuboClientActivity]: [DP] rdf()
09-28 15:19:39.808 19450 19450 D ViewRootImpl@adb31f1[NuboClientActivity]: reportDrawFinished (fn: -1) 
09-28 15:19:39.809 19450 19450 D nubo.Debugger: onSurfaceTextureDestroyed. surface=android.graphics.SurfaceTexture@6d95b82
09-28 15:19:39.810 19450 19450 I MSHandlerLifeCycle: removeMultiSplitHandler: no exist. decor=DecorView@1bc337b[NuboClientActivity]
09-28 15:19:39.810 19450 19484 D OpenGLRenderer: setSurface called with nullptr
09-28 15:19:39.810 19450 19484 D OpenGLRenderer: setSurface() destroyed EGLSurface
09-28 15:19:39.810 19450 19484 D OpenGLRenderer: destroyEglSurface
09-28 15:19:39.813 19450 19450 I ViewRootImpl@adb31f1[NuboClientActivity]: dispatchDetachedFromWindow
09-28 15:19:39.819 19450 19450 D InputTransport: Input channel destroyed: '23624b6', fd=170
09-28 15:19:39.820 19450 19450 I ViewRootImpl@80b7fb0[PopupWindow:d6796f3]: handleResized, msg = 4 frames=ClientWindowFrames{frame=[0,80][0,2274] display=[0,80][1080,2274] backdrop=[0,0][0,2194]} forceNextWindowRelayout=false displayId=0 frameChanged=false backdropFrameChanged=true configChanged=false displayChanged=false mNextDrawUseBlastSync=false mergedConfiguration={mGlobalConfig={1.0 425mcc1mnc [en_US,iw_IL] ldltr sw411dp w411dp h835dp 420dpi nrml long port night finger -keyb/v/h -nav/h winConfig={ mBounds=Rect(0, 0 - 1080, 2400) mAppBounds=Rect(0, 80 - 1080, 2274) mMaxBounds=Rect(0, 0 - 1080, 2400) mWindowingMode=fullscreen mDisplayWindowingMode=fullscreen mActivityType=undefined mAlwaysOnTop=undefined mRotation=ROTATION_0 mPopOver=off mFreeformTaskPinningState=unpinned} s.17658 fontWeightAdjustment=0 ff=0 bf=0 bts=0 desktop/d dm/n dc/d ?dcui ?dcaf enb/d themeSeq=0} mOverrideConfig={1.0 425mcc1mnc [en_US,iw_IL] ldltr sw411dp w411dp h835dp 420dpi nrml long port night finger -keyb/v/h -nav/h winConfig={ mBounds=Rect(0, 0 - 1080, 2400) mAppBounds=Rect(0, 80 - 1080, 2274) mMaxBounds=Rect(0, 0 - 1080, 2400) mWindowingMode=fullscreen mDisplayWindowingMode=fullscreen mActivityType=standard mAlwaysOnTop=undefined mRotation=ROTATION_0 mPopOver=off mFreeformTaskPinningState=unpinned} s.1 fontWeightAdjustment=0 ff=0 bf=0 bts=0 desktop/d dm/n dc/d ?dcui ?dcaf enb/d themeSeq=0}}
09-28 15:19:39.820 19450 19450 I ViewRootImpl@7977989[NuboClientActivity]: MSG_WINDOW_FOCUS_CHANGED 0 1
09-28 15:19:39.821 19450 19450 I MSHandlerLifeCycle: isMultiSplitHandlerRequested: ignored. pkg=com.nubo.test7 isActivity=false callers=com.android.internal.policy.DecorView.setVisibility:4295 com.nubo.client.NuboClientActivity$35.run:8081 android.os.Handler.handleCallback:938 android.os.Handler.dispatchMessage:99 android.os.Looper.loopOnce:226 
09-28 15:19:39.821 19450 19450 I MSHandlerLifeCycle: removeMultiSplitHandler: no exist. decor=DecorView@1bc337b[NuboClientActivity]
09-28 15:19:39.821 19450 19450 D nubo.MenuBarManager: no need to re-create status bar. just move it to top
09-28 15:19:39.821 19450 19450 I DecorView: getCurrentDensityDpi: from app context. densityDpi=420 msg=remove_caption
09-28 15:19:39.821 19450 19450 I DecorView: [INFO] isPopOver=false, config=true
09-28 15:19:39.821 19450 19450 I DecorView: updateCaptionType >> DecorView@1bc337b[NuboClientActivity], isFloating=false, isApplication=true, hasWindowControllerCallback=false, hasWindowDecorCaption=false
09-28 15:19:39.821 19450 19450 D DecorView: setCaptionType = 0, this = DecorView@1bc337b[NuboClientActivity]
09-28 15:19:39.821 19450 19450 I MSHandlerLifeCycle: isMultiSplitHandlerRequested: ignored. pkg=com.nubo.test7 isActivity=false callers=com.android.internal.policy.DecorView.onConfigurationChanged:3301 android.view.View.dispatchConfigurationChanged:15681 android.view.ViewGroup.dispatchConfigurationChanged:1659 android.app.Dialog.show:458 com.nubo.windows.PanelDialog.show:386 
09-28 15:19:39.821 19450 19450 I MSHandlerLifeCycle: removeMultiSplitHandler: no exist. decor=DecorView@1bc337b[NuboClientActivity]
09-28 15:19:39.823 19450 19450 D InsetsSourceConsumer: setRequestedVisible: visible=false, type=20, host=com.nubo.test7/com.nubo.client.NuboClientActivity, from=android.view.InsetsSourceConsumer.hide:253 android.view.InsetsController.collectSourceControls:1215 android.view.InsetsController.controlAnimationUnchecked:1077 android.view.InsetsController.applyAnimation:1456 android.view.InsetsController.applyAnimation:1437 android.view.InsetsController.hide:1006 android.view.InsetsController.hide:981 android.view.ViewRootImpl.controlInsetsForCompatibility:3147 android.view.ViewRootImpl.setView:1560 android.view.WindowManagerGlobal.addView:509 
09-28 15:19:39.823 19450 19450 D InsetsSourceConsumer: setRequestedVisible: visible=false, type=0, host=com.nubo.test7/com.nubo.client.NuboClientActivity, from=android.view.InsetsSourceConsumer.hide:253 android.view.InsetsController.collectSourceControls:1215 android.view.InsetsController.controlAnimationUnchecked:1077 android.view.InsetsController.applyAnimation:1456 android.view.InsetsController.applyAnimation:1437 android.view.InsetsController.hide:1006 android.view.InsetsController.hide:981 android.view.ViewRootImpl.controlInsetsForCompatibility:3147 android.view.ViewRootImpl.setView:1560 android.view.WindowManagerGlobal.addView:509 
09-28 15:19:39.828 19450 19450 I ViewRootImpl@cf9c293[NuboClientActivity]: setView = com.android.internal.policy.DecorView@1bc337b TM=true
09-28 15:19:39.829 19450 19450 D InsetsSourceConsumer: ensureControlAlpha: for ITYPE_NAVIGATION_BAR on com.nubo.test7/com.nubo.client.NuboClientActivity
09-28 15:19:39.830 19450 19718 E nubo.NuboClientActivity: setPackName:: processId = 2639, packName = com.nubo.launcher.nubo
09-28 15:19:39.831 19450 19718 E nubo.Debugger: Push window. wndId=11597708, processId: 2639
09-28 15:19:39.831 19450 19718 E nubo.Debugger: Show window1. wndId=11597708, processId: 2639
09-28 15:19:39.832 19450 19718 V nubo.NuboClientActivity: ShowWindow PACKAGENAME=com.nubo.launcher.nubo, wndId: 11597708
09-28 15:19:39.832 19450 19718 E nubo.NuboClientActivity: ShowWindow. layout visible. processId=2639, wndId=11597708, stackSize=1, packageName: com.nubo.launcher.nubo, nuboWndId: 151928533
09-28 15:19:39.836 19450 19450 D InsetsSourceConsumer: ensureControlAlpha: for ITYPE_NAVIGATION_BAR on com.nubo.test7/com.nubo.client.NuboClientActivity
09-28 15:19:39.837 19450 19450 I ViewRootImpl@cf9c293[NuboClientActivity]: Relayout returned: old=(0,0,1080,2400) new=(0,80,1080,2400) req=(1080,2400)0 dur=3 res=0x7 s={true -5476376609221049872} ch=true fn=-1
09-28 15:19:39.839 19450 19450 I ViewRootImpl@cf9c293[NuboClientActivity]: [DP] dp(1) 1 android.view.ViewRootImpl.reportNextDraw:11442 android.view.ViewRootImpl.performTraversals:4198 android.view.ViewRootImpl.doTraversal:2924 
09-28 15:19:39.839 19450 19450 D ViewRootImpl@cf9c293[NuboClientActivity]: Creating frameDrawingCallback nextDrawUseBlastSync=false reportNextDraw=true hasBlurUpdates=false
09-28 15:19:39.839 19450 19450 D ViewRootImpl@cf9c293[NuboClientActivity]: Creating frameCompleteCallback
09-28 15:19:39.839 19450 19484 D OpenGLRenderer: eglCreateWindowSurface
09-28 15:19:39.840 19450 19450 D nubo.Debugger: onSurfaceTextureAvailable. surface=android.graphics.SurfaceTexture@35a4bfc
09-28 15:19:39.841 19450 19505 D ViewRootImpl@cf9c293[NuboClientActivity]: Received frameDrawingCallback frameNum=1. Creating transactionCompleteCallback=false
09-28 15:19:39.847 19450 19484 D ViewRootImpl@cf9c293[NuboClientActivity]: Received frameCompleteCallback  lastAcquiredFrameNum=1 lastAttemptedDrawFrameNum=1
09-28 15:19:39.848 19450 19450 I ViewRootImpl@cf9c293[NuboClientActivity]: [DP] pdf(0) 1 android.view.ViewRootImpl.lambda$addFrameCompleteCallbackIfNeeded$3$ViewRootImpl:5000 android.view.ViewRootImpl$$ExternalSyntheticLambda16.run:6 android.os.Handler.handleCallback:938 
09-28 15:19:39.848 19450 19450 I ViewRootImpl@cf9c293[NuboClientActivity]: [DP] rdf()
09-28 15:19:39.849 19450 19450 D ViewRootImpl@cf9c293[NuboClientActivity]: reportDrawFinished (fn: -1) 
09-28 15:19:39.849 19450 19450 I ViewRootImpl@7977989[NuboClientActivity]: MSG_WINDOW_FOCUS_CHANGED 0 1
09-28 15:19:39.850 19450 19450 I MSHandlerLifeCycle: isMultiSplitHandlerRequested: ignored. pkg=com.nubo.test7 isActivity=false callers=com.android.internal.policy.DecorView.setVisibility:4295 com.nubo.client.NuboClientActivity$37.run:8144 android.os.Handler.handleCallback:938 android.os.Handler.dispatchMessage:99 android.os.Looper.loopOnce:226 
09-28 15:19:39.850 19450 19450 I MSHandlerLifeCycle: removeMultiSplitHandler: no exist. decor=DecorView@1bc337b[NuboClientActivity]
09-28 15:19:39.850 19450 19450 D nubo.MenuBarManager: no need to re-create status bar. just move it to top
09-28 15:19:39.851 19450 19718 E nubo.NuboClientActivity: setTopTask: topTask= 1000002, processId: 2639
09-28 15:19:39.852 19450 19450 I ViewRootImpl@7977989[NuboClientActivity]: MSG_WINDOW_FOCUS_CHANGED 0 1
09-28 15:19:39.852 19450 19718 E nubo.Debugger: Push window. wndId=11597708, processId: 2639
09-28 15:19:39.852 19450 19718 E nubo.Debugger: Show window1. wndId=11597708, processId: 2639
09-28 15:19:39.853 19450 19718 V nubo.NuboClientActivity: ShowWindow PACKAGENAME=com.nubo.launcher.nubo, wndId: 11597708
09-28 15:19:39.853 19450 19718 E nubo.NuboClientActivity: ShowWindow. layout visible. processId=2639, wndId=11597708, stackSize=1, packageName: com.nubo.launcher.nubo, nuboWndId: 151928533
09-28 15:19:39.854 19450 19450 I MSHandlerLifeCycle: isMultiSplitHandlerRequested: ignored. pkg=com.nubo.test7 isActivity=false callers=com.android.internal.policy.DecorView.setVisibility:4295 com.nubo.client.NuboClientActivity$37.run:8144 android.os.Handler.handleCallback:938 android.os.Handler.dispatchMessage:99 android.os.Looper.loopOnce:226 
09-28 15:19:39.854 19450 19450 I MSHandlerLifeCycle: removeMultiSplitHandler: no exist. decor=DecorView@1bc337b[NuboClientActivity]
09-28 15:19:39.854 19450 19450 D nubo.MenuBarManager: no need to re-create status bar. just move it to top
09-28 15:19:39.863 19450 19450 I ViewRootImpl@cf9c293[NuboClientActivity]: MSG_WINDOW_FOCUS_CHANGED 1 1
09-28 15:19:39.863 19450 19718 D nubo.Debugger: Rect top = 0 left = 0 right = 720 bottom = 1462
09-28 15:19:39.863 19450 19450 D InputMethodManager: startInputInner - Id : 0
09-28 15:19:39.864 19450 19450 I InputMethodManager: startInputInner - mService.startInputOrWindowGainedFocus
09-28 15:19:39.866 19450 19718 D nubo.Debugger: Received  setDensity=280
09-28 15:19:39.873 19450 19718 D nubo.Debugger: drawColor1 with color=0 PorterDuffMode=0 processId=2639 wndId=11597708 bounds =Rect(0, 0 - 720, 1462) matrix=Matrix{[1.0, 0.0, 0.0][0.0, 1.0, 0.0][0.0, 0.0, 1.0]}
09-28 15:19:39.874 19450 19458 I com.nubo.test7: Compiler allocated 4546KB to compile void android.view.ViewRootImpl.performTraversals()
09-28 15:19:39.879 19450 19718 D nubo.Debugger: drawText1=Test Labil, bounds=Rect(-5, -90 - 180, 142), start=0, end=10, x=0.0, y=41.0, matrix=Matrix{[1.0, 0.0, 272.0][0.0, 1.0, 104.0][0.0, 0.0, 1.0]}
09-28 15:19:39.882 19450 19718 D nubo.Debugger: drawBitmap8. wndId=11597708
09-28 15:19:39.883 19450 19718 D nubo.Debugger: drawRect1 with rect=RectF(0.0, 2337.0, 720.0, 1462.0) paint=android.graphics.Paint@1815285 processId=2639 wndId=11597708
09-28 15:19:39.884 19450 19718 D nubo.Debugger: Rect at:RectF(0.0, 2337.0, 720.0, 1462.0)
09-28 15:19:39.884 19450 19718 D nubo.Debugger: drawBitmap1. , bounds=Rect(-31, -17 - 53, 39), matrix=Matrix{[1.0, 0.0, 349.0][0.0, 1.0, 1194.0][0.0, 0.0, 1.0]}
09-28 15:19:39.884 19450 19718 D nubo.Debugger: drawBitmap1 4.0,4.0
09-28 15:19:39.885 19450 19718 D nubo.Debugger: drawBitmap1. , bounds=Rect(-31, -17 - 53, 39), matrix=Matrix{[1.0, 0.0, 349.0][0.0, 1.0, 1194.0][0.0, 0.0, 1.0]}
09-28 15:19:39.885 19450 19718 D nubo.Debugger: drawBitmap1 4.0,4.0
09-28 15:19:39.886 19450 19718 E nubo.NuboClientActivity: drawBitmap. , bounds=Rect(-20, -57 - 114, 151), matrix=Matrix{[1.0, 0.0, 45.0][0.0, 1.0, 1290.0][0.0, 0.0, 1.0]}, src= null, dst=Rect(0, 0 - 94, 94), bitmap[0]=android.graphics.Bitmap@312d8da
09-28 15:19:39.887 19450 19718 D nubo.Debugger: drawText1=Phone, bounds=Rect(524224, -165 - 524352, 43), start=0, end=5, x=524259.0, y=25.0, matrix=Matrix{[1.0, 0.0, -524196.0][0.0, 1.0, 1398.0][0.0, 0.0, 1.0]}
09-28 15:19:39.889 19450 19718 E nubo.NuboClientActivity: drawBitmap. , bounds=Rect(-20, -57 - 114, 151), matrix=Matrix{[1.0, 0.0, 179.0][0.0, 1.0, 1290.0][0.0, 0.0, 1.0]}, src= null, dst=Rect(0, 0 - 94, 94), bitmap[0]=android.graphics.Bitmap@fb4f10b
09-28 15:19:39.889 19450 19718 D nubo.Debugger: drawText1=KMPlayer, bounds=Rect(524224, -165 - 524352, 43), start=0, end=8, x=524245.0, y=25.0, matrix=Matrix{[1.0, 0.0, -524062.0][0.0, 1.0, 1398.0][0.0, 0.0, 1.0]}
09-28 15:19:39.890 19450 19718 E nubo.NuboClientActivity: drawBitmap. , bounds=Rect(-20, -57 - 114, 151), matrix=Matrix{[1.0, 0.0, 313.0][0.0, 1.0, 1290.0][0.0, 0.0, 1.0]}, src= null, dst=Rect(0, 0 - 94, 94), bitmap[0]=android.graphics.Bitmap@afe2be8
09-28 15:19:39.891 19450 19718 D nubo.Debugger: drawText1=Chrome, bounds=Rect(524224, -165 - 524352, 43), start=0, end=6, x=524253.0, y=25.0, matrix=Matrix{[1.0, 0.0, -523928.0][0.0, 1.0, 1398.0][0.0, 0.0, 1.0]}
09-28 15:19:39.891 19450 19718 E nubo.NuboClientActivity: Detected first write transaction...
09-28 15:19:39.892 19450 19718 D nubo.Debugger: writeTransaction. wndId: 11597708, mSessionId: 51f204af4ebea0153216538471dda9c4da98205fb9bd391cdd9123d3179d5c8e905d0ea4c49aee1ade80962bea3e35fe
09-28 15:19:39.892 19450 19450 I MSHandlerLifeCycle: removeMultiSplitHandler: no exist. decor=DecorView@cb03e53[NuboClientActivity]
09-28 15:19:39.892 19450 19484 D OpenGLRenderer: setSurface called with nullptr
09-28 15:19:39.892 19450 19484 D OpenGLRenderer: setSurface() destroyed EGLSurface
09-28 15:19:39.892 19450 19484 D OpenGLRenderer: destroyEglSurface
09-28 15:19:39.893 19450 19450 I ViewRootImpl@7977989[NuboClientActivity]: dispatchDetachedFromWindow
09-28 15:19:39.898 19450 19718 D writeTransaction: =================================================
09-28 15:19:39.901 19450 19450 D InputTransport: Input channel destroyed: '5896b9c', fd=108
09-28 15:19:39.907 19450 19450 D InputMethodManager: startInputInner - Id : 0
09-28 15:19:39.907 19450 19450 I InputMethodManager: startInputInner - mService.startInputOrWindowGainedFocus
09-28 15:19:39.915 19450 19450 I ViewRootImpl@e0a30c2[EnterPasscode]: handleAppVisibility mAppVisible=true visible=false
09-28 15:19:39.921 19450 19484 D OpenGLRenderer: setSurface called with nullptr
09-28 15:19:39.921 19450 19484 D OpenGLRenderer: setSurface() destroyed EGLSurface
09-28 15:19:39.921 19450 19484 D OpenGLRenderer: destroyEglSurface
09-28 15:19:39.929 19450 19450 I ViewRootImpl@e0a30c2[EnterPasscode]: Relayout returned: old=(0,0,1080,2400) new=(0,0,1080,2400) req=(1080,2400)8 dur=6 res=0x5 s={false 0} ch=true fn=139
09-28 15:19:39.930 19450 19450 I ViewRootImpl@e0a30c2[EnterPasscode]: stopped(true) old=false
09-28 15:19:39.931 19450 19450 I MSHandlerLifeCycle: isMultiSplitHandlerRequested: windowingMode=1 isFullscreen=true isPopOver=false isHidden=false skipActivityType=false isHandlerType=true this: DecorView@7f98f7e[EnterPasscode]
09-28 15:19:39.931 19450 19450 I MSHandlerLifeCycle: removeMultiSplitHandler: no exist. decor=DecorView@7f98f7e[EnterPasscode]
09-28 15:19:40.349 19450 19718 D nubo.Debugger: Rect top = 0 left = 0 right = 720 bottom = 1462
09-28 15:19:40.352 19450 19718 D nubo.Debugger: Received  setDensity=280
09-28 15:19:40.354 19450 19718 D nubo.Debugger: drawColor1 with color=0 PorterDuffMode=0 processId=2639 wndId=11597708 bounds =Rect(0, 0 - 720, 1462) matrix=Matrix{[1.0, 0.0, 0.0][0.0, 1.0, 0.0][0.0, 0.0, 1.0]}
09-28 15:19:40.356 19450 19718 D nubo.Debugger: drawText1=Test Labil, bounds=Rect(-5, -90 - 180, 142), start=0, end=10, x=0.0, y=41.0, matrix=Matrix{[1.0, 0.0, 272.0][0.0, 1.0, 104.0][0.0, 0.0, 1.0]}
09-28 15:19:40.358 19450 19718 D nubo.Debugger: drawBitmap8. wndId=11597708
09-28 15:19:40.360 19450 19718 D nubo.Debugger: drawRect1 with rect=RectF(0.0, 2337.0, 720.0, 1462.0) paint=android.graphics.Paint@d099201 processId=2639 wndId=11597708
09-28 15:19:40.360 19450 19718 D nubo.Debugger: Rect at:RectF(0.0, 2337.0, 720.0, 1462.0)
09-28 15:19:40.361 19450 19718 D nubo.Debugger: drawBitmap1. , bounds=Rect(-31, -17 - 53, 39), matrix=Matrix{[1.0, 0.0, 349.0][0.0, 1.0, 1194.0][0.0, 0.0, 1.0]}
09-28 15:19:40.361 19450 19718 D nubo.Debugger: drawBitmap1 4.0,4.0
09-28 15:19:40.361 19450 19718 D nubo.Debugger: drawBitmap1. , bounds=Rect(-31, -17 - 53, 39), matrix=Matrix{[1.0, 0.0, 349.0][0.0, 1.0, 1194.0][0.0, 0.0, 1.0]}
09-28 15:19:40.362 19450 19718 D nubo.Debugger: drawBitmap1 4.0,4.0
09-28 15:19:40.362 19450 19718 E nubo.NuboClientActivity: drawBitmap. , bounds=Rect(-20, -57 - 114, 151), matrix=Matrix{[1.0, 0.0, 45.0][0.0, 1.0, 1290.0][0.0, 0.0, 1.0]}, src= null, dst=Rect(0, 0 - 94, 94), bitmap[0]=android.graphics.Bitmap@312d8da
09-28 15:19:40.363 19450 19718 D nubo.Debugger: drawText1=Phone, bounds=Rect(524224, -165 - 524352, 43), start=0, end=5, x=524259.0, y=25.0, matrix=Matrix{[1.0, 0.0, -524196.0][0.0, 1.0, 1398.0][0.0, 0.0, 1.0]}
09-28 15:19:40.364 19450 19718 E nubo.NuboClientActivity: drawBitmap. , bounds=Rect(-20, -57 - 114, 151), matrix=Matrix{[1.0, 0.0, 179.0][0.0, 1.0, 1290.0][0.0, 0.0, 1.0]}, src= null, dst=Rect(0, 0 - 94, 94), bitmap[0]=android.graphics.Bitmap@fb4f10b
09-28 15:19:40.364 19450 19718 D nubo.Debugger: drawText1=KMPlayer, bounds=Rect(524224, -165 - 524352, 43), start=0, end=8, x=524245.0, y=25.0, matrix=Matrix{[1.0, 0.0, -524062.0][0.0, 1.0, 1398.0][0.0, 0.0, 1.0]}
09-28 15:19:40.365 19450 19718 E nubo.NuboClientActivity: drawBitmap. , bounds=Rect(-20, -57 - 114, 151), matrix=Matrix{[1.0, 0.0, 313.0][0.0, 1.0, 1290.0][0.0, 0.0, 1.0]}, src= null, dst=Rect(0, 0 - 94, 94), bitmap[0]=android.graphics.Bitmap@afe2be8
09-28 15:19:40.365 19450 19718 D nubo.Debugger: drawText1=Chrome, bounds=Rect(524224, -165 - 524352, 43), start=0, end=6, x=524253.0, y=25.0, matrix=Matrix{[1.0, 0.0, -523928.0][0.0, 1.0, 1398.0][0.0, 0.0, 1.0]}
09-28 15:19:40.366 19450 19718 D nubo.Debugger: writeTransaction. wndId: 11597708, mSessionId: 51f204af4ebea0153216538471dda9c4da98205fb9bd391cdd9123d3179d5c8e905d0ea4c49aee1ade80962bea3e35fe
09-28 15:19:40.377 19450 19718 D writeTransaction: =================================================
09-28 15:20:00.024 19450 19718 D nubo.Debugger: Rect top = 0 left = 0 right = 720 bottom = 1462
09-28 15:20:00.028 19450 19718 D nubo.Debugger: Received  setDensity=280
09-28 15:20:00.032 19450 19718 D nubo.Debugger: drawColor1 with color=0 PorterDuffMode=0 processId=2639 wndId=11597708 bounds =Rect(0, 0 - 720, 1462) matrix=Matrix{[1.0, 0.0, 0.0][0.0, 1.0, 0.0][0.0, 0.0, 1.0]}
09-28 15:20:00.037 19450 19718 D nubo.Debugger: drawText1=Test Labil, bounds=Rect(-5, -90 - 180, 142), start=0, end=10, x=0.0, y=41.0, matrix=Matrix{[1.0, 0.0, 272.0][0.0, 1.0, 104.0][0.0, 0.0, 1.0]}
09-28 15:20:00.039 19450 19718 D nubo.Debugger: drawBitmap8. wndId=11597708
09-28 15:20:00.042 19450 19718 D nubo.Debugger: drawRect1 with rect=RectF(0.0, 2337.0, 720.0, 1462.0) paint=android.graphics.Paint@555a8a6 processId=2639 wndId=11597708
09-28 15:20:00.043 19450 19718 D nubo.Debugger: Rect at:RectF(0.0, 2337.0, 720.0, 1462.0)
09-28 15:20:00.044 19450 19718 D nubo.Debugger: drawBitmap1. , bounds=Rect(-31, -17 - 53, 39), matrix=Matrix{[1.0, 0.0, 349.0][0.0, 1.0, 1194.0][0.0, 0.0, 1.0]}
09-28 15:20:00.045 19450 19718 D nubo.Debugger: drawBitmap1 4.0,4.0
09-28 15:20:00.047 19450 19718 D nubo.Debugger: drawBitmap1. , bounds=Rect(-31, -17 - 53, 39), matrix=Matrix{[1.0, 0.0, 349.0][0.0, 1.0, 1194.0][0.0, 0.0, 1.0]}
09-28 15:20:00.047 19450 19718 D nubo.Debugger: drawBitmap1 4.0,4.0
09-28 15:20:00.048 19450 19718 E nubo.NuboClientActivity: drawBitmap. , bounds=Rect(-20, -57 - 114, 151), matrix=Matrix{[1.0, 0.0, 45.0][0.0, 1.0, 1290.0][0.0, 0.0, 1.0]}, src= null, dst=Rect(0, 0 - 94, 94), bitmap[0]=android.graphics.Bitmap@312d8da
09-28 15:20:00.049 19450 19718 D nubo.Debugger: drawText1=Phone, bounds=Rect(524224, -165 - 524352, 43), start=0, end=5, x=524259.0, y=25.0, matrix=Matrix{[1.0, 0.0, -524196.0][0.0, 1.0, 1398.0][0.0, 0.0, 1.0]}
09-28 15:20:00.050 19450 19718 E nubo.NuboClientActivity: drawBitmap. , bounds=Rect(-20, -57 - 114, 151), matrix=Matrix{[1.0, 0.0, 179.0][0.0, 1.0, 1290.0][0.0, 0.0, 1.0]}, src= null, dst=Rect(0, 0 - 94, 94), bitmap[0]=android.graphics.Bitmap@fb4f10b
09-28 15:20:00.050 19450 19718 D nubo.Debugger: drawText1=KMPlayer, bounds=Rect(524224, -165 - 524352, 43), start=0, end=8, x=524245.0, y=25.0, matrix=Matrix{[1.0, 0.0, -524062.0][0.0, 1.0, 1398.0][0.0, 0.0, 1.0]}
09-28 15:20:00.051 19450 19718 E nubo.NuboClientActivity: drawBitmap. , bounds=Rect(-20, -57 - 114, 151), matrix=Matrix{[1.0, 0.0, 313.0][0.0, 1.0, 1290.0][0.0, 0.0, 1.0]}, src= null, dst=Rect(0, 0 - 94, 94), bitmap[0]=android.graphics.Bitmap@afe2be8
09-28 15:20:00.052 19450 19718 D nubo.Debugger: drawText1=Chrome, bounds=Rect(524224, -165 - 524352, 43), start=0, end=6, x=524253.0, y=25.0, matrix=Matrix{[1.0, 0.0, -523928.0][0.0, 1.0, 1398.0][0.0, 0.0, 1.0]}
09-28 15:20:00.052 19450 19718 D nubo.Debugger: writeTransaction. wndId: 11597708, mSessionId: 51f204af4ebea0153216538471dda9c4da98205fb9bd391cdd9123d3179d5c8e905d0ea4c49aee1ade80962bea3e35fe
09-28 15:20:00.063 19450 19718 D writeTransaction: =================================================
09-28 15:20:08.422 19450 19450 D InputMethodManager: startInputInner - Id : 0
09-28 15:20:08.423 19450 19450 I InputMethodManager: startInputInner - mService.startInputOrWindowGainedFocus
09-28 15:20:08.762 19450 19450 E nubo.NuboClientActivity: closeSocketDuringPause: true
09-28 15:20:08.781 19450 19450 D SensorManager: unregisterListener
09-28 15:20:08.817 19450 19450 I ViewRootImpl@cf9c293[NuboClientActivity]: handleAppVisibility mAppVisible=true visible=false
09-28 15:20:08.818 19450 19450 I ViewRootImpl@a68cb9b[PopupWindow:7ba43aa]: handleAppVisibility mAppVisible=true visible=false
09-28 15:20:08.818 19450 19450 I ViewRootImpl@a3809c0[NuboClientActivity]: handleAppVisibility mAppVisible=true visible=false
09-28 15:20:08.818 19450 19450 I ViewRootImpl@cf9c293[NuboClientActivity]: stopped(true) old=false
09-28 15:20:08.821 19450 19450 I ViewRootImpl@a3809c0[NuboClientActivity]: stopped(true) old=false
09-28 15:20:08.822 19450 19450 I ViewRootImpl@a68cb9b[PopupWindow:7ba43aa]: stopped(true) old=false
09-28 15:20:08.824 19450 19450 E MainActivity: onNuboStop
09-28 15:20:08.827 19450 19450 I MSHandlerLifeCycle: isMultiSplitHandlerRequested: windowingMode=1 isFullscreen=true isPopOver=false isHidden=false skipActivityType=false isHandlerType=true this: DecorView@68f7a7e[NuboClientActivity]
09-28 15:20:08.827 19450 19450 I MSHandlerLifeCycle: removeMultiSplitHandler: no exist. decor=DecorView@68f7a7e[NuboClientActivity]
09-28 15:20:08.835 19450 19484 D OpenGLRenderer: setSurface called with nullptr
09-28 15:20:08.835 19450 19484 D OpenGLRenderer: setSurface() destroyed EGLSurface
09-28 15:20:08.835 19450 19484 D OpenGLRenderer: destroyEglSurface
09-28 15:20:08.844 19450 19450 I ViewRootImpl@cf9c293[NuboClientActivity]: Relayout returned: old=(0,80,1080,2400) new=(0,80,1080,2400) req=(1080,2320)8 dur=7 res=0x5 s={false 0} ch=false fn=-1
09-28 15:20:08.845 19450 19484 D OpenGLRenderer: setSurface called with nullptr
09-28 15:20:08.845 19450 19484 D OpenGLRenderer: setSurface() destroyed EGLSurface
09-28 15:20:08.845 19450 19484 D OpenGLRenderer: destroyEglSurface
09-28 15:20:08.852 19450 19450 I ViewRootImpl@a68cb9b[PopupWindow:7ba43aa]: Relayout returned: old=(0,80,0,2274) new=(0,80,0,2274) req=(0,2194)8 dur=6 res=0x5 s={false 0} ch=false fn=-1
09-28 15:20:08.853 19450 19484 D OpenGLRenderer: setSurface called with nullptr
09-28 15:20:08.853 19450 19484 D OpenGLRenderer: setSurface() destroyed EGLSurface
09-28 15:20:08.853 19450 19484 D OpenGLRenderer: destroyEglSurface
09-28 15:20:08.861 19450 19450 I ViewRootImpl@a3809c0[NuboClientActivity]: Relayout returned: old=(0,80,1080,2400) new=(0,80,1080,2400) req=(1080,2320)8 dur=5 res=0x5 s={false 0} ch=false fn=-1
09-28 15:20:08.901 19450 19450 I ViewRootImpl@cf9c293[NuboClientActivity]: MSG_WINDOW_FOCUS_CHANGED 0 1
09-28 15:20:11.768 19450 19450 V nubo.NuboClientActivity: postDelayed: closeSocket()
09-28 15:20:11.777 19450 19450 E nubo.NuboClientActivity: closeSocket. mSessionId: 51f204af4ebea0153216538471dda9c4da98205fb9bd391cdd9123d3179d5c8e905d0ea4c49aee1ade80962bea3e35fe, socketState: OPENED
09-28 15:20:11.816 19450 19718 E nubo.Debugger: socket closed. channelType: 0, channelIdx: 0, channelProcess: 0
09-28 15:20:11.817 19450 19883 D nubo.VWEInputStream: clearAllProcessesCaches. clear mFontsCache. mFontsCacheSize: 0
09-28 15:20:11.819 19450 19718 E nubo.Debugger: Stopping connection
09-28 15:20:11.824 19450 19718 I nubo.Debugger: Closing connection. Finally step
09-28 15:20:11.833 19450 19718 V nubo.NuboClientActivity: removeProcess 2639
09-28 15:20:11.841 19450 19450 D nubo.Debugger: onSurfaceTextureDestroyed. surface=android.graphics.SurfaceTexture@35a4bfc
09-28 15:20:11.846 19450 19450 I MSHandlerLifeCycle: removeMultiSplitHandler: no exist. decor=DecorView@1bc337b[NuboClientActivity]
09-28 15:20:11.851 19450 19484 D OpenGLRenderer: setSurface called with nullptr
09-28 15:20:11.852 19450 19450 I ViewRootImpl@cf9c293[NuboClientActivity]: dispatchDetachedFromWindow
09-28 15:20:11.858 19450 19718 I nubo.Debugger: Closing connection. Finished all tasks
09-28 15:20:11.887 19450 19450 D InputTransport: Input channel destroyed: 'd726ccb', fd=168
09-28 15:20:11.895 19450 19484 D OpenGLRenderer: setSurface called with nullptr
09-28 15:20:11.895 19450 19484 D OpenGLRenderer: setSurface() destroyed EGLSurface
09-28 15:20:11.895 19450 19484 D OpenGLRenderer: destroyEglSurface
09-28 15:20:11.897 19450 19450 I ViewRootImpl@80b7fb0[PopupWindow:d6796f3]: dispatchDetachedFromWindow
09-28 15:20:11.907 19450 19450 D InputTransport: Input channel destroyed: '75a8653', fd=173
09-28 15:20:13.788 19450 19462 D InputTransport: Input channel destroyed: 'ClientS', fd=161
09-28 15:20:13.789 19450 19484 D OpenGLRenderer: setSurface called with nullptr
09-28 15:20:13.790 19450 19484 D OpenGLRenderer: setSurface called with nullptr
09-28 15:20:13.791 19450 19484 D OpenGLRenderer: setSurface called with nullptr
09-28 15:20:13.792 19450 19462 D InputTransport: Input channel destroyed: 'ClientS', fd=180
09-28 15:20:13.792 19450 19462 D InputTransport: Input channel destroyed: 'ClientS', fd=151
09-28 15:20:13.793 19450 19462 D InputTransport: Input channel destroyed: 'ClientS', fd=113
09-28 15:20:13.794 19450 19484 D OpenGLRenderer: setSurface called with nullptr
09-28 15:20:13.806 19450 19463 W System  : A resource failed to call end. 
09-28 15:20:13.806 19450 19463 W System  : A resource failed to call end. 
09-28 15:21:15.801 19450 19450 I ViewRootImpl@a68cb9b[PopupWindow:7ba43aa]: handleAppVisibility mAppVisible=false visible=true
09-28 15:21:15.802 19450 19450 I ViewRootImpl@a3809c0[NuboClientActivity]: handleAppVisibility mAppVisible=false visible=true
09-28 15:21:15.802 19450 19450 I ViewRootImpl@a3809c0[NuboClientActivity]: stopped(false) old=true
09-28 15:21:15.802 19450 19450 I ViewRootImpl@a68cb9b[PopupWindow:7ba43aa]: stopped(false) old=true
09-28 15:21:15.805 19450 19450 E MainActivity: onNuboStart
09-28 15:21:15.807 19450 19450 I MSHandlerLifeCycle: isMultiSplitHandlerRequested: windowingMode=1 isFullscreen=true isPopOver=false isHidden=false skipActivityType=false isHandlerType=true this: DecorView@68f7a7e[NuboClientActivity]
09-28 15:21:15.808 19450 19450 I MSHandlerLifeCycle: removeMultiSplitHandler: no exist. decor=DecorView@68f7a7e[NuboClientActivity]
09-28 15:21:15.808 19450 19450 I ViewRootImpl@a3809c0[NuboClientActivity]: stopped(false) old=false
09-28 15:21:15.808 19450 19450 I ViewRootImpl@a68cb9b[PopupWindow:7ba43aa]: stopped(false) old=false
09-28 15:21:15.809 19450 19450 D nubo.NuboClientActivity: onResume
09-28 15:21:15.828 19450 19450 I Dialog  : mIsDeviceDefault = false, mIsSamsungBasicInteraction = false, isMetaDataInActivity = false
09-28 15:21:15.830 19450 19450 I DecorView: [INFO] isPopOver=false, config=false
09-28 15:21:15.830 19450 19450 I DecorView: updateCaptionType >> DecorView@7b054c4[], isFloating=true, isApplication=true, hasWindowControllerCallback=false, hasWindowDecorCaption=false
09-28 15:21:15.830 19450 19450 D DecorView: setCaptionType = 0, this = DecorView@7b054c4[]
09-28 15:21:15.865 19450 19450 D nubo.MenuBarManager: re-add menu to new parent view
09-28 15:21:15.865 19450 19450 D nubo.MenuBarManager: add status bar to new parent view
09-28 15:21:15.865 19450 19450 E nubo.MenuBarManager: startStatusBar. Illegal rotation: -1
09-28 15:21:15.887 19450 19450 I ViewRootImpl@79ad0d7[NuboClientActivity]: setView = com.android.internal.policy.DecorView@7b054c4 TM=true
09-28 15:21:15.887 19450 19450 E nubo.NuboClientActivity: onResume. autoStart
09-28 15:21:15.888 19450 19450 D nubo.Debugger: StartSession from onResume()
09-28 15:21:15.888 19450 19450 E nubo.NuboClientActivity: Start session needed, socketState: CLOSED
09-28 15:21:15.897 19450 19450 E nubo.NuboClientActivity: nuboClientVersion: 3.0.50, NuboVersionCode: 410
09-28 15:21:15.898 19450 19450 E nubo.NuboParams: getClientFrameRate: server
09-28 15:21:15.917 19450 19450 D SensorManager: registerListener :: 1, LSM6DSO Accelerometer, 200000, 0, 
09-28 15:21:15.918 19450 19450 I DecorView: notifyKeepScreenOnChanged: keepScreenOn=false
09-28 15:21:15.918 19450 19450 I MSHandlerLifeCycle: isMultiSplitHandlerRequested: windowingMode=1 isFullscreen=true isPopOver=false isHidden=false skipActivityType=false isHandlerType=true this: DecorView@68f7a7e[NuboClientActivity]
09-28 15:21:15.918 19450 19450 I MSHandlerLifeCycle: isMultiSplitHandlerRequested: windowingMode=1 isFullscreen=true isPopOver=false isHidden=false skipActivityType=false isHandlerType=true this: DecorView@68f7a7e[NuboClientActivity]
09-28 15:21:15.918 19450 19450 I MSHandlerLifeCycle: removeMultiSplitHandler: no exist. decor=DecorView@68f7a7e[NuboClientActivity]
09-28 15:21:15.919 19450 19484 D OpenGLRenderer: setSurface called with nullptr
09-28 15:21:15.924 19450 19450 I ViewRootImpl@a68cb9b[PopupWindow:7ba43aa]: Relayout returned: old=(0,80,0,2274) new=(0,80,0,2274) req=(0,2194)0 dur=3 res=0x7 s={true -5476376609221041152} ch=true fn=-1
09-28 15:21:15.924 19450 19484 D OpenGLRenderer: eglCreateWindowSurface
09-28 15:21:15.925 19450 19450 I ViewRootImpl@a68cb9b[PopupWindow:7ba43aa]: [DP] dp(1) 0 android.view.ViewRootImpl.reportNextDraw:11442 android.view.ViewRootImpl.performTraversals:4198 android.view.ViewRootImpl.doTraversal:2924 
09-28 15:21:15.925 19450 19450 D ViewRootImpl@a68cb9b[PopupWindow:7ba43aa]: Creating frameDrawingCallback nextDrawUseBlastSync=false reportNextDraw=true hasBlurUpdates=false
09-28 15:21:15.925 19450 19450 D ViewRootImpl@a68cb9b[PopupWindow:7ba43aa]: Creating frameCompleteCallback
09-28 15:21:15.925 19450 19450 I ViewRootImpl@a68cb9b[PopupWindow:7ba43aa]: [DP] pd() Cancel asnyc report
09-28 15:21:15.925 19450 19450 I ViewRootImpl@a68cb9b[PopupWindow:7ba43aa]: [DP] pdf(0) 0 android.view.ViewRootImpl.performDraw:5212 android.view.ViewRootImpl.performTraversals:4217 android.view.ViewRootImpl.doTraversal:2924 
09-28 15:21:15.925 19450 19450 I ViewRootImpl@a68cb9b[PopupWindow:7ba43aa]: [DP] rdf()
09-28 15:21:15.925 19450 19450 D ViewRootImpl@a68cb9b[PopupWindow:7ba43aa]: reportDrawFinished (fn: -1) 
09-28 15:21:15.926 19450 19484 D OpenGLRenderer: setSurface called with nullptr
09-28 15:21:15.932 19450 19450 I ViewRootImpl@a3809c0[NuboClientActivity]: Relayout returned: old=(0,80,1080,2400) new=(0,80,1080,2400) req=(1080,2320)0 dur=5 res=0x7 s={true -5476376609221032432} ch=true fn=-1
09-28 15:21:15.933 19450 19484 D OpenGLRenderer: eglCreateWindowSurface
09-28 15:21:15.934 19450 19450 I ViewRootImpl@a3809c0[NuboClientActivity]: [DP] dp(1) 1 android.view.ViewRootImpl.reportNextDraw:11442 android.view.ViewRootImpl.performTraversals:4198 android.view.ViewRootImpl.doTraversal:2924 
09-28 15:21:15.934 19450 19450 D ViewRootImpl@a3809c0[NuboClientActivity]: Creating frameDrawingCallback nextDrawUseBlastSync=false reportNextDraw=true hasBlurUpdates=false
09-28 15:21:15.934 19450 19450 D ViewRootImpl@a3809c0[NuboClientActivity]: Creating frameCompleteCallback
09-28 15:21:15.935 19450 19450 E WallpaperManager: generateBitmap. width: 1080, height: 2320
09-28 15:21:15.953 19450 19450 D WallpaperManager: getScaledBitmap. scaleY: 1.8125, scaleX: 0.52734375, b.getHeight(): 1280, b.getWidth(): 2048, size[1]: 2320, size[0]: 1080
09-28 15:21:15.973 19450 20117 I nubo.Debugger: SSL Cipher Suite: TLS_ECDHE_RSA_WITH_AES_128_GCM_SHA256
09-28 15:21:16.002 19450 19450 D WallpaperManager: getScaledBitmap result: b.getHeight(): 2320, b.getWidth(): 3712
09-28 15:21:16.018 19450 19504 D ViewRootImpl@a3809c0[NuboClientActivity]: Received frameDrawingCallback frameNum=1. Creating transactionCompleteCallback=false
09-28 15:21:16.023 19450 19484 D ViewRootImpl@a3809c0[NuboClientActivity]: Received frameCompleteCallback  lastAcquiredFrameNum=1 lastAttemptedDrawFrameNum=1
09-28 15:21:16.029 19450 19468 I ViewRootImpl@79ad0d7[NuboClientActivity]: Resizing android.view.ViewRootImpl@ac19306: frame=[212,1059][868,1295] reportDraw=true forceLayout=false backDropFrame=Rect(0, 0 - 656, 236)
09-28 15:21:16.030 19450 19450 D InsetsSourceConsumer: ensureControlAlpha: for ITYPE_NAVIGATION_BAR on com.nubo.test7/com.nubo.client.NuboClientActivity
09-28 15:21:16.031 19450 19450 D InsetsSourceConsumer: ensureControlAlpha: for ITYPE_STATUS_BAR on com.nubo.test7/com.nubo.client.NuboClientActivity
09-28 15:21:16.031 19450 19450 I ViewRootImpl@79ad0d7[NuboClientActivity]: Relayout returned: old=(0,80,1080,2274) new=(212,1059,868,1295) req=(656,236)0 dur=3 res=0x7 s={true -5476376609221119632} ch=true fn=-1
09-28 15:21:16.032 19450 19484 D OpenGLRenderer: eglCreateWindowSurface
09-28 15:21:16.033 19450 19450 I ViewRootImpl@79ad0d7[NuboClientActivity]: [DP] dp(1) 1 android.view.ViewRootImpl.reportNextDraw:11442 android.view.ViewRootImpl.performTraversals:4198 android.view.ViewRootImpl.doTraversal:2924 
09-28 15:21:16.033 19450 19450 D ViewRootImpl@79ad0d7[NuboClientActivity]: Creating frameDrawingCallback nextDrawUseBlastSync=false reportNextDraw=true hasBlurUpdates=false
09-28 15:21:16.033 19450 19450 D ViewRootImpl@79ad0d7[NuboClientActivity]: Creating frameCompleteCallback
09-28 15:21:16.035 19450 19505 D ViewRootImpl@79ad0d7[NuboClientActivity]: Received frameDrawingCallback frameNum=1. Creating transactionCompleteCallback=false
09-28 15:21:16.039 19450 19484 D ViewRootImpl@79ad0d7[NuboClientActivity]: Received frameCompleteCallback  lastAcquiredFrameNum=1 lastAttemptedDrawFrameNum=1
09-28 15:21:16.041 19450 19450 I ViewRootImpl@79ad0d7[NuboClientActivity]: [DP] pdf(0) 1 android.view.ViewRootImpl.lambda$addFrameCompleteCallbackIfNeeded$3$ViewRootImpl:5000 android.view.ViewRootImpl$$ExternalSyntheticLambda16.run:6 android.os.Handler.handleCallback:938 
09-28 15:21:16.041 19450 19450 I ViewRootImpl@79ad0d7[NuboClientActivity]: [DP] rdf()
09-28 15:21:16.041 19450 19450 D ViewRootImpl@79ad0d7[NuboClientActivity]: reportDrawFinished (fn: -1) 
09-28 15:21:16.041 19450 19450 I ViewRootImpl@a3809c0[NuboClientActivity]: [DP] pdf(0) 1 android.view.ViewRootImpl.lambda$addFrameCompleteCallbackIfNeeded$3$ViewRootImpl:5000 android.view.ViewRootImpl$$ExternalSyntheticLambda16.run:6 android.os.Handler.handleCallback:938 
