09-28 15:21:33.074 19450 19450 D InsetsSourceConsumer: setRequestedVisible: visible=false, type=20, host=com.nubo.test7/com.nubo.client.NuboClientActivity, from=android.view.InsetsSourceConsumer.hide:253 android.view.InsetsController.collectSourceControls:1215 android.view.InsetsController.controlAnimationUnchecked:1077 android.view.InsetsController.applyAnimation:1456 android.view.InsetsController.applyAnimation:1437 android.view.InsetsController.hide:1006 android.view.InsetsController.hide:981 android.view.ViewRootImpl.controlInsetsForCompatibility:3147 android.view.ViewRootImpl.setView:1560 android.view.WindowManagerGlobal.addView:509 
09-28 15:21:33.074 19450 19450 D InsetsSourceConsumer: setRequestedVisible: visible=false, type=0, host=com.nubo.test7/com.nubo.client.NuboClientActivity, from=android.view.InsetsSourceConsumer.hide:253 android.view.InsetsController.collectSourceControls:1215 android.view.InsetsController.controlAnimationUnchecked:1077 android.view.InsetsController.applyAnimation:1456 android.view.InsetsController.applyAnimation:1437 android.view.InsetsController.hide:1006 android.view.InsetsController.hide:981 android.view.ViewRootImpl.controlInsetsForCompatibility:3147 android.view.ViewRootImpl.setView:1560 android.view.WindowManagerGlobal.addView:509 
09-28 15:21:33.080 19450 19450 I ViewRootImpl@f7913b9[NuboClientActivity]: setView = com.android.internal.policy.DecorView@59fe03 TM=true
09-28 15:21:33.081 19450 19484 D OpenGLRenderer: setSurface called with nullptr
09-28 15:21:33.081 19450 20291 E nubo.Debugger: Show window1. wndId=46163916, processId: 2388
09-28 15:21:33.081 19450 20291 V nubo.NuboClientActivity: ShowWindow PACKAGENAME=com.nubo.launcher.nubo, wndId: 46163916
09-28 15:21:33.081 19450 20291 E nubo.NuboClientActivity: ShowWindow. layout visible. processId=2388, wndId=46163916, stackSize=1, packageName: com.nubo.launcher.nubo, nuboWndId: 257198613
09-28 15:21:33.083 19450 19458 I com.nubo.test7: Compiler allocated 4163KB to compile void android.widget.TextView.<init>(android.content.Context, android.util.AttributeSet, int, int)
09-28 15:21:33.084 19450 19462 D InputTransport: Input channel destroyed: 'ClientS', fd=189
09-28 15:21:33.085 19450 19462 D InputTransport: Input channel destroyed: 'ClientS', fd=124
09-28 15:21:33.090 19450 19450 I ViewRootImpl@f7913b9[NuboClientActivity]: Relayout returned: old=(0,0,1080,2400) new=(0,80,1080,2400) req=(1080,2400)8 dur=7 res=0x1 s={false 0} ch=false fn=-1
09-28 15:21:33.098 19450 19450 I ViewRootImpl@19c80f1[PopupWindow:5bcc098]: setView = android.widget.PopupWindow$PopupDecorView@f094e44 TM=true
09-28 15:21:33.098 19450 19450 I DecorView: notifyKeepScreenOnChanged: keepScreenOn=false
09-28 15:21:33.098 19450 19450 I MSHandlerLifeCycle: isMultiSplitHandlerRequested: ignored. pkg=com.nubo.test7 isActivity=false callers=com.android.internal.policy.DecorView.hasMultiSplitHandlerInNonFreeformMode:891 com.android.internal.policy.DecorView.notifyKeepScreenOnChanged:885 android.view.ViewRootImpl.applyKeepScreenOnFlag:2945 android.view.ViewRootImpl.setLayoutParams:2108 android.view.WindowManagerGlobal.updateViewLayout:537 
09-28 15:21:33.098 19450 19450 I MSHandlerLifeCycle: isMultiSplitHandlerRequested: ignored. pkg=com.nubo.test7 isActivity=false callers=com.android.internal.policy.DecorView.setVisibility:4295 com.nubo.client.NuboClientActivity$37.run:8144 android.os.Handler.handleCallback:938 android.os.Handler.dispatchMessage:99 android.os.Looper.loopOnce:226 
09-28 15:21:33.098 19450 19450 I MSHandlerLifeCycle: removeMultiSplitHandler: no exist. decor=DecorView@59fe03[NuboClientActivity]
09-28 15:21:33.098 19450 19450 D nubo.MenuBarManager: re-add menu to new parent view
09-28 15:21:33.099 19450 19450 D nubo.MenuBarManager: add status bar to new parent view
09-28 15:21:33.108 19450 20291 E nubo.NuboClientActivity: setTopTask: topTask= 1000002, processId: 2388
09-28 15:21:33.117 19450 19450 I ViewRootImpl@f7913b9[NuboClientActivity]: Relayout returned: old=(0,80,1080,2400) new=(0,80,1080,2400) req=(1080,2320)0 dur=6 res=0x7 s={true -5476376609221494592} ch=true fn=-1
09-28 15:21:33.117 19450 19450 I DecorView: getCurrentDensityDpi: from app context. densityDpi=420 msg=remove_caption
09-28 15:21:33.117 19450 19450 I DecorView: [INFO] isPopOver=false, config=true
09-28 15:21:33.117 19450 19450 I DecorView: updateCaptionType >> DecorView@59fe03[NuboClientActivity], isFloating=false, isApplication=true, hasWindowControllerCallback=false, hasWindowDecorCaption=false
09-28 15:21:33.117 19450 19450 D DecorView: setCaptionType = 0, this = DecorView@59fe03[NuboClientActivity]
09-28 15:21:33.117 19450 19450 I MSHandlerLifeCycle: isMultiSplitHandlerRequested: ignored. pkg=com.nubo.test7 isActivity=false callers=com.android.internal.policy.DecorView.onConfigurationChanged:3301 android.view.View.dispatchConfigurationChanged:15681 android.view.ViewGroup.dispatchConfigurationChanged:1659 android.view.ViewRootImpl.updateConfiguration:6215 android.view.ViewRootImpl.performConfigurationChange:6178 
09-28 15:21:33.117 19450 19450 I MSHandlerLifeCycle: removeMultiSplitHandler: no exist. decor=DecorView@59fe03[NuboClientActivity]
09-28 15:21:33.118 19450 19484 D OpenGLRenderer: eglCreateWindowSurface
09-28 15:21:33.119 19450 19450 I ViewRootImpl@f7913b9[NuboClientActivity]: [DP] dp(1) 1 android.view.ViewRootImpl.reportNextDraw:11442 android.view.ViewRootImpl.performTraversals:4198 android.view.ViewRootImpl.doTraversal:2924 
09-28 15:21:33.119 19450 19450 D ViewRootImpl@f7913b9[NuboClientActivity]: Creating frameDrawingCallback nextDrawUseBlastSync=false reportNextDraw=true hasBlurUpdates=false
09-28 15:21:33.119 19450 19450 D ViewRootImpl@f7913b9[NuboClientActivity]: Creating frameCompleteCallback
09-28 15:21:33.121 19450 19450 D nubo.Debugger: onSurfaceTextureAvailable. surface=android.graphics.SurfaceTexture@c38c42a
09-28 15:21:33.124 19450 19504 D ViewRootImpl@f7913b9[NuboClientActivity]: Received frameDrawingCallback frameNum=1. Creating transactionCompleteCallback=false
09-28 15:21:33.126 19450 19484 D ViewRootImpl@f7913b9[NuboClientActivity]: Received frameCompleteCallback  lastAcquiredFrameNum=1 lastAttemptedDrawFrameNum=1
09-28 15:21:33.132 19450 19465 I ViewRootImpl@19c80f1[PopupWindow:5bcc098]: Resizing android.view.ViewRootImpl@26c821b: frame=[0,80][0,2274] reportDraw=true forceLayout=false backDropFrame=Rect(0, 0 - 0, 2194)
09-28 15:21:33.133 19450 19450 I ViewRootImpl@19c80f1[PopupWindow:5bcc098]: Relayout returned: old=(0,0,1080,2274) new=(0,80,0,2274) req=(0,2274)0 dur=3 res=0x7 s={true -5476376609220953952} ch=true fn=-1
09-28 15:21:33.134 19450 19450 I ViewRootImpl@19c80f1[PopupWindow:5bcc098]: [DP] dp(1) 0 android.view.ViewRootImpl.reportNextDraw:11442 android.view.ViewRootImpl.performTraversals:4198 android.view.ViewRootImpl.doTraversal:2924 
09-28 15:21:33.134 19450 19450 D ViewRootImpl@19c80f1[PopupWindow:5bcc098]: Creating frameDrawingCallback nextDrawUseBlastSync=false reportNextDraw=true hasBlurUpdates=false
09-28 15:21:33.134 19450 19450 D ViewRootImpl@19c80f1[PopupWindow:5bcc098]: Creating frameCompleteCallback
09-28 15:21:33.134 19450 19484 D OpenGLRenderer: eglCreateWindowSurface
09-28 15:21:33.135 19450 19450 I ViewRootImpl@19c80f1[PopupWindow:5bcc098]: [DP] pd() Cancel asnyc report
09-28 15:21:33.135 19450 19450 I ViewRootImpl@19c80f1[PopupWindow:5bcc098]: [DP] pdf(0) 0 android.view.ViewRootImpl.performDraw:5212 android.view.ViewRootImpl.performTraversals:4217 android.view.ViewRootImpl.doTraversal:2924 
09-28 15:21:33.135 19450 19450 I ViewRootImpl@19c80f1[PopupWindow:5bcc098]: [DP] rdf()
09-28 15:21:33.135 19450 19450 D ViewRootImpl@19c80f1[PopupWindow:5bcc098]: reportDrawFinished (fn: -1) 
09-28 15:21:33.137 19450 19450 I ViewRootImpl@f7913b9[NuboClientActivity]: [DP] pdf(0) 1 android.view.ViewRootImpl.lambda$addFrameCompleteCallbackIfNeeded$3$ViewRootImpl:5000 android.view.ViewRootImpl$$ExternalSyntheticLambda16.run:6 android.os.Handler.handleCallback:938 
09-28 15:21:33.137 19450 19450 I ViewRootImpl@f7913b9[NuboClientActivity]: [DP] rdf()
09-28 15:21:33.137 19450 19450 D ViewRootImpl@f7913b9[NuboClientActivity]: reportDrawFinished (fn: -1) 
09-28 15:21:33.138 19450 19450 D nubo.Debugger: onSurfaceTextureDestroyed. surface=android.graphics.SurfaceTexture@c38c42a
09-28 15:21:33.139 19450 19450 I MSHandlerLifeCycle: removeMultiSplitHandler: no exist. decor=DecorView@59fe03[NuboClientActivity]
09-28 15:21:33.140 19450 19484 D OpenGLRenderer: setSurface called with nullptr
09-28 15:21:33.140 19450 19484 D OpenGLRenderer: setSurface() destroyed EGLSurface
09-28 15:21:33.140 19450 19484 D OpenGLRenderer: destroyEglSurface
09-28 15:21:33.140 19450 19450 I ViewRootImpl@f7913b9[NuboClientActivity]: dispatchDetachedFromWindow
09-28 15:21:33.147 19450 19450 D InputTransport: Input channel destroyed: 'cd91cdd', fd=164
09-28 15:21:33.148 19450 19450 I ViewRootImpl@19c80f1[PopupWindow:5bcc098]: handleResized, msg = 5 frames=ClientWindowFrames{frame=[0,80][0,2274] display=[0,80][1080,2274] backdrop=[0,0][0,2194]} forceNextWindowRelayout=false displayId=0 frameChanged=false backdropFrameChanged=true configChanged=false displayChanged=false mNextDrawUseBlastSync=false mergedConfiguration={mGlobalConfig={1.0 425mcc1mnc [en_US,iw_IL] ldltr sw411dp w411dp h835dp 420dpi nrml long port night finger -keyb/v/h -nav/h winConfig={ mBounds=Rect(0, 0 - 1080, 2400) mAppBounds=Rect(0, 80 - 1080, 2274) mMaxBounds=Rect(0, 0 - 1080, 2400) mWindowingMode=fullscreen mDisplayWindowingMode=fullscreen mActivityType=undefined mAlwaysOnTop=undefined mRotation=ROTATION_0 mPopOver=off mFreeformTaskPinningState=unpinned} s.17658 fontWeightAdjustment=0 ff=0 bf=0 bts=0 desktop/d dm/n dc/d ?dcui ?dcaf enb/d themeSeq=0} mOverrideConfig={1.0 425mcc1mnc [en_US,iw_IL] ldltr sw411dp w411dp h835dp 420dpi nrml long port night finger -keyb/v/h -nav/h winConfig={ mBounds=Rect(0, 0 - 1080, 2400) mAppBounds=Rect(0, 80 - 1080, 2274) mMaxBounds=Rect(0, 0 - 1080, 2400) mWindowingMode=fullscreen mDisplayWindowingMode=fullscreen mActivityType=standard mAlwaysOnTop=undefined mRotation=ROTATION_0 mPopOver=off mFreeformTaskPinningState=unpinned} s.1 fontWeightAdjustment=0 ff=0 bf=0 bts=0 desktop/d dm/n dc/d ?dcui ?dcaf enb/d themeSeq=0}}
09-28 15:21:33.148 19450 19450 I ViewRootImpl@19c80f1[PopupWindow:5bcc098]: [DP] dp(1) 0 android.view.ViewRootImpl.reportNextDraw:11442 android.view.ViewRootImpl.handleResized:2235 android.view.ViewRootImpl.access$1200:303 
09-28 15:21:33.149 19450 19450 I ViewRootImpl@73220af[NuboClientActivity]: MSG_WINDOW_FOCUS_CHANGED 0 1
09-28 15:21:33.149 19450 19450 I MSHandlerLifeCycle: isMultiSplitHandlerRequested: ignored. pkg=com.nubo.test7 isActivity=false callers=com.android.internal.policy.DecorView.setVisibility:4295 com.nubo.client.NuboClientActivity$35.run:8081 android.os.Handler.handleCallback:938 android.os.Handler.dispatchMessage:99 android.os.Looper.loopOnce:226 
09-28 15:21:33.149 19450 19450 I MSHandlerLifeCycle: removeMultiSplitHandler: no exist. decor=DecorView@59fe03[NuboClientActivity]
09-28 15:21:33.149 19450 19450 D nubo.MenuBarManager: no need to re-create status bar. just move it to top
09-28 15:21:33.150 19450 19450 I DecorView: getCurrentDensityDpi: from app context. densityDpi=420 msg=remove_caption
09-28 15:21:33.150 19450 19450 I DecorView: [INFO] isPopOver=false, config=true
09-28 15:21:33.150 19450 19450 I DecorView: updateCaptionType >> DecorView@59fe03[NuboClientActivity], isFloating=false, isApplication=true, hasWindowControllerCallback=false, hasWindowDecorCaption=false
09-28 15:21:33.150 19450 19450 D DecorView: setCaptionType = 0, this = DecorView@59fe03[NuboClientActivity]
09-28 15:21:33.150 19450 19450 I MSHandlerLifeCycle: isMultiSplitHandlerRequested: ignored. pkg=com.nubo.test7 isActivity=false callers=com.android.internal.policy.DecorView.onConfigurationChanged:3301 android.view.View.dispatchConfigurationChanged:15681 android.view.ViewGroup.dispatchConfigurationChanged:1659 android.app.Dialog.show:458 com.nubo.windows.PanelDialog.show:386 
09-28 15:21:33.150 19450 19450 I MSHandlerLifeCycle: removeMultiSplitHandler: no exist. decor=DecorView@59fe03[NuboClientActivity]
09-28 15:21:33.154 19450 19450 D InsetsSourceConsumer: setRequestedVisible: visible=false, type=20, host=com.nubo.test7/com.nubo.client.NuboClientActivity, from=android.view.InsetsSourceConsumer.hide:253 android.view.InsetsController.collectSourceControls:1215 android.view.InsetsController.controlAnimationUnchecked:1077 android.view.InsetsController.applyAnimation:1456 android.view.InsetsController.applyAnimation:1437 android.view.InsetsController.hide:1006 android.view.InsetsController.hide:981 android.view.ViewRootImpl.controlInsetsForCompatibility:3147 android.view.ViewRootImpl.setView:1560 android.view.WindowManagerGlobal.addView:509 
09-28 15:21:33.154 19450 19450 D InsetsSourceConsumer: setRequestedVisible: visible=false, type=0, host=com.nubo.test7/com.nubo.client.NuboClientActivity, from=android.view.InsetsSourceConsumer.hide:253 android.view.InsetsController.collectSourceControls:1215 android.view.InsetsController.controlAnimationUnchecked:1077 android.view.InsetsController.applyAnimation:1456 android.view.InsetsController.applyAnimation:1437 android.view.InsetsController.hide:1006 android.view.InsetsController.hide:981 android.view.ViewRootImpl.controlInsetsForCompatibility:3147 android.view.ViewRootImpl.setView:1560 android.view.WindowManagerGlobal.addView:509 
09-28 15:21:33.162 19450 19450 I ViewRootImpl@3b9cfb8[NuboClientActivity]: setView = com.android.internal.policy.DecorView@59fe03 TM=true
09-28 15:21:33.162 19450 19450 D InsetsSourceConsumer: ensureControlAlpha: for ITYPE_NAVIGATION_BAR on com.nubo.test7/com.nubo.client.NuboClientActivity
09-28 15:21:33.163 19450 19450 E ViewRootImpl: sendUserActionEvent() mView returned.
09-28 15:21:33.163 19450 19450 D ViewRootImpl@19c80f1[PopupWindow:5bcc098]: Creating frameDrawingCallback nextDrawUseBlastSync=false reportNextDraw=true hasBlurUpdates=false
09-28 15:21:33.163 19450 20291 E nubo.NuboClientActivity: setPackName:: processId = 2388, packName = com.nubo.launcher.nubo
09-28 15:21:33.163 19450 19450 D ViewRootImpl@19c80f1[PopupWindow:5bcc098]: Creating frameCompleteCallback
09-28 15:21:33.163 19450 19450 I ViewRootImpl@19c80f1[PopupWindow:5bcc098]: [DP] pd() Cancel asnyc report
09-28 15:21:33.164 19450 19450 I ViewRootImpl@19c80f1[PopupWindow:5bcc098]: [DP] pdf(0) 0 android.view.ViewRootImpl.performDraw:5212 android.view.ViewRootImpl.performTraversals:4217 android.view.ViewRootImpl.doTraversal:2924 
09-28 15:21:33.164 19450 19450 I ViewRootImpl@19c80f1[PopupWindow:5bcc098]: [DP] rdf()
09-28 15:21:33.164 19450 19450 D ViewRootImpl@19c80f1[PopupWindow:5bcc098]: reportDrawFinished (fn: -1) 
09-28 15:21:33.164 19450 20291 E nubo.Debugger: Push window. wndId=46163916, processId: 2388
09-28 15:21:33.164 19450 20291 E nubo.Debugger: Show window1. wndId=46163916, processId: 2388
09-28 15:21:33.164 19450 20291 V nubo.NuboClientActivity: ShowWindow PACKAGENAME=com.nubo.launcher.nubo, wndId: 46163916
09-28 15:21:33.165 19450 20291 E nubo.NuboClientActivity: ShowWindow. layout visible. processId=2388, wndId=46163916, stackSize=1, packageName: com.nubo.launcher.nubo, nuboWndId: 257198613
09-28 15:21:33.170 19450 19450 D InsetsSourceConsumer: ensureControlAlpha: for ITYPE_NAVIGATION_BAR on com.nubo.test7/com.nubo.client.NuboClientActivity
09-28 15:21:33.171 19450 19450 I ViewRootImpl@3b9cfb8[NuboClientActivity]: Relayout returned: old=(0,0,1080,2400) new=(0,80,1080,2400) req=(1080,2400)0 dur=4 res=0x7 s={true -5476376609221494592} ch=true fn=-1
09-28 15:21:33.172 19450 19484 D OpenGLRenderer: eglCreateWindowSurface
09-28 15:21:33.174 19450 19450 I ViewRootImpl@3b9cfb8[NuboClientActivity]: [DP] dp(1) 1 android.view.ViewRootImpl.reportNextDraw:11442 android.view.ViewRootImpl.performTraversals:4198 android.view.ViewRootImpl.doTraversal:2924 
09-28 15:21:33.174 19450 19450 D ViewRootImpl@3b9cfb8[NuboClientActivity]: Creating frameDrawingCallback nextDrawUseBlastSync=false reportNextDraw=true hasBlurUpdates=false
09-28 15:21:33.174 19450 19450 D ViewRootImpl@3b9cfb8[NuboClientActivity]: Creating frameCompleteCallback
09-28 15:21:33.174 19450 19450 D nubo.Debugger: onSurfaceTextureAvailable. surface=android.graphics.SurfaceTexture@e14d5cd
09-28 15:21:33.176 19450 19505 D ViewRootImpl@3b9cfb8[NuboClientActivity]: Received frameDrawingCallback frameNum=1. Creating transactionCompleteCallback=false
09-28 15:21:33.178 19450 19484 D ViewRootImpl@3b9cfb8[NuboClientActivity]: Received frameCompleteCallback  lastAcquiredFrameNum=1 lastAttemptedDrawFrameNum=1
09-28 15:21:33.180 19450 19450 I ViewRootImpl@3b9cfb8[NuboClientActivity]: [DP] pdf(0) 1 android.view.ViewRootImpl.lambda$addFrameCompleteCallbackIfNeeded$3$ViewRootImpl:5000 android.view.ViewRootImpl$$ExternalSyntheticLambda16.run:6 android.os.Handler.handleCallback:938 
09-28 15:21:33.180 19450 19450 I ViewRootImpl@3b9cfb8[NuboClientActivity]: [DP] rdf()
09-28 15:21:33.180 19450 19450 D ViewRootImpl@3b9cfb8[NuboClientActivity]: reportDrawFinished (fn: -1) 
09-28 15:21:33.180 19450 19450 I ViewRootImpl@73220af[NuboClientActivity]: MSG_WINDOW_FOCUS_CHANGED 1 1
09-28 15:21:33.181 19450 19450 D InputMethodManager: startInputInner - Id : 0
09-28 15:21:33.181 19450 19450 I InputMethodManager: startInputInner - mService.startInputOrWindowGainedFocus
09-28 15:21:33.186 19450 19450 I MSHandlerLifeCycle: isMultiSplitHandlerRequested: ignored. pkg=com.nubo.test7 isActivity=false callers=com.android.internal.policy.DecorView.setVisibility:4295 com.nubo.client.NuboClientActivity$37.run:8144 android.os.Handler.handleCallback:938 android.os.Handler.dispatchMessage:99 android.os.Looper.loopOnce:226 
09-28 15:21:33.186 19450 19450 I MSHandlerLifeCycle: removeMultiSplitHandler: no exist. decor=DecorView@59fe03[NuboClientActivity]
09-28 15:21:33.186 19450 19450 D nubo.MenuBarManager: no need to re-create status bar. just move it to top
09-28 15:21:33.187 19450 20291 E nubo.NuboClientActivity: setTopTask: topTask= 1000002, processId: 2388
09-28 15:21:33.188 19450 19450 I ViewRootImpl@73220af[NuboClientActivity]: MSG_WINDOW_FOCUS_CHANGED 0 1
09-28 15:21:33.188 19450 20291 E nubo.Debugger: Push window. wndId=46163916, processId: 2388
09-28 15:21:33.188 19450 19450 E ViewRootImpl: sendUserActionEvent() mView returned.
09-28 15:21:33.189 19450 20291 E nubo.Debugger: Show window1. wndId=46163916, processId: 2388
09-28 15:21:33.189 19450 20291 V nubo.NuboClientActivity: ShowWindow PACKAGENAME=com.nubo.launcher.nubo, wndId: 46163916
09-28 15:21:33.189 19450 20291 E nubo.NuboClientActivity: ShowWindow. layout visible. processId=2388, wndId=46163916, stackSize=1, packageName: com.nubo.launcher.nubo, nuboWndId: 257198613
09-28 15:21:33.191 19450 19450 I MSHandlerLifeCycle: isMultiSplitHandlerRequested: ignored. pkg=com.nubo.test7 isActivity=false callers=com.android.internal.policy.DecorView.setVisibility:4295 com.nubo.client.NuboClientActivity$37.run:8144 android.os.Handler.handleCallback:938 android.os.Handler.dispatchMessage:99 android.os.Looper.loopOnce:226 
09-28 15:21:33.191 19450 19450 I MSHandlerLifeCycle: removeMultiSplitHandler: no exist. decor=DecorView@59fe03[NuboClientActivity]
09-28 15:21:33.191 19450 19450 D nubo.MenuBarManager: no need to re-create status bar. just move it to top
09-28 15:21:33.199 19450 19450 I ViewRootImpl@3b9cfb8[NuboClientActivity]: MSG_WINDOW_FOCUS_CHANGED 1 1
09-28 15:21:33.199 19450 19450 D InputMethodManager: startInputInner - Id : 0
09-28 15:21:33.200 19450 19450 I InputMethodManager: startInputInner - mService.startInputOrWindowGainedFocus
09-28 15:21:33.268 19450 19450 I ViewRootImpl@49efee9[EnterPasscode]: handleAppVisibility mAppVisible=true visible=false
09-28 15:21:33.281 19450 19484 D OpenGLRenderer: setSurface called with nullptr
09-28 15:21:33.281 19450 19484 D OpenGLRenderer: setSurface() destroyed EGLSurface
09-28 15:21:33.281 19450 19484 D OpenGLRenderer: destroyEglSurface
09-28 15:21:33.302 19450 19450 I ViewRootImpl@49efee9[EnterPasscode]: Relayout returned: old=(0,0,1080,2400) new=(0,0,1080,2400) req=(1080,2400)8 dur=13 res=0x5 s={false 0} ch=true fn=146
09-28 15:21:33.304 19450 19450 I ViewRootImpl@49efee9[EnterPasscode]: stopped(true) old=false
09-28 15:21:33.308 19450 19450 I MSHandlerLifeCycle: isMultiSplitHandlerRequested: windowingMode=1 isFullscreen=true isPopOver=false isHidden=false skipActivityType=false isHandlerType=true this: DecorView@17ecebb[EnterPasscode]
09-28 15:21:33.308 19450 19450 I MSHandlerLifeCycle: removeMultiSplitHandler: no exist. decor=DecorView@17ecebb[EnterPasscode]
09-28 15:21:33.930 19450 20291 D nubo.Debugger: Hide window to show launcher. wndId=46163916
09-28 15:21:33.934 19450 20291 D nubo.Debugger: HideWindow2. layout gone. processId=2388, wndId=46163916, mWndToDraw=com.nubo.windows.PanelDialog@191ae82, stackSize=1
09-28 15:21:33.936 19450 20291 D nubo.Debugger: resizeWindow succeeded. processId=2388, wndId=46163916, nuboWndId=257198613
09-28 15:21:33.937 19450 19450 I MSHandlerLifeCycle: isMultiSplitHandlerRequested: ignored. pkg=com.nubo.test7 isActivity=false callers=com.android.internal.policy.DecorView.setVisibility:4295 com.nubo.client.NuboClientActivity.makeLayoutInvisible:8209 com.nubo.client.NuboClientActivity.access$1400:236 com.nubo.client.NuboClientActivity$3.handleMessage:957 android.os.Handler.dispatchMessage:106 
09-28 15:21:33.937 19450 19450 I MSHandlerLifeCycle: removeMultiSplitHandler: no exist. decor=DecorView@59fe03[NuboClientActivity]
09-28 15:21:33.938 19450 20291 D nubo.Debugger: Rect top = 0 left = 0 right = 720 bottom = 1462
--------- beginning of crash
09-28 15:21:33.940 19450 20291 F libc    : Fatal signal 11 (SIGSEGV), code 1 (SEGV_MAPERR), fault addr 0x58 in tid 20291 (Thread-26), pid 19450 (com.nubo.test7)
09-28 15:21:33.980 19450 19484 D OpenGLRenderer: setSurface called with nullptr
09-28 15:21:33.980 19450 19484 D OpenGLRenderer: setSurface() destroyed EGLSurface
09-28 15:21:33.980 19450 19484 D OpenGLRenderer: destroyEglSurface
09-28 15:21:34.002 19450 19450 I ViewRootImpl@3b9cfb8[NuboClientActivity]: Relayout returned: old=(0,80,1080,2400) new=(0,80,1080,2400) req=(1080,2320)8 dur=16 res=0x5 s={false 0} ch=true fn=4
09-28 15:21:34.012 19450 19450 D InsetsSourceConsumer: ensureControlAlpha: for ITYPE_NAVIGATION_BAR on com.nubo.test7/com.nubo.client.NuboClientActivity
09-28 15:21:34.013 19450 19450 I ViewRootImpl@3b9cfb8[NuboClientActivity]: MSG_WINDOW_FOCUS_CHANGED 0 1
09-28 15:21:34.014 19450 19450 I ViewRootImpl@73220af[NuboClientActivity]: MSG_WINDOW_FOCUS_CHANGED 1 1
09-28 15:21:34.016 19450 19450 D InputMethodManager: startInputInner - Id : 0
09-28 15:21:34.016 19450 19450 I InputMethodManager: startInputInner - mService.startInputOrWindowGainedFocus