09-28 15:21:16.041 19450 19450 I ViewRootImpl@a3809c0[NuboClientActivity]: [DP] rdf()
09-28 15:21:16.041 19450 19450 D ViewRootImpl@a3809c0[NuboClientActivity]: reportDrawFinished (fn: -1) 
09-28 15:21:16.044 19450 19450 D nubo.NuboClientActivity: startSession status: 1
09-28 15:21:16.047 19450 19450 E nubo.NuboClientActivity: startSession. Status: OK gateway: labil.nubosoftware.com, mSessionId: 51f204af4ebea0153216538471dda9c4da98205fb9bd391cdd9123d3179d5c8e905d0ea4c49aee1ade80962bea3e35fe
09-28 15:21:16.077 19450 19450 E nubo.NuboClientActivity: startSession. isReconnectionRunnablePending: false, suspendConnRestart: false
09-28 15:21:16.078 19450 19450 I ViewRootImpl@79ad0d7[NuboClientActivity]: handleResized, msg = 5 frames=ClientWindowFrames{frame=[212,1059][868,1295] display=[0,80][1080,2274] backdrop=[0,0][656,236]} forceNextWindowRelayout=false displayId=0 frameChanged=false backdropFrameChanged=true configChanged=false displayChanged=false mNextDrawUseBlastSync=false mergedConfiguration={mGlobalConfig={1.0 425mcc1mnc [en_US,iw_IL] ldltr sw411dp w411dp h835dp 420dpi nrml long port night finger -keyb/v/h -nav/h winConfig={ mBounds=Rect(0, 0 - 1080, 2400) mAppBounds=Rect(0, 80 - 1080, 2274) mMaxBounds=Rect(0, 0 - 1080, 2400) mWindowingMode=fullscreen mDisplayWindowingMode=fullscreen mActivityType=undefined mAlwaysOnTop=undefined mRotation=ROTATION_0 mPopOver=off mFreeformTaskPinningState=unpinned} s.17658 fontWeightAdjustment=0 ff=0 bf=0 bts=0 desktop/d dm/n dc/d ?dcui ?dcaf enb/d themeSeq=0} mOverrideConfig={1.0 425mcc1mnc [en_US,iw_IL] ldltr sw411dp w411dp h835dp 420dpi nrml long port night finger -keyb/v/h -nav/h winConfig={ mBounds=Rect(0, 0 - 1080, 2400) mAppBounds=Rect(0, 80 - 1080, 2274) mMaxBounds=Rect(0, 0 - 1080, 2400) mWindowingMode=fullscreen mDisplayWindowingMode=fullscreen mActivityType=standard mAlwaysOnTop=undefined mRotation=ROTATION_0 mPopOver=off mFreeformTaskPinningState=unpinned} s.1 fontWeightAdjustment=0 ff=0 bf=0 bts=0 desktop/d dm/n dc/d ?dcui ?dcaf enb/d themeSeq=0}}
09-28 15:21:16.078 19450 19450 I ViewRootImpl@79ad0d7[NuboClientActivity]: [DP] dp(1) 1 android.view.ViewRootImpl.reportNextDraw:11442 android.view.ViewRootImpl.handleResized:2235 android.view.ViewRootImpl.access$1200:303 
09-28 15:21:16.079 19450 19450 E nubo.NuboClientActivity: mSendOrientationCmd..
09-28 15:21:16.080 19450 19450 V nubo.NuboClientActivity: mFastOrSlowReconnectionRunnable. re-open socket
09-28 15:21:16.080 19450 19450 E nubo.NuboClientActivity: openConnection. OPENING...
09-28 15:21:16.081 19450 19450 E nubo.NuboClientActivity: openConnection. wait for current thread to terminate
09-28 15:21:16.081 19450 19450 E nubo.NuboClientActivity: openConnection. start thread
09-28 15:21:16.082 19450 19450 I ViewRootImpl@79ad0d7[NuboClientActivity]: MSG_WINDOW_FOCUS_CHANGED 1 1
09-28 15:21:16.082 19450 19450 D InputMethodManager: startInputInner - Id : 0
09-28 15:21:16.083 19450 19450 I InputMethodManager: startInputInner - mService.startInputOrWindowGainedFocus
09-28 15:21:16.085 19450 19450 D ViewRootImpl@79ad0d7[NuboClientActivity]: Creating frameDrawingCallback nextDrawUseBlastSync=false reportNextDraw=true hasBlurUpdates=false
09-28 15:21:16.085 19450 19450 D ViewRootImpl@79ad0d7[NuboClientActivity]: Creating frameCompleteCallback
09-28 15:21:16.085 19450 19504 D ViewRootImpl@79ad0d7[NuboClientActivity]: Received frameDrawingCallback frameNum=8. Creating transactionCompleteCallback=false
09-28 15:21:16.085 19450 19484 D ViewRootImpl@79ad0d7[NuboClientActivity]: Received frameCompleteCallback  lastAcquiredFrameNum=7 lastAttemptedDrawFrameNum=8
09-28 15:21:16.086 19450 19450 I ViewRootImpl@79ad0d7[NuboClientActivity]: [DP] pdf(0) 1 android.view.ViewRootImpl.lambda$addFrameCompleteCallbackIfNeeded$3$ViewRootImpl:5000 android.view.ViewRootImpl$$ExternalSyntheticLambda16.run:6 android.os.Handler.handleCallback:938 
09-28 15:21:16.086 19450 19450 I ViewRootImpl@79ad0d7[NuboClientActivity]: [DP] rdf()
09-28 15:21:16.086 19450 19450 D ViewRootImpl@79ad0d7[NuboClientActivity]: reportDrawFinished (fn: -1) 
09-28 15:21:16.087 19450 19450 D ViewRootImpl@79ad0d7[NuboClientActivity]: Scheduling a traversal=false due to a previous skipped traversal.
09-28 15:21:16.104 19450 20143 V nubo.Debugger: Starting socket thread. channelType: 0, Connecting to labil.nubosoftware.com:7443
09-28 15:21:16.156 19450 20143 E nubo.NuboClientActivity: nuboClientVersion: 3.0.50, NuboVersionCode: 410
09-28 15:21:16.157 19450 20143 E nubo.NuboParams: getClientFrameRate: server
09-28 15:21:16.161 19450 20143 E nubo.NuboClientActivity: sendPlayerLogin. initialFPS: Initial process FPS is 20Hz, mNetworkConQuality: 3
09-28 15:21:16.162 19450 20143 E nubo.Debugger: SocketThread::run. Waiting for drawPlayerLoginAck. channelIdx: 0
09-28 15:21:16.162 19450 20145 E nubo.NuboOutStreamMgr: Sending cmd: 3
09-28 15:21:16.266 19450 20143 E nubo.Debugger: SocketThread::run. loginMgmtErrorCode: 0, channelIdx: 0
09-28 15:21:16.267 19450 20143 I nubo.Debugger: Logged in
09-28 15:21:16.290 19450 20143 E nubo.NuboClientActivity: setPackName:: processId = 2639, packName = com.nubo.launcher.nubo
09-28 15:21:16.290 19450 20143 E nubo.Debugger: Push window. wndId=11597708, processId: 2639
09-28 15:21:16.291 19450 20143 E nubo.NuboClientActivity: pushWndOnStack. containerType: 1, x: null, y: null, w: 720, h: 1462
09-28 15:21:16.292 19450 19450 I Dialog  : mIsDeviceDefault = false, mIsSamsungBasicInteraction = false, isMetaDataInActivity = false
09-28 15:21:16.300 19450 19450 I DecorView: [INFO] isPopOver=false, config=false
09-28 15:21:16.300 19450 19450 I DecorView: updateCaptionType >> DecorView@218d5c0[], isFloating=false, isApplication=true, hasWindowControllerCallback=false, hasWindowDecorCaption=false
09-28 15:21:16.300 19450 19450 D DecorView: setCaptionType = 0, this = DecorView@218d5c0[]
09-28 15:21:16.301 19450 19450 I DecorView: getCurrentDensityDpi: from app context. densityDpi=420 msg=resources_loaded
09-28 15:21:16.302 19450 19450 I MSHandlerLifeCycle: isMultiSplitHandlerRequested: ignored. pkg=com.nubo.test7 isActivity=false callers=com.android.internal.policy.DecorView.setVisibility:4295 com.nubo.ui.UiUtils.setLightsOutMode:26 com.nubo.windows.PanelDialog.init:288 com.nubo.windows.WindowsStack$StackNode.init:592 com.nubo.windows.WindowsStack$StackNode.init:546 
09-28 15:21:16.302 19450 19450 I MSHandlerLifeCycle: removeMultiSplitHandler: no exist. decor=DecorView@218d5c0[]
09-28 15:21:16.302 19450 19450 I MSHandlerLifeCycle: isMultiSplitHandlerRequested: ignored. pkg=com.nubo.test7 isActivity=false callers=com.android.internal.policy.DecorView.setVisibility:4295 com.nubo.client.NuboClientActivity$36.run:8118 android.os.Handler.handleCallback:938 android.os.Handler.dispatchMessage:99 android.os.Looper.loopOnce:226 
09-28 15:21:16.302 19450 19450 I MSHandlerLifeCycle: removeMultiSplitHandler: no exist. decor=DecorView@218d5c0[]
09-28 15:21:16.305 19450 19450 D InsetsSourceConsumer: setRequestedVisible: visible=false, type=20, host=com.nubo.test7/com.nubo.client.NuboClientActivity, from=android.view.InsetsSourceConsumer.hide:253 android.view.InsetsController.collectSourceControls:1215 android.view.InsetsController.controlAnimationUnchecked:1077 android.view.InsetsController.applyAnimation:1456 android.view.InsetsController.applyAnimation:1437 android.view.InsetsController.hide:1006 android.view.InsetsController.hide:981 android.view.ViewRootImpl.controlInsetsForCompatibility:3147 android.view.ViewRootImpl.setView:1560 android.view.WindowManagerGlobal.addView:509 
09-28 15:21:16.305 19450 19450 D InsetsSourceConsumer: setRequestedVisible: visible=false, type=0, host=com.nubo.test7/com.nubo.client.NuboClientActivity, from=android.view.InsetsSourceConsumer.hide:253 android.view.InsetsController.collectSourceControls:1215 android.view.InsetsController.controlAnimationUnchecked:1077 android.view.InsetsController.applyAnimation:1456 android.view.InsetsController.applyAnimation:1437 android.view.InsetsController.hide:1006 android.view.InsetsController.hide:981 android.view.ViewRootImpl.controlInsetsForCompatibility:3147 android.view.ViewRootImpl.setView:1560 android.view.WindowManagerGlobal.addView:509 
09-28 15:21:16.311 19450 19450 I ViewRootImpl@421423e[NuboClientActivity]: setView = com.android.internal.policy.DecorView@218d5c0 TM=true
09-28 15:21:16.311 19450 20143 E nubo.Debugger: Show window1. wndId=11597708, processId: 2639
09-28 15:21:16.312 19450 20143 V nubo.NuboClientActivity: ShowWindow PACKAGENAME=com.nubo.launcher.nubo, wndId: 11597708
09-28 15:21:16.312 19450 20143 E nubo.NuboClientActivity: ShowWindow. layout visible. processId=2639, wndId=11597708, stackSize=1, packageName: com.nubo.launcher.nubo, nuboWndId: 151928533
09-28 15:21:16.322 19450 19450 I ViewRootImpl@421423e[NuboClientActivity]: Relayout returned: old=(0,0,1080,2400) new=(0,80,1080,2400) req=(1080,2400)8 dur=7 res=0x1 s={false 0} ch=false fn=-1
09-28 15:21:16.332 19450 19450 I ViewRootImpl@fa15b16[PopupWindow:ca3c831]: setView = android.widget.PopupWindow$PopupDecorView@cbbb66d TM=true
09-28 15:21:16.332 19450 19450 I DecorView: notifyKeepScreenOnChanged: keepScreenOn=false
09-28 15:21:16.333 19450 19450 I MSHandlerLifeCycle: isMultiSplitHandlerRequested: ignored. pkg=com.nubo.test7 isActivity=false callers=com.android.internal.policy.DecorView.hasMultiSplitHandlerInNonFreeformMode:891 com.android.internal.policy.DecorView.notifyKeepScreenOnChanged:885 android.view.ViewRootImpl.applyKeepScreenOnFlag:2945 android.view.ViewRootImpl.setLayoutParams:2108 android.view.WindowManagerGlobal.updateViewLayout:537 
09-28 15:21:16.333 19450 19450 I MSHandlerLifeCycle: isMultiSplitHandlerRequested: ignored. pkg=com.nubo.test7 isActivity=false callers=com.android.internal.policy.DecorView.setVisibility:4295 com.nubo.client.NuboClientActivity$37.run:8144 android.os.Handler.handleCallback:938 android.os.Handler.dispatchMessage:99 android.os.Looper.loopOnce:226 
09-28 15:21:16.333 19450 19450 I MSHandlerLifeCycle: removeMultiSplitHandler: no exist. decor=DecorView@218d5c0[NuboClientActivity]
09-28 15:21:16.333 19450 19450 D nubo.MenuBarManager: re-add menu to new parent view
09-28 15:21:16.334 19450 19450 D nubo.MenuBarManager: add status bar to new parent view
09-28 15:21:16.344 19450 20143 E nubo.NuboClientActivity: setTopTask: topTask= 1000002, processId: 2639
09-28 15:21:16.352 19450 19450 I ViewRootImpl@421423e[NuboClientActivity]: Relayout returned: old=(0,80,1080,2400) new=(0,80,1080,2400) req=(1080,2320)0 dur=5 res=0x7 s={true -5476376609221049872} ch=true fn=-1
09-28 15:21:16.353 19450 19450 I DecorView: getCurrentDensityDpi: from app context. densityDpi=420 msg=remove_caption
09-28 15:21:16.353 19450 19450 I DecorView: [INFO] isPopOver=false, config=true
09-28 15:21:16.353 19450 19450 I DecorView: updateCaptionType >> DecorView@218d5c0[NuboClientActivity], isFloating=false, isApplication=true, hasWindowControllerCallback=false, hasWindowDecorCaption=false
09-28 15:21:16.353 19450 19450 D DecorView: setCaptionType = 0, this = DecorView@218d5c0[NuboClientActivity]
09-28 15:21:16.353 19450 19450 I MSHandlerLifeCycle: isMultiSplitHandlerRequested: ignored. pkg=com.nubo.test7 isActivity=false callers=com.android.internal.policy.DecorView.onConfigurationChanged:3301 android.view.View.dispatchConfigurationChanged:15681 android.view.ViewGroup.dispatchConfigurationChanged:1659 android.view.ViewRootImpl.updateConfiguration:6215 android.view.ViewRootImpl.performConfigurationChange:6178 
09-28 15:21:16.353 19450 19450 I MSHandlerLifeCycle: removeMultiSplitHandler: no exist. decor=DecorView@218d5c0[NuboClientActivity]
09-28 15:21:16.354 19450 19484 D OpenGLRenderer: eglCreateWindowSurface
09-28 15:21:16.355 19450 19450 I ViewRootImpl@421423e[NuboClientActivity]: [DP] dp(1) 1 android.view.ViewRootImpl.reportNextDraw:11442 android.view.ViewRootImpl.performTraversals:4198 android.view.ViewRootImpl.doTraversal:2924 
09-28 15:21:16.355 19450 19450 D ViewRootImpl@421423e[NuboClientActivity]: Creating frameDrawingCallback nextDrawUseBlastSync=false reportNextDraw=true hasBlurUpdates=false
09-28 15:21:16.355 19450 19450 D ViewRootImpl@421423e[NuboClientActivity]: Creating frameCompleteCallback
09-28 15:21:16.356 19450 19450 D nubo.Debugger: onSurfaceTextureAvailable. surface=android.graphics.SurfaceTexture@6b3075b
09-28 15:21:16.359 19450 19505 D ViewRootImpl@421423e[NuboClientActivity]: Received frameDrawingCallback frameNum=1. Creating transactionCompleteCallback=false
09-28 15:21:16.364 19450 19484 D ViewRootImpl@421423e[NuboClientActivity]: Received frameCompleteCallback  lastAcquiredFrameNum=1 lastAttemptedDrawFrameNum=1
09-28 15:21:16.372 19450 19465 I ViewRootImpl@fa15b16[PopupWindow:ca3c831]: Resizing android.view.ViewRootImpl@1da0bf8: frame=[0,80][0,2274] reportDraw=true forceLayout=false backDropFrame=Rect(0, 0 - 0, 2194)
09-28 15:21:16.374 19450 19450 I ViewRootImpl@fa15b16[PopupWindow:ca3c831]: Relayout returned: old=(0,0,1080,2274) new=(0,80,0,2274) req=(0,2274)0 dur=5 res=0x7 s={true -5476376609221450992} ch=true fn=-1
09-28 15:21:16.375 19450 19484 D OpenGLRenderer: eglCreateWindowSurface
09-28 15:21:16.376 19450 19450 I ViewRootImpl@fa15b16[PopupWindow:ca3c831]: [DP] dp(1) 0 android.view.ViewRootImpl.reportNextDraw:11442 android.view.ViewRootImpl.performTraversals:4198 android.view.ViewRootImpl.doTraversal:2924 
09-28 15:21:16.376 19450 19450 D ViewRootImpl@fa15b16[PopupWindow:ca3c831]: Creating frameDrawingCallback nextDrawUseBlastSync=false reportNextDraw=true hasBlurUpdates=false
09-28 15:21:16.376 19450 19450 D ViewRootImpl@fa15b16[PopupWindow:ca3c831]: Creating frameCompleteCallback
09-28 15:21:16.376 19450 19450 I ViewRootImpl@fa15b16[PopupWindow:ca3c831]: [DP] pd() Cancel asnyc report
09-28 15:21:16.378 19450 19450 I ViewRootImpl@fa15b16[PopupWindow:ca3c831]: [DP] pdf(0) 0 android.view.ViewRootImpl.performDraw:5212 android.view.ViewRootImpl.performTraversals:4217 android.view.ViewRootImpl.doTraversal:2924 
09-28 15:21:16.378 19450 19450 I ViewRootImpl@fa15b16[PopupWindow:ca3c831]: [DP] rdf()
09-28 15:21:16.378 19450 19450 D ViewRootImpl@fa15b16[PopupWindow:ca3c831]: reportDrawFinished (fn: -1) 
09-28 15:21:16.380 19450 19450 I ViewRootImpl@421423e[NuboClientActivity]: [DP] pdf(0) 1 android.view.ViewRootImpl.lambda$addFrameCompleteCallbackIfNeeded$3$ViewRootImpl:5000 android.view.ViewRootImpl$$ExternalSyntheticLambda16.run:6 android.os.Handler.handleCallback:938 
09-28 15:21:16.380 19450 19450 I ViewRootImpl@421423e[NuboClientActivity]: [DP] rdf()
09-28 15:21:16.380 19450 19450 D ViewRootImpl@421423e[NuboClientActivity]: reportDrawFinished (fn: -1) 
09-28 15:21:16.383 19450 19450 D nubo.Debugger: onSurfaceTextureDestroyed. surface=android.graphics.SurfaceTexture@6b3075b
09-28 15:21:16.384 19450 19450 I MSHandlerLifeCycle: removeMultiSplitHandler: no exist. decor=DecorView@218d5c0[NuboClientActivity]
09-28 15:21:16.386 19450 19484 D OpenGLRenderer: setSurface called with nullptr
09-28 15:21:16.386 19450 19484 D OpenGLRenderer: setSurface() destroyed EGLSurface
09-28 15:21:16.386 19450 19484 D OpenGLRenderer: destroyEglSurface
09-28 15:21:16.387 19450 19450 I ViewRootImpl@421423e[NuboClientActivity]: dispatchDetachedFromWindow
09-28 15:21:16.395 19450 19450 D InputTransport: Input channel destroyed: '5fba16c', fd=171
09-28 15:21:16.396 19450 19450 I ViewRootImpl@fa15b16[PopupWindow:ca3c831]: handleResized, msg = 5 frames=ClientWindowFrames{frame=[0,80][0,2274] display=[0,80][1080,2274] backdrop=[0,0][0,2194]} forceNextWindowRelayout=false displayId=0 frameChanged=false backdropFrameChanged=true configChanged=false displayChanged=false mNextDrawUseBlastSync=false mergedConfiguration={mGlobalConfig={1.0 425mcc1mnc [en_US,iw_IL] ldltr sw411dp w411dp h835dp 420dpi nrml long port night finger -keyb/v/h -nav/h winConfig={ mBounds=Rect(0, 0 - 1080, 2400) mAppBounds=Rect(0, 80 - 1080, 2274) mMaxBounds=Rect(0, 0 - 1080, 2400) mWindowingMode=fullscreen mDisplayWindowingMode=fullscreen mActivityType=undefined mAlwaysOnTop=undefined mRotation=ROTATION_0 mPopOver=off mFreeformTaskPinningState=unpinned} s.17658 fontWeightAdjustment=0 ff=0 bf=0 bts=0 desktop/d dm/n dc/d ?dcui ?dcaf enb/d themeSeq=0} mOverrideConfig={1.0 425mcc1mnc [en_US,iw_IL] ldltr sw411dp w411dp h835dp 420dpi nrml long port night finger -keyb/v/h -nav/h winConfig={ mBounds=Rect(0, 0 - 1080, 2400) mAppBounds=Rect(0, 80 - 1080, 2274) mMaxBounds=Rect(0, 0 - 1080, 2400) mWindowingMode=fullscreen mDisplayWindowingMode=fullscreen mActivityType=standard mAlwaysOnTop=undefined mRotation=ROTATION_0 mPopOver=off mFreeformTaskPinningState=unpinned} s.1 fontWeightAdjustment=0 ff=0 bf=0 bts=0 desktop/d dm/n dc/d ?dcui ?dcaf enb/d themeSeq=0}}
09-28 15:21:16.396 19450 19450 I ViewRootImpl@fa15b16[PopupWindow:ca3c831]: [DP] dp(1) 0 android.view.ViewRootImpl.reportNextDraw:11442 android.view.ViewRootImpl.handleResized:2235 android.view.ViewRootImpl.access$1200:303 
09-28 15:21:16.397 19450 19450 I ViewRootImpl@79ad0d7[NuboClientActivity]: MSG_WINDOW_FOCUS_CHANGED 0 1
09-28 15:21:16.397 19450 19450 I MSHandlerLifeCycle: isMultiSplitHandlerRequested: ignored. pkg=com.nubo.test7 isActivity=false callers=com.android.internal.policy.DecorView.setVisibility:4295 com.nubo.client.NuboClientActivity$35.run:8081 android.os.Handler.handleCallback:938 android.os.Handler.dispatchMessage:99 android.os.Looper.loopOnce:226 
09-28 15:21:16.397 19450 19450 I MSHandlerLifeCycle: removeMultiSplitHandler: no exist. decor=DecorView@218d5c0[NuboClientActivity]
09-28 15:21:16.397 19450 19450 D nubo.MenuBarManager: no need to re-create status bar. just move it to top
09-28 15:21:16.398 19450 19450 I DecorView: getCurrentDensityDpi: from app context. densityDpi=420 msg=remove_caption
09-28 15:21:16.398 19450 19450 I DecorView: [INFO] isPopOver=false, config=true
09-28 15:21:16.398 19450 19450 I DecorView: updateCaptionType >> DecorView@218d5c0[NuboClientActivity], isFloating=false, isApplication=true, hasWindowControllerCallback=false, hasWindowDecorCaption=false
09-28 15:21:16.398 19450 19450 D DecorView: setCaptionType = 0, this = DecorView@218d5c0[NuboClientActivity]
09-28 15:21:16.398 19450 19450 I MSHandlerLifeCycle: isMultiSplitHandlerRequested: ignored. pkg=com.nubo.test7 isActivity=false callers=com.android.internal.policy.DecorView.onConfigurationChanged:3301 android.view.View.dispatchConfigurationChanged:15681 android.view.ViewGroup.dispatchConfigurationChanged:1659 android.app.Dialog.show:458 com.nubo.windows.PanelDialog.show:386 
09-28 15:21:16.398 19450 19450 I MSHandlerLifeCycle: removeMultiSplitHandler: no exist. decor=DecorView@218d5c0[NuboClientActivity]
09-28 15:21:16.402 19450 19450 D InsetsSourceConsumer: setRequestedVisible: visible=false, type=20, host=com.nubo.test7/com.nubo.client.NuboClientActivity, from=android.view.InsetsSourceConsumer.hide:253 android.view.InsetsController.collectSourceControls:1215 android.view.InsetsController.controlAnimationUnchecked:1077 android.view.InsetsController.applyAnimation:1456 android.view.InsetsController.applyAnimation:1437 android.view.InsetsController.hide:1006 android.view.InsetsController.hide:981 android.view.ViewRootImpl.controlInsetsForCompatibility:3147 android.view.ViewRootImpl.setView:1560 android.view.WindowManagerGlobal.addView:509 
09-28 15:21:16.402 19450 19450 D InsetsSourceConsumer: setRequestedVisible: visible=false, type=0, host=com.nubo.test7/com.nubo.client.NuboClientActivity, from=android.view.InsetsSourceConsumer.hide:253 android.view.InsetsController.collectSourceControls:1215 android.view.InsetsController.controlAnimationUnchecked:1077 android.view.InsetsController.applyAnimation:1456 android.view.InsetsController.applyAnimation:1437 android.view.InsetsController.hide:1006 android.view.InsetsController.hide:981 android.view.ViewRootImpl.controlInsetsForCompatibility:3147 android.view.ViewRootImpl.setView:1560 android.view.WindowManagerGlobal.addView:509 
09-28 15:21:16.410 19450 19450 I ViewRootImpl@34cd8d1[NuboClientActivity]: setView = com.android.internal.policy.DecorView@218d5c0 TM=true
09-28 15:21:16.410 19450 19450 D InsetsSourceConsumer: ensureControlAlpha: for ITYPE_NAVIGATION_BAR on com.nubo.test7/com.nubo.client.NuboClientActivity
09-28 15:21:16.411 19450 19450 E ViewRootImpl: sendUserActionEvent() mView returned.
09-28 15:21:16.412 19450 19450 D ViewRootImpl@fa15b16[PopupWindow:ca3c831]: Creating frameDrawingCallback nextDrawUseBlastSync=false reportNextDraw=true hasBlurUpdates=false
09-28 15:21:16.412 19450 19450 D ViewRootImpl@fa15b16[PopupWindow:ca3c831]: Creating frameCompleteCallback
09-28 15:21:16.412 19450 19450 I ViewRootImpl@fa15b16[PopupWindow:ca3c831]: [DP] pd() Cancel asnyc report
09-28 15:21:16.412 19450 19450 I ViewRootImpl@fa15b16[PopupWindow:ca3c831]: [DP] pdf(0) 0 android.view.ViewRootImpl.performDraw:5212 android.view.ViewRootImpl.performTraversals:4217 android.view.ViewRootImpl.doTraversal:2924 
09-28 15:21:16.412 19450 19450 I ViewRootImpl@fa15b16[PopupWindow:ca3c831]: [DP] rdf()
09-28 15:21:16.412 19450 19450 D ViewRootImpl@fa15b16[PopupWindow:ca3c831]: reportDrawFinished (fn: -1) 
09-28 15:21:16.413 19450 20143 E nubo.NuboClientActivity: setPackName:: processId = 2639, packName = com.nubo.launcher.nubo
09-28 15:21:16.414 19450 20143 E nubo.Debugger: Push window. wndId=11597708, processId: 2639
09-28 15:21:16.414 19450 20143 E nubo.Debugger: Show window1. wndId=11597708, processId: 2639
09-28 15:21:16.415 19450 20143 V nubo.NuboClientActivity: ShowWindow PACKAGENAME=com.nubo.launcher.nubo, wndId: 11597708
09-28 15:21:16.415 19450 20143 E nubo.NuboClientActivity: ShowWindow. layout visible. processId=2639, wndId=11597708, stackSize=1, packageName: com.nubo.launcher.nubo, nuboWndId: 151928533
09-28 15:21:16.420 19450 19450 D InsetsSourceConsumer: ensureControlAlpha: for ITYPE_NAVIGATION_BAR on com.nubo.test7/com.nubo.client.NuboClientActivity
09-28 15:21:16.421 19450 19450 I ViewRootImpl@34cd8d1[NuboClientActivity]: Relayout returned: old=(0,0,1080,2400) new=(0,80,1080,2400) req=(1080,2400)0 dur=5 res=0x7 s={true -5476376609221049872} ch=true fn=-1
09-28 15:21:16.422 19450 19484 D OpenGLRenderer: eglCreateWindowSurface
09-28 15:21:16.423 19450 19450 I ViewRootImpl@34cd8d1[NuboClientActivity]: [DP] dp(1) 1 android.view.ViewRootImpl.reportNextDraw:11442 android.view.ViewRootImpl.performTraversals:4198 android.view.ViewRootImpl.doTraversal:2924 
09-28 15:21:16.423 19450 19450 D ViewRootImpl@34cd8d1[NuboClientActivity]: Creating frameDrawingCallback nextDrawUseBlastSync=false reportNextDraw=true hasBlurUpdates=false
09-28 15:21:16.423 19450 19450 D ViewRootImpl@34cd8d1[NuboClientActivity]: Creating frameCompleteCallback
09-28 15:21:16.424 19450 19450 D nubo.Debugger: onSurfaceTextureAvailable. surface=android.graphics.SurfaceTexture@a6608c2
09-28 15:21:16.428 19450 19504 D ViewRootImpl@34cd8d1[NuboClientActivity]: Received frameDrawingCallback frameNum=1. Creating transactionCompleteCallback=false
09-28 15:21:16.429 19450 19484 D ViewRootImpl@34cd8d1[NuboClientActivity]: Received frameCompleteCallback  lastAcquiredFrameNum=1 lastAttemptedDrawFrameNum=1
09-28 15:21:16.431 19450 19450 I ViewRootImpl@34cd8d1[NuboClientActivity]: [DP] pdf(0) 1 android.view.ViewRootImpl.lambda$addFrameCompleteCallbackIfNeeded$3$ViewRootImpl:5000 android.view.ViewRootImpl$$ExternalSyntheticLambda16.run:6 android.os.Handler.handleCallback:938 
09-28 15:21:16.431 19450 19450 I ViewRootImpl@34cd8d1[NuboClientActivity]: [DP] rdf()
09-28 15:21:16.431 19450 19450 D ViewRootImpl@34cd8d1[NuboClientActivity]: reportDrawFinished (fn: -1) 
09-28 15:21:16.431 19450 19450 I ViewRootImpl@79ad0d7[NuboClientActivity]: MSG_WINDOW_FOCUS_CHANGED 1 1
09-28 15:21:16.432 19450 19450 D InputMethodManager: startInputInner - Id : 0
09-28 15:21:16.432 19450 19450 I InputMethodManager: startInputInner - mService.startInputOrWindowGainedFocus
09-28 15:21:16.436 19450 19450 I MSHandlerLifeCycle: isMultiSplitHandlerRequested: ignored. pkg=com.nubo.test7 isActivity=false callers=com.android.internal.policy.DecorView.setVisibility:4295 com.nubo.client.NuboClientActivity$37.run:8144 android.os.Handler.handleCallback:938 android.os.Handler.dispatchMessage:99 android.os.Looper.loopOnce:226 
09-28 15:21:16.436 19450 19450 I MSHandlerLifeCycle: removeMultiSplitHandler: no exist. decor=DecorView@218d5c0[NuboClientActivity]
09-28 15:21:16.436 19450 19450 D nubo.MenuBarManager: no need to re-create status bar. just move it to top
09-28 15:21:16.437 19450 20143 E nubo.NuboClientActivity: setTopTask: topTask= 1000002, processId: 2639
09-28 15:21:16.438 19450 19450 I ViewRootImpl@79ad0d7[NuboClientActivity]: MSG_WINDOW_FOCUS_CHANGED 0 1
09-28 15:21:16.438 19450 20143 E nubo.Debugger: Push window. wndId=11597708, processId: 2639
09-28 15:21:16.439 19450 20143 E nubo.Debugger: Show window1. wndId=11597708, processId: 2639
09-28 15:21:16.439 19450 20143 V nubo.NuboClientActivity: ShowWindow PACKAGENAME=com.nubo.launcher.nubo, wndId: 11597708
09-28 15:21:16.439 19450 20143 E nubo.NuboClientActivity: ShowWindow. layout visible. processId=2639, wndId=11597708, stackSize=1, packageName: com.nubo.launcher.nubo, nuboWndId: 151928533
09-28 15:21:16.440 19450 19450 I MSHandlerLifeCycle: isMultiSplitHandlerRequested: ignored. pkg=com.nubo.test7 isActivity=false callers=com.android.internal.policy.DecorView.setVisibility:4295 com.nubo.client.NuboClientActivity$37.run:8144 android.os.Handler.handleCallback:938 android.os.Handler.dispatchMessage:99 android.os.Looper.loopOnce:226 
09-28 15:21:16.440 19450 19450 I MSHandlerLifeCycle: removeMultiSplitHandler: no exist. decor=DecorView@218d5c0[NuboClientActivity]
09-28 15:21:16.440 19450 19450 D nubo.MenuBarManager: no need to re-create status bar. just move it to top
09-28 15:21:16.442 19450 19450 I ViewRootImpl@34cd8d1[NuboClientActivity]: MSG_WINDOW_FOCUS_CHANGED 1 1
09-28 15:21:16.443 19450 19450 D InputMethodManager: startInputInner - Id : 0
09-28 15:21:16.443 19450 19450 I InputMethodManager: startInputInner - mService.startInputOrWindowGainedFocus
09-28 15:21:16.449 19450 20143 D nubo.Debugger: Rect top = 0 left = 0 right = 720 bottom = 1462
09-28 15:21:16.452 19450 20143 D nubo.Debugger: Received  setDensity=280
09-28 15:21:16.454 19450 20143 D nubo.Debugger: drawColor1 with color=0 PorterDuffMode=0 processId=2639 wndId=11597708 bounds =Rect(0, 0 - 720, 1462) matrix=Matrix{[1.0, 0.0, 0.0][0.0, 1.0, 0.0][0.0, 0.0, 1.0]}
09-28 15:21:16.458 19450 20143 D nubo.Debugger: drawText1=Test Labil, bounds=Rect(-5, -90 - 180, 142), start=0, end=10, x=0.0, y=41.0, matrix=Matrix{[1.0, 0.0, 272.0][0.0, 1.0, 104.0][0.0, 0.0, 1.0]}
09-28 15:21:16.460 19450 20143 D nubo.Debugger: drawBitmap8. wndId=11597708
09-28 15:21:16.462 19450 20143 D nubo.Debugger: drawRect1 with rect=RectF(0.0, 2337.0, 720.0, 1462.0) paint=android.graphics.Paint@c2906d3 processId=2639 wndId=11597708
09-28 15:21:16.462 19450 20143 D nubo.Debugger: Rect at:RectF(0.0, 2337.0, 720.0, 1462.0)
09-28 15:21:16.464 19450 20143 D nubo.Debugger: drawBitmap1. , bounds=Rect(-31, -17 - 53, 39), matrix=Matrix{[1.0, 0.0, 349.0][0.0, 1.0, 1194.0][0.0, 0.0, 1.0]}
09-28 15:21:16.464 19450 20143 D nubo.Debugger: drawBitmap1 4.0,4.0
09-28 15:21:16.465 19450 20143 D nubo.Debugger: drawBitmap1. , bounds=Rect(-31, -17 - 53, 39), matrix=Matrix{[1.0, 0.0, 349.0][0.0, 1.0, 1194.0][0.0, 0.0, 1.0]}
09-28 15:21:16.465 19450 20143 D nubo.Debugger: drawBitmap1 4.0,4.0
09-28 15:21:16.467 19450 20143 E nubo.NuboClientActivity: drawBitmap. , bounds=Rect(-20, -57 - 114, 151), matrix=Matrix{[1.0, 0.0, 45.0][0.0, 1.0, 1290.0][0.0, 0.0, 1.0]}, src= null, dst=Rect(0, 0 - 94, 94), bitmap[0]=android.graphics.Bitmap@7be6210
09-28 15:21:16.468 19450 20143 D nubo.Debugger: drawText1=Phone, bounds=Rect(524224, -165 - 524352, 43), start=0, end=5, x=524259.0, y=25.0, matrix=Matrix{[1.0, 0.0, -524196.0][0.0, 1.0, 1398.0][0.0, 0.0, 1.0]}
09-28 15:21:16.469 19450 20143 E nubo.NuboClientActivity: drawBitmap. , bounds=Rect(-20, -57 - 114, 151), matrix=Matrix{[1.0, 0.0, 179.0][0.0, 1.0, 1290.0][0.0, 0.0, 1.0]}, src= null, dst=Rect(0, 0 - 94, 94), bitmap[0]=android.graphics.Bitmap@650d109
09-28 15:21:16.470 19450 20143 D nubo.Debugger: drawText1=KMPlayer, bounds=Rect(524224, -165 - 524352, 43), start=0, end=8, x=524245.0, y=25.0, matrix=Matrix{[1.0, 0.0, -524062.0][0.0, 1.0, 1398.0][0.0, 0.0, 1.0]}
09-28 15:21:16.472 19450 20143 E nubo.NuboClientActivity: drawBitmap. , bounds=Rect(-20, -57 - 114, 151), matrix=Matrix{[1.0, 0.0, 313.0][0.0, 1.0, 1290.0][0.0, 0.0, 1.0]}, src= null, dst=Rect(0, 0 - 94, 94), bitmap[0]=android.graphics.Bitmap@60fef0e
09-28 15:21:16.472 19450 20143 D nubo.Debugger: drawText1=Chrome, bounds=Rect(524224, -165 - 524352, 43), start=0, end=6, x=524253.0, y=25.0, matrix=Matrix{[1.0, 0.0, -523928.0][0.0, 1.0, 1398.0][0.0, 0.0, 1.0]}
09-28 15:21:16.473 19450 20143 E nubo.NuboClientActivity: Detected first write transaction...
09-28 15:21:16.473 19450 20143 D nubo.Debugger: writeTransaction. wndId: 11597708, mSessionId: 51f204af4ebea0153216538471dda9c4da98205fb9bd391cdd9123d3179d5c8e905d0ea4c49aee1ade80962bea3e35fe
09-28 15:21:16.474 19450 19450 I MSHandlerLifeCycle: removeMultiSplitHandler: no exist. decor=DecorView@7b054c4[NuboClientActivity]
09-28 15:21:16.474 19450 19484 D OpenGLRenderer: setSurface called with nullptr
09-28 15:21:16.474 19450 19484 D OpenGLRenderer: setSurface() destroyed EGLSurface
09-28 15:21:16.474 19450 19484 D OpenGLRenderer: destroyEglSurface
09-28 15:21:16.476 19450 19450 I ViewRootImpl@79ad0d7[NuboClientActivity]: dispatchDetachedFromWindow
09-28 15:21:16.480 19450 20143 D writeTransaction: =================================================
09-28 15:21:16.481 19450 19450 D InputTransport: Input channel destroyed: 'e958d11', fd=101
09-28 15:21:16.485 19450 19450 D InputMethodManager: startInputInner - Id : 0
09-28 15:21:16.485 19450 19450 I InputMethodManager: startInputInner - mService.startInputOrWindowGainedFocus
09-28 15:21:16.928 19450 20143 D nubo.Debugger: Rect top = 0 left = 0 right = 720 bottom = 1462
09-28 15:21:16.929 19450 20143 D nubo.Debugger: Received  setDensity=280
09-28 15:21:16.930 19450 20143 D nubo.Debugger: drawColor1 with color=0 PorterDuffMode=0 processId=2639 wndId=11597708 bounds =Rect(0, 0 - 720, 1462) matrix=Matrix{[1.0, 0.0, 0.0][0.0, 1.0, 0.0][0.0, 0.0, 1.0]}
09-28 15:21:16.931 19450 20143 D nubo.Debugger: drawText1=Test Labil, bounds=Rect(-5, -90 - 180, 142), start=0, end=10, x=0.0, y=41.0, matrix=Matrix{[1.0, 0.0, 272.0][0.0, 1.0, 104.0][0.0, 0.0, 1.0]}
09-28 15:21:16.931 19450 20143 D nubo.Debugger: drawBitmap8. wndId=11597708
09-28 15:21:16.932 19450 20143 D nubo.Debugger: drawRect1 with rect=RectF(0.0, 2337.0, 720.0, 1462.0) paint=android.graphics.Paint@2733d2f processId=2639 wndId=11597708
09-28 15:21:16.932 19450 20143 D nubo.Debugger: Rect at:RectF(0.0, 2337.0, 720.0, 1462.0)
09-28 15:21:16.933 19450 20143 D nubo.Debugger: drawBitmap1. , bounds=Rect(-31, -17 - 53, 39), matrix=Matrix{[1.0, 0.0, 349.0][0.0, 1.0, 1194.0][0.0, 0.0, 1.0]}
09-28 15:21:16.933 19450 20143 D nubo.Debugger: drawBitmap1 4.0,4.0
09-28 15:21:16.933 19450 20143 D nubo.Debugger: drawBitmap1. , bounds=Rect(-31, -17 - 53, 39), matrix=Matrix{[1.0, 0.0, 349.0][0.0, 1.0, 1194.0][0.0, 0.0, 1.0]}
09-28 15:21:16.933 19450 20143 D nubo.Debugger: drawBitmap1 4.0,4.0
09-28 15:21:16.934 19450 20143 E nubo.NuboClientActivity: drawBitmap. , bounds=Rect(-20, -57 - 114, 151), matrix=Matrix{[1.0, 0.0, 45.0][0.0, 1.0, 1290.0][0.0, 0.0, 1.0]}, src= null, dst=Rect(0, 0 - 94, 94), bitmap[0]=android.graphics.Bitmap@7be6210
09-28 15:21:16.934 19450 20143 D nubo.Debugger: drawText1=Phone, bounds=Rect(524224, -165 - 524352, 43), start=0, end=5, x=524259.0, y=25.0, matrix=Matrix{[1.0, 0.0, -524196.0][0.0, 1.0, 1398.0][0.0, 0.0, 1.0]}
09-28 15:21:16.935 19450 20143 E nubo.NuboClientActivity: drawBitmap. , bounds=Rect(-20, -57 - 114, 151), matrix=Matrix{[1.0, 0.0, 179.0][0.0, 1.0, 1290.0][0.0, 0.0, 1.0]}, src= null, dst=Rect(0, 0 - 94, 94), bitmap[0]=android.graphics.Bitmap@650d109
09-28 15:21:16.935 19450 20143 D nubo.Debugger: drawText1=KMPlayer, bounds=Rect(524224, -165 - 524352, 43), start=0, end=8, x=524245.0, y=25.0, matrix=Matrix{[1.0, 0.0, -524062.0][0.0, 1.0, 1398.0][0.0, 0.0, 1.0]}
09-28 15:21:16.936 19450 20143 E nubo.NuboClientActivity: drawBitmap. , bounds=Rect(-20, -57 - 114, 151), matrix=Matrix{[1.0, 0.0, 313.0][0.0, 1.0, 1290.0][0.0, 0.0, 1.0]}, src= null, dst=Rect(0, 0 - 94, 94), bitmap[0]=android.graphics.Bitmap@60fef0e
09-28 15:21:16.936 19450 20143 D nubo.Debugger: drawText1=Chrome, bounds=Rect(524224, -165 - 524352, 43), start=0, end=6, x=524253.0, y=25.0, matrix=Matrix{[1.0, 0.0, -523928.0][0.0, 1.0, 1398.0][0.0, 0.0, 1.0]}
09-28 15:21:16.936 19450 20143 D nubo.Debugger: writeTransaction. wndId: 11597708, mSessionId: 51f204af4ebea0153216538471dda9c4da98205fb9bd391cdd9123d3179d5c8e905d0ea4c49aee1ade80962bea3e35fe
09-28 15:21:16.947 19450 20143 D writeTransaction: =================================================
09-28 15:21:25.245 19450 19450 I ViewRootImpl@34cd8d1[NuboClientActivity]: ViewPostIme pointer 0
09-28 15:21:25.245 19450 19450 I MSHandlerLifeCycle: isMultiSplitHandlerRequested: ignored. pkg=com.nubo.test7 isActivity=false callers=com.android.internal.policy.DecorView.hasMultiSplitHandlerInNonFreeformMode:891 com.android.internal.policy.DecorView.dispatchTouchEvent:931 android.view.View.dispatchPointerEvent:15335 android.view.ViewRootImpl$ViewPostImeInputStage.processPointerEvent:7820 android.view.ViewRootImpl$ViewPostImeInputStage.onProcess:7593 
09-28 15:21:25.246 19450 19450 I MSHandlerLifeCycle: isMultiSplitHandlerRequested: windowingMode=1 isFullscreen=true isPopOver=false isHidden=false skipActivityType=false isHandlerType=true this: DecorView@68f7a7e[NuboClientActivity]
09-28 15:21:25.274 19450 19450 I MSHandlerLifeCycle: isMultiSplitHandlerRequested: ignored. pkg=com.nubo.test7 isActivity=false callers=com.android.internal.policy.DecorView.hasMultiSplitHandlerInNonFreeformMode:891 com.android.internal.policy.DecorView.dispatchTouchEvent:931 android.view.View.dispatchPointerEvent:15335 android.view.ViewRootImpl$ViewPostImeInputStage.processPointerEvent:7820 android.view.ViewRootImpl$ViewPostImeInputStage.onProcess:7593 
09-28 15:21:25.274 19450 19450 I MSHandlerLifeCycle: isMultiSplitHandlerRequested: windowingMode=1 isFullscreen=true isPopOver=false isHidden=false skipActivityType=false isHandlerType=true this: DecorView@68f7a7e[NuboClientActivity]
09-28 15:21:25.282 19450 19450 I MSHandlerLifeCycle: isMultiSplitHandlerRequested: ignored. pkg=com.nubo.test7 isActivity=false callers=com.android.internal.policy.DecorView.hasMultiSplitHandlerInNonFreeformMode:891 com.android.internal.policy.DecorView.dispatchTouchEvent:931 android.view.View.dispatchPointerEvent:15335 android.view.ViewRootImpl$ViewPostImeInputStage.processPointerEvent:7820 android.view.ViewRootImpl$ViewPostImeInputStage.onProcess:7593 
09-28 15:21:25.282 19450 19450 I MSHandlerLifeCycle: isMultiSplitHandlerRequested: windowingMode=1 isFullscreen=true isPopOver=false isHidden=false skipActivityType=false isHandlerType=true this: DecorView@68f7a7e[NuboClientActivity]
09-28 15:21:25.285 19450 19450 I ViewRootImpl@34cd8d1[NuboClientActivity]: ViewPostIme pointer 1
09-28 15:21:25.285 19450 19450 I MSHandlerLifeCycle: isMultiSplitHandlerRequested: ignored. pkg=com.nubo.test7 isActivity=false callers=com.android.internal.policy.DecorView.hasMultiSplitHandlerInNonFreeformMode:891 com.android.internal.policy.DecorView.dispatchTouchEvent:931 android.view.View.dispatchPointerEvent:15335 android.view.ViewRootImpl$ViewPostImeInputStage.processPointerEvent:7820 android.view.ViewRootImpl$ViewPostImeInputStage.onProcess:7593 
09-28 15:21:25.285 19450 19450 I MSHandlerLifeCycle: isMultiSplitHandlerRequested: windowingMode=1 isFullscreen=true isPopOver=false isHidden=false skipActivityType=false isHandlerType=true this: DecorView@68f7a7e[NuboClientActivity]
09-28 15:21:25.286 19450 19450 E nubo.MenuBarManager: showStatusBar. hidePackageName: ''
09-28 15:21:25.823 19450 19450 I ViewRootImpl@34cd8d1[NuboClientActivity]: ViewPostIme pointer 0
09-28 15:21:25.824 19450 19450 I MSHandlerLifeCycle: isMultiSplitHandlerRequested: ignored. pkg=com.nubo.test7 isActivity=false callers=com.android.internal.policy.DecorView.hasMultiSplitHandlerInNonFreeformMode:891 com.android.internal.policy.DecorView.dispatchTouchEvent:931 android.view.View.dispatchPointerEvent:15335 android.view.ViewRootImpl$ViewPostImeInputStage.processPointerEvent:7820 android.view.ViewRootImpl$ViewPostImeInputStage.onProcess:7593 
09-28 15:21:25.824 19450 19450 I MSHandlerLifeCycle: isMultiSplitHandlerRequested: windowingMode=1 isFullscreen=true isPopOver=false isHidden=false skipActivityType=false isHandlerType=true this: DecorView@68f7a7e[NuboClientActivity]
09-28 15:21:25.852 19450 19450 I MSHandlerLifeCycle: isMultiSplitHandlerRequested: ignored. pkg=com.nubo.test7 isActivity=false callers=com.android.internal.policy.DecorView.hasMultiSplitHandlerInNonFreeformMode:891 com.android.internal.policy.DecorView.dispatchTouchEvent:931 android.view.View.dispatchPointerEvent:15335 android.view.ViewRootImpl$ViewPostImeInputStage.processPointerEvent:7820 android.view.ViewRootImpl$ViewPostImeInputStage.onProcess:7593 
09-28 15:21:25.852 19450 19450 I MSHandlerLifeCycle: isMultiSplitHandlerRequested: windowingMode=1 isFullscreen=true isPopOver=false isHidden=false skipActivityType=false isHandlerType=true this: DecorView@68f7a7e[NuboClientActivity]
09-28 15:21:25.885 19450 19450 I MSHandlerLifeCycle: isMultiSplitHandlerRequested: ignored. pkg=com.nubo.test7 isActivity=false callers=com.android.internal.policy.DecorView.hasMultiSplitHandlerInNonFreeformMode:891 com.android.internal.policy.DecorView.dispatchTouchEvent:931 android.view.View.dispatchPointerEvent:15335 android.view.ViewRootImpl$ViewPostImeInputStage.processPointerEvent:7820 android.view.ViewRootImpl$ViewPostImeInputStage.onProcess:7593 
09-28 15:21:25.885 19450 19450 I MSHandlerLifeCycle: isMultiSplitHandlerRequested: windowingMode=1 isFullscreen=true isPopOver=false isHidden=false skipActivityType=false isHandlerType=true this: DecorView@68f7a7e[NuboClientActivity]
09-28 15:21:25.888 19450 19450 I MSHandlerLifeCycle: isMultiSplitHandlerRequested: ignored. pkg=com.nubo.test7 isActivity=false callers=com.android.internal.policy.DecorView.hasMultiSplitHandlerInNonFreeformMode:891 com.android.internal.policy.DecorView.dispatchTouchEvent:931 android.view.View.dispatchPointerEvent:15335 android.view.ViewRootImpl$ViewPostImeInputStage.processPointerEvent:7820 android.view.ViewRootImpl$ViewPostImeInputStage.onProcess:7593 
09-28 15:21:25.888 19450 19450 I MSHandlerLifeCycle: isMultiSplitHandlerRequested: windowingMode=1 isFullscreen=true isPopOver=false isHidden=false skipActivityType=false isHandlerType=true this: DecorView@68f7a7e[NuboClientActivity]
09-28 15:21:25.888 19450 19450 I ViewRootImpl@34cd8d1[NuboClientActivity]: ViewPostIme pointer 1
09-28 15:21:25.889 19450 19450 I MSHandlerLifeCycle: isMultiSplitHandlerRequested: ignored. pkg=com.nubo.test7 isActivity=false callers=com.android.internal.policy.DecorView.hasMultiSplitHandlerInNonFreeformMode:891 com.android.internal.policy.DecorView.dispatchTouchEvent:931 android.view.View.dispatchPointerEvent:15335 android.view.ViewRootImpl$ViewPostImeInputStage.processPointerEvent:7820 android.view.ViewRootImpl$ViewPostImeInputStage.onProcess:7593 
09-28 15:21:25.889 19450 19450 I MSHandlerLifeCycle: isMultiSplitHandlerRequested: windowingMode=1 isFullscreen=true isPopOver=false isHidden=false skipActivityType=false isHandlerType=true this: DecorView@68f7a7e[NuboClientActivity]
09-28 15:21:25.892 19450 19450 I nubo.NuboClientActivity: Open settings

################################################

09-28 15:21:25.893 19450 19450 E nubo.NuboClientActivity: closeSocket. mSessionId: 51f204af4ebea0153216538471dda9c4da98205fb9bd391cdd9123d3179d5c8e905d0ea4c49aee1ade80962bea3e35fe, socketState: OPENED
09-28 15:21:25.896 19450 20143 E nubo.Debugger: socket closed. channelType: 0, channelIdx: 0, channelProcess: 0
09-28 15:21:25.896 19450 20143 E nubo.Debugger: Stopping connection
09-28 15:21:25.896 19450 20143 I nubo.Debugger: Closing connection. Finally step
09-28 15:21:25.897 19450 20143 V nubo.NuboClientActivity: removeProcess 2639
09-28 15:21:25.899 19450 20205 D nubo.VWEInputStream: clearAllProcessesCaches. clear mFontsCache. mFontsCacheSize: 0
09-28 15:21:25.904 19450 20143 D nubo.NuboClientActivity: startReconnectionRunnable...
09-28 15:21:25.904 19450 20143 I nubo.Debugger: Closing connection. Finished all tasks
09-28 15:21:25.923 19450 19450 D nubo.Debugger: onSurfaceTextureDestroyed. surface=android.graphics.SurfaceTexture@a6608c2
09-28 15:21:25.926 19450 19450 I MSHandlerLifeCycle: removeMultiSplitHandler: no exist. decor=DecorView@218d5c0[NuboClientActivity]
09-28 15:21:25.926 19450 19484 D OpenGLRenderer: setSurface called with nullptr
09-28 15:21:25.926 19450 19484 D OpenGLRenderer: setSurface() destroyed EGLSurface
09-28 15:21:25.927 19450 19484 D OpenGLRenderer: destroyEglSurface
09-28 15:21:25.928 19450 19450 I ViewRootImpl@34cd8d1[NuboClientActivity]: dispatchDetachedFromWindow
09-28 15:21:25.940 19450 19450 D InputTransport: Input channel destroyed: '39d337a', fd=169
09-28 15:21:25.942 19450 19484 D OpenGLRenderer: setSurface called with nullptr
09-28 15:21:25.942 19450 19484 D OpenGLRenderer: setSurface() destroyed EGLSurface
09-28 15:21:25.942 19450 19484 D OpenGLRenderer: destroyEglSurface
09-28 15:21:25.943 19450 19450 I ViewRootImpl@fa15b16[PopupWindow:ca3c831]: dispatchDetachedFromWindow
09-28 15:21:25.943 19450 19450 D InputTransport: Input channel destroyed: '8f26db1', fd=151
09-28 15:21:25.946 19450 19450 E nubo.NuboClientActivity: closeSocketDuringPause: true
09-28 15:21:25.952 19450 19450 D SensorManager: unregisterListener
09-28 15:21:25.977 19450 19450 D InsetsSourceConsumer: ensureControlAlpha: for ITYPE_NAVIGATION_BAR on com.nubo.test7/com.nubo.client.NuboClientActivity
09-28 15:21:25.990 19450 19450 E SettingsActivity: onCreate..
09-28 15:21:25.998 19450 19450 I DecorView: [INFO] isPopOver=false, config=true
09-28 15:21:25.998 19450 19450 I DecorView: updateCaptionType >> DecorView@a8ae658[], isFloating=false, isApplication=true, hasWindowControllerCallback=true, hasWindowDecorCaption=false
09-28 15:21:25.998 19450 19450 D DecorView: setCaptionType = 0, this = DecorView@a8ae658[]
09-28 15:21:26.000 19450 19450 I DecorView: getCurrentDensityDpi: from real metrics. densityDpi=420 msg=resources_loaded
09-28 15:21:26.064 19450 19450 I MSHandlerLifeCycle: isMultiSplitHandlerRequested: ignored. pkg=com.nubo.test7 parent=null callers=com.android.internal.policy.DecorView.setVisibility:4295 android.app.ActivityThread.handleResumeActivity:5383 android.app.servertransaction.ResumeActivityItem.execute:54 android.app.servertransaction.ActivityTransactionItem.execute:45 android.app.servertransaction.TransactionExecutor.executeLifecycleState:176 
09-28 15:21:26.064 19450 19450 I MSHandlerLifeCycle: removeMultiSplitHandler: no exist. decor=DecorView@a8ae658[]
09-28 15:21:26.073 19450 19450 I ViewRootImpl@72c9ed0[SettingsActivity]: setView = com.android.internal.policy.DecorView@a8ae658 TM=true
09-28 15:21:26.073 19450 19450 I MSHandlerLifeCycle: isMultiSplitHandlerRequested: windowingMode=1 isFullscreen=true isPopOver=false isHidden=false skipActivityType=false isHandlerType=true this: DecorView@a8ae658[SettingsActivity]
09-28 15:21:26.073 19450 19450 I MSHandlerLifeCycle: removeMultiSplitHandler: no exist. decor=DecorView@a8ae658[SettingsActivity]
09-28 15:21:26.074 19450 19450 I ViewRootImpl@a3809c0[NuboClientActivity]: MSG_WINDOW_FOCUS_CHANGED 0 1
09-28 15:21:26.092 19450 19450 I ViewRootImpl@72c9ed0[SettingsActivity]: Relayout returned: old=(0,0,1080,2400) new=(0,0,1080,2400) req=(1080,2400)0 dur=10 res=0x7 s={true -5476376609221764912} ch=true fn=-1
09-28 15:21:26.094 19450 19484 D OpenGLRenderer: eglCreateWindowSurface
09-28 15:21:26.135 19450 19450 I ViewRootImpl@72c9ed0[SettingsActivity]: [DP] dp(1) 1 android.view.ViewRootImpl.reportNextDraw:11442 android.view.ViewRootImpl.performTraversals:4198 android.view.ViewRootImpl.doTraversal:2924 
09-28 15:21:26.136 19450 19450 D ViewRootImpl@72c9ed0[SettingsActivity]: Creating frameDrawingCallback nextDrawUseBlastSync=false reportNextDraw=true hasBlurUpdates=false
09-28 15:21:26.136 19450 19450 D ViewRootImpl@72c9ed0[SettingsActivity]: Creating frameCompleteCallback
09-28 15:21:26.140 19450 19505 D ViewRootImpl@72c9ed0[SettingsActivity]: Received frameDrawingCallback frameNum=1. Creating transactionCompleteCallback=false
09-28 15:21:26.145 19450 19484 D ViewRootImpl@72c9ed0[SettingsActivity]: Received frameCompleteCallback  lastAcquiredFrameNum=1 lastAttemptedDrawFrameNum=1
09-28 15:21:26.147 19450 19450 I ViewRootImpl@72c9ed0[SettingsActivity]: [DP] pdf(0) 1 android.view.ViewRootImpl.lambda$addFrameCompleteCallbackIfNeeded$3$ViewRootImpl:5000 android.view.ViewRootImpl$$ExternalSyntheticLambda16.run:6 android.os.Handler.handleCallback:938 
09-28 15:21:26.147 19450 19450 I ViewRootImpl@72c9ed0[SettingsActivity]: [DP] rdf()
09-28 15:21:26.147 19450 19450 D ViewRootImpl@72c9ed0[SettingsActivity]: reportDrawFinished (fn: -1) 
09-28 15:21:26.147 19450 19450 I ViewRootImpl@a3809c0[NuboClientActivity]: MSG_WINDOW_FOCUS_CHANGED 0 1
09-28 15:21:26.152 19450 19450 D InsetsSourceConsumer: ensureControlAlpha: for ITYPE_NAVIGATION_BAR on com.nubo.test7/com.nubo.login.SettingsActivity
09-28 15:21:26.167 19450 19450 I ViewRootImpl@72c9ed0[SettingsActivity]: MSG_WINDOW_FOCUS_CHANGED 1 1
09-28 15:21:26.169 19450 19450 D InputMethodManager: startInputInner - Id : 0
09-28 15:21:26.169 19450 19450 I InputMethodManager: startInputInner - mService.startInputOrWindowGainedFocus
09-28 15:21:26.439 19450 19450 D InsetsSourceConsumer: ensureControlPosition: Point(0, 0) for ITYPE_STATUS_BAR on com.nubo.test7/com.nubo.login.SettingsActivity from android.view.InsetsSourceConsumer.notifyAnimationFinished:384
09-28 15:21:26.559 19450 19450 I ViewRootImpl@a68cb9b[PopupWindow:7ba43aa]: handleAppVisibility mAppVisible=true visible=false
09-28 15:21:26.559 19450 19450 I ViewRootImpl@a3809c0[NuboClientActivity]: handleAppVisibility mAppVisible=true visible=false
09-28 15:21:26.565 19450 19484 D OpenGLRenderer: setSurface called with nullptr
09-28 15:21:26.565 19450 19484 D OpenGLRenderer: setSurface() destroyed EGLSurface
09-28 15:21:26.565 19450 19484 D OpenGLRenderer: destroyEglSurface
09-28 15:21:26.581 19450 19450 I ViewRootImpl@a68cb9b[PopupWindow:7ba43aa]: Relayout returned: old=(0,80,0,2274) new=(0,80,0,2274) req=(0,2194)8 dur=13 res=0x5 s={false 0} ch=true fn=1
09-28 15:21:26.581 19450 19484 D OpenGLRenderer: setSurface called with nullptr
09-28 15:21:26.581 19450 19484 D OpenGLRenderer: setSurface() destroyed EGLSurface
09-28 15:21:26.581 19450 19484 D OpenGLRenderer: destroyEglSurface
09-28 15:21:26.599 19450 19450 I ViewRootImpl@a3809c0[NuboClientActivity]: Relayout returned: old=(0,80,1080,2400) new=(0,80,1080,2400) req=(1080,2320)8 dur=13 res=0x5 s={false 0} ch=true fn=5
09-28 15:21:26.600 19450 19450 I ViewRootImpl@a3809c0[NuboClientActivity]: stopped(true) old=false
09-28 15:21:26.600 19450 19450 I ViewRootImpl@a68cb9b[PopupWindow:7ba43aa]: stopped(true) old=false
09-28 15:21:26.603 19450 19450 I MSHandlerLifeCycle: isMultiSplitHandlerRequested: windowingMode=1 isFullscreen=true isPopOver=false isHidden=false skipActivityType=false isHandlerType=true this: DecorView@68f7a7e[NuboClientActivity]
09-28 15:21:26.603 19450 19450 I MSHandlerLifeCycle: removeMultiSplitHandler: no exist. decor=DecorView@68f7a7e[NuboClientActivity]
09-28 15:21:26.762 19450 19450 I ViewRootImpl@72c9ed0[SettingsActivity]: ViewPostIme pointer 0
09-28 15:21:26.763 19450 19450 I MSHandlerLifeCycle: isMultiSplitHandlerRequested: windowingMode=1 isFullscreen=true isPopOver=false isHidden=false skipActivityType=false isHandlerType=true this: DecorView@a8ae658[SettingsActivity]
09-28 15:21:26.781 19450 19450 I MSHandlerLifeCycle: isMultiSplitHandlerRequested: windowingMode=1 isFullscreen=true isPopOver=false isHidden=false skipActivityType=false isHandlerType=true this: DecorView@a8ae658[SettingsActivity]
09-28 15:21:26.798 19450 19450 I MSHandlerLifeCycle: isMultiSplitHandlerRequested: windowingMode=1 isFullscreen=true isPopOver=false isHidden=false skipActivityType=false isHandlerType=true this: DecorView@a8ae658[SettingsActivity]
09-28 15:21:26.814 19450 19450 I MSHandlerLifeCycle: isMultiSplitHandlerRequested: windowingMode=1 isFullscreen=true isPopOver=false isHidden=false skipActivityType=false isHandlerType=true this: DecorView@a8ae658[SettingsActivity]
09-28 15:21:26.823 19450 19450 I MSHandlerLifeCycle: isMultiSplitHandlerRequested: windowingMode=1 isFullscreen=true isPopOver=false isHidden=false skipActivityType=false isHandlerType=true this: DecorView@a8ae658[SettingsActivity]
09-28 15:21:26.831 19450 19450 I MSHandlerLifeCycle: isMultiSplitHandlerRequested: windowingMode=1 isFullscreen=true isPopOver=false isHidden=false skipActivityType=false isHandlerType=true this: DecorView@a8ae658[SettingsActivity]
09-28 15:21:26.834 19450 19450 I MSHandlerLifeCycle: isMultiSplitHandlerRequested: windowingMode=1 isFullscreen=true isPopOver=false isHidden=false skipActivityType=false isHandlerType=true this: DecorView@a8ae658[SettingsActivity]
09-28 15:21:26.834 19450 19450 I ViewRootImpl@72c9ed0[SettingsActivity]: ViewPostIme pointer 1
09-28 15:21:26.834 19450 19450 I MSHandlerLifeCycle: isMultiSplitHandlerRequested: windowingMode=1 isFullscreen=true isPopOver=false isHidden=false skipActivityType=false isHandlerType=true this: DecorView@a8ae658[SettingsActivity]
09-28 15:21:26.842 19450 19450 E SettingsActivity: logout_user. deleteCacheDeviceData: false
09-28 15:21:26.858 19450 19450 I logoutUser: deleteCacheDeviceData: false
