2022-06-29 13:26:24.230 22277-23425/com.nubo.test7 E/nubo.Debugger: Push window. wndId=12345, processId: 436
2022-06-29 13:26:24.231 22277-23425/com.nubo.test7 E/nubo.Debugger: Push window. wndId=55033719, processId: 436
2022-06-29 13:26:24.248 22277-22277/com.nubo.test7 E/nubo.PanelDialog: Add PanelDialog to DIALOG with WRAP_CONTENT..
2022-06-29 13:26:24.252 22277-22277/com.nubo.test7 E/nubo.WindowsStack: addWindowForActivityDialog. taskId: 12, index: 0
2022-06-29 13:26:24.252 22277-22277/com.nubo.test7 E/nubo.WindowsStack: addWindowForActivityDialog. Add task that is not on top
2022-06-29 13:26:24.252 22277-22277/com.nubo.test7 E/nubo.WindowsStack: addWindowForActivityDialog. Found topWindows for task: 2
2022-06-29 13:26:24.252 22277-22277/com.nubo.test7 E/nubo.WindowsStack: addWindowForActivityDialog. Add task that is not on top. position: 3
2022-06-29 13:26:24.252 22277-23425/com.nubo.test7 E/nubo.NuboClientActivity: ------------------------------------
2022-06-29 13:26:24.253 22277-23425/com.nubo.test7 E/nubo.NuboClientActivity: mWindowsStackManager: 
2022-06-29 13:26:24.253 22277-23425/com.nubo.test7 E/nubo.NuboClientActivity: WS. process: 1321, packageName: com.android.launcher3
2022-06-29 13:26:24.253 22277-23425/com.nubo.test7 E/nubo.NuboClientActivity: WS. pos: 0, pid: 1321, NuboWndId: 168109549
2022-06-29 13:26:24.253 22277-23425/com.nubo.test7 E/nubo.NuboClientActivity: WS. process: 436, packageName: android
2022-06-29 13:26:24.253 22277-23425/com.nubo.test7 E/nubo.NuboClientActivity: WS. pos: 0, pid: 436, NuboWndId: 125471986
2022-06-29 13:26:24.253 22277-23425/com.nubo.test7 E/nubo.NuboClientActivity: WS. pos: 1, pid: 436, NuboWndId: 214250573
2022-06-29 13:26:24.253 22277-23425/com.nubo.test7 E/nubo.NuboClientActivity: WS. process: 1680, packageName: com.nubo.launcher.nubo
2022-06-29 13:26:24.254 22277-23425/com.nubo.test7 E/nubo.NuboClientActivity: WS. pos: 0, pid: 1680, NuboWndId: 260804689
2022-06-29 13:26:24.254 22277-23425/com.nubo.test7 E/nubo.NuboClientActivity: WS. process: 2923, packageName: com.nubo.blackscreenapp
2022-06-29 13:26:24.254 22277-23425/com.nubo.test7 E/nubo.NuboClientActivity: WS. pos: 0, pid: 2923, NuboWndId: 99328626
2022-06-29 13:26:24.254 22277-23425/com.nubo.test7 E/nubo.NuboClientActivity: ------------------------------------
2022-06-29 13:26:24.254 22277-23425/com.nubo.test7 E/nubo.NuboClientActivity: mTaskWindows: 
2022-06-29 13:26:24.254 22277-23425/com.nubo.test7 E/nubo.NuboClientActivity: mTaskWindows. taskId: 2
2022-06-29 13:26:24.254 22277-23425/com.nubo.test7 E/nubo.NuboClientActivity: TW. pos: 0, pid: 1680, NuboWndId: 260804689, packageName: com.nubo.launcher.nubo
2022-06-29 13:26:24.255 22277-23425/com.nubo.test7 E/nubo.NuboClientActivity: mTaskWindows. taskId: 3
2022-06-29 13:26:24.255 22277-23425/com.nubo.test7 E/nubo.NuboClientActivity: TW. pos: 0, pid: 436, NuboWndId: 125471986, packageName: android
2022-06-29 13:26:24.255 22277-23425/com.nubo.test7 E/nubo.NuboClientActivity: mTaskWindows. taskId: 5
2022-06-29 13:26:24.255 22277-23425/com.nubo.test7 E/nubo.NuboClientActivity: TW. pos: 0, pid: 1321, NuboWndId: 168109549, packageName: com.android.launcher3
2022-06-29 13:26:24.255 22277-23425/com.nubo.test7 E/nubo.NuboClientActivity: mTaskWindows. taskId: 9
2022-06-29 13:26:24.255 22277-23425/com.nubo.test7 E/nubo.NuboClientActivity: TW. pos: 0, pid: 2923, NuboWndId: 99328626, packageName: com.nubo.blackscreenapp
2022-06-29 13:26:24.255 22277-23425/com.nubo.test7 E/nubo.NuboClientActivity: mTaskWindows. taskId: 12
2022-06-29 13:26:24.256 22277-23425/com.nubo.test7 E/nubo.NuboClientActivity: TW. pos: 0, pid: 436, NuboWndId: 214250573, packageName: android
2022-06-29 13:26:24.256 22277-23425/com.nubo.test7 E/nubo.NuboClientActivity: ------------------------------------
2022-06-29 13:26:24.256 22277-23425/com.nubo.test7 E/nubo.NuboClientActivity: mOrderedPanelWindows: 
2022-06-29 13:26:24.256 22277-23425/com.nubo.test7 E/nubo.NuboClientActivity: PW. pos: 0, pid: 436, NuboWndId: 125471986, packageName: android, type: 1
2022-06-29 13:26:24.256 22277-23425/com.nubo.test7 E/nubo.NuboClientActivity: PW. pos: 1, pid: 2923, NuboWndId: 99328626, packageName: com.nubo.blackscreenapp, type: 1
2022-06-29 13:26:24.256 22277-23425/com.nubo.test7 E/nubo.NuboClientActivity: PW. pos: 2, pid: 1321, NuboWndId: 168109549, packageName: com.android.launcher3, type: 1
2022-06-29 13:26:24.256 22277-23425/com.nubo.test7 E/nubo.NuboClientActivity: PW. pos: 3, pid: 436, NuboWndId: 214250573, packageName: android, type: 2
2022-06-29 13:26:24.257 22277-23425/com.nubo.test7 E/nubo.NuboClientActivity: PW. pos: 4, pid: 1680, NuboWndId: 260804689, packageName: com.nubo.launcher.nubo, type: 1
2022-06-29 13:26:24.257 22277-23425/com.nubo.test7 E/nubo.NuboClientActivity: ------------------------------------
2022-06-29 13:26:24.257 22277-23425/com.nubo.test7 E/nubo.NuboClientActivity: PushWindow succeeded. processId=436, wndId=55033719, nuboWndId=214250573, containerType: 2
2022-06-29 13:26:24.267 22277-23425/com.nubo.test7 E/nubo.NuboClientActivity: Re Add Window. pid: 1680, nuboWndId: 260804689, type: 1, taskAndPos: 1024, mReqTop: true
2022-06-29 13:26:24.277 22277-22277/com.nubo.test7 E/nubo.NuboClientActivity: mReAddWindow PanelDialog: com.nubo.windows.PanelDialog@2c38927, mReqTop: true, NuboWndId: 260804689
2022-06-29 13:26:24.278 22277-23425/com.nubo.test7 E/nubo.NuboClientActivity: ------------------------------------
2022-06-29 13:26:24.278 22277-23425/com.nubo.test7 E/nubo.NuboClientActivity: mWindowsStackManager: 
2022-06-29 13:26:24.278 22277-23425/com.nubo.test7 E/nubo.NuboClientActivity: WS. process: 1321, packageName: com.android.launcher3
2022-06-29 13:26:24.279 22277-23425/com.nubo.test7 E/nubo.NuboClientActivity: WS. pos: 0, pid: 1321, NuboWndId: 168109549
2022-06-29 13:26:24.279 22277-23425/com.nubo.test7 E/nubo.NuboClientActivity: WS. process: 436, packageName: android
2022-06-29 13:26:24.279 22277-23425/com.nubo.test7 E/nubo.NuboClientActivity: WS. pos: 0, pid: 436, NuboWndId: 125471986
2022-06-29 13:26:24.279 22277-23425/com.nubo.test7 E/nubo.NuboClientActivity: WS. pos: 1, pid: 436, NuboWndId: 214250573
2022-06-29 13:26:24.279 22277-23425/com.nubo.test7 E/nubo.NuboClientActivity: WS. process: 1680, packageName: com.nubo.launcher.nubo
2022-06-29 13:26:24.279 22277-23425/com.nubo.test7 E/nubo.NuboClientActivity: WS. pos: 0, pid: 1680, NuboWndId: 260804689
2022-06-29 13:26:24.279 22277-23425/com.nubo.test7 E/nubo.NuboClientActivity: WS. process: 2923, packageName: com.nubo.blackscreenapp
2022-06-29 13:26:24.280 22277-23425/com.nubo.test7 E/nubo.NuboClientActivity: WS. pos: 0, pid: 2923, NuboWndId: 99328626
2022-06-29 13:26:24.280 22277-23425/com.nubo.test7 E/nubo.NuboClientActivity: ------------------------------------
2022-06-29 13:26:24.280 22277-23425/com.nubo.test7 E/nubo.NuboClientActivity: mTaskWindows: 
2022-06-29 13:26:24.280 22277-23425/com.nubo.test7 E/nubo.NuboClientActivity: mTaskWindows. taskId: 2
2022-06-29 13:26:24.280 22277-23425/com.nubo.test7 E/nubo.NuboClientActivity: TW. pos: 0, pid: 1680, NuboWndId: 260804689, packageName: com.nubo.launcher.nubo
2022-06-29 13:26:24.280 22277-23425/com.nubo.test7 E/nubo.NuboClientActivity: mTaskWindows. taskId: 3
2022-06-29 13:26:24.280 22277-23425/com.nubo.test7 E/nubo.NuboClientActivity: TW. pos: 0, pid: 436, NuboWndId: 125471986, packageName: android
2022-06-29 13:26:24.280 22277-23425/com.nubo.test7 E/nubo.NuboClientActivity: mTaskWindows. taskId: 5
2022-06-29 13:26:24.281 22277-23425/com.nubo.test7 E/nubo.NuboClientActivity: TW. pos: 0, pid: 1321, NuboWndId: 168109549, packageName: com.android.launcher3
2022-06-29 13:26:24.281 22277-23425/com.nubo.test7 E/nubo.NuboClientActivity: mTaskWindows. taskId: 9
2022-06-29 13:26:24.281 22277-23425/com.nubo.test7 E/nubo.NuboClientActivity: TW. pos: 0, pid: 2923, NuboWndId: 99328626, packageName: com.nubo.blackscreenapp
2022-06-29 13:26:24.281 22277-23425/com.nubo.test7 E/nubo.NuboClientActivity: mTaskWindows. taskId: 12
2022-06-29 13:26:24.281 22277-23425/com.nubo.test7 E/nubo.NuboClientActivity: TW. pos: 0, pid: 436, NuboWndId: 214250573, packageName: android
2022-06-29 13:26:24.281 22277-23425/com.nubo.test7 E/nubo.NuboClientActivity: ------------------------------------
2022-06-29 13:26:24.281 22277-23425/com.nubo.test7 E/nubo.NuboClientActivity: mOrderedPanelWindows: 
2022-06-29 13:26:24.281 22277-23425/com.nubo.test7 E/nubo.NuboClientActivity: PW. pos: 0, pid: 436, NuboWndId: 125471986, packageName: android, type: 1
2022-06-29 13:26:24.282 22277-23425/com.nubo.test7 E/nubo.NuboClientActivity: PW. pos: 1, pid: 2923, NuboWndId: 99328626, packageName: com.nubo.blackscreenapp, type: 1
2022-06-29 13:26:24.282 22277-23425/com.nubo.test7 E/nubo.NuboClientActivity: PW. pos: 2, pid: 1321, NuboWndId: 168109549, packageName: com.android.launcher3, type: 1
2022-06-29 13:26:24.282 22277-23425/com.nubo.test7 E/nubo.NuboClientActivity: PW. pos: 3, pid: 436, NuboWndId: 214250573, packageName: android, type: 2
2022-06-29 13:26:24.282 22277-23425/com.nubo.test7 E/nubo.NuboClientActivity: PW. pos: 4, pid: 1680, NuboWndId: 260804689, packageName: com.nubo.launcher.nubo, type: 1
2022-06-29 13:26:24.282 22277-23425/com.nubo.test7 E/nubo.NuboClientActivity: ------------------------------------
2022-06-29 13:26:24.283 22277-23425/com.nubo.test7 E/nubo.Debugger: Push window. wndId=55033719, processId: 436
2022-06-29 13:26:24.283 22277-23425/com.nubo.test7 E/nubo.NuboClientActivity: ShowWindow. layout visible. processId=436, wndId=55033719, stackSize=2, packageName: android, nuboWndId: 214250573
2022-06-29 13:26:24.283 22277-23425/com.nubo.test7 E/nubo.NuboClientActivity: ShowWindow. window is from android and not activity. Do not show it!
2022-06-29 13:26:24.296 22277-23425/com.nubo.test7 E/nubo.Debugger: Push window. wndId=103014387, processId: 436
2022-06-29 13:26:24.317 22277-22277/com.nubo.test7 E/nubo.WindowsStack: addWindowForActivityDialog. taskId: 12, index: 0
2022-06-29 13:26:24.317 22277-22277/com.nubo.test7 E/nubo.WindowsStack: addWindowForActivityDialog. newWinPackageName: android, nuboWndID: 74749104, index: 0, type: 1
2022-06-29 13:26:24.318 22277-22277/com.nubo.test7 E/nubo.WindowsStack: addWindowForActivityDialog. put 'android' win on top of task! pos: 1
2022-06-29 13:26:24.318 22277-22277/com.nubo.test7 E/nubo.WindowsStack: addWindowForActivityDialog. new win pos: 1, overallIndex: 4
2022-06-29 13:26:24.318 22277-23425/com.nubo.test7 E/nubo.NuboClientActivity: ------------------------------------
2022-06-29 13:26:24.318 22277-23425/com.nubo.test7 E/nubo.NuboClientActivity: mWindowsStackManager: 
2022-06-29 13:26:24.318 22277-23425/com.nubo.test7 E/nubo.NuboClientActivity: WS. process: 1321, packageName: com.android.launcher3
2022-06-29 13:26:24.318 22277-23425/com.nubo.test7 E/nubo.NuboClientActivity: WS. pos: 0, pid: 1321, NuboWndId: 168109549
2022-06-29 13:26:24.319 22277-23425/com.nubo.test7 E/nubo.NuboClientActivity: WS. process: 436, packageName: android
2022-06-29 13:26:24.319 22277-23425/com.nubo.test7 E/nubo.NuboClientActivity: WS. pos: 0, pid: 436, NuboWndId: 125471986
2022-06-29 13:26:24.319 22277-23425/com.nubo.test7 E/nubo.NuboClientActivity: WS. pos: 1, pid: 436, NuboWndId: 214250573
2022-06-29 13:26:24.319 22277-23425/com.nubo.test7 E/nubo.NuboClientActivity: WS. pos: 2, pid: 436, NuboWndId: 74749104
2022-06-29 13:26:24.319 22277-23425/com.nubo.test7 E/nubo.NuboClientActivity: WS. process: 1680, packageName: com.nubo.launcher.nubo
2022-06-29 13:26:24.319 22277-23425/com.nubo.test7 E/nubo.NuboClientActivity: WS. pos: 0, pid: 1680, NuboWndId: 260804689
2022-06-29 13:26:24.319 22277-23425/com.nubo.test7 E/nubo.NuboClientActivity: WS. process: 2923, packageName: com.nubo.blackscreenapp
2022-06-29 13:26:24.319 22277-23425/com.nubo.test7 E/nubo.NuboClientActivity: WS. pos: 0, pid: 2923, NuboWndId: 99328626
2022-06-29 13:26:24.319 22277-23425/com.nubo.test7 E/nubo.NuboClientActivity: ------------------------------------
2022-06-29 13:26:24.320 22277-23425/com.nubo.test7 E/nubo.NuboClientActivity: mTaskWindows: 
2022-06-29 13:26:24.320 22277-23425/com.nubo.test7 E/nubo.NuboClientActivity: mTaskWindows. taskId: 2
2022-06-29 13:26:24.320 22277-23425/com.nubo.test7 E/nubo.NuboClientActivity: TW. pos: 0, pid: 1680, NuboWndId: 260804689, packageName: com.nubo.launcher.nubo
2022-06-29 13:26:24.320 22277-23425/com.nubo.test7 E/nubo.NuboClientActivity: mTaskWindows. taskId: 3
2022-06-29 13:26:24.320 22277-23425/com.nubo.test7 E/nubo.NuboClientActivity: TW. pos: 0, pid: 436, NuboWndId: 125471986, packageName: android
2022-06-29 13:26:24.320 22277-23425/com.nubo.test7 E/nubo.NuboClientActivity: mTaskWindows. taskId: 5
2022-06-29 13:26:24.320 22277-23425/com.nubo.test7 E/nubo.NuboClientActivity: TW. pos: 0, pid: 1321, NuboWndId: 168109549, packageName: com.android.launcher3
2022-06-29 13:26:24.320 22277-23425/com.nubo.test7 E/nubo.NuboClientActivity: mTaskWindows. taskId: 9
2022-06-29 13:26:24.321 22277-23425/com.nubo.test7 E/nubo.NuboClientActivity: TW. pos: 0, pid: 2923, NuboWndId: 99328626, packageName: com.nubo.blackscreenapp
2022-06-29 13:26:24.321 22277-23425/com.nubo.test7 E/nubo.NuboClientActivity: mTaskWindows. taskId: 12
2022-06-29 13:26:24.321 22277-23425/com.nubo.test7 E/nubo.NuboClientActivity: TW. pos: 0, pid: 436, NuboWndId: 214250573, packageName: android
2022-06-29 13:26:24.321 22277-23425/com.nubo.test7 E/nubo.NuboClientActivity: TW. pos: 1, pid: 436, NuboWndId: 74749104, packageName: android
2022-06-29 13:26:24.321 22277-23425/com.nubo.test7 E/nubo.NuboClientActivity: ------------------------------------
2022-06-29 13:26:24.321 22277-23425/com.nubo.test7 E/nubo.NuboClientActivity: mOrderedPanelWindows: 
2022-06-29 13:26:24.321 22277-23425/com.nubo.test7 E/nubo.NuboClientActivity: PW. pos: 0, pid: 436, NuboWndId: 125471986, packageName: android, type: 1
2022-06-29 13:26:24.322 22277-23425/com.nubo.test7 E/nubo.NuboClientActivity: PW. pos: 1, pid: 2923, NuboWndId: 99328626, packageName: com.nubo.blackscreenapp, type: 1
2022-06-29 13:26:24.322 22277-23425/com.nubo.test7 E/nubo.NuboClientActivity: PW. pos: 2, pid: 1321, NuboWndId: 168109549, packageName: com.android.launcher3, type: 1
2022-06-29 13:26:24.322 22277-23425/com.nubo.test7 E/nubo.NuboClientActivity: PW. pos: 3, pid: 436, NuboWndId: 214250573, packageName: android, type: 2
2022-06-29 13:26:24.322 22277-23425/com.nubo.test7 E/nubo.NuboClientActivity: PW. pos: 4, pid: 436, NuboWndId: 74749104, packageName: android, type: 1
2022-06-29 13:26:24.322 22277-23425/com.nubo.test7 E/nubo.NuboClientActivity: PW. pos: 5, pid: 1680, NuboWndId: 260804689, packageName: com.nubo.launcher.nubo, type: 1
2022-06-29 13:26:24.322 22277-23425/com.nubo.test7 E/nubo.NuboClientActivity: ------------------------------------
2022-06-29 13:26:24.322 22277-23425/com.nubo.test7 E/nubo.NuboClientActivity: PushWindow succeeded. processId=436, wndId=103014387, nuboWndId=74749104, containerType: 1
2022-06-29 13:26:24.330 22277-23425/com.nubo.test7 E/nubo.NuboClientActivity: Re Add Window. pid: 1680, nuboWndId: 260804689, type: 1, taskAndPos: 1024, mReqTop: true
2022-06-29 13:26:24.350 22277-22277/com.nubo.test7 E/nubo.NuboClientActivity: mReAddWindow PanelDialog: com.nubo.windows.PanelDialog@2c38927, mReqTop: true, NuboWndId: 260804689
2022-06-29 13:26:24.353 22277-23425/com.nubo.test7 E/nubo.NuboClientActivity: ------------------------------------
2022-06-29 13:26:24.355 22277-23425/com.nubo.test7 E/nubo.NuboClientActivity: mWindowsStackManager: 
2022-06-29 13:26:24.357 22277-23425/com.nubo.test7 E/nubo.NuboClientActivity: WS. process: 1321, packageName: com.android.launcher3
2022-06-29 13:26:24.357 22277-23425/com.nubo.test7 E/nubo.NuboClientActivity: WS. pos: 0, pid: 1321, NuboWndId: 168109549
2022-06-29 13:26:24.357 22277-23425/com.nubo.test7 E/nubo.NuboClientActivity: WS. process: 436, packageName: android
2022-06-29 13:26:24.357 22277-23425/com.nubo.test7 E/nubo.NuboClientActivity: WS. pos: 0, pid: 436, NuboWndId: 125471986
2022-06-29 13:26:24.357 22277-23425/com.nubo.test7 E/nubo.NuboClientActivity: WS. pos: 1, pid: 436, NuboWndId: 214250573
2022-06-29 13:26:24.357 22277-23425/com.nubo.test7 E/nubo.NuboClientActivity: WS. pos: 2, pid: 436, NuboWndId: 74749104
2022-06-29 13:26:24.357 22277-23425/com.nubo.test7 E/nubo.NuboClientActivity: WS. process: 1680, packageName: com.nubo.launcher.nubo
2022-06-29 13:26:24.358 22277-23425/com.nubo.test7 E/nubo.NuboClientActivity: WS. pos: 0, pid: 1680, NuboWndId: 260804689
2022-06-29 13:26:24.358 22277-23425/com.nubo.test7 E/nubo.NuboClientActivity: WS. process: 2923, packageName: com.nubo.blackscreenapp
2022-06-29 13:26:24.358 22277-23425/com.nubo.test7 E/nubo.NuboClientActivity: WS. pos: 0, pid: 2923, NuboWndId: 99328626
2022-06-29 13:26:24.358 22277-23425/com.nubo.test7 E/nubo.NuboClientActivity: ------------------------------------
2022-06-29 13:26:24.358 22277-23425/com.nubo.test7 E/nubo.NuboClientActivity: mTaskWindows: 
2022-06-29 13:26:24.358 22277-23425/com.nubo.test7 E/nubo.NuboClientActivity: mTaskWindows. taskId: 2
2022-06-29 13:26:24.358 22277-23425/com.nubo.test7 E/nubo.NuboClientActivity: TW. pos: 0, pid: 1680, NuboWndId: 260804689, packageName: com.nubo.launcher.nubo
2022-06-29 13:26:24.358 22277-23425/com.nubo.test7 E/nubo.NuboClientActivity: mTaskWindows. taskId: 3
2022-06-29 13:26:24.358 22277-23425/com.nubo.test7 E/nubo.NuboClientActivity: TW. pos: 0, pid: 436, NuboWndId: 125471986, packageName: android
2022-06-29 13:26:24.358 22277-23425/com.nubo.test7 E/nubo.NuboClientActivity: mTaskWindows. taskId: 5
2022-06-29 13:26:24.359 22277-23425/com.nubo.test7 E/nubo.NuboClientActivity: TW. pos: 0, pid: 1321, NuboWndId: 168109549, packageName: com.android.launcher3
2022-06-29 13:26:24.359 22277-23425/com.nubo.test7 E/nubo.NuboClientActivity: mTaskWindows. taskId: 9
2022-06-29 13:26:24.359 22277-23425/com.nubo.test7 E/nubo.NuboClientActivity: TW. pos: 0, pid: 2923, NuboWndId: 99328626, packageName: com.nubo.blackscreenapp
2022-06-29 13:26:24.359 22277-23425/com.nubo.test7 E/nubo.NuboClientActivity: mTaskWindows. taskId: 12
2022-06-29 13:26:24.359 22277-23425/com.nubo.test7 E/nubo.NuboClientActivity: TW. pos: 0, pid: 436, NuboWndId: 214250573, packageName: android
2022-06-29 13:26:24.359 22277-23425/com.nubo.test7 E/nubo.NuboClientActivity: TW. pos: 1, pid: 436, NuboWndId: 74749104, packageName: android
2022-06-29 13:26:24.359 22277-23425/com.nubo.test7 E/nubo.NuboClientActivity: ------------------------------------
2022-06-29 13:26:24.359 22277-23425/com.nubo.test7 E/nubo.NuboClientActivity: mOrderedPanelWindows: 
2022-06-29 13:26:24.359 22277-23425/com.nubo.test7 E/nubo.NuboClientActivity: PW. pos: 0, pid: 436, NuboWndId: 125471986, packageName: android, type: 1
2022-06-29 13:26:24.359 22277-23425/com.nubo.test7 E/nubo.NuboClientActivity: PW. pos: 1, pid: 2923, NuboWndId: 99328626, packageName: com.nubo.blackscreenapp, type: 1
2022-06-29 13:26:24.359 22277-23425/com.nubo.test7 E/nubo.NuboClientActivity: PW. pos: 2, pid: 1321, NuboWndId: 168109549, packageName: com.android.launcher3, type: 1
2022-06-29 13:26:24.360 22277-23425/com.nubo.test7 E/nubo.NuboClientActivity: PW. pos: 3, pid: 436, NuboWndId: 214250573, packageName: android, type: 2
2022-06-29 13:26:24.360 22277-23425/com.nubo.test7 E/nubo.NuboClientActivity: PW. pos: 4, pid: 436, NuboWndId: 74749104, packageName: android, type: 1
2022-06-29 13:26:24.360 22277-23425/com.nubo.test7 E/nubo.NuboClientActivity: PW. pos: 5, pid: 1680, NuboWndId: 260804689, packageName: com.nubo.launcher.nubo, type: 1
2022-06-29 13:26:24.360 22277-23425/com.nubo.test7 E/nubo.NuboClientActivity: ------------------------------------
2022-06-29 13:26:24.360 22277-23425/com.nubo.test7 E/nubo.Debugger: Push window. wndId=103014387, processId: 436
2022-06-29 13:26:24.361 22277-23425/com.nubo.test7 E/nubo.NuboClientActivity: ShowWindow. layout visible. processId=436, wndId=103014387, stackSize=3, packageName: android, nuboWndId: 74749104
2022-06-29 13:26:24.376 22277-22277/com.nubo.test7 E/nubo.NuboClientActivity: mLayoutVisible PanelDialog: com.nubo.windows.PanelDialog@64bf3f4, mReqTop: false, NuboWndId: 74749104
2022-06-29 13:26:24.377 22277-23425/com.nubo.test7 E/nubo.NuboClientActivity: createNewSurfaceView 7457e4d91000 x=0 y=0 width=1080 height=2319 pid=436 wid=-1, parentWndId: 103014387, surfaceType: 2, visible: true
2022-06-29 13:26:24.377 22277-23425/com.nubo.test7 E/nubo.NuboClientActivity: createNewSurfaceView. screenWidth: 1080, screenHeight: 2194
2022-06-29 13:26:24.377 22277-23425/com.nubo.test7 E/nubo.NuboClientActivity: createNewSurfaceView. parent nuboWndID: 74749104, parentWndID: 103014387
2022-06-29 13:26:24.393 22277-22277/com.nubo.test7 E/nubo.NuboClientActivity: moveMenuToNewParent..
2022-06-29 13:26:24.416 22277-23425/com.nubo.test7 E/nubo.NuboClientActivity: MediaCodecCommand. CREATE, format: {max-bitrate=16000000, color-transfer=3, mime=video/avc, width=720, bitrate=16000000, color-range=2, frame-rate=10, color-standard=1, height=1546}, srfcHash: 7457e4d91000 pid=0 tid=-1
2022-06-29 13:26:24.416 22277-23425/com.nubo.test7 E/nubo.NuboClientActivity: setPackName:: processId = 436, packName = android
2022-06-29 13:26:24.416 22277-23425/com.nubo.test7 E/nubo.Debugger: Push window. wndId=12345, processId: 436
2022-06-29 13:26:24.417 22277-23425/com.nubo.test7 E/nubo.Debugger: Push window. wndId=12345, processId: 436
2022-06-29 13:26:24.417 22277-23425/com.nubo.test7 E/nubo.Debugger: Push window. wndId=12345, processId: 436
2022-06-29 13:26:24.417 22277-23425/com.nubo.test7 E/nubo.Debugger: Push window. wndId=12345, processId: 436
2022-06-29 13:26:24.417 22277-23425/com.nubo.test7 E/nubo.Debugger: Push window. wndId=12345, processId: 436
2022-06-29 13:26:24.417 22277-23587/com.nubo.test7 E/nubo.NuboClientActivity: MediaCodecCommand. surface ready: 127920850407424, run init
2022-06-29 13:26:24.417 22277-23425/com.nubo.test7 E/nubo.Debugger: Push window. wndId=12345, processId: 436
2022-06-29 13:26:24.418 22277-23425/com.nubo.test7 E/nubo.Debugger: Push window. wndId=12345, processId: 436
2022-06-29 13:26:24.418 22277-23425/com.nubo.test7 E/nubo.Debugger: Push window. wndId=12345, processId: 436
2022-06-29 13:26:24.418 22277-23425/com.nubo.test7 E/nubo.Debugger: Push window. wndId=55033719, processId: 436
2022-06-29 13:26:24.419 22277-23425/com.nubo.test7 E/nubo.NuboClientActivity: ShowWindow. layout visible. processId=436, wndId=55033719, stackSize=3, packageName: android, nuboWndId: 214250573
2022-06-29 13:26:24.419 22277-23425/com.nubo.test7 E/nubo.NuboClientActivity: ShowWindow. window is from android and not activity. Do not show it!
2022-06-29 13:26:24.419 22277-23425/com.nubo.test7 E/nubo.Debugger: Push window. wndId=103014387, processId: 436
2022-06-29 13:26:24.419 22277-23425/com.nubo.test7 E/nubo.NuboClientActivity: createNewSurfaceView 7457e4d91000 x=0 y=0 width=1080 height=2319 pid=436 wid=-1, parentWndId: 103014387, surfaceType: 2, visible: true
2022-06-29 13:26:24.419 22277-23425/com.nubo.test7 E/nubo.NuboClientActivity: createNewSurfaceView. screenWidth: 1080, screenHeight: 2194
2022-06-29 13:26:24.419 22277-23425/com.nubo.test7 E/nubo.NuboClientActivity: createNewSurfaceView. parent nuboWndID: 74749104, parentWndID: 103014387
2022-06-29 13:26:24.420 22277-23425/com.nubo.test7 E/nubo.Debugger: Push window. wndId=103014387, processId: 436
2022-06-29 13:26:24.420 22277-23425/com.nubo.test7 E/nubo.NuboClientActivity: ShowWindow. layout visible. processId=436, wndId=103014387, stackSize=3, packageName: android, nuboWndId: 74749104
2022-06-29 13:26:24.423 22277-22277/com.nubo.test7 E/nubo.NuboClientActivity: mLayoutVisible PanelDialog: com.nubo.windows.PanelDialog@64bf3f4, mReqTop: false, NuboWndId: 74749104
2022-06-29 13:26:24.425 22277-23425/com.nubo.test7 E/nubo.Debugger: Push window. wndId=76214648, processId: 1680
2022-06-29 13:26:24.425 22277-23425/com.nubo.test7 E/nubo.NuboClientActivity: ShowWindow. layout visible. processId=1680, wndId=76214648, stackSize=1, packageName: com.nubo.launcher.nubo, nuboWndId: 260804689
2022-06-29 13:26:24.429 22277-22277/com.nubo.test7 E/nubo.NuboClientActivity: mLayoutVisible PanelDialog: com.nubo.windows.PanelDialog@2c38927, mReqTop: true, NuboWndId: 260804689
2022-06-29 13:26:24.445 22277-23425/com.nubo.test7 E/nubo.NuboClientActivity: setPackName:: processId = 4209, packName = com.android.chrome
2022-06-29 13:26:24.446 22277-23425/com.nubo.test7 E/nubo.NuboClientActivity: setPackName:: processId = 4209, packName = com.android.chrome
2022-06-29 13:26:24.446 22277-23425/com.nubo.test7 E/nubo.NuboClientActivity: setTopTask: topTask= 12, processId: 4209
2022-06-29 13:26:24.490 22277-22277/com.nubo.test7 E/nubo.NuboClientActivity: mReAddWindow PanelDialog: com.nubo.windows.PanelDialog@64bf3f4, mReqTop: true, NuboWndId: 74749104
2022-06-29 13:26:24.500 22277-23589/com.nubo.test7 E/BufferQueueProducer: [SurfaceView - com.nubo.test7/com.nubo.client.NuboClientActivity@2d363@0#53(BLAST Consumer)53](id:57050000004c,api:0,p:-1,c:22277) setMaxDequeuedBufferCount: BufferQueue has been abandoned
2022-06-29 13:26:24.500 22277-23589/com.nubo.test7 E/Surface: IGraphicBufferProducer::setMaxDequeuedBufferCount(15) returned No such device
2022-06-29 13:26:24.500 22277-23425/com.nubo.test7 E/nubo.Debugger: Push window. wndId=7325354, processId: 4209
2022-06-29 13:26:24.502 22277-23589/com.nubo.test7 E/BufferQueueProducer: [SurfaceView - com.nubo.test7/com.nubo.client.NuboClientActivity@2d363@0#53(BLAST Consumer)53](id:57050000004c,api:0,p:-1,c:22277) query: BufferQueue has been abandoned
2022-06-29 13:26:24.505 22277-23589/com.nubo.test7 E/BufferQueueProducer: [SurfaceView - com.nubo.test7/com.nubo.client.NuboClientActivity@2d363@0#53(BLAST Consumer)53](id:57050000004c,api:0,p:-1,c:22277) dequeueBuffer: BufferQueue has been abandoned
2022-06-29 13:26:24.510 22277-23601/com.nubo.test7 E/MediaDecoder_video/avc_5: Surface view is not ready! Closing decoder
2022-06-29 13:26:24.510 22277-23601/com.nubo.test7 E/MediaDecoder_video/avc_5: Surface view is not ready! Closing decoder
2022-06-29 13:26:24.510 22277-23602/com.nubo.test7 E/nubo.NuboClientActivity: Adding channel: 448823, size: 1
2022-06-29 13:26:24.526 22277-22277/com.nubo.test7 E/nubo.WindowsStack: addWindowForActivityDialog. taskId: 12, index: 0
2022-06-29 13:26:24.527 22277-22277/com.nubo.test7 E/nubo.WindowsStack: addWindowForActivityDialog. newWinPackageName: com.android.chrome, nuboWndID: 261853851, index: 0, type: 1
2022-06-29 13:26:24.527 22277-22277/com.nubo.test7 E/nubo.WindowsStack: addWindowForActivityDialog. loop on top windows. pos: 0, processId: 436, winTaskId: 12, packageName: android, win.getType(): 2, winIndex: 0
2022-06-29 13:26:24.527 22277-22277/com.nubo.test7 E/nubo.WindowsStack: addWindowForActivityDialog. new win pos: 0, overallIndex: 4
2022-06-29 13:26:24.528 22277-23425/com.nubo.test7 E/nubo.NuboClientActivity: ------------------------------------
2022-06-29 13:26:24.528 22277-23425/com.nubo.test7 E/nubo.NuboClientActivity: mWindowsStackManager: 
2022-06-29 13:26:24.528 22277-23425/com.nubo.test7 E/nubo.NuboClientActivity: WS. process: 1321, packageName: com.android.launcher3
2022-06-29 13:26:24.528 22277-23425/com.nubo.test7 E/nubo.NuboClientActivity: WS. pos: 0, pid: 1321, NuboWndId: 168109549
2022-06-29 13:26:24.528 22277-23425/com.nubo.test7 E/nubo.NuboClientActivity: WS. process: 436, packageName: android
2022-06-29 13:26:24.528 22277-23425/com.nubo.test7 E/nubo.NuboClientActivity: WS. pos: 0, pid: 436, NuboWndId: 125471986
2022-06-29 13:26:24.528 22277-23425/com.nubo.test7 E/nubo.NuboClientActivity: WS. pos: 1, pid: 436, NuboWndId: 214250573
2022-06-29 13:26:24.528 22277-23425/com.nubo.test7 E/nubo.NuboClientActivity: WS. pos: 2, pid: 436, NuboWndId: 74749104
2022-06-29 13:26:24.529 22277-23425/com.nubo.test7 E/nubo.NuboClientActivity: WS. process: 1680, packageName: com.nubo.launcher.nubo
2022-06-29 13:26:24.529 22277-23425/com.nubo.test7 E/nubo.NuboClientActivity: WS. pos: 0, pid: 1680, NuboWndId: 260804689
2022-06-29 13:26:24.529 22277-23425/com.nubo.test7 E/nubo.NuboClientActivity: WS. process: 2923, packageName: com.nubo.blackscreenapp
2022-06-29 13:26:24.529 22277-23425/com.nubo.test7 E/nubo.NuboClientActivity: WS. pos: 0, pid: 2923, NuboWndId: 99328626
2022-06-29 13:26:24.529 22277-23425/com.nubo.test7 E/nubo.NuboClientActivity: WS. process: 4209, packageName: com.android.chrome
2022-06-29 13:26:24.529 22277-23425/com.nubo.test7 E/nubo.NuboClientActivity: WS. pos: 0, pid: 4209, NuboWndId: 261853851
2022-06-29 13:26:24.529 22277-23425/com.nubo.test7 E/nubo.NuboClientActivity: ------------------------------------
2022-06-29 13:26:24.529 22277-23425/com.nubo.test7 E/nubo.NuboClientActivity: mTaskWindows: 
2022-06-29 13:26:24.529 22277-23425/com.nubo.test7 E/nubo.NuboClientActivity: mTaskWindows. taskId: 2
2022-06-29 13:26:24.529 22277-23425/com.nubo.test7 E/nubo.NuboClientActivity: TW. pos: 0, pid: 1680, NuboWndId: 260804689, packageName: com.nubo.launcher.nubo
2022-06-29 13:26:24.530 22277-23425/com.nubo.test7 E/nubo.NuboClientActivity: mTaskWindows. taskId: 3
2022-06-29 13:26:24.530 22277-23425/com.nubo.test7 E/nubo.NuboClientActivity: TW. pos: 0, pid: 436, NuboWndId: 125471986, packageName: android
2022-06-29 13:26:24.530 22277-23425/com.nubo.test7 E/nubo.NuboClientActivity: mTaskWindows. taskId: 5
2022-06-29 13:26:24.530 22277-23425/com.nubo.test7 E/nubo.NuboClientActivity: TW. pos: 0, pid: 1321, NuboWndId: 168109549, packageName: com.android.launcher3
2022-06-29 13:26:24.530 22277-23425/com.nubo.test7 E/nubo.NuboClientActivity: mTaskWindows. taskId: 9
2022-06-29 13:26:24.531 22277-23425/com.nubo.test7 E/nubo.NuboClientActivity: TW. pos: 0, pid: 2923, NuboWndId: 99328626, packageName: com.nubo.blackscreenapp
2022-06-29 13:26:24.531 22277-23425/com.nubo.test7 E/nubo.NuboClientActivity: mTaskWindows. taskId: 12
2022-06-29 13:26:24.531 22277-23425/com.nubo.test7 E/nubo.NuboClientActivity: TW. pos: 0, pid: 4209, NuboWndId: 261853851, packageName: com.android.chrome
2022-06-29 13:26:24.531 22277-23425/com.nubo.test7 E/nubo.NuboClientActivity: TW. pos: 1, pid: 436, NuboWndId: 214250573, packageName: android
2022-06-29 13:26:24.532 22277-23425/com.nubo.test7 E/nubo.NuboClientActivity: TW. pos: 2, pid: 436, NuboWndId: 74749104, packageName: android
2022-06-29 13:26:24.532 22277-23425/com.nubo.test7 E/nubo.NuboClientActivity: ------------------------------------
2022-06-29 13:26:24.532 22277-23425/com.nubo.test7 E/nubo.NuboClientActivity: mOrderedPanelWindows: 
2022-06-29 13:26:24.532 22277-23425/com.nubo.test7 E/nubo.NuboClientActivity: PW. pos: 0, pid: 436, NuboWndId: 125471986, packageName: android, type: 1
2022-06-29 13:26:24.532 22277-23425/com.nubo.test7 E/nubo.NuboClientActivity: PW. pos: 1, pid: 2923, NuboWndId: 99328626, packageName: com.nubo.blackscreenapp, type: 1
2022-06-29 13:26:24.532 22277-23425/com.nubo.test7 E/nubo.NuboClientActivity: PW. pos: 2, pid: 1321, NuboWndId: 168109549, packageName: com.android.launcher3, type: 1
2022-06-29 13:26:24.532 22277-23425/com.nubo.test7 E/nubo.NuboClientActivity: PW. pos: 3, pid: 1680, NuboWndId: 260804689, packageName: com.nubo.launcher.nubo, type: 1
2022-06-29 13:26:24.532 22277-23425/com.nubo.test7 E/nubo.NuboClientActivity: PW. pos: 4, pid: 4209, NuboWndId: 261853851, packageName: com.android.chrome, type: 1
2022-06-29 13:26:24.532 22277-23425/com.nubo.test7 E/nubo.NuboClientActivity: PW. pos: 5, pid: 436, NuboWndId: 214250573, packageName: android, type: 2
2022-06-29 13:26:24.532 22277-23425/com.nubo.test7 E/nubo.NuboClientActivity: PW. pos: 6, pid: 436, NuboWndId: 74749104, packageName: android, type: 1
2022-06-29 13:26:24.532 22277-23425/com.nubo.test7 E/nubo.NuboClientActivity: ------------------------------------
2022-06-29 13:26:24.533 22277-23425/com.nubo.test7 E/nubo.NuboClientActivity: PushWindow succeeded. processId=4209, wndId=7325354, nuboWndId=261853851, containerType: 1
2022-06-29 13:26:24.539 22277-23425/com.nubo.test7 E/nubo.NuboClientActivity: Re Add Window. pid: 436, nuboWndId: 214250573, type: 2, taskAndPos: 6144, mReqTop: false
2022-06-29 13:26:24.547 22277-23425/com.nubo.test7 E/nubo.NuboClientActivity: Re Add Window. pid: 436, nuboWndId: 74749104, type: 1, taskAndPos: 6144, mReqTop: true
2022-06-29 13:26:24.557 22277-23602/com.nubo.test7 E/nubo.Debugger: SocketThread::run. Creaating streamMgr, channelIdx: 5
2022-06-29 13:26:24.558 22277-23602/com.nubo.test7 E/nubo.Debugger: SocketThread::run. sendChannelLogin, channelIdx: 5
2022-06-29 13:26:24.558 22277-23602/com.nubo.test7 E/nubo.Debugger: SocketThread::run. Waiting for drawPlayerLoginAck. channelIdx: 5
2022-06-29 13:26:24.558 22277-23609/com.nubo.test7 E/nubo.NuboOutStreamMgr: Sending cmd: 5
2022-06-29 13:26:24.567 22277-23602/com.nubo.test7 E/nubo.Debugger: SocketThread::run. loginMgmtErrorCode: 0, channelIdx: 5
2022-06-29 13:26:24.574 22277-22277/com.nubo.test7 E/nubo.NuboClientActivity: mReAddWindow PanelDialog: com.nubo.windows.PanelDialog@64bf3f4, mReqTop: true, NuboWndId: 74749104
2022-06-29 13:26:24.574 22277-23425/com.nubo.test7 E/nubo.NuboClientActivity: ------------------------------------
2022-06-29 13:26:24.574 22277-23425/com.nubo.test7 E/nubo.NuboClientActivity: mWindowsStackManager: 
2022-06-29 13:26:24.575 22277-23425/com.nubo.test7 E/nubo.NuboClientActivity: WS. process: 1321, packageName: com.android.launcher3
2022-06-29 13:26:24.575 22277-23425/com.nubo.test7 E/nubo.NuboClientActivity: WS. pos: 0, pid: 1321, NuboWndId: 168109549
2022-06-29 13:26:24.575 22277-23425/com.nubo.test7 E/nubo.NuboClientActivity: WS. process: 436, packageName: android
2022-06-29 13:26:24.575 22277-23425/com.nubo.test7 E/nubo.NuboClientActivity: WS. pos: 0, pid: 436, NuboWndId: 125471986
2022-06-29 13:26:24.575 22277-23425/com.nubo.test7 E/nubo.NuboClientActivity: WS. pos: 1, pid: 436, NuboWndId: 214250573
2022-06-29 13:26:24.575 22277-23425/com.nubo.test7 E/nubo.NuboClientActivity: WS. pos: 2, pid: 436, NuboWndId: 74749104
2022-06-29 13:26:24.575 22277-23425/com.nubo.test7 E/nubo.NuboClientActivity: WS. process: 1680, packageName: com.nubo.launcher.nubo
2022-06-29 13:26:24.575 22277-23425/com.nubo.test7 E/nubo.NuboClientActivity: WS. pos: 0, pid: 1680, NuboWndId: 260804689
2022-06-29 13:26:24.575 22277-23425/com.nubo.test7 E/nubo.NuboClientActivity: WS. process: 2923, packageName: com.nubo.blackscreenapp
2022-06-29 13:26:24.576 22277-23425/com.nubo.test7 E/nubo.NuboClientActivity: WS. pos: 0, pid: 2923, NuboWndId: 99328626
2022-06-29 13:26:24.576 22277-23425/com.nubo.test7 E/nubo.NuboClientActivity: WS. process: 4209, packageName: com.android.chrome
2022-06-29 13:26:24.576 22277-23425/com.nubo.test7 E/nubo.NuboClientActivity: WS. pos: 0, pid: 4209, NuboWndId: 261853851
2022-06-29 13:26:24.576 22277-23425/com.nubo.test7 E/nubo.NuboClientActivity: ------------------------------------
2022-06-29 13:26:24.576 22277-23425/com.nubo.test7 E/nubo.NuboClientActivity: mTaskWindows: 
2022-06-29 13:26:24.576 22277-23425/com.nubo.test7 E/nubo.NuboClientActivity: mTaskWindows. taskId: 2
2022-06-29 13:26:24.576 22277-23425/com.nubo.test7 E/nubo.NuboClientActivity: TW. pos: 0, pid: 1680, NuboWndId: 260804689, packageName: com.nubo.launcher.nubo
2022-06-29 13:26:24.576 22277-23425/com.nubo.test7 E/nubo.NuboClientActivity: mTaskWindows. taskId: 3
2022-06-29 13:26:24.576 22277-23425/com.nubo.test7 E/nubo.NuboClientActivity: TW. pos: 0, pid: 436, NuboWndId: 125471986, packageName: android
2022-06-29 13:26:24.577 22277-23425/com.nubo.test7 E/nubo.NuboClientActivity: mTaskWindows. taskId: 5
2022-06-29 13:26:24.577 22277-23425/com.nubo.test7 E/nubo.NuboClientActivity: TW. pos: 0, pid: 1321, NuboWndId: 168109549, packageName: com.android.launcher3
2022-06-29 13:26:24.577 22277-23425/com.nubo.test7 E/nubo.NuboClientActivity: mTaskWindows. taskId: 9
2022-06-29 13:26:24.577 22277-23425/com.nubo.test7 E/nubo.NuboClientActivity: TW. pos: 0, pid: 2923, NuboWndId: 99328626, packageName: com.nubo.blackscreenapp
2022-06-29 13:26:24.577 22277-23425/com.nubo.test7 E/nubo.NuboClientActivity: mTaskWindows. taskId: 12
2022-06-29 13:26:24.577 22277-23425/com.nubo.test7 E/nubo.NuboClientActivity: TW. pos: 0, pid: 4209, NuboWndId: 261853851, packageName: com.android.chrome
2022-06-29 13:26:24.577 22277-23425/com.nubo.test7 E/nubo.NuboClientActivity: TW. pos: 1, pid: 436, NuboWndId: 214250573, packageName: android
2022-06-29 13:26:24.577 22277-23425/com.nubo.test7 E/nubo.NuboClientActivity: TW. pos: 2, pid: 436, NuboWndId: 74749104, packageName: android
2022-06-29 13:26:24.577 22277-23425/com.nubo.test7 E/nubo.NuboClientActivity: ------------------------------------
2022-06-29 13:26:24.577 22277-23425/com.nubo.test7 E/nubo.NuboClientActivity: mOrderedPanelWindows: 
2022-06-29 13:26:24.578 22277-23425/com.nubo.test7 E/nubo.NuboClientActivity: PW. pos: 0, pid: 436, NuboWndId: 125471986, packageName: android, type: 1
2022-06-29 13:26:24.578 22277-23425/com.nubo.test7 E/nubo.NuboClientActivity: PW. pos: 1, pid: 2923, NuboWndId: 99328626, packageName: com.nubo.blackscreenapp, type: 1
2022-06-29 13:26:24.578 22277-23425/com.nubo.test7 E/nubo.NuboClientActivity: PW. pos: 2, pid: 1321, NuboWndId: 168109549, packageName: com.android.launcher3, type: 1
2022-06-29 13:26:24.578 22277-23425/com.nubo.test7 E/nubo.NuboClientActivity: PW. pos: 3, pid: 1680, NuboWndId: 260804689, packageName: com.nubo.launcher.nubo, type: 1
2022-06-29 13:26:24.578 22277-23425/com.nubo.test7 E/nubo.NuboClientActivity: PW. pos: 4, pid: 4209, NuboWndId: 261853851, packageName: com.android.chrome, type: 1
2022-06-29 13:26:24.578 22277-23425/com.nubo.test7 E/nubo.NuboClientActivity: PW. pos: 5, pid: 436, NuboWndId: 214250573, packageName: android, type: 2
2022-06-29 13:26:24.578 22277-23425/com.nubo.test7 E/nubo.NuboClientActivity: PW. pos: 6, pid: 436, NuboWndId: 74749104, packageName: android, type: 1
2022-06-29 13:26:24.578 22277-23425/com.nubo.test7 E/nubo.NuboClientActivity: ------------------------------------
2022-06-29 13:26:24.579 22277-23425/com.nubo.test7 E/nubo.Debugger: Push window. wndId=76214648, processId: 1680
2022-06-29 13:26:24.579 22277-23425/com.nubo.test7 E/nubo.NuboClientActivity: ShowWindow. layout visible. processId=1680, wndId=76214648, stackSize=1, packageName: com.nubo.launcher.nubo, nuboWndId: 260804689
2022-06-29 13:26:24.592 22277-22277/com.nubo.test7 E/nubo.NuboClientActivity: mLayoutVisible PanelDialog: com.nubo.windows.PanelDialog@2c38927, mReqTop: false, NuboWndId: 260804689
2022-06-29 13:26:24.607 22277-23425/com.nubo.test7 E/nubo.Debugger: Push window. wndId=55033719, processId: 436
2022-06-29 13:26:24.608 22277-23425/com.nubo.test7 E/nubo.NuboClientActivity: ShowWindow. layout visible. processId=436, wndId=55033719, stackSize=3, packageName: android, nuboWndId: 214250573
2022-06-29 13:26:24.608 22277-23425/com.nubo.test7 E/nubo.NuboClientActivity: ShowWindow. window is from android and not activity. Do not show it!
2022-06-29 13:26:24.625 22277-23425/com.nubo.test7 E/nubo.Debugger: Push window. wndId=55033719, processId: 436
2022-06-29 13:26:24.625 22277-23425/com.nubo.test7 E/nubo.NuboClientActivity: ShowWindow. layout visible. processId=436, wndId=55033719, stackSize=3, packageName: android, nuboWndId: 214250573
2022-06-29 13:26:24.625 22277-23425/com.nubo.test7 E/nubo.NuboClientActivity: ShowWindow. window is from android and not activity. Do not show it!
2022-06-29 13:26:24.639 22277-23425/com.nubo.test7 E/nubo.Debugger: Push window. wndId=55033719, processId: 436
2022-06-29 13:26:24.640 22277-23425/com.nubo.test7 E/nubo.NuboClientActivity: ShowWindow. layout visible. processId=436, wndId=55033719, stackSize=3, packageName: android, nuboWndId: 214250573
2022-06-29 13:26:24.640 22277-23425/com.nubo.test7 E/nubo.NuboClientActivity: ShowWindow. window is from android and not activity. Do not show it!
2022-06-29 13:26:24.701 22277-23425/com.nubo.test7 E/NuboOpenGLUtils: No GL threads found for process: 4299
2022-06-29 13:26:25.126 22277-23425/com.nubo.test7 E/NuboOpenGLUtils: No GL threads found for process: 4382
2022-06-29 13:26:25.875 22277-23425/com.nubo.test7 E/NuboOpenGLUtils: No GL threads found for process: 4430
2022-06-29 13:26:26.082 22277-23425/com.nubo.test7 E/NuboOpenGLUtils: No GL threads found for process: 4463
2022-06-29 13:26:26.312 22277-23425/com.nubo.test7 E/NuboOpenGLUtils: No GL threads found for process: 4498
2022-06-29 13:26:26.691 22277-23425/com.nubo.test7 E/NuboOpenGLUtils: No GL threads found for process: 4528
2022-06-29 13:26:26.859 22277-23425/com.nubo.test7 E/nubo.WindowsStack: WindowsStack::popStackNode. topWindow does not match nuboWndId=214250573, task: 12
2022-06-29 13:26:26.860 22277-23425/com.nubo.test7 E/nubo.WindowsStack: WindowsStack::popStackNode. removed window was found at position pos=1, nuboWndId=214250573
2022-06-29 13:26:26.861 22277-23425/com.nubo.test7 E/nubo.NuboClientActivity: removeWindowFromStackNoUpdateToStackManager. mWndToDraw change: com.nubo.windows.PanelDialog@64bf3f4
2022-06-29 13:26:26.861 22277-23425/com.nubo.test7 E/nubo.NuboClientActivity: ------------------------------------
2022-06-29 13:26:26.861 22277-23425/com.nubo.test7 E/nubo.NuboClientActivity: mWindowsStackManager: 
2022-06-29 13:26:26.862 22277-23425/com.nubo.test7 E/nubo.NuboClientActivity: WS. process: 1321, packageName: com.android.launcher3
2022-06-29 13:26:26.862 22277-23425/com.nubo.test7 E/nubo.NuboClientActivity: WS. pos: 0, pid: 1321, NuboWndId: 168109549
2022-06-29 13:26:26.862 22277-23425/com.nubo.test7 E/nubo.NuboClientActivity: WS. process: 436, packageName: android
2022-06-29 13:26:26.863 22277-23425/com.nubo.test7 E/nubo.NuboClientActivity: WS. pos: 0, pid: 436, NuboWndId: 125471986
2022-06-29 13:26:26.863 22277-23425/com.nubo.test7 E/nubo.NuboClientActivity: WS. pos: 1, pid: 436, NuboWndId: 74749104
2022-06-29 13:26:26.863 22277-23425/com.nubo.test7 E/nubo.NuboClientActivity: WS. process: 1680, packageName: com.nubo.launcher.nubo
2022-06-29 13:26:26.864 22277-23425/com.nubo.test7 E/nubo.NuboClientActivity: WS. pos: 0, pid: 1680, NuboWndId: 260804689
2022-06-29 13:26:26.864 22277-23425/com.nubo.test7 E/nubo.NuboClientActivity: WS. process: 2923, packageName: com.nubo.blackscreenapp
2022-06-29 13:26:26.864 22277-23425/com.nubo.test7 E/nubo.NuboClientActivity: WS. pos: 0, pid: 2923, NuboWndId: 99328626
2022-06-29 13:26:26.864 22277-23425/com.nubo.test7 E/nubo.NuboClientActivity: WS. process: 4209, packageName: com.android.chrome
2022-06-29 13:26:26.865 22277-23425/com.nubo.test7 E/nubo.NuboClientActivity: WS. pos: 0, pid: 4209, NuboWndId: 261853851
2022-06-29 13:26:26.865 22277-23425/com.nubo.test7 E/nubo.NuboClientActivity: ------------------------------------
2022-06-29 13:26:26.865 22277-23425/com.nubo.test7 E/nubo.NuboClientActivity: mTaskWindows: 
2022-06-29 13:26:26.866 22277-23425/com.nubo.test7 E/nubo.NuboClientActivity: mTaskWindows. taskId: 2
2022-06-29 13:26:26.866 22277-23425/com.nubo.test7 E/nubo.NuboClientActivity: TW. pos: 0, pid: 1680, NuboWndId: 260804689, packageName: com.nubo.launcher.nubo
2022-06-29 13:26:26.866 22277-23425/com.nubo.test7 E/nubo.NuboClientActivity: mTaskWindows. taskId: 3
2022-06-29 13:26:26.867 22277-23425/com.nubo.test7 E/nubo.NuboClientActivity: TW. pos: 0, pid: 436, NuboWndId: 125471986, packageName: android
2022-06-29 13:26:26.867 22277-23425/com.nubo.test7 E/nubo.NuboClientActivity: mTaskWindows. taskId: 5
2022-06-29 13:26:26.867 22277-23425/com.nubo.test7 E/nubo.NuboClientActivity: TW. pos: 0, pid: 1321, NuboWndId: 168109549, packageName: com.android.launcher3
2022-06-29 13:26:26.867 22277-23425/com.nubo.test7 E/nubo.NuboClientActivity: mTaskWindows. taskId: 9
2022-06-29 13:26:26.867 22277-23425/com.nubo.test7 E/nubo.NuboClientActivity: TW. pos: 0, pid: 2923, NuboWndId: 99328626, packageName: com.nubo.blackscreenapp
2022-06-29 13:26:26.867 22277-23425/com.nubo.test7 E/nubo.NuboClientActivity: mTaskWindows. taskId: 12
2022-06-29 13:26:26.868 22277-23425/com.nubo.test7 E/nubo.NuboClientActivity: TW. pos: 0, pid: 4209, NuboWndId: 261853851, packageName: com.android.chrome
2022-06-29 13:26:26.868 22277-23425/com.nubo.test7 E/nubo.NuboClientActivity: TW. pos: 1, pid: 436, NuboWndId: 74749104, packageName: android
2022-06-29 13:26:26.868 22277-23425/com.nubo.test7 E/nubo.NuboClientActivity: ------------------------------------
2022-06-29 13:26:26.868 22277-23425/com.nubo.test7 E/nubo.NuboClientActivity: mOrderedPanelWindows: 
2022-06-29 13:26:26.868 22277-23425/com.nubo.test7 E/nubo.NuboClientActivity: PW. pos: 0, pid: 436, NuboWndId: 125471986, packageName: android, type: 1
2022-06-29 13:26:26.868 22277-23425/com.nubo.test7 E/nubo.NuboClientActivity: PW. pos: 1, pid: 2923, NuboWndId: 99328626, packageName: com.nubo.blackscreenapp, type: 1
2022-06-29 13:26:26.868 22277-23425/com.nubo.test7 E/nubo.NuboClientActivity: PW. pos: 2, pid: 1321, NuboWndId: 168109549, packageName: com.android.launcher3, type: 1
2022-06-29 13:26:26.869 22277-23425/com.nubo.test7 E/nubo.NuboClientActivity: PW. pos: 3, pid: 1680, NuboWndId: 260804689, packageName: com.nubo.launcher.nubo, type: 1
2022-06-29 13:26:26.869 22277-23425/com.nubo.test7 E/nubo.NuboClientActivity: PW. pos: 4, pid: 4209, NuboWndId: 261853851, packageName: com.android.chrome, type: 1
2022-06-29 13:26:26.869 22277-23425/com.nubo.test7 E/nubo.NuboClientActivity: PW. pos: 5, pid: 436, NuboWndId: 74749104, packageName: android, type: 1
2022-06-29 13:26:26.869 22277-23425/com.nubo.test7 E/nubo.NuboClientActivity: ------------------------------------
2022-06-29 13:26:26.873 22277-22277/com.nubo.test7 E/nubo.NuboClientActivity: mAddMenuToWinm WndToDraw is PanelDialog. NuboWndId: 74749104
