--------- beginning of main
09-28 15:19:32.115 19450 19450 I com.nubo.test7: Late-enabling -Xcheck:jni
09-28 15:19:32.139 19450 19450 E USNET   : USNET: appName: com.nubo.test7
09-28 15:19:32.142 19450 19450 D ProcessState: Binder ioctl to enable oneway spam detection failed: Invalid argument
09-28 15:19:32.145 19450 19450 D ActivityThread: setConscryptValidator
09-28 15:19:32.145 19450 19450 D ActivityThread: setConscryptValidator - put
09-28 15:19:32.196 19450 19450 V studio.deploy: Startup agent attached to VM
09-28 15:19:32.197 19450 19450 V studio.deploy: No existing instrumentation found. Loading instrumentation from instruments-962d6e1a.jar
09-28 15:19:32.200 19450 19450 W com.nubo.test7: DexFile /data/data/com.nubo.test7/code_cache/.studio/instruments-962d6e1a.jar is in boot class path but is not in a known location
09-28 15:19:32.203 19450 19450 V studio.deploy: Applying transforms with cached classes
09-28 15:19:32.209 19450 19450 W com.nubo.test7: Redefining intrinsic method java.lang.Thread java.lang.Thread.currentThread(). This may cause the unexpected use of the original definition of java.lang.Thread java.lang.Thread.currentThread()in methods that have already been compiled.
09-28 15:19:32.209 19450 19450 W com.nubo.test7: Redefining intrinsic method boolean java.lang.Thread.interrupted(). This may cause the unexpected use of the original definition of boolean java.lang.Thread.interrupted()in methods that have already been compiled.
--------- beginning of system
09-28 15:19:32.211 19450 19450 D ActivityThread: handleBindApplication()++ app=com.nubo.test7
09-28 15:19:32.211 19450 19450 D CompatibilityChangeReporter: Compat change id reported: 171979766; UID 10536; state: DISABLED
09-28 15:19:32.343 19450 19450 V GraphicsEnvironment: ANGLE Developer option for 'com.nubo.test7' set to: 'default'
09-28 15:19:32.343 19450 19450 V GraphicsEnvironment: App is not on the allowlist for updatable production driver.
09-28 15:19:32.345 19450 19450 D LoadedApk: LoadedApk::makeApplication() appContext.mOpPackageName=com.nubo.test7 appContext.mBasePackageName=com.nubo.test7
09-28 15:19:32.345 19450 19450 D NetworkSecurityConfig: No Network Security Config specified, using platform default
09-28 15:19:32.352 19450 19450 D NetworkSecurityConfig: No Network Security Config specified, using platform default
09-28 15:19:32.358 19450 19450 W ComponentDiscovery: Class com.google.firebase.dynamicloading.DynamicLoadingRegistrar is not an found.
09-28 15:19:32.361 19450 19450 I FirebaseApp: Device unlocked: initializing all Firebase APIs for app [DEFAULT]
09-28 15:19:32.374 19450 19450 I FirebaseInitProvider: FirebaseApp initialization successful
09-28 15:19:32.378 19450 19450 D ActivityThread: handleBindApplication() --
09-28 15:19:32.383 19450 19484 D OpenGLRenderer: RenderThread::requireGlContext()
09-28 15:19:32.392 19450 19484 D OpenGLRenderer: RenderThread::setGrContext()
09-28 15:19:32.407 19450 19450 E MainActivity: Init ClientApp..
09-28 15:19:32.416 19450 19450 I nubo.ClientApp: Starting Nubo client version: 3.0.50 (410)
09-28 15:19:32.420 19450 19450 I nubo.ClientApp: Device: samsung, SM-G991B
09-28 15:19:32.420 19450 19450 I nubo.ClientApp: Android version: 12 - 31
09-28 15:19:32.420 19450 19450 I nubo.ClientApp: isTablet: false, isXlarge: false
09-28 15:19:32.422 19450 19450 D nubo.GlobalConnReceiver: Connection Changed To Wifi
09-28 15:19:32.430 19450 19450 I DecorView: [INFO] isPopOver=false, config=true
09-28 15:19:32.430 19450 19450 I DecorView: updateCaptionType >> DecorView@27433ff[], isFloating=false, isApplication=true, hasWindowControllerCallback=true, hasWindowDecorCaption=false
09-28 15:19:32.430 19450 19450 D DecorView: setCaptionType = 0, this = DecorView@27433ff[]
09-28 15:19:32.435 19450 19450 I DecorView: getCurrentDensityDpi: from real metrics. densityDpi=420 msg=resources_loaded
09-28 15:19:32.452 19450 19450 W com.nubo.test7: Accessing hidden method Landroid/view/View;->computeFitSystemWindows(Landroid/graphics/Rect;Landroid/graphics/Rect;)Z (unsupported, reflection, allowed)
09-28 15:19:32.452 19450 19450 W com.nubo.test7: Accessing hidden method Landroid/view/ViewGroup;->makeOptionalFitsSystemWindows()V (unsupported, reflection, allowed)
09-28 15:19:32.479 19450 19450 E WallpaperManager: generateBitmap. width: 1080, height: 2194
09-28 15:19:32.480 19450 19450 I nubo.NuboParams: Init NuboParams...
09-28 15:19:32.482 19450 19450 E nubo.Encryption: NuboSecureRandom: SHA1PRNG
09-28 15:19:32.494 19450 19450 I nubo.NuboParams: After init Encryption.
09-28 15:19:32.519 19450 19450 D nubo.NuboParams: Notification token: base64ZjdsRU9aUW9SQ214LXRYaERJOWpkQzpBUEE5MWJGbXdtcGgzWDVuTDZ1NnI5dG1GaVJqcUhsZWxkR3BBSU15N2djelVZbDRKVDFfMGRkaE5yOXpjLVB4WFlUNGRyX1h3cGZxd21GekVCR0M4Nl9NZjRVdG8tblQ5WXo5X1E5SXZZRTN1NlppVHlWRnFDcEw4NEJnMHJlMGxnY2VEVlVfdnhraA
09-28 15:19:32.535 19450 19450 D WallpaperManager: getScaledBitmap. scaleY: 1.7140625, scaleX: 0.52734375, b.getHeight(): 1280, b.getWidth(): 2048, size[1]: 2194, size[0]: 1080
09-28 15:19:32.581 19450 19450 D WallpaperManager: getScaledBitmap result: b.getHeight(): 2194, b.getWidth(): 3510
09-28 15:19:32.587 19450 19450 E MainActivity: getIntentParams. action: android.intent.action.MAIN, type: null
09-28 15:19:32.589 19450 19450 E MainActivity: onStart
09-28 15:19:32.592 19450 19450 E MainActivity: onResume
09-28 15:19:32.592 19450 19450 E nubo.ClientApp: Starting Nubo..
09-28 15:19:32.602 19450 19450 I MSHandlerLifeCycle: isMultiSplitHandlerRequested: ignored. pkg=com.nubo.test7 parent=null callers=com.android.internal.policy.DecorView.setVisibility:4295 android.app.ActivityThread.handleResumeActivity:5383 android.app.servertransaction.ResumeActivityItem.execute:54 android.app.servertransaction.ActivityTransactionItem.execute:45 android.app.servertransaction.TransactionExecutor.executeLifecycleState:176 
09-28 15:19:32.602 19450 19450 I MSHandlerLifeCycle: removeMultiSplitHandler: no exist. decor=DecorView@27433ff[]
09-28 15:19:32.614 19450 19450 I ViewRootImpl@ca7feae[MainActivity]: setView = com.android.internal.policy.DecorView@27433ff TM=true
09-28 15:19:32.615 19450 19450 I MSHandlerLifeCycle: isMultiSplitHandlerRequested: windowingMode=1 isFullscreen=true isPopOver=false isHidden=false skipActivityType=false isHandlerType=true this: DecorView@27433ff[MainActivity]
09-28 15:19:32.615 19450 19450 I MSHandlerLifeCycle: removeMultiSplitHandler: no exist. decor=DecorView@27433ff[MainActivity]
09-28 15:19:32.617 19450 19450 D nubo.GlobalConnReceiver: Connection Changed To Wifi
09-28 15:19:32.638 19450 19450 I ViewRootImpl@ca7feae[MainActivity]: Relayout returned: old=(0,0,1080,2400) new=(0,0,1080,2400) req=(1080,2400)0 dur=2 res=0x1 s={false 0} ch=false fn=-1
09-28 15:19:32.640 19450 19450 E ViewRootImpl@ca7feae[MainActivity]: Surface is not valid.
09-28 15:19:32.643 19450 19450 E nubo.WelcomeScreen: Configuration fontScale: 1.00, densityDpi: 420, smallestScreenWidthDp: 411
09-28 15:19:32.644 19450 19450 E nubo.WelcomeScreen: DisplayMetrics scaledDensity: 2.63, density: 2.63
09-28 15:19:32.664 19450 19450 I DecorView: [INFO] isPopOver=false, config=true
09-28 15:19:32.664 19450 19450 I DecorView: updateCaptionType >> DecorView@54ed55[], isFloating=false, isApplication=true, hasWindowControllerCallback=true, hasWindowDecorCaption=false
09-28 15:19:32.664 19450 19450 D DecorView: setCaptionType = 0, this = DecorView@54ed55[]
09-28 15:19:32.665 19450 19450 I DecorView: getCurrentDensityDpi: from real metrics. densityDpi=420 msg=resources_loaded
09-28 15:19:32.675 19450 19450 E MainActivity: onNuboStart
09-28 15:19:32.675 19450 19450 E nubo.WelcomeScreen: WelcomeScreen OnResume screen
09-28 15:19:32.678 19450 19450 I MSHandlerLifeCycle: isMultiSplitHandlerRequested: ignored. pkg=com.nubo.test7 parent=null callers=com.android.internal.policy.DecorView.setVisibility:4295 android.app.ActivityThread.handleResumeActivity:5383 android.app.servertransaction.ResumeActivityItem.execute:54 android.app.servertransaction.ActivityTransactionItem.execute:45 android.app.servertransaction.TransactionExecutor.executeLifecycleState:176 
09-28 15:19:32.678 19450 19450 I MSHandlerLifeCycle: removeMultiSplitHandler: no exist. decor=DecorView@54ed55[]
09-28 15:19:32.679 19450 19450 D InsetsSourceConsumer: setRequestedVisible: visible=false, type=20, host=com.nubo.test7/com.nubo.login.WelcomeScreen, from=android.view.InsetsSourceConsumer.hide:253 android.view.InsetsController.collectSourceControls:1215 android.view.InsetsController.controlAnimationUnchecked:1077 android.view.InsetsController.applyAnimation:1456 android.view.InsetsController.applyAnimation:1437 android.view.InsetsController.hide:1006 android.view.InsetsController.hide:981 android.view.ViewRootImpl.controlInsetsForCompatibility:3147 android.view.ViewRootImpl.setView:1560 android.view.WindowManagerGlobal.addView:509 
09-28 15:19:32.680 19450 19450 D InsetsSourceConsumer: setRequestedVisible: visible=false, type=0, host=com.nubo.test7/com.nubo.login.WelcomeScreen, from=android.view.InsetsSourceConsumer.hide:253 android.view.InsetsController.collectSourceControls:1215 android.view.InsetsController.controlAnimationUnchecked:1077 android.view.InsetsController.applyAnimation:1456 android.view.InsetsController.applyAnimation:1437 android.view.InsetsController.hide:1006 android.view.InsetsController.hide:981 android.view.ViewRootImpl.controlInsetsForCompatibility:3147 android.view.ViewRootImpl.setView:1560 android.view.WindowManagerGlobal.addView:509 
09-28 15:19:32.683 19450 19450 I ViewRootImpl@1fc6c0e[WelcomeScreen]: setView = com.android.internal.policy.DecorView@54ed55 TM=true
09-28 15:19:32.683 19450 19450 I MSHandlerLifeCycle: isMultiSplitHandlerRequested: windowingMode=1 isFullscreen=true isPopOver=false isHidden=false skipActivityType=false isHandlerType=true this: DecorView@54ed55[WelcomeScreen]
09-28 15:19:32.684 19450 19450 I MSHandlerLifeCycle: removeMultiSplitHandler: no exist. decor=DecorView@54ed55[WelcomeScreen]
09-28 15:19:32.684 19450 19450 I ViewRootImpl@ca7feae[MainActivity]: handleAppVisibility mAppVisible=true visible=false
09-28 15:19:32.692 19450 19450 I ViewRootImpl@ca7feae[MainActivity]: stopped(true) old=false
09-28 15:19:32.694 19450 19450 I MSHandlerLifeCycle: isMultiSplitHandlerRequested: windowingMode=1 isFullscreen=true isPopOver=false isHidden=false skipActivityType=false isHandlerType=true this: DecorView@27433ff[MainActivity]
09-28 15:19:32.694 19450 19450 I MSHandlerLifeCycle: removeMultiSplitHandler: no exist. decor=DecorView@27433ff[MainActivity]
09-28 15:19:32.695 19450 19450 I nubo.WelcomeScreen: onAttachedToWindow. cutOut.getSafeInsetTop: 80
09-28 15:19:32.711 19450 19450 I ViewRootImpl@1fc6c0e[WelcomeScreen]: Relayout returned: old=(0,0,1080,2400) new=(0,80,1080,2400) req=(1080,2400)0 dur=7 res=0x7 s={true -5476376609221764912} ch=true fn=-1
09-28 15:19:32.713 19450 19484 D hw-ProcessState: Binder ioctl to enable oneway spam detection failed: Invalid argument
09-28 15:19:32.713 19450 19484 D OpenGLRenderer: eglCreateWindowSurface
09-28 15:19:32.714 19450 19450 I ViewRootImpl@1fc6c0e[WelcomeScreen]: [DP] dp(1) 1 android.view.ViewRootImpl.reportNextDraw:11442 android.view.ViewRootImpl.performTraversals:4198 android.view.ViewRootImpl.doTraversal:2924 
09-28 15:19:32.715 19450 19450 D ViewRootImpl@1fc6c0e[WelcomeScreen]: Creating frameDrawingCallback nextDrawUseBlastSync=false reportNextDraw=true hasBlurUpdates=false
09-28 15:19:32.715 19450 19450 D ViewRootImpl@1fc6c0e[WelcomeScreen]: Creating frameCompleteCallback
09-28 15:19:32.719 19450 19504 D ViewRootImpl@1fc6c0e[WelcomeScreen]: Received frameDrawingCallback frameNum=1. Creating transactionCompleteCallback=false
09-28 15:19:32.728 19450 19484 D ViewRootImpl@1fc6c0e[WelcomeScreen]: Received frameCompleteCallback  lastAcquiredFrameNum=1 lastAttemptedDrawFrameNum=1
09-28 15:19:32.730 19450 19484 D OpenGLRenderer: setSurface called with nullptr
09-28 15:19:32.733 19450 19450 I ViewRootImpl@ca7feae[MainActivity]: Relayout returned: old=(0,0,1080,2400) new=(0,0,1080,2400) req=(1080,2400)8 dur=1 res=0x1 s={false 0} ch=false fn=-1
09-28 15:19:32.733 19450 19450 I ViewRootImpl@1fc6c0e[WelcomeScreen]: [DP] pdf(0) 1 android.view.ViewRootImpl.lambda$addFrameCompleteCallbackIfNeeded$3$ViewRootImpl:5000 android.view.ViewRootImpl$$ExternalSyntheticLambda16.run:6 android.os.Handler.handleCallback:938 
09-28 15:19:32.733 19450 19450 I ViewRootImpl@1fc6c0e[WelcomeScreen]: [DP] rdf()
09-28 15:19:32.733 19450 19450 D ViewRootImpl@1fc6c0e[WelcomeScreen]: reportDrawFinished (fn: -1) 
09-28 15:19:32.734 19450 19450 D InsetsSourceConsumer: ensureControlAlpha: for ITYPE_NAVIGATION_BAR on com.nubo.test7/com.nubo.login.WelcomeScreen
09-28 15:19:32.738 19450 19450 I ViewRootImpl@1fc6c0e[WelcomeScreen]: MSG_WINDOW_FOCUS_CHANGED 1 1
09-28 15:19:32.741 19450 19450 D InputMethodManager: startInputInner - Id : 0
09-28 15:19:32.741 19450 19450 I InputMethodManager: startInputInner - mService.startInputOrWindowGainedFocus
09-28 15:19:32.745 19450 19450 D InputMethodManager: startInputInner - Id : 0
09-28 15:19:34.204 19450 19463 W System  : A resource failed to call close. 
09-28 15:19:34.686 19450 19450 I nubo.LoginController: sendValidate
09-28 15:19:34.773 19450 19450 I nubovideosink.main: main.c OnLoad() load methods
09-28 15:19:35.000 19450 19524 I nubo.Debugger: SSL Cipher Suite: TLS_ECDHE_RSA_WITH_AES_128_GCM_SHA256
09-28 15:19:35.011 19450 19450 E nubo.LoginController: platformVersionCode: 400
09-28 15:19:35.013 19450 19450 D nubo.ClientApp: setPlatformVersion: 400
09-28 15:19:35.014 19450 19450 E ParamValidatorUtil: ******* checkClientProperties unhandled key *********: wallpaperX
09-28 15:19:35.065 19450 19528 I nubo.Debugger: SSL Cipher Suite: TLS_ECDHE_RSA_WITH_AES_128_GCM_SHA256
09-28 15:19:35.071 19450 19450 E nubo.LoginController: authType: , getSecondFactorAuthType: none
09-28 15:19:35.138 19450 19450 I MSHandlerLifeCycle: removeMultiSplitHandler: no exist. decor=DecorView@27433ff[MainActivity]
09-28 15:19:35.139 19450 19484 D OpenGLRenderer: setSurface called with nullptr
09-28 15:19:35.139 19450 19450 I ViewRootImpl@ca7feae[MainActivity]: dispatchDetachedFromWindow
09-28 15:19:35.148 19450 19450 D InputTransport: Input channel destroyed: '5b9b67a', fd=90
09-28 15:19:35.159 19450 19450 I DecorView: [INFO] isPopOver=false, config=true
09-28 15:19:35.159 19450 19450 I DecorView: updateCaptionType >> DecorView@7f98f7e[], isFloating=false, isApplication=true, hasWindowControllerCallback=true, hasWindowDecorCaption=false
09-28 15:19:35.159 19450 19450 D DecorView: setCaptionType = 0, this = DecorView@7f98f7e[]
09-28 15:19:35.161 19450 19450 I DecorView: getCurrentDensityDpi: from real metrics. densityDpi=420 msg=resources_loaded
09-28 15:19:35.239 19450 19450 E WallpaperManager: generateBitmap. width: 1080, height: 2194
09-28 15:19:35.259 19450 19450 D WallpaperManager: getScaledBitmap. scaleY: 1.7140625, scaleX: 0.52734375, b.getHeight(): 1280, b.getWidth(): 2048, size[1]: 2194, size[0]: 1080
09-28 15:19:35.305 19450 19450 D WallpaperManager: getScaledBitmap result: b.getHeight(): 2194, b.getWidth(): 3510
09-28 15:19:35.321 19450 19450 I MSHandlerLifeCycle: isMultiSplitHandlerRequested: ignored. pkg=com.nubo.test7 parent=null callers=com.android.internal.policy.DecorView.setVisibility:4295 android.app.ActivityThread.handleResumeActivity:5383 android.app.servertransaction.ResumeActivityItem.execute:54 android.app.servertransaction.ActivityTransactionItem.execute:45 android.app.servertransaction.TransactionExecutor.executeLifecycleState:176 
09-28 15:19:35.321 19450 19450 I MSHandlerLifeCycle: removeMultiSplitHandler: no exist. decor=DecorView@7f98f7e[]
09-28 15:19:35.327 19450 19450 I ViewRootImpl@e0a30c2[EnterPasscode]: setView = com.android.internal.policy.DecorView@7f98f7e TM=true
09-28 15:19:35.327 19450 19450 I MSHandlerLifeCycle: isMultiSplitHandlerRequested: windowingMode=1 isFullscreen=true isPopOver=false isHidden=false skipActivityType=false isHandlerType=true this: DecorView@7f98f7e[EnterPasscode]
09-28 15:19:35.327 19450 19450 I MSHandlerLifeCycle: removeMultiSplitHandler: no exist. decor=DecorView@7f98f7e[EnterPasscode]
09-28 15:19:35.327 19450 19450 I ViewRootImpl@1fc6c0e[WelcomeScreen]: MSG_WINDOW_FOCUS_CHANGED 0 1
09-28 15:19:35.350 19450 19450 I ViewRootImpl@e0a30c2[EnterPasscode]: Relayout returned: old=(0,0,1080,2400) new=(0,0,1080,2400) req=(1080,2400)0 dur=7 res=0x7 s={true -5476376609221520752} ch=true fn=-1
09-28 15:19:35.351 19450 19484 D OpenGLRenderer: eglCreateWindowSurface
09-28 15:19:35.358 19450 19450 I ViewRootImpl@e0a30c2[EnterPasscode]: [DP] dp(1) 1 android.view.ViewRootImpl.reportNextDraw:11442 android.view.ViewRootImpl.performTraversals:4198 android.view.ViewRootImpl.doTraversal:2924 
09-28 15:19:35.359 19450 19450 D ViewRootImpl@e0a30c2[EnterPasscode]: Creating frameDrawingCallback nextDrawUseBlastSync=false reportNextDraw=true hasBlurUpdates=false
09-28 15:19:35.359 19450 19450 D ViewRootImpl@e0a30c2[EnterPasscode]: Creating frameCompleteCallback
09-28 15:19:35.368 19450 19505 D ViewRootImpl@e0a30c2[EnterPasscode]: Received frameDrawingCallback frameNum=1. Creating transactionCompleteCallback=false
09-28 15:19:35.378 19450 19484 D ViewRootImpl@e0a30c2[EnterPasscode]: Received frameCompleteCallback  lastAcquiredFrameNum=1 lastAttemptedDrawFrameNum=1
09-28 15:19:35.380 19450 19450 I ViewRootImpl@e0a30c2[EnterPasscode]: [DP] pdf(0) 1 android.view.ViewRootImpl.lambda$addFrameCompleteCallbackIfNeeded$3$ViewRootImpl:5000 android.view.ViewRootImpl$$ExternalSyntheticLambda16.run:6 android.os.Handler.handleCallback:938 
09-28 15:19:35.380 19450 19450 I ViewRootImpl@e0a30c2[EnterPasscode]: [DP] rdf()
09-28 15:19:35.380 19450 19450 D ViewRootImpl@e0a30c2[EnterPasscode]: reportDrawFinished (fn: -1) 
09-28 15:19:35.380 19450 19450 D InsetsSourceConsumer: ensureControlAlpha: for ITYPE_NAVIGATION_BAR on com.nubo.test7/com.nubo.login.EnterPasscode
09-28 15:19:35.381 19450 19450 D InsetsSourceConsumer: ensureControlAlpha: for ITYPE_STATUS_BAR on com.nubo.test7/com.nubo.login.EnterPasscode
09-28 15:19:35.384 19450 19450 I ViewRootImpl@e0a30c2[EnterPasscode]: MSG_WINDOW_FOCUS_CHANGED 1 1
09-28 15:19:35.385 19450 19450 D InputMethodManager: startInputInner - Id : 0
09-28 15:19:35.385 19450 19450 I InputMethodManager: startInputInner - mService.startInputOrWindowGainedFocus
09-28 15:19:35.560 19450 19450 I ViewRootImpl@1fc6c0e[WelcomeScreen]: handleAppVisibility mAppVisible=true visible=false
09-28 15:19:35.568 19450 19484 D OpenGLRenderer: setSurface called with nullptr
09-28 15:19:35.568 19450 19484 D OpenGLRenderer: setSurface() destroyed EGLSurface
09-28 15:19:35.568 19450 19484 D OpenGLRenderer: destroyEglSurface
09-28 15:19:35.580 19450 19450 I ViewRootImpl@1fc6c0e[WelcomeScreen]: Relayout returned: old=(0,80,1080,2400) new=(0,80,1080,2400) req=(1080,2320)8 dur=10 res=0x5 s={false 0} ch=true fn=2
09-28 15:19:35.581 19450 19450 I ViewRootImpl@1fc6c0e[WelcomeScreen]: stopped(true) old=false
09-28 15:19:35.582 19450 19450 I MSHandlerLifeCycle: isMultiSplitHandlerRequested: windowingMode=1 isFullscreen=true isPopOver=false isHidden=false skipActivityType=false isHandlerType=true this: DecorView@54ed55[WelcomeScreen]
09-28 15:19:35.582 19450 19450 I MSHandlerLifeCycle: removeMultiSplitHandler: no exist. decor=DecorView@54ed55[WelcomeScreen]
09-28 15:19:35.582 19450 19450 I MSHandlerLifeCycle: removeMultiSplitHandler: no exist. decor=DecorView@54ed55[WelcomeScreen]
09-28 15:19:35.583 19450 19484 D OpenGLRenderer: setSurface called with nullptr
09-28 15:19:35.583 19450 19450 I ViewRootImpl@1fc6c0e[WelcomeScreen]: dispatchDetachedFromWindow
09-28 15:19:35.586 19450 19450 D InputTransport: Input channel destroyed: 'e11d659', fd=95
09-28 15:19:37.274 19450 19450 I ViewRootImpl@e0a30c2[EnterPasscode]: ViewPostIme pointer 0
09-28 15:19:37.274 19450 19450 I MSHandlerLifeCycle: isMultiSplitHandlerRequested: windowingMode=1 isFullscreen=true isPopOver=false isHidden=false skipActivityType=false isHandlerType=true this: DecorView@7f98f7e[EnterPasscode]
09-28 15:19:37.296 19450 19450 I MSHandlerLifeCycle: isMultiSplitHandlerRequested: windowingMode=1 isFullscreen=true isPopOver=false isHidden=false skipActivityType=false isHandlerType=true this: DecorView@7f98f7e[EnterPasscode]
09-28 15:19:37.308 19450 19450 I MSHandlerLifeCycle: isMultiSplitHandlerRequested: windowingMode=1 isFullscreen=true isPopOver=false isHidden=false skipActivityType=false isHandlerType=true this: DecorView@7f98f7e[EnterPasscode]
09-28 15:19:37.316 19450 19450 I MSHandlerLifeCycle: isMultiSplitHandlerRequested: windowingMode=1 isFullscreen=true isPopOver=false isHidden=false skipActivityType=false isHandlerType=true this: DecorView@7f98f7e[EnterPasscode]
09-28 15:19:37.325 19450 19450 I MSHandlerLifeCycle: isMultiSplitHandlerRequested: windowingMode=1 isFullscreen=true isPopOver=false isHidden=false skipActivityType=false isHandlerType=true this: DecorView@7f98f7e[EnterPasscode]
09-28 15:19:37.334 19450 19450 I MSHandlerLifeCycle: isMultiSplitHandlerRequested: windowingMode=1 isFullscreen=true isPopOver=false isHidden=false skipActivityType=false isHandlerType=true this: DecorView@7f98f7e[EnterPasscode]
09-28 15:19:37.338 19450 19450 I MSHandlerLifeCycle: isMultiSplitHandlerRequested: windowingMode=1 isFullscreen=true isPopOver=false isHidden=false skipActivityType=false isHandlerType=true this: DecorView@7f98f7e[EnterPasscode]
09-28 15:19:37.338 19450 19450 I ViewRootImpl@e0a30c2[EnterPasscode]: ViewPostIme pointer 1
09-28 15:19:37.338 19450 19450 I MSHandlerLifeCycle: isMultiSplitHandlerRequested: windowingMode=1 isFullscreen=true isPopOver=false isHidden=false skipActivityType=false isHandlerType=true this: DecorView@7f98f7e[EnterPasscode]
09-28 15:19:37.373 19450 19450 D CompatibilityChangeReporter: Compat change id reported: 163400105; UID 10536; state: DISABLED
09-28 15:19:37.379 19450 19450 I AssistStructure: Flattened final assist data: 3912 bytes, containing 1 windows, 26 views
09-28 15:19:37.463 19450 19450 I ViewRootImpl@e0a30c2[EnterPasscode]: ViewPostIme pointer 0
09-28 15:19:37.463 19450 19450 I MSHandlerLifeCycle: isMultiSplitHandlerRequested: windowingMode=1 isFullscreen=true isPopOver=false isHidden=false skipActivityType=false isHandlerType=true this: DecorView@7f98f7e[EnterPasscode]
09-28 15:19:37.493 19450 19450 I MSHandlerLifeCycle: isMultiSplitHandlerRequested: windowingMode=1 isFullscreen=true isPopOver=false isHidden=false skipActivityType=false isHandlerType=true this: DecorView@7f98f7e[EnterPasscode]
09-28 15:19:37.501 19450 19450 I MSHandlerLifeCycle: isMultiSplitHandlerRequested: windowingMode=1 isFullscreen=true isPopOver=false isHidden=false skipActivityType=false isHandlerType=true this: DecorView@7f98f7e[EnterPasscode]
09-28 15:19:37.510 19450 19450 I MSHandlerLifeCycle: isMultiSplitHandlerRequested: windowingMode=1 isFullscreen=true isPopOver=false isHidden=false skipActivityType=false isHandlerType=true this: DecorView@7f98f7e[EnterPasscode]
09-28 15:19:37.518 19450 19450 I MSHandlerLifeCycle: isMultiSplitHandlerRequested: windowingMode=1 isFullscreen=true isPopOver=false isHidden=false skipActivityType=false isHandlerType=true this: DecorView@7f98f7e[EnterPasscode]
09-28 15:19:37.526 19450 19450 I MSHandlerLifeCycle: isMultiSplitHandlerRequested: windowingMode=1 isFullscreen=true isPopOver=false isHidden=false skipActivityType=false isHandlerType=true this: DecorView@7f98f7e[EnterPasscode]
09-28 15:19:37.535 19450 19450 I MSHandlerLifeCycle: isMultiSplitHandlerRequested: windowingMode=1 isFullscreen=true isPopOver=false isHidden=false skipActivityType=false isHandlerType=true this: DecorView@7f98f7e[EnterPasscode]
09-28 15:19:37.537 19450 19450 I MSHandlerLifeCycle: isMultiSplitHandlerRequested: windowingMode=1 isFullscreen=true isPopOver=false isHidden=false skipActivityType=false isHandlerType=true this: DecorView@7f98f7e[EnterPasscode]
09-28 15:19:37.538 19450 19450 I ViewRootImpl@e0a30c2[EnterPasscode]: ViewPostIme pointer 1
09-28 15:19:37.538 19450 19450 I MSHandlerLifeCycle: isMultiSplitHandlerRequested: windowingMode=1 isFullscreen=true isPopOver=false isHidden=false skipActivityType=false isHandlerType=true this: DecorView@7f98f7e[EnterPasscode]
09-28 15:19:37.655 19450 19450 I ViewRootImpl@e0a30c2[EnterPasscode]: ViewPostIme pointer 0
09-28 15:19:37.655 19450 19450 I MSHandlerLifeCycle: isMultiSplitHandlerRequested: windowingMode=1 isFullscreen=true isPopOver=false isHidden=false skipActivityType=false isHandlerType=true this: DecorView@7f98f7e[EnterPasscode]
09-28 15:19:37.677 19450 19450 I MSHandlerLifeCycle: isMultiSplitHandlerRequested: windowingMode=1 isFullscreen=true isPopOver=false isHidden=false skipActivityType=false isHandlerType=true this: DecorView@7f98f7e[EnterPasscode]
09-28 15:19:37.685 19450 19450 I MSHandlerLifeCycle: isMultiSplitHandlerRequested: windowingMode=1 isFullscreen=true isPopOver=false isHidden=false skipActivityType=false isHandlerType=true this: DecorView@7f98f7e[EnterPasscode]
09-28 15:19:37.693 19450 19450 I MSHandlerLifeCycle: isMultiSplitHandlerRequested: windowingMode=1 isFullscreen=true isPopOver=false isHidden=false skipActivityType=false isHandlerType=true this: DecorView@7f98f7e[EnterPasscode]
09-28 15:19:37.702 19450 19450 I MSHandlerLifeCycle: isMultiSplitHandlerRequested: windowingMode=1 isFullscreen=true isPopOver=false isHidden=false skipActivityType=false isHandlerType=true this: DecorView@7f98f7e[EnterPasscode]
09-28 15:19:37.710 19450 19450 I MSHandlerLifeCycle: isMultiSplitHandlerRequested: windowingMode=1 isFullscreen=true isPopOver=false isHidden=false skipActivityType=false isHandlerType=true this: DecorView@7f98f7e[EnterPasscode]
09-28 15:19:37.719 19450 19450 I MSHandlerLifeCycle: isMultiSplitHandlerRequested: windowingMode=1 isFullscreen=true isPopOver=false isHidden=false skipActivityType=false isHandlerType=true this: DecorView@7f98f7e[EnterPasscode]
09-28 15:19:37.727 19450 19450 I MSHandlerLifeCycle: isMultiSplitHandlerRequested: windowingMode=1 isFullscreen=true isPopOver=false isHidden=false skipActivityType=false isHandlerType=true this: DecorView@7f98f7e[EnterPasscode]
09-28 15:19:37.730 19450 19450 I MSHandlerLifeCycle: isMultiSplitHandlerRequested: windowingMode=1 isFullscreen=true isPopOver=false isHidden=false skipActivityType=false isHandlerType=true this: DecorView@7f98f7e[EnterPasscode]
09-28 15:19:37.730 19450 19450 I ViewRootImpl@e0a30c2[EnterPasscode]: ViewPostIme pointer 1
09-28 15:19:37.730 19450 19450 I MSHandlerLifeCycle: isMultiSplitHandlerRequested: windowingMode=1 isFullscreen=true isPopOver=false isHidden=false skipActivityType=false isHandlerType=true this: DecorView@7f98f7e[EnterPasscode]
09-28 15:19:37.839 19450 19450 I ViewRootImpl@e0a30c2[EnterPasscode]: ViewPostIme pointer 0
09-28 15:19:37.839 19450 19450 I MSHandlerLifeCycle: isMultiSplitHandlerRequested: windowingMode=1 isFullscreen=true isPopOver=false isHidden=false skipActivityType=false isHandlerType=true this: DecorView@7f98f7e[EnterPasscode]
09-28 15:19:37.861 19450 19450 I MSHandlerLifeCycle: isMultiSplitHandlerRequested: windowingMode=1 isFullscreen=true isPopOver=false isHidden=false skipActivityType=false isHandlerType=true this: DecorView@7f98f7e[EnterPasscode]
09-28 15:19:37.869 19450 19450 I MSHandlerLifeCycle: isMultiSplitHandlerRequested: windowingMode=1 isFullscreen=true isPopOver=false isHidden=false skipActivityType=false isHandlerType=true this: DecorView@7f98f7e[EnterPasscode]
09-28 15:19:37.878 19450 19450 I MSHandlerLifeCycle: isMultiSplitHandlerRequested: windowingMode=1 isFullscreen=true isPopOver=false isHidden=false skipActivityType=false isHandlerType=true this: DecorView@7f98f7e[EnterPasscode]
09-28 15:19:37.886 19450 19450 I MSHandlerLifeCycle: isMultiSplitHandlerRequested: windowingMode=1 isFullscreen=true isPopOver=false isHidden=false skipActivityType=false isHandlerType=true this: DecorView@7f98f7e[EnterPasscode]
09-28 15:19:37.894 19450 19450 I MSHandlerLifeCycle: isMultiSplitHandlerRequested: windowingMode=1 isFullscreen=true isPopOver=false isHidden=false skipActivityType=false isHandlerType=true this: DecorView@7f98f7e[EnterPasscode]
09-28 15:19:37.903 19450 19450 I MSHandlerLifeCycle: isMultiSplitHandlerRequested: windowingMode=1 isFullscreen=true isPopOver=false isHidden=false skipActivityType=false isHandlerType=true this: DecorView@7f98f7e[EnterPasscode]
09-28 15:19:37.911 19450 19450 I MSHandlerLifeCycle: isMultiSplitHandlerRequested: windowingMode=1 isFullscreen=true isPopOver=false isHidden=false skipActivityType=false isHandlerType=true this: DecorView@7f98f7e[EnterPasscode]
09-28 15:19:37.914 19450 19450 I MSHandlerLifeCycle: isMultiSplitHandlerRequested: windowingMode=1 isFullscreen=true isPopOver=false isHidden=false skipActivityType=false isHandlerType=true this: DecorView@7f98f7e[EnterPasscode]
09-28 15:19:37.914 19450 19450 I ViewRootImpl@e0a30c2[EnterPasscode]: ViewPostIme pointer 1
09-28 15:19:37.914 19450 19450 I MSHandlerLifeCycle: isMultiSplitHandlerRequested: windowingMode=1 isFullscreen=true isPopOver=false isHidden=false skipActivityType=false isHandlerType=true this: DecorView@7f98f7e[EnterPasscode]
09-28 15:19:38.007 19450 19450 I ViewRootImpl@e0a30c2[EnterPasscode]: ViewPostIme pointer 0
09-28 15:19:38.007 19450 19450 I MSHandlerLifeCycle: isMultiSplitHandlerRequested: windowingMode=1 isFullscreen=true isPopOver=false isHidden=false skipActivityType=false isHandlerType=true this: DecorView@7f98f7e[EnterPasscode]
09-28 15:19:38.028 19450 19450 I MSHandlerLifeCycle: isMultiSplitHandlerRequested: windowingMode=1 isFullscreen=true isPopOver=false isHidden=false skipActivityType=false isHandlerType=true this: DecorView@7f98f7e[EnterPasscode]
09-28 15:19:38.037 19450 19450 I MSHandlerLifeCycle: isMultiSplitHandlerRequested: windowingMode=1 isFullscreen=true isPopOver=false isHidden=false skipActivityType=false isHandlerType=true this: DecorView@7f98f7e[EnterPasscode]
09-28 15:19:38.045 19450 19450 I MSHandlerLifeCycle: isMultiSplitHandlerRequested: windowingMode=1 isFullscreen=true isPopOver=false isHidden=false skipActivityType=false isHandlerType=true this: DecorView@7f98f7e[EnterPasscode]
09-28 15:19:38.053 19450 19450 I MSHandlerLifeCycle: isMultiSplitHandlerRequested: windowingMode=1 isFullscreen=true isPopOver=false isHidden=false skipActivityType=false isHandlerType=true this: DecorView@7f98f7e[EnterPasscode]
09-28 15:19:38.062 19450 19450 I MSHandlerLifeCycle: isMultiSplitHandlerRequested: windowingMode=1 isFullscreen=true isPopOver=false isHidden=false skipActivityType=false isHandlerType=true this: DecorView@7f98f7e[EnterPasscode]
09-28 15:19:38.070 19450 19450 I MSHandlerLifeCycle: isMultiSplitHandlerRequested: windowingMode=1 isFullscreen=true isPopOver=false isHidden=false skipActivityType=false isHandlerType=true this: DecorView@7f98f7e[EnterPasscode]
09-28 15:19:38.079 19450 19450 I MSHandlerLifeCycle: isMultiSplitHandlerRequested: windowingMode=1 isFullscreen=true isPopOver=false isHidden=false skipActivityType=false isHandlerType=true this: DecorView@7f98f7e[EnterPasscode]
09-28 15:19:38.087 19450 19450 I MSHandlerLifeCycle: isMultiSplitHandlerRequested: windowingMode=1 isFullscreen=true isPopOver=false isHidden=false skipActivityType=false isHandlerType=true this: DecorView@7f98f7e[EnterPasscode]
09-28 15:19:38.089 19450 19450 I MSHandlerLifeCycle: isMultiSplitHandlerRequested: windowingMode=1 isFullscreen=true isPopOver=false isHidden=false skipActivityType=false isHandlerType=true this: DecorView@7f98f7e[EnterPasscode]
09-28 15:19:38.090 19450 19450 I ViewRootImpl@e0a30c2[EnterPasscode]: ViewPostIme pointer 1
09-28 15:19:38.090 19450 19450 I MSHandlerLifeCycle: isMultiSplitHandlerRequested: windowingMode=1 isFullscreen=true isPopOver=false isHidden=false skipActivityType=false isHandlerType=true this: DecorView@7f98f7e[EnterPasscode]
09-28 15:19:38.191 19450 19450 I ViewRootImpl@e0a30c2[EnterPasscode]: ViewPostIme pointer 0
09-28 15:19:38.192 19450 19450 I MSHandlerLifeCycle: isMultiSplitHandlerRequested: windowingMode=1 isFullscreen=true isPopOver=false isHidden=false skipActivityType=false isHandlerType=true this: DecorView@7f98f7e[EnterPasscode]
09-28 15:19:38.213 19450 19450 I MSHandlerLifeCycle: isMultiSplitHandlerRequested: windowingMode=1 isFullscreen=true isPopOver=false isHidden=false skipActivityType=false isHandlerType=true this: DecorView@7f98f7e[EnterPasscode]
09-28 15:19:38.221 19450 19450 I MSHandlerLifeCycle: isMultiSplitHandlerRequested: windowingMode=1 isFullscreen=true isPopOver=false isHidden=false skipActivityType=false isHandlerType=true this: DecorView@7f98f7e[EnterPasscode]
09-28 15:19:38.229 19450 19450 I MSHandlerLifeCycle: isMultiSplitHandlerRequested: windowingMode=1 isFullscreen=true isPopOver=false isHidden=false skipActivityType=false isHandlerType=true this: DecorView@7f98f7e[EnterPasscode]
09-28 15:19:38.238 19450 19450 I MSHandlerLifeCycle: isMultiSplitHandlerRequested: windowingMode=1 isFullscreen=true isPopOver=false isHidden=false skipActivityType=false isHandlerType=true this: DecorView@7f98f7e[EnterPasscode]
09-28 15:19:38.246 19450 19450 I MSHandlerLifeCycle: isMultiSplitHandlerRequested: windowingMode=1 isFullscreen=true isPopOver=false isHidden=false skipActivityType=false isHandlerType=true this: DecorView@7f98f7e[EnterPasscode]
09-28 15:19:38.255 19450 19450 I MSHandlerLifeCycle: isMultiSplitHandlerRequested: windowingMode=1 isFullscreen=true isPopOver=false isHidden=false skipActivityType=false isHandlerType=true this: DecorView@7f98f7e[EnterPasscode]
09-28 15:19:38.258 19450 19450 I MSHandlerLifeCycle: isMultiSplitHandlerRequested: windowingMode=1 isFullscreen=true isPopOver=false isHidden=false skipActivityType=false isHandlerType=true this: DecorView@7f98f7e[EnterPasscode]
09-28 15:19:38.258 19450 19450 I ViewRootImpl@e0a30c2[EnterPasscode]: ViewPostIme pointer 1
09-28 15:19:38.258 19450 19450 I MSHandlerLifeCycle: isMultiSplitHandlerRequested: windowingMode=1 isFullscreen=true isPopOver=false isHidden=false skipActivityType=false isHandlerType=true this: DecorView@7f98f7e[EnterPasscode]
09-28 15:19:38.392 19450 19450 I ViewRootImpl@e0a30c2[EnterPasscode]: ViewPostIme pointer 0
09-28 15:19:38.393 19450 19450 I MSHandlerLifeCycle: isMultiSplitHandlerRequested: windowingMode=1 isFullscreen=true isPopOver=false isHidden=false skipActivityType=false isHandlerType=true this: DecorView@7f98f7e[EnterPasscode]
09-28 15:19:38.414 19450 19450 I MSHandlerLifeCycle: isMultiSplitHandlerRequested: windowingMode=1 isFullscreen=true isPopOver=false isHidden=false skipActivityType=false isHandlerType=true this: DecorView@7f98f7e[EnterPasscode]
09-28 15:19:38.422 19450 19450 I MSHandlerLifeCycle: isMultiSplitHandlerRequested: windowingMode=1 isFullscreen=true isPopOver=false isHidden=false skipActivityType=false isHandlerType=true this: DecorView@7f98f7e[EnterPasscode]
09-28 15:19:38.430 19450 19450 I MSHandlerLifeCycle: isMultiSplitHandlerRequested: windowingMode=1 isFullscreen=true isPopOver=false isHidden=false skipActivityType=false isHandlerType=true this: DecorView@7f98f7e[EnterPasscode]
09-28 15:19:38.442 19450 19450 I MSHandlerLifeCycle: isMultiSplitHandlerRequested: windowingMode=1 isFullscreen=true isPopOver=false isHidden=false skipActivityType=false isHandlerType=true this: DecorView@7f98f7e[EnterPasscode]
09-28 15:19:38.442 19450 19450 I ViewRootImpl@e0a30c2[EnterPasscode]: ViewPostIme pointer 1
09-28 15:19:38.442 19450 19450 I MSHandlerLifeCycle: isMultiSplitHandlerRequested: windowingMode=1 isFullscreen=true isPopOver=false isHidden=false skipActivityType=false isHandlerType=true this: DecorView@7f98f7e[EnterPasscode]
09-28 15:19:38.484 19450 19581 I nubo.Debugger: SSL Cipher Suite: TLS_ECDHE_RSA_WITH_AES_128_GCM_SHA256
09-28 15:19:38.548 19450 19450 D nubo.NuboClientActivity: onCreate
09-28 15:19:38.745 19450 19450 W GLib    : Failed to create a database from file: TLS support is not available
09-28 15:19:38.745 19450 19450 I GStreamer: GStreamer initialization complete
09-28 15:19:38.747 19450 19450 D nubo.CameraManager: populateDeviceCamerasInfo. numberOfCameras: 4
09-28 15:19:39.081 19450 19450 D nubo.CameraManager: populateDeviceCamerasInfo. mInitialized: true
09-28 15:19:39.085 19450 19450 I DecorView: [INFO] isPopOver=false, config=true
09-28 15:19:39.086 19450 19450 I DecorView: updateCaptionType >> DecorView@68f7a7e[], isFloating=false, isApplication=true, hasWindowControllerCallback=true, hasWindowDecorCaption=false
09-28 15:19:39.086 19450 19450 D DecorView: setCaptionType = 0, this = DecorView@68f7a7e[]
09-28 15:19:39.087 19450 19450 I DecorView: getCurrentDensityDpi: from real metrics. densityDpi=420 msg=resources_loaded
09-28 15:19:39.136 19450 19484 D OpenGLRenderer: setSurface called with nullptr
09-28 15:19:39.136 19450 19484 D OpenGLRenderer: setSurface called with nullptr
09-28 15:19:39.136 19450 19462 D InputTransport: Input channel destroyed: 'ClientS', fd=133
09-28 15:19:39.156 19450 19450 D CompatibilityChangeReporter: Compat change id reported: 171228096; UID 10536; state: ENABLED
09-28 15:19:39.163 19450 19450 I MSHandlerLifeCycle: isMultiSplitHandlerRequested: ignored. pkg=com.nubo.test7 parent=null callers=com.android.internal.policy.DecorView.setVisibility:4295 com.nubo.ui.UiUtils.setLightsOutMode:26 com.nubo.client.NuboClientActivity.onCreate:1204 android.app.Activity.performCreate:8290 android.app.Activity.performCreate:8270 
09-28 15:19:39.163 19450 19450 I MSHandlerLifeCycle: removeMultiSplitHandler: no exist. decor=DecorView@68f7a7e[]


09-28 15:19:39.163 19450 19450 D nubo.NuboClientActivity: getRealSizeNubo. size.x: 1080, size.y: 2194
09-28 15:19:39.170 19450 19450 E nubo.NuboParams: getScreenScale: normal
09-28 15:19:39.170 19450 19450 I nubo.NuboClientActivity: calcNavBarHeights. Android 10. Do not calc navbar!
09-28 15:19:39.170 19450 19450 I nubo.NuboClientActivity: mHasNavBar: false, mNavBarHeightPortrait: 0, mNavBarHeightLandscape: 0, mNavBarWidth: 0, portraitWidth: 1080, portraitHeight: 2194, landscapeWidth: 2194, landscapeHeight: 1080
09-28 15:19:39.171 19450 19450 I nubo.NuboClientActivity: After apply scale ratio. mHasNavBar: false, mNavBarHeightPortrait: 0, mNavBarHeightLandscape: 0, mNavBarWidth: 0, portraitWidth: 720, portraitHeight: 1462, landscapeWidth: 1462, landscapeHeight: 720


##############

09-28 15:19:39.176 19450 19450 D nubo.NuboClientActivity: onResume
09-28 15:19:39.190 19450 19450 I Dialog  : mIsDeviceDefault = false, mIsSamsungBasicInteraction = false, isMetaDataInActivity = false
09-28 15:19:39.194 19450 19450 I DecorView: [INFO] isPopOver=false, config=false
09-28 15:19:39.194 19450 19450 I DecorView: updateCaptionType >> DecorView@cb03e53[], isFloating=true, isApplication=true, hasWindowControllerCallback=false, hasWindowDecorCaption=false
09-28 15:19:39.194 19450 19450 D DecorView: setCaptionType = 0, this = DecorView@cb03e53[]
09-28 15:19:39.239 19450 19450 D nubo.MenuBarManager: add status bar to new parent view
09-28 15:19:39.239 19450 19450 E nubo.MenuBarManager: startStatusBar. Illegal rotation: -1
09-28 15:19:39.261 19450 19450 I ViewRootImpl@7977989[NuboClientActivity]: setView = com.android.internal.policy.DecorView@cb03e53 TM=true
09-28 15:19:39.262 19450 19450 E nubo.NuboClientActivity: onResume. autoStart
09-28 15:19:39.262 19450 19450 D nubo.Debugger: StartSession from onResume()
09-28 15:19:39.262 19450 19450 E nubo.NuboClientActivity: Start session needed, socketState: CLOSED
09-28 15:19:39.276 19450 19450 E nubo.NuboClientActivity: nuboClientVersion: 3.0.50, NuboVersionCode: 410
09-28 15:19:39.277 19450 19450 E nubo.NuboParams: getClientFrameRate: server
09-28 15:19:39.299 19450 19450 D SensorManager: registerListener :: 1, LSM6DSO Accelerometer, 200000, 0, 
09-28 15:19:39.318 19450 19712 I nubo.Debugger: SSL Cipher Suite: TLS_ECDHE_RSA_WITH_AES_128_GCM_SHA256
09-28 15:19:39.321 19450 19450 I MSHandlerLifeCycle: isMultiSplitHandlerRequested: ignored. pkg=com.nubo.test7 parent=null callers=com.android.internal.policy.DecorView.setVisibility:4295 android.app.ActivityThread.handleResumeActivity:5383 android.app.servertransaction.ResumeActivityItem.execute:54 android.app.servertransaction.ActivityTransactionItem.execute:45 android.app.servertransaction.TransactionExecutor.executeLifecycleState:176 
09-28 15:19:39.321 19450 19450 I MSHandlerLifeCycle: removeMultiSplitHandler: no exist. decor=DecorView@68f7a7e[]
09-28 15:19:39.324 19450 19450 D InsetsSourceConsumer: setRequestedVisible: visible=false, type=20, host=com.nubo.test7/com.nubo.client.NuboClientActivity, from=android.view.InsetsSourceConsumer.hide:253 android.view.InsetsController.collectSourceControls:1215 android.view.InsetsController.controlAnimationUnchecked:1077 android.view.InsetsController.applyAnimation:1456 android.view.InsetsController.applyAnimation:1437 android.view.InsetsController.hide:1006 android.view.InsetsController.hide:981 android.view.ViewRootImpl.controlInsetsForCompatibility:3147 android.view.ViewRootImpl.setView:1560 android.view.WindowManagerGlobal.addView:509 
09-28 15:19:39.324 19450 19450 D InsetsSourceConsumer: setRequestedVisible: visible=false, type=0, host=com.nubo.test7/com.nubo.client.NuboClientActivity, from=android.view.InsetsSourceConsumer.hide:253 android.view.InsetsController.collectSourceControls:1215 android.view.InsetsController.controlAnimationUnchecked:1077 android.view.InsetsController.applyAnimation:1456 android.view.InsetsController.applyAnimation:1437 android.view.InsetsController.hide:1006 android.view.InsetsController.hide:981 android.view.ViewRootImpl.controlInsetsForCompatibility:3147 android.view.ViewRootImpl.setView:1560 android.view.WindowManagerGlobal.addView:509 
09-28 15:19:39.328 19450 19450 I ViewRootImpl@a3809c0[NuboClientActivity]: setView = com.android.internal.policy.DecorView@68f7a7e TM=true
09-28 15:19:39.329 19450 19450 I MSHandlerLifeCycle: isMultiSplitHandlerRequested: windowingMode=1 isFullscreen=true isPopOver=false isHidden=false skipActivityType=false isHandlerType=true this: DecorView@68f7a7e[NuboClientActivity]
09-28 15:19:39.329 19450 19450 I MSHandlerLifeCycle: removeMultiSplitHandler: no exist. decor=DecorView@68f7a7e[NuboClientActivity]
09-28 15:19:39.329 19450 19450 I Choreographer: Skipped 94 frames!  The application may be doing too much work on its main thread.
09-28 15:19:39.339 19450 19450 D InsetsSourceConsumer: ensureControlAlpha: for ITYPE_NAVIGATION_BAR on com.nubo.test7/com.nubo.client.NuboClientActivity
09-28 15:19:39.339 19450 19450 D InsetsSourceConsumer: ensureControlAlpha: for ITYPE_STATUS_BAR on com.nubo.test7/com.nubo.client.NuboClientActivity
09-28 15:19:39.340 19450 19450 I ViewRootImpl@7977989[NuboClientActivity]: Relayout returned: old=(0,80,1080,2274) new=(212,1059,868,1295) req=(656,236)0 dur=4 res=0x7 s={true -5476376609221485872} ch=true fn=-1
09-28 15:19:39.341 19450 19484 D OpenGLRenderer: eglCreateWindowSurface
09-28 15:19:39.343 19450 19450 I ViewRootImpl@7977989[NuboClientActivity]: [DP] dp(1) 1 android.view.ViewRootImpl.reportNextDraw:11442 android.view.ViewRootImpl.performTraversals:4198 android.view.ViewRootImpl.doTraversal:2924 
09-28 15:19:39.343 19450 19450 D ViewRootImpl@7977989[NuboClientActivity]: Creating frameDrawingCallback nextDrawUseBlastSync=false reportNextDraw=true hasBlurUpdates=false
09-28 15:19:39.343 19450 19450 D ViewRootImpl@7977989[NuboClientActivity]: Creating frameCompleteCallback
09-28 15:19:39.345 19450 19504 D ViewRootImpl@7977989[NuboClientActivity]: Received frameDrawingCallback frameNum=1. Creating transactionCompleteCallback=false
09-28 15:19:39.349 19450 19484 D ViewRootImpl@7977989[NuboClientActivity]: Received frameCompleteCallback  lastAcquiredFrameNum=1 lastAttemptedDrawFrameNum=1
09-28 15:19:39.353 19450 19465 I OpenGLRenderer: Davey! duration=810ms; Flags=1, FrameTimelineVsyncId=14814108, IntendedVsync=255318475711234, Vsync=255319259044536, InputEventId=0, HandleInputStart=255319266385957, AnimationStart=255319266387227, PerformTraversalsStart=255319266648457, DrawStart=255319280842804, FrameDeadline=255318484044567, FrameInterval=255319266345534, FrameStartTime=8333333, SyncQueued=255319282427919, SyncStart=255319282496496, IssueDrawCommandsStart=255319282553611, SwapBuffers=255319285401842, FrameCompleted=255319286384111, DequeueBufferDuration=10231, QueueBufferDuration=750038, GpuCompleted=255319285795034, SwapBuffersCompleted=255319286384111, DisplayPresentTime=0, 
09-28 15:19:39.366 19450 19450 I ViewRootImpl@a3809c0[NuboClientActivity]: Relayout returned: old=(0,0,1080,2400) new=(0,80,1080,2400) req=(1080,2400)0 dur=5 res=0x7 s={true -5476376609221145792} ch=true fn=-1
09-28 15:19:39.368 19450 19484 D OpenGLRenderer: eglCreateWindowSurface
09-28 15:19:39.370 19450 19450 I ViewRootImpl@a3809c0[NuboClientActivity]: [DP] dp(1) 1 android.view.ViewRootImpl.reportNextDraw:11442 android.view.ViewRootImpl.performTraversals:4198 android.view.ViewRootImpl.doTraversal:2924 
09-28 15:19:39.370 19450 19450 D ViewRootImpl@a3809c0[NuboClientActivity]: Creating frameDrawingCallback nextDrawUseBlastSync=false reportNextDraw=true hasBlurUpdates=false
09-28 15:19:39.370 19450 19450 D ViewRootImpl@a3809c0[NuboClientActivity]: Creating frameCompleteCallback
09-28 15:19:39.372 19450 19450 E WallpaperManager: generateBitmap. width: 1080, height: 2320
09-28 15:19:39.394 19450 19450 D WallpaperManager: getScaledBitmap. scaleY: 1.8125, scaleX: 0.52734375, b.getHeight(): 1280, b.getWidth(): 2048, size[1]: 2320, size[0]: 1080
09-28 15:19:39.446 19450 19450 D WallpaperManager: getScaledBitmap result: b.getHeight(): 2320, b.getWidth(): 3712
09-28 15:19:39.473 19450 19505 D ViewRootImpl@a3809c0[NuboClientActivity]: Received frameDrawingCallback frameNum=1. Creating transactionCompleteCallback=false
09-28 15:19:39.477 19450 19484 D ViewRootImpl@a3809c0[NuboClientActivity]: Received frameCompleteCallback  lastAcquiredFrameNum=1 lastAttemptedDrawFrameNum=1
09-28 15:19:39.480 19450 19450 I ViewRootImpl@a3809c0[NuboClientActivity]: [DP] pdf(0) 1 android.view.ViewRootImpl.lambda$addFrameCompleteCallbackIfNeeded$3$ViewRootImpl:5000 android.view.ViewRootImpl$$ExternalSyntheticLambda16.run:6 android.os.Handler.handleCallback:938 
09-28 15:19:39.480 19450 19450 I ViewRootImpl@a3809c0[NuboClientActivity]: [DP] rdf()
09-28 15:19:39.480 19450 19450 D ViewRootImpl@a3809c0[NuboClientActivity]: reportDrawFinished (fn: -1) 
09-28 15:19:39.480 19450 19450 I ViewRootImpl@7977989[NuboClientActivity]: [DP] pdf(0) 1 android.view.ViewRootImpl.lambda$addFrameCompleteCallbackIfNeeded$3$ViewRootImpl:5000 android.view.ViewRootImpl$$ExternalSyntheticLambda16.run:6 android.os.Handler.handleCallback:938 
09-28 15:19:39.481 19450 19450 I ViewRootImpl@7977989[NuboClientActivity]: [DP] rdf()
09-28 15:19:39.481 19450 19450 D ViewRootImpl@7977989[NuboClientActivity]: reportDrawFinished (fn: -1) 
09-28 15:19:39.491 19450 19467 I OpenGLRenderer: Davey! duration=938ms; Flags=1, FrameTimelineVsyncId=14814108, IntendedVsync=255318475711234, Vsync=255319259044536, InputEventId=0, HandleInputStart=255319266385957, AnimationStart=255319266387227, PerformTraversalsStart=255319266648457, DrawStart=255319308233188, FrameDeadline=255318484044567, FrameInterval=255319266345534, FrameStartTime=8333333, SyncQueued=255319385534765, SyncStart=255319385576611, IssueDrawCommandsStart=255319409278496, SwapBuffers=255319413018919, FrameCompleted=255319414239034, DequeueBufferDuration=19077, QueueBufferDuration=1065808, GpuCompleted=255319413537880, SwapBuffersCompleted=255319414239034, DisplayPresentTime=0, 
09-28 15:19:39.491 19450 19467 I OpenGLRenderer: Davey! duration=942ms; Flags=1, FrameTimelineVsyncId=14814108, IntendedVsync=255318475711234, Vsync=255319259044536, InputEventId=0, HandleInputStart=255319266385957, AnimationStart=255319266387227, PerformTraversalsStart=255319266648457, DrawStart=255319415444111, FrameDeadline=255318492377900, FrameInterval=255319266345534, FrameStartTime=8333333, SyncQueued=255319415477342, SyncStart=255319416547880, IssueDrawCommandsStart=255319416644380, SwapBuffers=255319417339150, FrameCompleted=255319418924342, DequeueBufferDuration=11000, QueueBufferDuration=1029230, GpuCompleted=255319418126265, SwapBuffersCompleted=255319418924342, DisplayPresentTime=0, 
09-28 15:19:39.492 19450 19450 D nubo.NuboClientActivity: startSession status: 1
09-28 15:19:39.496 19450 19450 E nubo.NuboClientActivity: startSession. Status: OK gateway: labil.nubosoftware.com, mSessionId: 51f204af4ebea0153216538471dda9c4da98205fb9bd391cdd9123d3179d5c8e905d0ea4c49aee1ade80962bea3e35fe
09-28 15:19:39.523 19450 19450 E nubo.NuboClientActivity: startSession. isReconnectionRunnablePending: false, suspendConnRestart: false
09-28 15:19:39.524 19450 19450 I ViewRootImpl@e0a30c2[EnterPasscode]: MSG_WINDOW_FOCUS_CHANGED 0 1
09-28 15:19:39.532 19450 19450 I ViewRootImpl@a68cb9b[PopupWindow:7ba43aa]: setView = android.widget.PopupWindow$PopupDecorView@350f076 TM=true
09-28 15:19:39.532 19450 19450 E nubo.NuboClientActivity: mSendOrientationCmd..
09-28 15:19:39.534 19450 19450 V nubo.NuboClientActivity: mFastOrSlowReconnectionRunnable. re-open socket
09-28 15:19:39.534 19450 19450 E nubo.NuboClientActivity: openConnection. OPENING...
09-28 15:19:39.535 19450 19450 E nubo.NuboClientActivity: openConnection. start thread
09-28 15:19:39.541 19450 19450 I ViewRootImpl@7977989[NuboClientActivity]: MSG_WINDOW_FOCUS_CHANGED 1 1
09-28 15:19:39.541 19450 19450 D InputMethodManager: startInputInner - Id : 0
09-28 15:19:39.541 19450 19450 I InputMethodManager: startInputInner - mService.startInputOrWindowGainedFocus
09-28 15:19:39.549 19450 19469 I ViewRootImpl@a68cb9b[PopupWindow:7ba43aa]: Resizing android.view.ViewRootImpl@972d34d: frame=[0,80][0,2274] reportDraw=true forceLayout=false backDropFrame=Rect(0, 0 - 0, 2194)
