2021-02-02 10:08:47.256 18644-18644/? E/Zygote: isWhitelistProcess - Process is Whitelisted
2021-02-02 10:08:47.256 18644-18644/? E/Zygote: accessInfo : 1
2021-02-02 10:08:47.262 18644-18644/? I/com.nubo.test7: Late-enabling -Xcheck:jni
2021-02-02 10:08:47.286 18644-18644/com.nubo.test7 E/com.nubo.test7: Unknown bits set in runtime_flags: 0x8000
2021-02-02 10:08:47.297 18644-18644/com.nubo.test7 D/ActivityThread: setConscryptValidator
2021-02-02 10:08:47.297 18644-18644/com.nubo.test7 D/ActivityThread: setConscryptValidator - put
2021-02-02 10:08:49.229 18644-18644/com.nubo.test7 I/MultiDex: VM with version 2.1.0 has multidex support
2021-02-02 10:08:49.229 18644-18644/com.nubo.test7 I/MultiDex: Installing application
2021-02-02 10:08:49.229 18644-18644/com.nubo.test7 I/MultiDex: VM has multidex support, MultiDex support library is disabled.
2021-02-02 10:08:49.256 18644-18644/com.nubo.test7 W/ComponentDiscovery: Class com.google.firebase.dynamicloading.DynamicLoadingRegistrar is not an found.
2021-02-02 10:08:49.278 18644-18644/com.nubo.test7 I/FirebaseApp: Device unlocked: initializing all Firebase APIs for app [DEFAULT]
2021-02-02 10:08:49.383 18644-18644/com.nubo.test7 I/FirebaseInitProvider: FirebaseApp initialization successful
2021-02-02 10:08:49.457 18644-18644/com.nubo.test7 E/nubo.CrashlyticsUtil: CrashlyticsUtil. start
2021-02-02 10:08:49.547 18644-19073/com.nubo.test7 D/Beta: Beta by Crashlytics app is not installed
2021-02-02 10:08:49.549 18644-19073/com.nubo.test7 D/Beta: Beta device token load took 1.233423ms
2021-02-02 10:08:49.550 18644-19073/com.nubo.test7 D/Beta: Beta device token present: false
2021-02-02 10:08:49.662 18644-18644/com.nubo.test7 E/CrashlyticsCore: .
2021-02-02 10:08:49.663 18644-18644/com.nubo.test7 E/CrashlyticsCore: .     |  | 
2021-02-02 10:08:49.663 18644-18644/com.nubo.test7 E/CrashlyticsCore: .     |  |
2021-02-02 10:08:49.663 18644-18644/com.nubo.test7 E/CrashlyticsCore: .     |  |
2021-02-02 10:08:49.663 18644-18644/com.nubo.test7 E/CrashlyticsCore: .   \ |  | /
2021-02-02 10:08:49.663 18644-18644/com.nubo.test7 E/CrashlyticsCore: .    \    /
2021-02-02 10:08:49.663 18644-18644/com.nubo.test7 E/CrashlyticsCore: .     \  /
2021-02-02 10:08:49.663 18644-18644/com.nubo.test7 E/CrashlyticsCore: .      \/
2021-02-02 10:08:49.663 18644-18644/com.nubo.test7 E/CrashlyticsCore: .
2021-02-02 10:08:49.663 18644-18644/com.nubo.test7 E/CrashlyticsCore: This app relies on Crashlytics. Please sign up for access at https://fabric.io/sign_up,
    install an Android build tool and ask a team member to invite you to this app's organization.
2021-02-02 10:08:49.663 18644-18644/com.nubo.test7 E/CrashlyticsCore: .
2021-02-02 10:08:49.663 18644-18644/com.nubo.test7 E/CrashlyticsCore: .      /\
2021-02-02 10:08:49.663 18644-18644/com.nubo.test7 E/CrashlyticsCore: .     /  \
2021-02-02 10:08:49.663 18644-18644/com.nubo.test7 E/CrashlyticsCore: .    /    \
2021-02-02 10:08:49.663 18644-18644/com.nubo.test7 E/CrashlyticsCore: .   / |  | \
2021-02-02 10:08:49.663 18644-18644/com.nubo.test7 E/CrashlyticsCore: .     |  |
2021-02-02 10:08:49.663 18644-18644/com.nubo.test7 I/chatty: uid=10300(com.nubo.test7) identical 1 line
2021-02-02 10:08:49.663 18644-18644/com.nubo.test7 E/CrashlyticsCore: .     |  |
2021-02-02 10:08:49.663 18644-18644/com.nubo.test7 E/CrashlyticsCore: .
2021-02-02 10:08:49.666 18644-18644/com.nubo.test7 E/nubo.GeneralUtils: crashlyticsStart. Exception This app relies on Crashlytics. Please sign up for access at https://fabric.io/sign_up,
    install an Android build tool and ask a team member to invite you to this app's organization.
    io.fabric.sdk.android.services.concurrency.UnmetDependencyException: This app relies on Crashlytics. Please sign up for access at https://fabric.io/sign_up,
    install an Android build tool and ask a team member to invite you to this app's organization.
        at com.crashlytics.android.core.CrashlyticsCore.onPreExecute(CrashlyticsCore.java:235)
        at com.crashlytics.android.core.CrashlyticsCore.onPreExecute(CrashlyticsCore.java:208)
        at io.fabric.sdk.android.InitializationTask.onPreExecute(InitializationTask.java:44)
        at io.fabric.sdk.android.services.concurrency.AsyncTask.executeOnExecutor(AsyncTask.java:611)
        at io.fabric.sdk.android.services.concurrency.PriorityAsyncTask.executeOnExecutor(PriorityAsyncTask.java:43)
        at io.fabric.sdk.android.Kit.initialize(Kit.java:69)
        at io.fabric.sdk.android.Fabric.initializeKits(Fabric.java:440)
        at io.fabric.sdk.android.Fabric.init(Fabric.java:384)
        at io.fabric.sdk.android.Fabric.setFabric(Fabric.java:342)
        at io.fabric.sdk.android.Fabric.with(Fabric.java:333)
        at com.nubo.util.CrashlyticsUtil.start(CrashlyticsUtil.java:25)
        at com.nubo.util.GeneralUtils.crashlyticsStart(GeneralUtils.java:579)
        at com.nubo.api.ClientApp.onCreate(ClientApp.java:109)
        at android.app.Instrumentation.callApplicationOnCreate(Instrumentation.java:1190)
        at android.app.ActivityThread.handleMakeApplication(ActivityThread.java:7036)
        at android.app.ActivityThread.handleBindApplication(ActivityThread.java:6989)
        at android.app.ActivityThread.access$1600(ActivityThread.java:272)
        at android.app.ActivityThread$H.handleMessage(ActivityThread.java:2055)
        at android.os.Handler.dispatchMessage(Handler.java:107)
        at android.os.Looper.loop(Looper.java:237)
        at android.app.ActivityThread.main(ActivityThread.java:8016)
        at java.lang.reflect.Method.invoke(Native Method)
        at com.android.internal.os.RuntimeInit$MethodAndArgsCaller.run(RuntimeInit.java:493)
        at com.android.internal.os.ZygoteInit.main(ZygoteInit.java:1076)
2021-02-02 10:08:49.709 18644-18644/com.nubo.test7 I/nubo.ClientApp: Starting Nubo client version: 2.8.64-nubo
2021-02-02 10:08:49.728 18644-18644/com.nubo.test7 I/nubo.ClientApp: Device: samsung, SM-G973F
2021-02-02 10:08:49.745 18644-18644/com.nubo.test7 I/nubo.ClientApp: Android version: 10 - 29
2021-02-02 10:08:49.750 18644-18644/com.nubo.test7 I/nubo.ClientApp: isTablet: false, isXlarge: false
2021-02-02 10:08:49.781 18644-18644/com.nubo.test7 D/nubo.GlobalConnReceiver: Connection Changed To Wifi
2021-02-02 10:08:49.915 18644-18644/com.nubo.test7 E/nubo.WelcomeScreen: Configuration fontScale: 1.00, densityDpi: 560, smallestScreenWidthDp: 411
2021-02-02 10:08:49.917 18644-18644/com.nubo.test7 E/nubo.WelcomeScreen: DisplayMetrics scaledDensity: 3.50, density: 3.50
2021-02-02 10:08:50.106 18644-19073/com.nubo.test7 W/Fabric: Could not call getId on com.google.android.gms.ads.identifier.AdvertisingIdClient$Info
2021-02-02 10:08:50.197 18644-19073/com.nubo.test7 W/Fabric: Could not call isLimitAdTrackingEnabled on com.google.android.gms.ads.identifier.AdvertisingIdClient$Info
2021-02-02 10:08:50.400 18644-18644/com.nubo.test7 W/com.nubo.test7: Long monitor contention with owner Queue (19064) at java.lang.Object java.util.HashMap$Node.getKey()(HashMap.java:291) waiters=0 in java.security.Provider$Service java.security.Provider.getService(java.lang.String, java.lang.String) for 324ms
2021-02-02 10:08:50.426 18644-18644/com.nubo.test7 D/libmdf: libmdf v2.9.0.0 On 64bit PLATFORM
2021-02-02 10:08:50.595 18644-18644/com.nubo.test7 D/NetworkSecurityConfig: No Network Security Config specified, using platform default
2021-02-02 10:08:50.599 18644-18644/com.nubo.test7 D/nubo.NuboParams: Notification token: base64ZnBMb096ZEdjdjg6QVBBOTFiRXR1bF9GRWxGcXRSS18wU0FheDU1Yk9HY3RYMGt1MG5rXzV2akw4aTdoOFdnZEFXY0ZLU0tSV0VERHlEVUN0ZmdXM29qWkJSbkhRV242X0E1eTRmMmdPcWxaM0ZNQkFrNEtLZmJ2RnJ4Xy1JeTZDaEVCLVlOTWQyNl9KNVB1RDhqcjNKOFY
2021-02-02 10:08:50.653 18644-18644/com.nubo.test7 D/PhoneWindow: forceLight changed to true [] from com.android.internal.policy.PhoneWindow.updateForceLightNavigationBar:4268 com.android.internal.policy.DecorView.updateColorViews:1494 com.android.internal.policy.PhoneWindow.dispatchWindowAttributesChanged:3246 android.view.Window.setFlags:1148 com.android.internal.policy.PhoneWindow.generateLayout:2474 
2021-02-02 10:08:50.654 18644-19295/com.nubo.test7 I/System.out: (HTTPLog)-Static: isSBSettingEnabled false
2021-02-02 10:08:50.654 18644-19295/com.nubo.test7 I/System.out: (HTTPLog)-Static: isSBSettingEnabled false
2021-02-02 10:08:50.654 18644-18644/com.nubo.test7 I/MultiWindowDecorSupport: updateCaptionType >> DecorView@281ce41[], isFloating: false, isApplication: true, hasWindowDecorCaption: false, hasWindowControllerCallback: true
2021-02-02 10:08:50.654 18644-18644/com.nubo.test7 D/MultiWindowDecorSupport: setCaptionType = 0, DecorView = DecorView@281ce41[]
2021-02-02 10:08:50.697 18644-19073/com.nubo.test7 D/Fabric: Could not get parcel from Google Play Service to capture AdvertisingId
2021-02-02 10:08:50.697 18644-19073/com.nubo.test7 D/Fabric: Could not get parcel from Google Play Service to capture Advertising limitAdTracking
2021-02-02 10:08:50.775 18644-19295/com.nubo.test7 D/TcpOptimizer: TcpOptimizer-ON
2021-02-02 10:08:50.776 18644-19073/com.nubo.test7 D/Fabric: AdvertisingInfo not present
2021-02-02 10:08:50.812 18644-18644/com.nubo.test7 D/WallpaperManager: getScaledBitmap. scaleY: 2.1273437, scaleX: 0.703125, b.getHeight(): 1280, b.getWidth(): 2048, size[1]: 2723, size[0]: 1440
2021-02-02 10:08:50.887 18644-19064/com.nubo.test7 W/com.nubo.test7: Long monitor contention with owner Answers Events Handler1 (19073) at void sun.misc.Unsafe.park(boolean, long)(Unsafe.java:-2) waiters=0 in io.fabric.sdk.android.services.common.AdvertisingInfo io.fabric.sdk.android.services.common.IdManager.getAdvertisingInfo() for 376ms
2021-02-02 10:08:51.503 18644-18644/com.nubo.test7 D/WallpaperManager: getScaledBitmap result: b.getHeight(): 2723, b.getWidth(): 4357
2021-02-02 10:08:51.644 18644-18644/com.nubo.test7 D/Answers: Logged lifecycle event: START
2021-02-02 10:08:51.650 18644-18644/com.nubo.test7 D/Answers: Logged lifecycle event: RESUME
2021-02-02 10:08:51.764 18644-18644/com.nubo.test7 D/ViewRootImpl@7d08fa5[WelcomeScreen]: setView = com.android.internal.policy.DecorView@281ce41 TM=true MM=false
2021-02-02 10:08:51.777 18644-18644/com.nubo.test7 D/Answers: Logged lifecycle event: PAUSE
2021-02-02 10:08:51.802 18644-18644/com.nubo.test7 D/ViewRootImpl@7d08fa5[WelcomeScreen]: stopped(true) old=false
2021-02-02 10:08:51.803 18644-18644/com.nubo.test7 D/Answers: Logged lifecycle event: STOP
2021-02-02 10:08:51.815 18644-18644/com.nubo.test7 I/nubo.WelcomeScreen: onAttachedToWindow. cutOut.getSafeInsetTop: 149
2021-02-02 10:08:51.903 18644-18644/com.nubo.test7 D/ViewRootImpl@7d08fa5[WelcomeScreen]: Relayout returned: old=(0,0,1440,3040) new=(0,150,1440,3040) req=(0,0)8 dur=22 res=0x1 s={false 0} ch=false
2021-02-02 10:08:52.278 18644-19064/com.nubo.test7 D/Fabric: Requesting settings from https://settings.crashlytics.com/spi/v2/platforms/android/apps/com.nubo.test7/settings
2021-02-02 10:08:52.278 18644-19064/com.nubo.test7 D/Fabric: Settings query params were: {build_version=387, display_version=2.8.64-nubo, source=1, icon_hash=45530b6bcb50ab09e49d2437dd43ddb973a77ba2}
2021-02-02 10:08:52.408 18644-19064/com.nubo.test7 I/System.out: (HTTPLog)-Static: isSBSettingEnabled false
2021-02-02 10:08:52.472 18644-19064/com.nubo.test7 I/System.out: (HTTPLog)-Static: isSBSettingEnabled false
2021-02-02 10:08:52.910 18644-19295/com.nubo.test7 W/com.nubo.test7: Accessing hidden field Lsun/misc/Unsafe;->theUnsafe:Lsun/misc/Unsafe; (greylist, reflection, allowed)
2021-02-02 10:08:52.910 18644-19295/com.nubo.test7 W/com.nubo.test7: Accessing hidden method Lsun/misc/Unsafe;->allocateInstance(Ljava/lang/Class;)Ljava/lang/Object; (greylist, reflection, allowed)
2021-02-02 10:08:53.309 18644-19295/com.nubo.test7 I/System.out: (HTTPLog)-Static: isSBSettingEnabled false
2021-02-02 10:08:53.309 18644-19295/com.nubo.test7 I/System.out: (HTTPLog)-Static: isSBSettingEnabled false
2021-02-02 10:08:53.692 18644-19295/com.nubo.test7 I/System.out: (HTTPLog)-Static: isSBSettingEnabled false
2021-02-02 10:08:53.692 18644-19295/com.nubo.test7 I/System.out: (HTTPLog)-Static: isSBSettingEnabled false
2021-02-02 10:08:53.753 18644-19064/com.nubo.test7 D/Fabric: Settings result was: 200
2021-02-02 10:08:53.756 18644-19064/com.nubo.test7 D/Fabric: Settings request ID: null
2021-02-02 10:08:53.781 18644-18644/com.nubo.test7 I/nubovideosink.main: main.c OnLoad() load methods
2021-02-02 10:08:53.793 18644-19820/com.nubo.test7 I/System.out: (HTTPLog)-Static: isSBSettingEnabled false
2021-02-02 10:08:53.793 18644-19820/com.nubo.test7 I/System.out: (HTTPLog)-Static: isSBSettingEnabled false
2021-02-02 10:08:53.898 18644-19064/com.nubo.test7 D/Fabric: Writing settings to cache file...
2021-02-02 10:08:54.055 18644-19064/com.nubo.test7 D/Fabric: Loaded settings: {"settings_version":2,"cache_duration":86400,"features":{"collect_logged_exceptions":false,"collect_reports":false,"collect_analytics":false,"prompt_enabled":false,"push_enabled":false,"firebase_crashlytics_enabled":false},"analytics":{},"beta":{},"app":{"identifier":"com.nubo.test7","status":"activated","url":"https:\/\/api.crashlytics.com\/spi\/v1\/platforms\/android\/apps","reports_url":"https:\/\/reports.crashlytics.com\/spi\/v1\/platforms\/android\/apps\/com.nubo.test7\/reports","ndk_reports_url":"https:\/\/reports.crashlytics.com\/sdk-api\/v1\/platforms\/android\/apps\/com.nubo.test7\/minidumps","update_required":false},"session":{},"prompt":{},"expires_at":1612339733898}
2021-02-02 10:08:54.266 18644-19820/com.nubo.test7 I/nubo.Debugger: SSL Cipher Suite: TLS_ECDHE_RSA_WITH_AES_128_GCM_SHA256
2021-02-02 10:08:54.333 18644-19064/com.nubo.test7 D/Beta: Beta kit initializing...
2021-02-02 10:08:54.333 18644-19064/com.nubo.test7 D/Beta: Beta device token present: false
2021-02-02 10:08:54.333 18644-19064/com.nubo.test7 D/Beta: A Beta device token was not found for this app
2021-02-02 10:08:54.341 18644-19061/com.nubo.test7 D/Answers: Analytics collection disabled
2021-02-02 10:08:54.367 18644-18644/com.nubo.test7 E/ParamValidatorUtil: ******* checkClientProperties unhandled key *********: wallpaperX
2021-02-02 10:08:54.380 18644-19295/com.nubo.test7 I/System.out: (HTTPLog)-Static: isSBSettingEnabled false
2021-02-02 10:08:54.380 18644-19295/com.nubo.test7 I/System.out: (HTTPLog)-Static: isSBSettingEnabled false
2021-02-02 10:08:54.405 18644-19871/com.nubo.test7 I/System.out: (HTTPLog)-Static: isSBSettingEnabled false
2021-02-02 10:08:54.405 18644-19871/com.nubo.test7 I/System.out: (HTTPLog)-Static: isSBSettingEnabled false
2021-02-02 10:08:54.466 18644-19871/com.nubo.test7 I/nubo.Debugger: SSL Cipher Suite: TLS_ECDHE_RSA_WITH_AES_128_GCM_SHA256
2021-02-02 10:08:54.494 18644-18644/com.nubo.test7 D/ViewRootImpl@7d08fa5[WelcomeScreen]: dispatchDetachedFromWindow
2021-02-02 10:08:54.497 18644-18644/com.nubo.test7 D/InputTransport: Input channel destroyed: 'eaa84db', fd=72
2021-02-02 10:08:54.635 18644-18644/com.nubo.test7 D/PhoneWindow: forceLight changed to true [] from com.android.internal.policy.PhoneWindow.updateForceLightNavigationBar:4268 com.android.internal.policy.DecorView.updateColorViews:1494 com.android.internal.policy.PhoneWindow.dispatchWindowAttributesChanged:3246 android.view.Window.setFlags:1148 com.android.internal.policy.PhoneWindow.generateLayout:2474 
2021-02-02 10:08:54.636 18644-18644/com.nubo.test7 I/MultiWindowDecorSupport: updateCaptionType >> DecorView@92902b5[], isFloating: false, isApplication: true, hasWindowDecorCaption: false, hasWindowControllerCallback: true
2021-02-02 10:08:54.636 18644-18644/com.nubo.test7 D/MultiWindowDecorSupport: setCaptionType = 0, DecorView = DecorView@92902b5[]
2021-02-02 10:08:54.655 18644-18644/com.nubo.test7 W/com.nubo.test7: Accessing hidden method Landroid/view/View;->computeFitSystemWindows(Landroid/graphics/Rect;Landroid/graphics/Rect;)Z (greylist, reflection, allowed)
2021-02-02 10:08:54.655 18644-18644/com.nubo.test7 W/com.nubo.test7: Accessing hidden method Landroid/view/ViewGroup;->makeOptionalFitsSystemWindows()V (greylist, reflection, allowed)
2021-02-02 10:08:54.732 18644-18644/com.nubo.test7 D/WallpaperManager: getScaledBitmap. scaleY: 2.1273437, scaleX: 0.703125, b.getHeight(): 1280, b.getWidth(): 2048, size[1]: 2723, size[0]: 1440
2021-02-02 10:08:54.809 18644-18644/com.nubo.test7 D/WallpaperManager: getScaledBitmap result: b.getHeight(): 2723, b.getWidth(): 4357
2021-02-02 10:08:54.830 18644-18644/com.nubo.test7 D/BiometricLogin: App can authenticate using biometrics.
2021-02-02 10:08:54.888 18644-18644/com.nubo.test7 D/KeyStore: keyAuthType : 2
2021-02-02 10:08:54.890 18644-18644/com.nubo.test7 D/KeyStore: UserNotAuthenticatedException : fingerprint
2021-02-02 10:08:54.950 18644-18644/com.nubo.test7 D/ViewRootImpl@a2c1c0c[BiometricLogin]: setView = com.android.internal.policy.DecorView@92902b5 TM=true MM=false
2021-02-02 10:08:54.963 18644-18644/com.nubo.test7 D/ViewRootImpl@a2c1c0c[BiometricLogin]: stopped(false) old=false
2021-02-02 10:08:54.985 18644-19286/com.nubo.test7 D/BiometricPrompt: onError: 5, Fingerprint operation cancelled.
2021-02-02 10:08:55.053 18644-18644/com.nubo.test7 D/ViewRootImpl@a2c1c0c[BiometricLogin]: Relayout returned: old=(0,0,1440,3040) new=(0,0,1440,3040) req=(1440,3040)0 dur=58 res=0x7 s={true 494723891200} ch=true
2021-02-02 10:08:55.053 18644-19155/com.nubo.test7 D/OpenGLRenderer: createReliableSurface : 0x729d5b0140(0x732fd78000)
2021-02-02 10:08:55.073 18644-19155/com.nubo.test7 D/OpenGLRenderer: makeCurrent EglSurface : 0x0 -> 0x0
2021-02-02 10:08:55.087 18644-19155/com.nubo.test7 I/mali_winsys: new_window_surface() [1440x3040] return: 0x3000
2021-02-02 10:08:55.091 18644-19155/com.nubo.test7 D/OpenGLRenderer: makeCurrent EglSurface : 0x0 -> 0x72a1322100
2021-02-02 10:08:55.139 18644-19155/com.nubo.test7 W/Gralloc3: mapper 3.x is not supported
2021-02-02 10:08:55.146 18644-19155/com.nubo.test7 I/gralloc: Arm Module v1.0
2021-02-02 10:08:55.300 18644-18644/com.nubo.test7 D/ViewRootImpl@a2c1c0c[BiometricLogin]: MSG_WINDOW_FOCUS_CHANGED 1 1
2021-02-02 10:08:55.300 18644-18644/com.nubo.test7 D/InputMethodManager: prepareNavigationBarInfo() DecorView@92902b5[BiometricLogin]
2021-02-02 10:08:55.300 18644-18644/com.nubo.test7 D/InputMethodManager: getNavigationBarColor() -855310
2021-02-02 10:08:55.323 18644-18644/com.nubo.test7 D/InputMethodManager: prepareNavigationBarInfo() DecorView@92902b5[BiometricLogin]
2021-02-02 10:08:55.323 18644-18644/com.nubo.test7 D/InputMethodManager: getNavigationBarColor() -855310
2021-02-02 10:08:55.323 18644-18644/com.nubo.test7 V/InputMethodManager: Starting input: tba=com.nubo.test7 ic=null mNaviBarColor -855310 mIsGetNaviBarColorSuccess true , NavVisible : true , NavTrans : false
2021-02-02 10:08:55.323 18644-18644/com.nubo.test7 D/InputMethodManager: startInputInner - Id : 0
2021-02-02 10:08:55.323 18644-18644/com.nubo.test7 I/InputMethodManager: startInputInner - mService.startInputOrWindowGainedFocus
2021-02-02 10:08:55.327 18644-18644/com.nubo.test7 E/BiometricLogin: Authentication error: Fingerprint operation cancelled.
2021-02-02 10:08:55.394 18644-18644/com.nubo.test7 D/Toast: show: focusDisplayId = 0, isFocusInDesktop = false mCustomDisplayId=-1
2021-02-02 10:08:55.433 18644-19286/com.nubo.test7 V/Toast: SHOW: android.widget.Toast$TN@186022b
2021-02-02 10:08:55.434 18644-19155/com.nubo.test7 D/OpenGLRenderer: makeCurrent EglSurface : 0x72a1322100 -> 0x0
2021-02-02 10:08:55.434 18644-19155/com.nubo.test7 D/OpenGLRenderer: destroyEglSurface : 0x72a1322100
2021-02-02 10:08:55.434 18644-19155/com.nubo.test7 I/mali_egl: eglDestroySurface() in
2021-02-02 10:08:55.436 18644-19155/com.nubo.test7 I/mali_winsys: delete_surface() [1440x3040] return
2021-02-02 10:08:55.436 18644-19155/com.nubo.test7 I/mali_egl: eglDestroySurface() out
2021-02-02 10:08:55.436 18644-19155/com.nubo.test7 W/libEGL: EGLNativeWindowType 0x729d5b0150 disconnect failed
2021-02-02 10:08:55.436 18644-19155/com.nubo.test7 D/OpenGLRenderer: ~ReliableSurface : 0x729d5b0140
2021-02-02 10:08:55.449 18644-18644/com.nubo.test7 D/ViewRootImpl@a2c1c0c[BiometricLogin]: Relayout returned: old=(0,0,1440,3040) new=(0,0,1440,3040) req=(1440,3040)8 dur=13 res=0x5 s={false 0} ch=true
2021-02-02 10:08:55.449 18644-18644/com.nubo.test7 D/ViewRootImpl@a2c1c0c[BiometricLogin]: MSG_WINDOW_FOCUS_CHANGED 0 1
2021-02-02 10:08:55.449 18644-18644/com.nubo.test7 D/InputMethodManager: prepareNavigationBarInfo() DecorView@92902b5[BiometricLogin]
2021-02-02 10:08:55.449 18644-18644/com.nubo.test7 D/InputMethodManager: getNavigationBarColor() -855310
2021-02-02 10:08:55.450 18644-18644/com.nubo.test7 D/ViewRootImpl@a2c1c0c[BiometricLogin]: stopped(true) old=false
2021-02-02 10:08:55.454 18644-18644/com.nubo.test7 V/Toast: HANDLE SHOW: android.widget.Toast$TN@186022b mView=null mNextView=android.widget.LinearLayout{627d55d V.E...... ......I. 0,0-0,0}
2021-02-02 10:08:55.455 18644-18644/com.nubo.test7 V/Toast: HANDLE HIDE: android.widget.Toast$TN@186022b mView=null
2021-02-02 10:08:55.533 18644-18644/com.nubo.test7 D/ViewRootImpl@474ea0[Toast]: setView = android.widget.LinearLayout@627d55d TM=true MM=false
2021-02-02 10:08:55.533 18644-18644/com.nubo.test7 V/Toast: Text: Buth in android.widget.Toast$TN@186022b
2021-02-02 10:08:55.564 18644-18644/com.nubo.test7 D/ViewRootImpl@474ea0[Toast]: Relayout returned: old=(0,150,1440,2872) new=(115,2301,1324,2502) req=(1209,201)0 dur=27 res=0x7 s={true 490609786880} ch=true
2021-02-02 10:08:55.565 18644-19155/com.nubo.test7 D/OpenGLRenderer: createReliableSurface : 0x729d5b0140(0x723a9f4000)
2021-02-02 10:08:55.566 18644-19155/com.nubo.test7 I/mali_winsys: new_window_surface() [1209x201] return: 0x3000
2021-02-02 10:08:55.577 18644-19155/com.nubo.test7 D/OpenGLRenderer: makeCurrent EglSurface : 0x0 -> 0x723a9cd800
2021-02-02 10:08:55.619 18644-18644/com.nubo.test7 D/ViewRootImpl@474ea0[Toast]: MSG_RESIZED_REPORT: frame=(115,2301,1324,2502) ci=(0,0,0,0) vi=(0,0,1209,201) or=1
2021-02-02 10:08:56.778 18644-19073/com.nubo.test7 D/Answers: Flush events when app is backgrounded
2021-02-02 10:08:57.433 18644-19276/com.nubo.test7 V/Toast: HIDE: android.widget.Toast$TN@186022b
2021-02-02 10:08:57.433 18644-18644/com.nubo.test7 V/Toast: HANDLE HIDE: android.widget.Toast$TN@186022b mView=android.widget.LinearLayout{627d55d V.E...... ........ 0,0-1209,201}
2021-02-02 10:08:57.433 18644-18644/com.nubo.test7 V/Toast: REMOVE! android.widget.LinearLayout{627d55d V.E...... ........ 0,0-1209,201} in android.widget.Toast$TN@186022b
2021-02-02 10:08:57.435 18644-19155/com.nubo.test7 D/OpenGLRenderer: makeCurrent EglSurface : 0x723a9cd800 -> 0x0
2021-02-02 10:08:57.435 18644-19155/com.nubo.test7 D/OpenGLRenderer: destroyEglSurface : 0x723a9cd800
2021-02-02 10:08:57.435 18644-19155/com.nubo.test7 I/mali_egl: eglDestroySurface() in
2021-02-02 10:08:57.436 18644-19155/com.nubo.test7 I/mali_winsys: delete_surface() [1209x201] return
2021-02-02 10:08:57.436 18644-19155/com.nubo.test7 I/mali_egl: eglDestroySurface() out
2021-02-02 10:08:57.438 18644-19155/com.nubo.test7 W/libEGL: EGLNativeWindowType 0x729d5b0150 disconnect failed
2021-02-02 10:08:57.438 18644-19155/com.nubo.test7 D/OpenGLRenderer: ~ReliableSurface : 0x729d5b0140
2021-02-02 10:08:57.439 18644-18644/com.nubo.test7 D/ViewRootImpl@474ea0[Toast]: dispatchDetachedFromWindow
2021-02-02 10:08:57.441 18644-18644/com.nubo.test7 D/InputTransport: Input channel destroyed: '31809f ', fd=86
2021-02-02 10:08:58.722 18644-18644/com.nubo.test7 D/ViewRootImpl@a2c1c0c[BiometricLogin]: Relayout returned: old=(0,0,1440,3040) new=(0,0,1440,3040) req=(1440,3040)4 dur=15 res=0x1 s={false 0} ch=false
2021-02-02 10:08:58.725 18644-18644/com.nubo.test7 D/ViewRootImpl@a2c1c0c[BiometricLogin]: stopped(false) old=true
2021-02-02 10:08:58.730 18644-18644/com.nubo.test7 D/ViewRootImpl@a2c1c0c[BiometricLogin]: stopped(false) old=false
2021-02-02 10:08:58.756 18644-18644/com.nubo.test7 D/ViewRootImpl@a2c1c0c[BiometricLogin]: Relayout returned: old=(0,0,1440,3040) new=(0,0,1440,3040) req=(1440,3040)0 dur=10 res=0x7 s={true 490609815552} ch=true
2021-02-02 10:08:58.756 18644-19155/com.nubo.test7 D/OpenGLRenderer: createReliableSurface : 0x729d5b0140(0x723a9fb000)
2021-02-02 10:08:58.757 18644-19155/com.nubo.test7 I/mali_winsys: new_window_surface() [1440x3040] return: 0x3000
2021-02-02 10:08:58.771 18644-19155/com.nubo.test7 D/OpenGLRenderer: makeCurrent EglSurface : 0x0 -> 0x723a9cd800
2021-02-02 10:08:58.778 18644-18644/com.nubo.test7 D/ViewRootImpl@a2c1c0c[BiometricLogin]: MSG_RESIZED_REPORT: frame=(0,0,1440,3040) ci=(0,150,0,168) vi=(0,150,0,168) or=1
2021-02-02 10:08:59.088 18644-18644/com.nubo.test7 D/ViewRootImpl@a2c1c0c[BiometricLogin]: MSG_WINDOW_FOCUS_CHANGED 1 1
2021-02-02 10:08:59.089 18644-18644/com.nubo.test7 D/InputMethodManager: prepareNavigationBarInfo() DecorView@92902b5[BiometricLogin]
2021-02-02 10:08:59.089 18644-18644/com.nubo.test7 D/InputMethodManager: getNavigationBarColor() -855310
2021-02-02 10:08:59.092 18644-18644/com.nubo.test7 D/InputMethodManager: prepareNavigationBarInfo() DecorView@92902b5[BiometricLogin]
2021-02-02 10:08:59.092 18644-18644/com.nubo.test7 D/InputMethodManager: getNavigationBarColor() -855310
2021-02-02 10:08:59.092 18644-18644/com.nubo.test7 V/InputMethodManager: Starting input: tba=com.nubo.test7 ic=null mNaviBarColor -855310 mIsGetNaviBarColorSuccess true , NavVisible : true , NavTrans : false
2021-02-02 10:08:59.092 18644-18644/com.nubo.test7 D/InputMethodManager: startInputInner - Id : 0
2021-02-02 10:08:59.092 18644-18644/com.nubo.test7 I/InputMethodManager: startInputInner - mService.startInputOrWindowGainedFocus
2021-02-02 10:08:59.099 18644-18644/com.nubo.test7 D/InputMethodManager: prepareNavigationBarInfo() DecorView@92902b5[BiometricLogin]
2021-02-02 10:08:59.099 18644-18644/com.nubo.test7 D/InputMethodManager: getNavigationBarColor() -855310
2021-02-02 10:08:59.099 18644-18644/com.nubo.test7 V/InputMethodManager: Starting input: tba=com.nubo.test7 ic=null mNaviBarColor -855310 mIsGetNaviBarColorSuccess true , NavVisible : true , NavTrans : false
2021-02-02 10:08:59.099 18644-18644/com.nubo.test7 D/InputMethodManager: startInputInner - Id : 0
2021-02-02 10:09:00.663 18644-18644/com.nubo.test7 D/ViewRootImpl@a2c1c0c[BiometricLogin]: MSG_WINDOW_FOCUS_CHANGED 0 1
2021-02-02 10:09:00.663 18644-18644/com.nubo.test7 D/InputMethodManager: prepareNavigationBarInfo() DecorView@92902b5[BiometricLogin]
2021-02-02 10:09:00.663 18644-18644/com.nubo.test7 D/InputMethodManager: getNavigationBarColor() -855310
2021-02-02 10:09:00.751 18644-18644/com.nubo.test7 D/InputTransport: Input channel destroyed: 'ClientS', fd=87
2021-02-02 10:09:01.151 18644-19155/com.nubo.test7 D/OpenGLRenderer: makeCurrent EglSurface : 0x723a9cd800 -> 0x0
2021-02-02 10:09:01.151 18644-19155/com.nubo.test7 D/OpenGLRenderer: destroyEglSurface : 0x723a9cd800
2021-02-02 10:09:01.151 18644-19155/com.nubo.test7 I/mali_egl: eglDestroySurface() in
2021-02-02 10:09:01.154 18644-19155/com.nubo.test7 I/mali_winsys: delete_surface() [1440x3040] return
2021-02-02 10:09:01.154 18644-19155/com.nubo.test7 I/mali_egl: eglDestroySurface() out
2021-02-02 10:09:01.154 18644-19155/com.nubo.test7 W/libEGL: EGLNativeWindowType 0x729d5b0150 disconnect failed
2021-02-02 10:09:01.154 18644-19155/com.nubo.test7 D/OpenGLRenderer: ~ReliableSurface : 0x729d5b0140
2021-02-02 10:09:01.159 18644-18644/com.nubo.test7 D/ViewRootImpl@a2c1c0c[BiometricLogin]: Relayout returned: old=(0,0,1440,3040) new=(0,0,1440,3040) req=(1440,3040)8 dur=5 res=0x5 s={false 0} ch=true
2021-02-02 10:09:01.162 18644-18644/com.nubo.test7 D/ViewRootImpl@a2c1c0c[BiometricLogin]: stopped(true) old=false
2021-02-02 10:09:32.813 18644-18644/com.nubo.test7 D/ViewRootImpl@a2c1c0c[BiometricLogin]: Relayout returned: old=(0,0,1440,3040) new=(0,0,1440,3040) req=(1440,3040)4 dur=42 res=0x1 s={false 0} ch=false
2021-02-02 10:09:32.814 18644-18644/com.nubo.test7 D/ViewRootImpl@a2c1c0c[BiometricLogin]: stopped(false) old=true
2021-02-02 10:09:32.818 18644-18644/com.nubo.test7 D/ViewRootImpl@a2c1c0c[BiometricLogin]: stopped(false) old=false
2021-02-02 10:09:32.839 18644-18644/com.nubo.test7 D/ViewRootImpl@a2c1c0c[BiometricLogin]: Relayout returned: old=(0,0,1440,3040) new=(0,0,1440,3040) req=(1440,3040)0 dur=15 res=0x7 s={true 490610311168} ch=true
2021-02-02 10:09:32.848 18644-19155/com.nubo.test7 D/OpenGLRenderer: createReliableSurface : 0x729d5b0500(0x723aa74000)
2021-02-02 10:09:32.852 18644-19155/com.nubo.test7 D/OpenGLRenderer: makeCurrent EglSurface : 0x0 -> 0x0
2021-02-02 10:09:32.865 18644-19155/com.nubo.test7 I/mali_winsys: new_window_surface() [1440x3040] return: 0x3000
2021-02-02 10:09:32.871 18644-19155/com.nubo.test7 D/OpenGLRenderer: makeCurrent EglSurface : 0x0 -> 0x723a9cd780
2021-02-02 10:09:32.898 18644-18644/com.nubo.test7 D/ViewRootImpl@a2c1c0c[BiometricLogin]: MSG_WINDOW_FOCUS_CHANGED 1 1
2021-02-02 10:09:32.898 18644-18644/com.nubo.test7 D/InputMethodManager: prepareNavigationBarInfo() DecorView@92902b5[BiometricLogin]
2021-02-02 10:09:32.898 18644-18644/com.nubo.test7 D/InputMethodManager: getNavigationBarColor() -855310
2021-02-02 10:09:32.900 18644-18644/com.nubo.test7 D/InputMethodManager: prepareNavigationBarInfo() DecorView@92902b5[BiometricLogin]
2021-02-02 10:09:32.900 18644-18644/com.nubo.test7 D/InputMethodManager: getNavigationBarColor() -855310
2021-02-02 10:09:32.900 18644-18644/com.nubo.test7 V/InputMethodManager: Starting input: tba=com.nubo.test7 ic=null mNaviBarColor -855310 mIsGetNaviBarColorSuccess true , NavVisible : true , NavTrans : false
2021-02-02 10:09:32.900 18644-18644/com.nubo.test7 D/InputMethodManager: startInputInner - Id : 0
2021-02-02 10:09:32.900 18644-18644/com.nubo.test7 I/InputMethodManager: startInputInner - mService.startInputOrWindowGainedFocus
2021-02-02 10:09:34.573 18644-18644/com.nubo.test7 D/ViewRootImpl@a2c1c0c[BiometricLogin]: ViewPostIme pointer 0
2021-02-02 10:09:34.645 18644-18644/com.nubo.test7 D/ViewRootImpl@a2c1c0c[BiometricLogin]: ViewPostIme pointer 1
2021-02-02 10:09:34.682 18644-18644/com.nubo.test7 D/KeyStore: keyAuthType : 2
2021-02-02 10:09:34.683 18644-18644/com.nubo.test7 D/KeyStore: UserNotAuthenticatedException : fingerprint
2021-02-02 10:09:34.897 18644-18644/com.nubo.test7 D/ViewRootImpl@a2c1c0c[BiometricLogin]: MSG_WINDOW_FOCUS_CHANGED 0 1
2021-02-02 10:09:34.897 18644-18644/com.nubo.test7 D/InputMethodManager: prepareNavigationBarInfo() DecorView@92902b5[BiometricLogin]
2021-02-02 10:09:34.897 18644-18644/com.nubo.test7 D/InputMethodManager: getNavigationBarColor() -855310
2021-02-02 10:09:34.902 18644-18644/com.nubo.test7 D/InputTransport: Input channel destroyed: 'ClientS', fd=88
2021-02-02 10:09:35.934 18644-19286/com.nubo.test7 D/BiometricPrompt: onAuthenticationSucceeded
2021-02-02 10:09:35.949 18644-18644/com.nubo.test7 D/Toast: show: focusDisplayId = 0, isFocusInDesktop = false mCustomDisplayId=-1
2021-02-02 10:09:35.961 18644-19286/com.nubo.test7 V/Toast: SHOW: android.widget.Toast$TN@8915da6
2021-02-02 10:09:35.973 18644-18644/com.nubo.test7 E/BiometricLogin: Dec information: cbe5c93b-e5a0-42c0-b99a-e890e6fcd657
2021-02-02 10:09:35.978 18644-18644/com.nubo.test7 D/ViewRootImpl@a2c1c0c[BiometricLogin]: MSG_WINDOW_FOCUS_CHANGED 1 1
2021-02-02 10:09:35.979 18644-18644/com.nubo.test7 D/InputMethodManager: prepareNavigationBarInfo() DecorView@92902b5[BiometricLogin]
2021-02-02 10:09:35.979 18644-18644/com.nubo.test7 D/InputMethodManager: getNavigationBarColor() -855310
2021-02-02 10:09:35.980 18644-18644/com.nubo.test7 D/InputMethodManager: prepareNavigationBarInfo() DecorView@92902b5[BiometricLogin]
2021-02-02 10:09:35.980 18644-18644/com.nubo.test7 D/InputMethodManager: getNavigationBarColor() -855310
2021-02-02 10:09:35.980 18644-18644/com.nubo.test7 V/InputMethodManager: Starting input: tba=com.nubo.test7 ic=null mNaviBarColor -855310 mIsGetNaviBarColorSuccess true , NavVisible : true , NavTrans : false
2021-02-02 10:09:35.980 18644-18644/com.nubo.test7 D/InputMethodManager: startInputInner - Id : 0
2021-02-02 10:09:35.980 18644-18644/com.nubo.test7 I/InputMethodManager: startInputInner - mService.startInputOrWindowGainedFocus
2021-02-02 10:09:35.982 18644-21671/com.nubo.test7 I/System.out: (HTTPLog)-Static: isSBSettingEnabled false
2021-02-02 10:09:35.982 18644-21671/com.nubo.test7 I/System.out: (HTTPLog)-Static: isSBSettingEnabled false
2021-02-02 10:09:35.983 18644-18644/com.nubo.test7 V/Toast: HANDLE SHOW: android.widget.Toast$TN@8915da6 mView=null mNextView=android.widget.LinearLayout{20a9783 V.E...... ......I. 0,0-0,0}
2021-02-02 10:09:35.983 18644-18644/com.nubo.test7 V/Toast: HANDLE HIDE: android.widget.Toast$TN@8915da6 mView=null
2021-02-02 10:09:35.986 18644-21671/com.nubo.test7 I/System.out: (HTTPLog)-Static: isSBSettingEnabled false
2021-02-02 10:09:35.986 18644-21671/com.nubo.test7 I/System.out: (HTTPLog)-Static: isSBSettingEnabled false
2021-02-02 10:09:35.989 18644-18644/com.nubo.test7 D/ViewRootImpl@f30892c[Toast]: setView = android.widget.LinearLayout@20a9783 TM=true MM=false
2021-02-02 10:09:35.989 18644-18644/com.nubo.test7 V/Toast: Text: Buth in android.widget.Toast$TN@8915da6
2021-02-02 10:09:36.007 18644-18644/com.nubo.test7 D/ViewRootImpl@f30892c[Toast]: Relayout returned: old=(0,150,1440,2872) new=(341,2494,1099,2648) req=(758,154)0 dur=6 res=0x7 s={true 490612203520} ch=true
2021-02-02 10:09:36.007 18644-19155/com.nubo.test7 D/OpenGLRenderer: createReliableSurface : 0x729d802e00(0x723ac42000)
2021-02-02 10:09:36.008 18644-19155/com.nubo.test7 I/mali_winsys: new_window_surface() [758x154] return: 0x3000
2021-02-02 10:09:36.008 18644-19155/com.nubo.test7 D/OpenGLRenderer: makeCurrent EglSurface : 0x723a9cd780 -> 0x72987e5480
2021-02-02 10:09:36.014 18644-19155/com.nubo.test7 D/OpenGLRenderer: makeCurrent EglSurface : 0x72987e5480 -> 0x723a9cd780
2021-02-02 10:09:36.017 18644-18644/com.nubo.test7 D/ViewRootImpl@f30892c[Toast]: MSG_RESIZED: frame=(341,2494,1099,2648) ci=(0,0,0,0) vi=(0,0,758,154) or=1
2021-02-02 10:09:36.234 18644-21671/com.nubo.test7 I/nubo.Debugger: SSL Cipher Suite: TLS_ECDHE_RSA_WITH_AES_128_GCM_SHA256
2021-02-02 10:09:36.238 18644-18644/com.nubo.test7 E/BiometricLogin: checkBiometric. status: 1 ,message: Biometric checked
2021-02-02 10:09:36.269 18644-18644/com.nubo.test7 W/ActivityThread: handleWindowVisibility: no activity for token android.os.BinderProxy@39f51eb
2021-02-02 10:09:36.508 18644-18644/com.nubo.test7 W/GLib: Failed to create a database from file: TLS support is not available
2021-02-02 10:09:36.508 18644-18644/com.nubo.test7 I/GStreamer: GStreamer initialization complete
2021-02-02 10:09:36.511 18644-18644/com.nubo.test7 D/nubo.CameraManager: populateDeviceCamerasInfo. numberOfCameras: 4
2021-02-02 10:09:37.026 18644-18644/com.nubo.test7 D/nubo.CameraManager: populateDeviceCamerasInfo. mInitialized: true
2021-02-02 10:09:37.038 18644-18644/com.nubo.test7 D/PhoneWindow: forceLight changed to true [] from com.android.internal.policy.PhoneWindow.updateForceLightNavigationBar:4268 com.android.internal.policy.DecorView.updateColorViews:1494 com.android.internal.policy.PhoneWindow.dispatchWindowAttributesChanged:3246 android.view.Window.setFlags:1148 com.android.internal.policy.PhoneWindow.generateLayout:2474 
2021-02-02 10:09:37.038 18644-18644/com.nubo.test7 I/MultiWindowDecorSupport: updateCaptionType >> DecorView@31f21c7[], isFloating: false, isApplication: true, hasWindowDecorCaption: false, hasWindowControllerCallback: true
2021-02-02 10:09:37.038 18644-18644/com.nubo.test7 D/MultiWindowDecorSupport: setCaptionType = 0, DecorView = DecorView@31f21c7[]
2021-02-02 10:09:37.080 18644-18644/com.nubo.test7 E/nubo.NuboParams: getScreenScale: normal
2021-02-02 10:09:37.083 18644-18644/com.nubo.test7 E/nubo.NuboClientActivity: calcNavBarHeights. config_showNavigationBar: true, navigation_bar_height: 168
2021-02-02 10:09:37.083 18644-18644/com.nubo.test7 I/nubo.NuboClientActivity: calcNavBarHeights. mNavBarHeightLandscape: 0, mNavBarHeightPortrait: 168, mNavBarWidth: 168, mHasNavBar: true
2021-02-02 10:09:37.084 18644-18644/com.nubo.test7 I/nubo.NuboClientActivity: mHasNavBar: true, mNavBarHeightPortrait: 168, mNavBarHeightLandscape: 0, mNavBarWidth: 168, portraitWidth: 1440, portraitHeight: 2723, landscapeWidth: 2872, landscapeHeight: 1440
2021-02-02 10:09:37.084 18644-18644/com.nubo.test7 I/nubo.NuboClientActivity: After apply scale ratio. mHasNavBar: true, mNavBarHeightPortrait: 84, mNavBarHeightLandscape: 0, mNavBarWidth: 84, portraitWidth: 720, portraitHeight: 1361, landscapeWidth: 1436, landscapeHeight: 720
2021-02-02 10:09:37.094 18644-18644/com.nubo.test7 E/nubo.NuboParams: Cannot sync contacts. You should allow permission
2021-02-02 10:09:37.099 18644-19295/com.nubo.test7 I/System.out: (HTTPLog)-Static: isSBSettingEnabled false
2021-02-02 10:09:37.099 18644-19295/com.nubo.test7 I/System.out: (HTTPLog)-Static: isSBSettingEnabled false
2021-02-02 10:09:37.109 18644-18644/com.nubo.test7 D/Dialog: mIsSamsungBasicInteraction = false
2021-02-02 10:09:37.109 18644-18644/com.nubo.test7 D/Dialog: mIsSamsungBasicInteraction = false, isMetaDataInActivity = false
2021-02-02 10:09:37.112 18644-18644/com.nubo.test7 I/MultiWindowDecorSupport: updateCaptionType >> DecorView@24e4c9f[], isFloating: true, isApplication: true, hasWindowDecorCaption: false, hasWindowControllerCallback: false
2021-02-02 10:09:37.112 18644-18644/com.nubo.test7 D/MultiWindowDecorSupport: setCaptionType = 0, DecorView = DecorView@24e4c9f[]
2021-02-02 10:09:37.126 18644-18644/com.nubo.test7 D/ViewRootImpl@67d85d9[NuboClientActivity]: setView = com.android.internal.policy.DecorView@24e4c9f TM=true MM=false
2021-02-02 10:09:37.126 18644-18644/com.nubo.test7 D/nubo.Debugger: StartSession from onResume()
2021-02-02 10:09:37.128 18644-18644/com.nubo.test7 E/nubo.NuboClientActivity: nuboClientVersion: 2.8.64-nubo, NuboVersionCode: 387
2021-02-02 10:09:37.129 18644-18644/com.nubo.test7 E/nubo.NuboParams: getClientFrameRate: high
2021-02-02 10:09:37.129 18644-18644/com.nubo.test7 E/nubo.NuboClientActivity: Set fixed client frame rate: HIGH
2021-02-02 10:09:37.132 18644-21734/com.nubo.test7 I/System.out: (HTTPLog)-Static: isSBSettingEnabled false
2021-02-02 10:09:37.132 18644-21734/com.nubo.test7 I/System.out: (HTTPLog)-Static: isSBSettingEnabled false
2021-02-02 10:09:37.137 18644-18644/com.nubo.test7 D/SensorManager: registerListener :: 1, LSM6DSO Acceleration Sensor, 200000, 0,  
2021-02-02 10:09:37.158 18644-18644/com.nubo.test7 D/ViewRootImpl@a735b38[NuboClientActivity]: setView = com.android.internal.policy.DecorView@31f21c7 TM=true MM=false
2021-02-02 10:09:37.159 18644-18644/com.nubo.test7 D/ViewRootImpl@a2c1c0c[BiometricLogin]: MSG_WINDOW_FOCUS_CHANGED 0 1
2021-02-02 10:09:37.159 18644-18644/com.nubo.test7 D/InputMethodManager: prepareNavigationBarInfo() DecorView@92902b5[BiometricLogin]
2021-02-02 10:09:37.159 18644-18644/com.nubo.test7 D/InputMethodManager: getNavigationBarColor() -855310
2021-02-02 10:09:37.174 18644-18644/com.nubo.test7 D/ViewRootImpl@67d85d9[NuboClientActivity]: Relayout returned: old=(0,150,1440,2872) new=(282,1353,1157,1668) req=(875,315)0 dur=4 res=0x7 s={true 490254069760} ch=true
2021-02-02 10:09:37.174 18644-19155/com.nubo.test7 D/OpenGLRenderer: createReliableSurface : 0x729d804480(0x72256b7000)
2021-02-02 10:09:37.176 18644-19155/com.nubo.test7 I/mali_winsys: new_window_surface() [1099x539] return: 0x3000
2021-02-02 10:09:37.176 18644-18644/com.nubo.test7 E/DecorView: mWindow.mActivityCurrentConfig is null
2021-02-02 10:09:37.179 18644-19155/com.nubo.test7 D/OpenGLRenderer: makeCurrent EglSurface : 0x723a9cd780 -> 0x723ab9f480
2021-02-02 10:09:37.213 18644-18644/com.nubo.test7 D/ViewRootImpl@a735b38[NuboClientActivity]: Relayout returned: old=(0,0,1440,3040) new=(0,150,1440,3040) req=(1440,3040)0 dur=4 res=0x7 s={true 490255327232} ch=true
2021-02-02 10:09:37.214 18644-19155/com.nubo.test7 D/OpenGLRenderer: createReliableSurface : 0x732fd1dfc0(0x72257ea000)
2021-02-02 10:09:37.214 18644-19155/com.nubo.test7 I/mali_winsys: new_window_surface() [1440x2890] return: 0x3000
2021-02-02 10:09:37.239 18644-18644/com.nubo.test7 D/WallpaperManager: getScaledBitmap. scaleY: 2.2578125, scaleX: 0.703125, b.getHeight(): 1280, b.getWidth(): 2048, size[1]: 2890, size[0]: 1440
2021-02-02 10:09:37.302 18644-18644/com.nubo.test7 D/WallpaperManager: getScaledBitmap result: b.getHeight(): 2890, b.getWidth(): 4624
2021-02-02 10:09:37.304 18644-19155/com.nubo.test7 D/OpenGLRenderer: makeCurrent EglSurface : 0x723ab9f480 -> 0x723ab9f500
2021-02-02 10:09:37.335 18644-19155/com.nubo.test7 D/OpenGLRenderer: makeCurrent EglSurface : 0x723ab9f500 -> 0x723ab9f480
2021-02-02 10:09:37.336 18644-18644/com.nubo.test7 D/ViewRootImpl@67d85d9[NuboClientActivity]: MSG_WINDOW_FOCUS_CHANGED 1 1
2021-02-02 10:09:37.336 18644-18644/com.nubo.test7 D/InputMethodManager: prepareNavigationBarInfo() DecorView@24e4c9f[NuboClientActivity]
2021-02-02 10:09:37.336 18644-18644/com.nubo.test7 D/InputMethodManager: getNavigationBarColor() -855310
2021-02-02 10:09:37.337 18644-18644/com.nubo.test7 D/InputMethodManager: prepareNavigationBarInfo() DecorView@24e4c9f[NuboClientActivity]
2021-02-02 10:09:37.337 18644-18644/com.nubo.test7 D/InputMethodManager: getNavigationBarColor() -855310
2021-02-02 10:09:37.337 18644-18644/com.nubo.test7 V/InputMethodManager: Starting input: tba=com.nubo.test7 ic=null mNaviBarColor -855310 mIsGetNaviBarColorSuccess true , NavVisible : true , NavTrans : false
2021-02-02 10:09:37.337 18644-18644/com.nubo.test7 D/InputMethodManager: startInputInner - Id : 0
2021-02-02 10:09:37.337 18644-18644/com.nubo.test7 I/InputMethodManager: startInputInner - mService.startInputOrWindowGainedFocus
2021-02-02 10:09:37.355 18644-18644/com.nubo.test7 D/InputTransport: Input channel destroyed: 'ClientS', fd=90
2021-02-02 10:09:37.367 18644-18644/com.nubo.test7 D/ViewRootImpl@a5acc57[PopupWindow:77cd598]: setView = android.widget.PopupWindow$PopupDecorView@535b344 TM=true MM=false
2021-02-02 10:09:37.368 18644-18644/com.nubo.test7 D/ViewRootImpl@67d85d9[NuboClientActivity]: MSG_RESIZED_REPORT: frame=(282,1353,1157,1668) ci=(0,0,0,0) vi=(0,0,0,0) or=1
2021-02-02 10:09:37.368 18644-18644/com.nubo.test7 D/ViewRootImpl@a735b38[NuboClientActivity]: MSG_RESIZED: frame=(0,150,1440,3040) ci=(0,0,0,0) vi=(0,0,0,0) or=1
2021-02-02 10:09:37.377 18644-18644/com.nubo.test7 D/ViewRootImpl@a5acc57[PopupWindow:77cd598]: Relayout returned: old=(0,150,1440,2872) new=(0,150,0,3040) req=(0,2722)0 dur=8 res=0x7 s={true 490257420288} ch=true
2021-02-02 10:09:37.377 18644-19155/com.nubo.test7 D/OpenGLRenderer: createReliableSurface : 0x72256e80c0(0x72259e9000)
2021-02-02 10:09:37.378 18644-19155/com.nubo.test7 I/mali_winsys: new_window_surface() [1x2890] return: 0x3000
2021-02-02 10:09:37.379 18644-18644/com.nubo.test7 D/KeyboardHeightProvider: KeyboardHeightProvider. handleOnGlobalLayout. screenSize.y: 2723, rect.bottom: 3040, keyboardHeight: -317
2021-02-02 10:09:37.386 18644-18644/com.nubo.test7 D/ViewRootImpl@a5acc57[PopupWindow:77cd598]: MSG_RESIZED: frame=(0,150,0,3040) ci=(0,0,0,0) vi=(0,0,0,0) or=1
2021-02-02 10:09:37.401 18644-18644/com.nubo.test7 D/KeyboardHeightProvider: KeyboardHeightProvider. handleOnGlobalLayout. screenSize.y: 2723, rect.bottom: 3040, keyboardHeight: -317
2021-02-02 10:09:37.652 18644-19155/com.nubo.test7 D/OpenGLRenderer: destroyEglSurface : 0x723a9cd780
2021-02-02 10:09:37.652 18644-19155/com.nubo.test7 I/mali_egl: eglDestroySurface() in
2021-02-02 10:09:37.653 18644-19155/com.nubo.test7 I/mali_winsys: delete_surface() [1440x3040] return
2021-02-02 10:09:37.653 18644-19155/com.nubo.test7 I/mali_egl: eglDestroySurface() out
2021-02-02 10:09:37.653 18644-19155/com.nubo.test7 W/libEGL: EGLNativeWindowType 0x729d5b0510 disconnect failed
2021-02-02 10:09:37.654 18644-19155/com.nubo.test7 D/OpenGLRenderer: ~ReliableSurface : 0x729d5b0500
2021-02-02 10:09:37.663 18644-18644/com.nubo.test7 D/ViewRootImpl@a2c1c0c[BiometricLogin]: Relayout returned: old=(0,0,1440,3040) new=(0,0,1440,3040) req=(1440,3040)8 dur=8 res=0x5 s={false 0} ch=true
2021-02-02 10:09:37.665 18644-18644/com.nubo.test7 D/ViewRootImpl@a2c1c0c[BiometricLogin]: stopped(true) old=false
2021-02-02 10:09:37.963 18644-19276/com.nubo.test7 V/Toast: HIDE: android.widget.Toast$TN@8915da6
2021-02-02 10:09:37.963 18644-18644/com.nubo.test7 V/Toast: HANDLE HIDE: android.widget.Toast$TN@8915da6 mView=android.widget.LinearLayout{20a9783 V.E...... ........ 0,0-758,154}
2021-02-02 10:09:37.963 18644-18644/com.nubo.test7 V/Toast: REMOVE! android.widget.LinearLayout{20a9783 V.E...... ........ 0,0-758,154} in android.widget.Toast$TN@8915da6
2021-02-02 10:09:37.965 18644-19155/com.nubo.test7 D/OpenGLRenderer: destroyEglSurface : 0x72987e5480
2021-02-02 10:09:37.965 18644-19155/com.nubo.test7 I/mali_egl: eglDestroySurface() in
2021-02-02 10:09:37.967 18644-19155/com.nubo.test7 I/mali_winsys: delete_surface() [758x154] return
2021-02-02 10:09:37.967 18644-19155/com.nubo.test7 I/mali_egl: eglDestroySurface() out
2021-02-02 10:09:37.967 18644-19155/com.nubo.test7 W/libEGL: EGLNativeWindowType 0x729d802e10 disconnect failed
2021-02-02 10:09:37.967 18644-19155/com.nubo.test7 D/OpenGLRenderer: ~ReliableSurface : 0x729d802e00
2021-02-02 10:09:37.967 18644-18644/com.nubo.test7 D/ViewRootImpl@f30892c[Toast]: dispatchDetachedFromWindow
2021-02-02 10:09:37.981 18644-18644/com.nubo.test7 D/InputTransport: Input channel destroyed: '4a289f3', fd=78
2021-02-02 10:10:08.537 18644-18644/com.nubo.test7 D/InputMethodManager: prepareNavigationBarInfo() DecorView@24e4c9f[NuboClientActivity]
2021-02-02 10:10:08.537 18644-18644/com.nubo.test7 D/InputMethodManager: getNavigationBarColor() -855310
2021-02-02 10:10:08.537 18644-18644/com.nubo.test7 V/InputMethodManager: Starting input: tba=com.nubo.test7 ic=null mNaviBarColor -855310 mIsGetNaviBarColorSuccess true , NavVisible : true , NavTrans : false
2021-02-02 10:10:08.538 18644-18644/com.nubo.test7 D/InputMethodManager: startInputInner - Id : 0
2021-02-02 10:10:08.538 18644-18644/com.nubo.test7 I/InputMethodManager: startInputInner - mService.startInputOrWindowGainedFocus
2021-02-02 10:10:08.543 18644-18644/com.nubo.test7 D/InputTransport: Input channel destroyed: 'ClientS', fd=112
2021-02-02 10:10:08.953 18644-19155/com.nubo.test7 D/OpenGLRenderer: makeCurrent EglSurface : 0x723ab9f480 -> 0x0
2021-02-02 10:10:08.953 18644-19155/com.nubo.test7 D/OpenGLRenderer: destroyEglSurface : 0x723ab9f480
2021-02-02 10:10:08.953 18644-19155/com.nubo.test7 I/mali_egl: eglDestroySurface() in
2021-02-02 10:10:08.955 18644-19155/com.nubo.test7 I/mali_winsys: delete_surface() [1099x539] return
2021-02-02 10:10:08.955 18644-19155/com.nubo.test7 I/mali_egl: eglDestroySurface() out
2021-02-02 10:10:08.955 18644-19155/com.nubo.test7 W/libEGL: EGLNativeWindowType 0x729d804490 disconnect failed
2021-02-02 10:10:08.955 18644-19155/com.nubo.test7 D/OpenGLRenderer: ~ReliableSurface : 0x729d804480
2021-02-02 10:10:08.955 18644-18644/com.nubo.test7 D/ViewRootImpl@67d85d9[NuboClientActivity]: dispatchDetachedFromWindow
2021-02-02 10:10:08.976 18644-18644/com.nubo.test7 D/InputTransport: Input channel destroyed: 'de9a088', fd=93
2021-02-02 10:10:09.057 18644-18644/com.nubo.test7 E/nubo.NuboClientActivity: saveScreen. error top window not found
2021-02-02 10:10:09.059 18644-18644/com.nubo.test7 E/nubo.NuboClientActivity: closeSocketDuringPause: true
2021-02-02 10:10:09.067 18644-18644/com.nubo.test7 D/SensorManager: unregisterListener ::   
2021-02-02 10:10:09.081 18644-18644/com.nubo.test7 E/NuboSensorManager: disableProcessSensors. processId: -1
2021-02-02 10:10:09.113 18644-19295/com.nubo.test7 I/System.out: (HTTPLog)-Static: isSBSettingEnabled false
2021-02-02 10:10:09.113 18644-19295/com.nubo.test7 I/System.out: (HTTPLog)-Static: isSBSettingEnabled false
2021-02-02 10:10:09.116 18644-18644/com.nubo.test7 E/ViewRootImpl: sendUserActionEvent() mView returned.
2021-02-02 10:10:09.133 18644-18644/com.nubo.test7 D/ViewRootImpl@a735b38[NuboClientActivity]: MSG_WINDOW_FOCUS_CHANGED 1 1
2021-02-02 10:10:09.133 18644-18644/com.nubo.test7 D/InputMethodManager: prepareNavigationBarInfo() DecorView@31f21c7[NuboClientActivity]
2021-02-02 10:10:09.133 18644-18644/com.nubo.test7 D/InputMethodManager: getNavigationBarColor() -855310
2021-02-02 10:10:09.136 18644-18644/com.nubo.test7 D/InputMethodManager: prepareNavigationBarInfo() DecorView@31f21c7[NuboClientActivity]
2021-02-02 10:10:09.136 18644-18644/com.nubo.test7 D/InputMethodManager: getNavigationBarColor() -855310
2021-02-02 10:10:09.136 18644-18644/com.nubo.test7 V/InputMethodManager: Starting input: tba=com.nubo.test7 ic=null mNaviBarColor -855310 mIsGetNaviBarColorSuccess true , NavVisible : true , NavTrans : false
2021-02-02 10:10:09.137 18644-18644/com.nubo.test7 D/InputMethodManager: startInputInner - Id : 0
2021-02-02 10:10:09.137 18644-18644/com.nubo.test7 I/InputMethodManager: startInputInner - mService.startInputOrWindowGainedFocus
2021-02-02 10:10:09.141 18644-18644/com.nubo.test7 D/InputTransport: Input channel destroyed: 'ClientS', fd=78
2021-02-02 10:10:09.143 18644-18644/com.nubo.test7 D/ViewRootImpl@a735b38[NuboClientActivity]: stopped(true) old=false
2021-02-02 10:10:09.162 18644-18644/com.nubo.test7 D/ViewRootImpl@a5acc57[PopupWindow:77cd598]: stopped(true) old=false
2021-02-02 10:10:09.459 18644-19155/com.nubo.test7 D/OpenGLRenderer: destroyEglSurface : 0x723ab9fe80
2021-02-02 10:10:09.459 18644-19155/com.nubo.test7 I/mali_egl: eglDestroySurface() in
2021-02-02 10:10:09.460 18644-19155/com.nubo.test7 I/mali_winsys: delete_surface() [1x2890] return
2021-02-02 10:10:09.460 18644-19155/com.nubo.test7 I/mali_egl: eglDestroySurface() out
2021-02-02 10:10:09.461 18644-19155/com.nubo.test7 W/libEGL: EGLNativeWindowType 0x72256e80d0 disconnect failed
2021-02-02 10:10:09.461 18644-19155/com.nubo.test7 D/OpenGLRenderer: ~ReliableSurface : 0x72256e80c0
