2021-02-02 10:12:13.601 18644-22339/com.nubo.test7 D/nubo.NuboClientActivity: cmdcode: 8, bytesCount: 77, channelType: 0, processId: 9222
2021-02-02 10:12:13.601 18644-22339/com.nubo.test7 D/nubo.NuboClientActivity: cmdcode: 6, bytesCount: 111, channelType: 0, processId: 9222
2021-02-02 10:12:13.602 18644-22339/com.nubo.test7 D/nubo.NuboClientActivity: cmdcode: 8, bytesCount: 77, channelType: 0, processId: 9222
2021-02-02 10:12:13.602 18644-22339/com.nubo.test7 D/nubo.NuboClientActivity: cmdcode: 6, bytesCount: 102, channelType: 0, processId: 9222
2021-02-02 10:12:13.602 18644-22339/com.nubo.test7 D/nubo.NuboClientActivity: cmdcode: 8, bytesCount: 77, channelType: 0, processId: 9222
2021-02-02 10:12:13.603 18644-22339/com.nubo.test7 D/nubo.NuboClientActivity: cmdcode: 6, bytesCount: 102, channelType: 0, processId: 9222
2021-02-02 10:12:13.603 18644-22339/com.nubo.test7 D/nubo.NuboClientActivity: cmdcode: 8, bytesCount: 77, channelType: 0, processId: 9222
2021-02-02 10:12:13.603 18644-22339/com.nubo.test7 D/nubo.NuboClientActivity: cmdcode: 6, bytesCount: 111, channelType: 0, processId: 9222
2021-02-02 10:12:13.604 18644-22339/com.nubo.test7 D/nubo.NuboClientActivity: cmdcode: 8, bytesCount: 77, channelType: 0, processId: 9222
2021-02-02 10:12:13.604 18644-22339/com.nubo.test7 D/nubo.NuboClientActivity: cmdcode: 6, bytesCount: 111, channelType: 0, processId: 9222
2021-02-02 10:12:13.604 18644-22339/com.nubo.test7 D/nubo.NuboClientActivity: cmdcode: 8, bytesCount: 77, channelType: 0, processId: 9222
2021-02-02 10:12:13.605 18644-22339/com.nubo.test7 D/nubo.NuboClientActivity: cmdcode: 6, bytesCount: 102, channelType: 0, processId: 9222
2021-02-02 10:12:13.605 18644-22339/com.nubo.test7 D/nubo.NuboClientActivity: cmdcode: 8, bytesCount: 77, channelType: 0, processId: 9222
2021-02-02 10:12:13.605 18644-22339/com.nubo.test7 D/nubo.NuboClientActivity: cmdcode: 6, bytesCount: 102, channelType: 0, processId: 9222
2021-02-02 10:12:13.606 18644-22339/com.nubo.test7 D/nubo.NuboClientActivity: cmdcode: 22, bytesCount: 120, channelType: 0, processId: 9222
2021-02-02 10:12:13.606 18644-22339/com.nubo.test7 D/nubo.NuboClientActivity: cmdcode: 13, bytesCount: 109, channelType: 0, processId: 9222
2021-02-02 10:12:13.606 18644-22339/com.nubo.test7 D/nubo.NuboClientActivity: cmdcode: 15, bytesCount: 71, channelType: 0, processId: 9222
2021-02-02 10:12:13.607 18644-22339/com.nubo.test7 D/nubo.NuboClientActivity: cmdcode: 15, bytesCount: 71, channelType: 0, processId: 9222
2021-02-02 10:12:13.607 18644-22339/com.nubo.test7 D/nubo.NuboClientActivity: cmdcode: 8, bytesCount: 77, channelType: 0, processId: 9222
2021-02-02 10:12:13.607 18644-22339/com.nubo.test7 D/nubo.NuboClientActivity: cmdcode: 6, bytesCount: 109, channelType: 0, processId: 9222
2021-02-02 10:12:13.607 18644-22339/com.nubo.test7 D/nubo.NuboClientActivity: cmdcode: 8, bytesCount: 77, channelType: 0, processId: 9222
2021-02-02 10:12:13.608 18644-22339/com.nubo.test7 D/nubo.NuboClientActivity: cmdcode: 6, bytesCount: 112, channelType: 0, processId: 9222
2021-02-02 10:12:13.608 18644-22339/com.nubo.test7 D/nubo.NuboClientActivity: cmdcode: 8, bytesCount: 77, channelType: 0, processId: 9222
2021-02-02 10:12:13.608 18644-22339/com.nubo.test7 D/nubo.NuboClientActivity: cmdcode: 6, bytesCount: 110, channelType: 0, processId: 9222
2021-02-02 10:12:13.608 18644-22339/com.nubo.test7 D/nubo.NuboClientActivity: cmdcode: 101, bytesCount: 13, channelType: 0, processId: 9222
2021-02-02 10:12:13.628 18644-22339/com.nubo.test7 D/nubo.NuboClientActivity: cmdcode: 105, bytesCount: 13, channelType: 0, processId: 9222
2021-02-02 10:12:13.629 18644-22339/com.nubo.test7 E/nubo.Debugger: Hide window. wndId=148518344
2021-02-02 10:12:14.159 18644-19155/com.nubo.test7 D/OpenGLRenderer: makeCurrent EglSurface : 0x723add2080 -> 0x0
2021-02-02 10:12:14.159 18644-19155/com.nubo.test7 D/OpenGLRenderer: destroyEglSurface : 0x723add2080
2021-02-02 10:12:14.159 18644-19155/com.nubo.test7 I/mali_egl: eglDestroySurface() in
2021-02-02 10:12:14.161 18644-19155/com.nubo.test7 I/mali_winsys: delete_surface() [1440x2890] return
2021-02-02 10:12:14.161 18644-19155/com.nubo.test7 I/mali_egl: eglDestroySurface() out
2021-02-02 10:12:14.162 18644-19155/com.nubo.test7 W/libEGL: EGLNativeWindowType 0x729d801c90 disconnect failed
2021-02-02 10:12:14.162 18644-19155/com.nubo.test7 D/OpenGLRenderer: ~ReliableSurface : 0x729d801c80
2021-02-02 10:12:14.174 18644-18644/com.nubo.test7 D/ViewRootImpl@83bd402[NuboClientActivity]: Relayout returned: old=(0,150,1440,3040) new=(0,150,1440,3040) req=(1440,2890)8 dur=11 res=0x5 s={false 0} ch=true
2021-02-02 10:12:14.174 18644-18644/com.nubo.test7 D/ViewRootImpl@e2b4910[NuboClientActivity]: MSG_WINDOW_FOCUS_CHANGED 1 1
2021-02-02 10:12:14.174 18644-18644/com.nubo.test7 D/InputMethodManager: prepareNavigationBarInfo() DecorView@4569a4d[NuboClientActivity]
2021-02-02 10:12:14.175 18644-18644/com.nubo.test7 D/InputMethodManager: getNavigationBarColor() -855310
2021-02-02 10:12:14.176 18644-18644/com.nubo.test7 D/InputMethodManager: prepareNavigationBarInfo() DecorView@4569a4d[NuboClientActivity]
2021-02-02 10:12:14.176 18644-18644/com.nubo.test7 D/InputMethodManager: getNavigationBarColor() -855310
2021-02-02 10:12:14.176 18644-18644/com.nubo.test7 V/InputMethodManager: Starting input: tba=com.nubo.test7 ic=null mNaviBarColor -855310 mIsGetNaviBarColorSuccess true , NavVisible : true , NavTrans : false
2021-02-02 10:12:14.176 18644-18644/com.nubo.test7 D/InputMethodManager: startInputInner - Id : 0
2021-02-02 10:12:14.177 18644-18644/com.nubo.test7 I/InputMethodManager: startInputInner - mService.startInputOrWindowGainedFocus
2021-02-02 10:12:14.179 18644-18644/com.nubo.test7 D/InputTransport: Input channel destroyed: 'ClientS', fd=109
2021-02-02 10:12:14.179 18644-18644/com.nubo.test7 D/ViewRootImpl@83bd402[NuboClientActivity]: MSG_WINDOW_FOCUS_CHANGED 0 1
2021-02-02 10:12:14.179 18644-18644/com.nubo.test7 D/InputMethodManager: prepareNavigationBarInfo() DecorView@e4a18ce[NuboClientActivity]
2021-02-02 10:12:14.179 18644-18644/com.nubo.test7 D/InputMethodManager: getNavigationBarColor() -855310
2021-02-02 10:12:14.355 18644-22339/com.nubo.test7 D/nubo.NuboClientActivity: cmdcode: 29, bytesCount: 43, channelType: 0, processId: 10014
2021-02-02 10:12:14.356 18644-22339/com.nubo.test7 D/nubo.NuboClientActivity: cmdcode: 83, bytesCount: 65, channelType: 0, processId: 10014
2021-02-02 10:12:14.357 18644-22339/com.nubo.test7 D/nubo.NuboClientActivity: cmdcode: 29, bytesCount: 43, channelType: 0, processId: 10014
2021-02-02 10:12:14.358 18644-22339/com.nubo.test7 D/nubo.NuboClientActivity: cmdcode: 125, bytesCount: 17, channelType: 0, processId: 10014
2021-02-02 10:12:14.358 18644-22339/com.nubo.test7 D/nubo.NuboClientActivity: cmdcode: 102, bytesCount: 27, channelType: 0, processId: 10014
2021-02-02 10:12:14.358 18644-22339/com.nubo.test7 D/nubo.NuboClientActivity: Push window. ACTIVITY wndId=237349902, containerType: 1
2021-02-02 10:12:14.360 18644-18644/com.nubo.test7 D/Dialog: mIsSamsungBasicInteraction = false
2021-02-02 10:12:14.360 18644-18644/com.nubo.test7 D/Dialog: mIsSamsungBasicInteraction = false, isMetaDataInActivity = false
2021-02-02 10:12:14.370 18644-18644/com.nubo.test7 D/PhoneWindow: forceLight changed to true [] from com.android.internal.policy.PhoneWindow.updateForceLightNavigationBar:4268 com.android.internal.policy.DecorView.updateColorViews:1494 com.android.internal.policy.PhoneWindow.dispatchWindowAttributesChanged:3246 android.view.Window.setFlags:1148 com.android.internal.policy.PhoneWindow.generateLayout:2474 
2021-02-02 10:12:14.371 18644-18644/com.nubo.test7 I/MultiWindowDecorSupport: updateCaptionType >> DecorView@69194f3[], isFloating: false, isApplication: true, hasWindowDecorCaption: false, hasWindowControllerCallback: false
2021-02-02 10:12:14.371 18644-18644/com.nubo.test7 D/MultiWindowDecorSupport: setCaptionType = 0, DecorView = DecorView@69194f3[]
2021-02-02 10:12:14.375 18644-18644/com.nubo.test7 D/nubo.WindowsStack: addWindowForActivityDialog. Add task that is on top
2021-02-02 10:12:14.376 18644-22339/com.nubo.test7 D/nubo.Debugger: PushWindow succeeded. processId=10014, wndId=237349902, nuboWndId=21673519, containerType: 1
2021-02-02 10:12:14.390 18644-18644/com.nubo.test7 D/ViewRootImpl@6a68d4f[NuboClientActivity]: setView = com.android.internal.policy.DecorView@69194f3 TM=true MM=false
2021-02-02 10:12:14.390 18644-22339/com.nubo.test7 D/nubo.NuboClientActivity: cmdcode: 120, bytesCount: 14, channelType: 0, processId: 10014
2021-02-02 10:12:14.391 18644-22339/com.nubo.test7 D/nubo.NuboClientActivity: cmdcode: 102, bytesCount: 27, channelType: 0, processId: 10014
2021-02-02 10:12:14.392 18644-22339/com.nubo.test7 V/nubo.NuboClientActivity: Window already exists
2021-02-02 10:12:14.392 18644-22339/com.nubo.test7 D/nubo.NuboClientActivity: cmdcode: 104, bytesCount: 14, channelType: 0, processId: 10014
2021-02-02 10:12:14.393 18644-22339/com.nubo.test7 V/nubo.NuboClientActivity: ShowWindow PACKAGENAME=com.android.chrome, wndId: 237349902
2021-02-02 10:12:14.418 18644-18644/com.nubo.test7 D/ViewRootImpl@6a68d4f[NuboClientActivity]: Relayout returned: old=(0,0,1440,3040) new=(0,150,1440,3040) req=(1440,3040)8 dur=21 res=0x1 s={false 0} ch=false
2021-02-02 10:12:14.443 18644-18644/com.nubo.test7 D/ViewRootImpl@ec77ac8[PopupWindow:92b91e5]: setView = android.widget.PopupWindow$PopupDecorView@1086761 TM=true MM=false
2021-02-02 10:12:14.443 18644-18644/com.nubo.test7 D/nubo.NuboClientActivity: mLayoutVisible PanelDialog: com.nubo.windows.PanelDialog@619c286
2021-02-02 10:12:14.444 18644-18644/com.nubo.test7 D/nubo.MenuBarManager: re-add menu to new parent view
2021-02-02 10:12:14.445 18644-18644/com.nubo.test7 D/nubo.MenuBarManager: add status bar to new parent view
2021-02-02 10:12:14.459 18644-22339/com.nubo.test7 D/nubo.NuboClientActivity: cmdcode: 72, bytesCount: 46, channelType: 0, processId: 10014
2021-02-02 10:12:14.474 18644-18644/com.nubo.test7 D/ViewRootImpl@6a68d4f[NuboClientActivity]: Relayout returned: old=(0,150,1440,3040) new=(0,150,1440,3040) req=(1440,2890)0 dur=14 res=0x7 s={true 492185018368} ch=true
2021-02-02 10:12:14.476 18644-18644/com.nubo.test7 I/MultiWindowDecorSupport: updateCaptionType >> DecorView@69194f3[NuboClientActivity], isFloating: false, isApplication: true, hasWindowDecorCaption: false, hasWindowControllerCallback: false
2021-02-02 10:12:14.476 18644-18644/com.nubo.test7 D/MultiWindowDecorSupport: setCaptionType = 0, DecorView = DecorView@69194f3[NuboClientActivity]
2021-02-02 10:12:14.476 18644-19155/com.nubo.test7 D/OpenGLRenderer: createReliableSurface : 0x729d801c80(0x7298836000)
2021-02-02 10:12:14.478 18644-19155/com.nubo.test7 I/mali_winsys: new_window_surface() [1440x2890] return: 0x3000
2021-02-02 10:12:14.479 18644-18644/com.nubo.test7 E/DecorView: mWindow.mActivityCurrentConfig is null
2021-02-02 10:12:14.479 18644-18644/com.nubo.test7 D/nubo.Debugger: onSurfaceTextureAvailable. surface=android.graphics.SurfaceTexture@115bc34
2021-02-02 10:12:14.486 18644-19155/com.nubo.test7 D/OpenGLRenderer: makeCurrent EglSurface : 0x0 -> 0x723add2080
2021-02-02 10:12:14.505 18644-18644/com.nubo.test7 D/ViewRootImpl@ec77ac8[PopupWindow:92b91e5]: Relayout returned: old=(0,150,1440,2872) new=(0,150,0,2872) req=(0,2722)0 dur=10 res=0x7 s={true 490611953664} ch=true
2021-02-02 10:12:14.505 18644-19155/com.nubo.test7 D/OpenGLRenderer: createReliableSurface : 0x72256e7300(0x723ac05000)
2021-02-02 10:12:14.506 18644-19155/com.nubo.test7 I/mali_winsys: new_window_surface() [1x2722] return: 0x3000
2021-02-02 10:12:14.507 18644-18644/com.nubo.test7 D/KeyboardHeightProvider: KeyboardHeightProvider. handleOnGlobalLayout. screenSize.y: 2723, rect.bottom: 2872, keyboardHeight: -149
2021-02-02 10:12:14.519 18644-18644/com.nubo.test7 D/nubo.SurfaceManager: createNewSurface. isTop: false, surfaceType: 0
2021-02-02 10:12:14.520 18644-18644/com.nubo.test7 D/SurfaceView: onWindowVisibilityChanged(0) true com.nubo.views.surface.NuboSurfaceView{9d12a5d V.E...... ......I. 0,0-0,0} of ViewRootImpl@6a68d4f[NuboClientActivity]
2021-02-02 10:12:14.521 18644-22339/com.nubo.test7 D/nubo.NuboClientActivity: cmdcode: 1, bytesCount: 30, channelType: 0, processId: 10014
2021-02-02 10:12:14.521 18644-22339/com.nubo.test7 D/nubo.NuboClientActivity: cmdcode: 16, bytesCount: 36, channelType: 0, processId: 10014
2021-02-02 10:12:14.522 18644-22339/com.nubo.test7 D/nubo.NuboClientActivity: cmdcode: 2, bytesCount: 37, channelType: 0, processId: 10014
2021-02-02 10:12:14.522 18644-22339/com.nubo.test7 D/nubo.NuboClientActivity: cmdcode: 7, bytesCount: 62, channelType: 0, processId: 10014
2021-02-02 10:12:14.523 18644-22339/com.nubo.test7 I/chatty: uid=10300(com.nubo.test7) Thread-26 identical 1 line
2021-02-02 10:12:14.524 18644-22339/com.nubo.test7 D/nubo.NuboClientActivity: cmdcode: 7, bytesCount: 62, channelType: 0, processId: 10014
2021-02-02 10:12:14.524 18644-22339/com.nubo.test7 D/nubo.NuboClientActivity: cmdcode: 14, bytesCount: 74, channelType: 0, processId: 10014
2021-02-02 10:12:14.525 18644-22339/com.nubo.test7 D/nubo.NuboClientActivity: cmdcode: 8, bytesCount: 1081, channelType: 0, processId: 10014
2021-02-02 10:12:14.526 18644-22339/com.nubo.test7 D/nubo.NuboClientActivity: cmdcode: 5, bytesCount: 116, channelType: 0, processId: 10014
2021-02-02 10:12:14.528 18644-22339/com.nubo.test7 D/nubo.NuboClientActivity: cmdcode: 8, bytesCount: 716, channelType: 0, processId: 10014
2021-02-02 10:12:14.529 18644-22339/com.nubo.test7 D/nubo.NuboClientActivity: cmdcode: 8, bytesCount: 602, channelType: 0, processId: 10014
2021-02-02 10:12:14.530 18644-22339/com.nubo.test7 D/nubo.NuboClientActivity: cmdcode: 8, bytesCount: 226, channelType: 0, processId: 10014
2021-02-02 10:12:14.531 18644-22339/com.nubo.test7 D/nubo.NuboClientActivity: cmdcode: 101, bytesCount: 13, channelType: 0, processId: 10014
2021-02-02 10:12:14.545 18644-22339/com.nubo.test7 D/nubo.NuboClientActivity: cmdcode: 1, bytesCount: 30, channelType: 0, processId: 10014
2021-02-02 10:12:14.545 18644-22339/com.nubo.test7 D/nubo.NuboClientActivity: cmdcode: 16, bytesCount: 36, channelType: 0, processId: 10014
2021-02-02 10:12:14.546 18644-22339/com.nubo.test7 D/nubo.NuboClientActivity: cmdcode: 2, bytesCount: 37, channelType: 0, processId: 10014
2021-02-02 10:12:14.546 18644-22339/com.nubo.test7 D/nubo.NuboClientActivity: cmdcode: 7, bytesCount: 62, channelType: 0, processId: 10014
2021-02-02 10:12:14.546 18644-22339/com.nubo.test7 D/nubo.NuboClientActivity: cmdcode: 7, bytesCount: 62, channelType: 0, processId: 10014
2021-02-02 10:12:14.547 18644-22339/com.nubo.test7 D/nubo.NuboClientActivity: cmdcode: 7, bytesCount: 62, channelType: 0, processId: 10014
2021-02-02 10:12:14.547 18644-22339/com.nubo.test7 D/nubo.NuboClientActivity: cmdcode: 14, bytesCount: 74, channelType: 0, processId: 10014
2021-02-02 10:12:14.548 18644-22339/com.nubo.test7 D/nubo.NuboClientActivity: cmdcode: 8, bytesCount: 81, channelType: 0, processId: 10014
2021-02-02 10:12:14.548 18644-22339/com.nubo.test7 D/nubo.NuboClientActivity: cmdcode: 5, bytesCount: 84, channelType: 0, processId: 10014
2021-02-02 10:12:14.549 18644-22339/com.nubo.test7 D/nubo.NuboClientActivity: cmdcode: 8, bytesCount: 81, channelType: 0, processId: 10014
2021-02-02 10:12:14.549 18644-22339/com.nubo.test7 D/nubo.NuboClientActivity: cmdcode: 8, bytesCount: 81, channelType: 0, processId: 10014
2021-02-02 10:12:14.549 18644-22339/com.nubo.test7 D/nubo.NuboClientActivity: cmdcode: 8, bytesCount: 73, channelType: 0, processId: 10014
2021-02-02 10:12:14.550 18644-22339/com.nubo.test7 D/nubo.NuboClientActivity: cmdcode: 101, bytesCount: 13, channelType: 0, processId: 10014
2021-02-02 10:12:14.550 18644-18644/com.nubo.test7 D/ViewRootImpl@6a68d4f[NuboClientActivity]: Relayout returned: old=(0,150,1440,3040) new=(0,150,1440,3040) req=(1440,2890)0 dur=29 res=0x1 s={true 492185018368} ch=false
2021-02-02 10:12:14.550 18644-19155/com.nubo.test7 D/OpenGLRenderer: createReliableSurface : 0x732fd1dfc0(0x7298836000)
2021-02-02 10:12:14.551 18644-18644/com.nubo.test7 E/DecorView: mWindow.mActivityCurrentConfig is null
2021-02-02 10:12:14.552 18644-19155/com.nubo.test7 D/OpenGLRenderer: makeCurrent EglSurface : 0x723add2080 -> 0x0
2021-02-02 10:12:14.552 18644-19155/com.nubo.test7 D/OpenGLRenderer: destroyEglSurface : 0x723add2080
2021-02-02 10:12:14.552 18644-19155/com.nubo.test7 I/mali_egl: eglDestroySurface() in
2021-02-02 10:12:14.554 18644-19155/com.nubo.test7 I/mali_winsys: delete_surface() [1440x2890] return
2021-02-02 10:12:14.554 18644-19155/com.nubo.test7 I/mali_egl: eglDestroySurface() out
2021-02-02 10:12:14.554 18644-19155/com.nubo.test7 W/libEGL: EGLNativeWindowType 0x729d801c90 disconnect failed
2021-02-02 10:12:14.554 18644-19155/com.nubo.test7 D/OpenGLRenderer: ~ReliableSurface : 0x729d801c80
2021-02-02 10:12:14.555 18644-19155/com.nubo.test7 I/mali_winsys: new_window_surface() [1440x2890] return: 0x3000
2021-02-02 10:12:14.556 18644-19155/com.nubo.test7 D/OpenGLRenderer: makeCurrent EglSurface : 0x0 -> 0x723add2080
2021-02-02 10:12:14.556 18644-18644/com.nubo.test7 D/ViewRootImpl@6a68d4f[NuboClientActivity]: MSG_WINDOW_FOCUS_CHANGED 1 1
2021-02-02 10:12:14.556 18644-18644/com.nubo.test7 D/InputMethodManager: prepareNavigationBarInfo() DecorView@69194f3[NuboClientActivity]
2021-02-02 10:12:14.556 18644-18644/com.nubo.test7 D/InputMethodManager: getNavigationBarColor() -855310
2021-02-02 10:12:14.557 18644-18644/com.nubo.test7 D/InputMethodManager: prepareNavigationBarInfo() DecorView@69194f3[NuboClientActivity]
2021-02-02 10:12:14.557 18644-18644/com.nubo.test7 D/InputMethodManager: getNavigationBarColor() -855310
2021-02-02 10:12:14.557 18644-18644/com.nubo.test7 V/InputMethodManager: Starting input: tba=com.nubo.test7 ic=null mNaviBarColor -855310 mIsGetNaviBarColorSuccess true , NavVisible : true , NavTrans : false
2021-02-02 10:12:14.557 18644-18644/com.nubo.test7 D/InputMethodManager: startInputInner - Id : 0
2021-02-02 10:12:14.557 18644-18644/com.nubo.test7 I/InputMethodManager: startInputInner - mService.startInputOrWindowGainedFocus
2021-02-02 10:12:14.560 18644-18644/com.nubo.test7 D/InputTransport: Input channel destroyed: 'ClientS', fd=90
2021-02-02 10:12:14.561 18644-18644/com.nubo.test7 D/ViewRootImpl@6a68d4f[NuboClientActivity]: MSG_RESIZED_REPORT: frame=(0,150,1440,3040) ci=(0,0,0,168) vi=(0,0,0,168) or=1
2021-02-02 10:12:14.561 18644-18644/com.nubo.test7 D/ViewRootImpl@ec77ac8[PopupWindow:92b91e5]: MSG_RESIZED: frame=(0,150,0,2872) ci=(0,0,0,0) vi=(0,0,0,0) or=1
2021-02-02 10:12:14.561 18644-22339/com.nubo.test7 D/nubo.NuboClientActivity: cmdcode: 29, bytesCount: 45, channelType: 0, processId: 9130
2021-02-02 10:12:14.562 18644-22339/com.nubo.test7 D/nubo.NuboClientActivity: cmdcode: 121, bytesCount: 13, channelType: 0, processId: 9130
2021-02-02 10:12:14.562 18644-22339/com.nubo.test7 E/nubo.NuboClientActivity: clearProcessCacheAck. processId: 9130
2021-02-02 10:12:14.562 18644-22339/com.nubo.test7 D/nubo.NuboClientActivity: cmdcode: 123, bytesCount: 21, channelType: 0, processId: -1
2021-02-02 10:12:14.575 18644-18644/com.nubo.test7 D/KeyboardHeightProvider: KeyboardHeightProvider. handleOnGlobalLayout. screenSize.y: 2723, rect.bottom: 2872, keyboardHeight: -149
2021-02-02 10:12:14.576 18644-18644/com.nubo.test7 D/ViewRootImpl@e2b4910[NuboClientActivity]: MSG_WINDOW_FOCUS_CHANGED 0 1
2021-02-02 10:12:14.576 18644-18644/com.nubo.test7 D/InputMethodManager: prepareNavigationBarInfo() DecorView@4569a4d[NuboClientActivity]
2021-02-02 10:12:14.576 18644-18644/com.nubo.test7 D/InputMethodManager: getNavigationBarColor() -855310
2021-02-02 10:12:14.577 18644-18644/com.nubo.test7 D/InputMethodManager: prepareNavigationBarInfo() DecorView@69194f3[NuboClientActivity]
2021-02-02 10:12:14.577 18644-18644/com.nubo.test7 D/InputMethodManager: getNavigationBarColor() -855310
2021-02-02 10:12:14.577 18644-18644/com.nubo.test7 V/InputMethodManager: Starting input: tba=com.nubo.test7 ic=com.nubo.views.TextureViewPanel$NuboInputConnection@2e2ebff mNaviBarColor -855310 mIsGetNaviBarColorSuccess true , NavVisible : true , NavTrans : false
2021-02-02 10:12:14.577 18644-18644/com.nubo.test7 D/InputMethodManager: startInputInner - Id : 0
2021-02-02 10:12:14.577 18644-18644/com.nubo.test7 I/InputMethodManager: startInputInner - mService.startInputOrWindowGainedFocus
2021-02-02 10:12:14.580 18644-18644/com.nubo.test7 D/InputTransport: Input channel destroyed: 'ClientS', fd=112
2021-02-02 10:12:15.185 18644-22339/com.nubo.test7 D/nubo.NuboClientActivity: cmdcode: 109, bytesCount: 13, channelType: 0, processId: 9321
2021-02-02 10:12:15.186 18644-22339/com.nubo.test7 V/NuboOpenGLUtils: endGLThreadsForProcess: 9321
2021-02-02 10:12:15.187 18644-22339/com.nubo.test7 E/NuboOpenGLUtils: No GL threads found for process: 9321
2021-02-02 10:12:15.188 18644-22339/com.nubo.test7 E/NuboSensorManager: disableProcessSensors. processId: 9321
2021-02-02 10:12:15.356 18644-22339/com.nubo.test7 D/nubo.NuboClientActivity: cmdcode: 72, bytesCount: 46, channelType: 0, processId: 10014
2021-02-02 10:12:15.358 18644-18644/com.nubo.test7 V/nubo.SurfaceManager: Changing dimensions to 1440,  height
2021-02-02 10:12:15.378 18644-18644/com.nubo.test7 D/SurfaceView: surfaceCreated 1 #8 com.nubo.views.surface.NuboSurfaceView{9d12a5d V.E...... ......ID 0,0-1440,2722}
2021-02-02 10:12:15.378 18644-18644/com.nubo.test7 V/nubo.NuboSurfaceView: dbg_surface surfaceCreated -258023424 real surface=Surface(name=null)/@0x4c05dcc, mIsAttached: false
2021-02-02 10:12:15.380 18644-18644/com.nubo.test7 D/SurfaceView: surfaceChanged (1440,2722) 1 #8 com.nubo.views.surface.NuboSurfaceView{9d12a5d V.E...... ......ID 0,0-1440,2722}
2021-02-02 10:12:15.380 18644-18644/com.nubo.test7 D/nubo.NuboSurfaceView: dbg_surface surfaceChanged width=720, height=1361
2021-02-02 10:12:15.382 18644-18644/com.nubo.test7 E/DecorView: mWindow.mActivityCurrentConfig is null
2021-02-02 10:12:15.454 18644-22339/com.nubo.test7 D/nubo.NuboClientActivity: cmdcode: 123, bytesCount: 21, channelType: 0, processId: -1
2021-02-02 10:12:15.457 18644-22339/com.nubo.test7 D/nubo.NuboClientActivity: cmdcode: 72, bytesCount: 46, channelType: 0, processId: 10014
2021-02-02 10:12:15.459 18644-18644/com.nubo.test7 V/nubo.SurfaceManager: Changing dimensions to 1440,  height
2021-02-02 10:12:15.460 18644-22339/com.nubo.test7 D/nubo.NuboClientActivity: cmdcode: 1, bytesCount: 30, channelType: 0, processId: 10014
2021-02-02 10:12:15.461 18644-22339/com.nubo.test7 D/nubo.NuboClientActivity: cmdcode: 16, bytesCount: 36, channelType: 0, processId: 10014
2021-02-02 10:12:15.462 18644-22339/com.nubo.test7 D/nubo.NuboClientActivity: cmdcode: 2, bytesCount: 37, channelType: 0, processId: 10014
2021-02-02 10:12:15.464 18644-22339/com.nubo.test7 D/nubo.NuboClientActivity: cmdcode: 7, bytesCount: 62, channelType: 0, processId: 10014
2021-02-02 10:12:15.466 18644-22339/com.nubo.test7 D/nubo.NuboClientActivity: cmdcode: 7, bytesCount: 62, channelType: 0, processId: 10014
2021-02-02 10:12:15.469 18644-22339/com.nubo.test7 D/nubo.NuboClientActivity: cmdcode: 72, bytesCount: 46, channelType: 0, processId: 10014
2021-02-02 10:12:15.471 18644-18644/com.nubo.test7 V/nubo.SurfaceManager: Changing dimensions to 1440,  height
2021-02-02 10:12:15.471 18644-22339/com.nubo.test7 D/nubo.NuboClientActivity: cmdcode: 2, bytesCount: 37, channelType: 0, processId: 10014
2021-02-02 10:12:15.473 18644-22339/com.nubo.test7 D/nubo.NuboClientActivity: cmdcode: 7, bytesCount: 62, channelType: 0, processId: 10014
2021-02-02 10:12:15.475 18644-22339/com.nubo.test7 D/nubo.NuboClientActivity: cmdcode: 7, bytesCount: 62, channelType: 0, processId: 10014
2021-02-02 10:12:15.477 18644-22339/com.nubo.test7 D/nubo.NuboClientActivity: cmdcode: 8, bytesCount: 715, channelType: 0, processId: 10014
2021-02-02 10:12:15.479 18644-22339/com.nubo.test7 D/nubo.NuboClientActivity: cmdcode: 14, bytesCount: 74, channelType: 0, processId: 10014
2021-02-02 10:12:15.481 18644-22339/com.nubo.test7 D/nubo.NuboClientActivity: cmdcode: 8, bytesCount: 81, channelType: 0, processId: 10014
2021-02-02 10:12:15.482 18644-22339/com.nubo.test7 D/nubo.NuboClientActivity: cmdcode: 17, bytesCount: 111, channelType: 0, processId: 10014
2021-02-02 10:12:15.484 18644-22339/com.nubo.test7 D/nubo.NuboClientActivity: cmdcode: 17, bytesCount: 118, channelType: 0, processId: 10014
2021-02-02 10:12:15.486 18644-22339/com.nubo.test7 D/nubo.NuboClientActivity: cmdcode: 8, bytesCount: 81, channelType: 0, processId: 10014
2021-02-02 10:12:15.487 18644-22339/com.nubo.test7 D/nubo.NuboClientActivity: cmdcode: 8, bytesCount: 81, channelType: 0, processId: 10014
2021-02-02 10:12:15.489 18644-22339/com.nubo.test7 D/nubo.NuboClientActivity: cmdcode: 8, bytesCount: 73, channelType: 0, processId: 10014
2021-02-02 10:12:15.491 18644-22339/com.nubo.test7 D/nubo.NuboClientActivity: cmdcode: 7, bytesCount: 66, channelType: 0, processId: 10014
2021-02-02 10:12:15.492 18644-22339/com.nubo.test7 D/nubo.NuboClientActivity: cmdcode: 7, bytesCount: 66, channelType: 0, processId: 10014
2021-02-02 10:12:15.493 18644-22339/com.nubo.test7 D/nubo.NuboClientActivity: cmdcode: 101, bytesCount: 13, channelType: 0, processId: 10014
2021-02-02 10:12:15.520 18644-18644/com.nubo.test7 E/DecorView: mWindow.mActivityCurrentConfig is null
2021-02-02 10:12:15.527 18644-22339/com.nubo.test7 D/nubo.NuboClientActivity: cmdcode: 1, bytesCount: 30, channelType: 0, processId: 10014
2021-02-02 10:12:15.528 18644-22339/com.nubo.test7 D/nubo.NuboClientActivity: cmdcode: 16, bytesCount: 36, channelType: 0, processId: 10014
2021-02-02 10:12:15.529 18644-22339/com.nubo.test7 D/nubo.NuboClientActivity: cmdcode: 2, bytesCount: 37, channelType: 0, processId: 10014
2021-02-02 10:12:15.530 18644-22339/com.nubo.test7 D/nubo.NuboClientActivity: cmdcode: 7, bytesCount: 62, channelType: 0, processId: 10014
2021-02-02 10:12:15.531 18644-22339/com.nubo.test7 D/nubo.NuboClientActivity: cmdcode: 7, bytesCount: 62, channelType: 0, processId: 10014
2021-02-02 10:12:15.532 18644-22339/com.nubo.test7 D/nubo.NuboClientActivity: cmdcode: 2, bytesCount: 37, channelType: 0, processId: 10014
2021-02-02 10:12:15.532 18644-22339/com.nubo.test7 D/nubo.NuboClientActivity: cmdcode: 7, bytesCount: 62, channelType: 0, processId: 10014
2021-02-02 10:12:15.533 18644-22339/com.nubo.test7 D/nubo.NuboClientActivity: cmdcode: 7, bytesCount: 62, channelType: 0, processId: 10014
2021-02-02 10:12:15.534 18644-22339/com.nubo.test7 D/nubo.NuboClientActivity: cmdcode: 8, bytesCount: 81, channelType: 0, processId: 10014
2021-02-02 10:12:15.536 18644-22339/com.nubo.test7 D/nubo.NuboClientActivity: cmdcode: 14, bytesCount: 74, channelType: 0, processId: 10014
2021-02-02 10:12:15.537 18644-22339/com.nubo.test7 D/nubo.NuboClientActivity: cmdcode: 8, bytesCount: 81, channelType: 0, processId: 10014
2021-02-02 10:12:15.538 18644-22339/com.nubo.test7 D/nubo.NuboClientActivity: cmdcode: 17, bytesCount: 92, channelType: 0, processId: 10014
2021-02-02 10:12:15.539 18644-22339/com.nubo.test7 D/nubo.NuboClientActivity: cmdcode: 17, bytesCount: 92, channelType: 0, processId: 10014
2021-02-02 10:12:15.541 18644-22339/com.nubo.test7 D/nubo.NuboClientActivity: cmdcode: 8, bytesCount: 81, channelType: 0, processId: 10014
2021-02-02 10:12:15.542 18644-22339/com.nubo.test7 D/nubo.NuboClientActivity: cmdcode: 8, bytesCount: 81, channelType: 0, processId: 10014
2021-02-02 10:12:15.543 18644-22339/com.nubo.test7 D/nubo.NuboClientActivity: cmdcode: 8, bytesCount: 73, channelType: 0, processId: 10014
2021-02-02 10:12:15.544 18644-22339/com.nubo.test7 D/nubo.NuboClientActivity: cmdcode: 7, bytesCount: 66, channelType: 0, processId: 10014
2021-02-02 10:12:15.545 18644-22339/com.nubo.test7 D/nubo.NuboClientActivity: cmdcode: 7, bytesCount: 66, channelType: 0, processId: 10014
2021-02-02 10:12:15.546 18644-22339/com.nubo.test7 D/nubo.NuboClientActivity: cmdcode: 101, bytesCount: 13, channelType: 0, processId: 10014
2021-02-02 10:12:16.124 18644-22339/com.nubo.test7 D/nubo.NuboClientActivity: cmdcode: -127, bytesCount: 21, channelType: 0, processId: 10014
2021-02-02 10:12:16.125 18644-22339/com.nubo.test7 I/nubo.NuboClientActivity: glAttachWindow pid 10014, tid 10092
2021-02-02 10:12:16.126 18644-22339/com.nubo.test7 E/nubo.NuboClientActivity: glAttachWindow found window hash-258023424 surface=Surface(name=null)/@0x4c05dcc
2021-02-02 10:12:16.127 18644-22339/com.nubo.test7 E/nubo.NuboClientActivity: Using server side open GL
2021-02-02 10:12:16.129 18644-22339/com.nubo.test7 D/nubo.glSurfaceHolder: Create OpenglStream, SurfaceView:com.nubo.views.surface.NuboSurfaceView{9d12a5d V.E...... ........ 0,0-1440,2722}
2021-02-02 10:12:16.129 18644-22339/com.nubo.test7 D/nubo.glSurfaceHolder: Surface created: surf:Surface(name=null)/@0x4c05dcc
2021-02-02 10:12:16.129 18644-22339/com.nubo.test7 I/nubovideosink.main: Created CustomData at 0x728ba63610
2021-02-02 10:12:16.130 18644-22339/com.nubo.test7 I/nubovideosink.main: Created GlobalRef for app object at 0x3dfa
2021-02-02 10:12:16.130 18644-22339/com.nubo.test7 D/nubo.glSurfaceHolder: Surface changed to format 0 0x0 surf: Surface(name=null)/@0x4c05dcc
2021-02-02 10:12:16.130 18644-22339/com.nubo.test7 I/nubovideosink.main: gst_native_surface_init data 0x728ba63610
2021-02-02 10:12:16.130 18644-22339/com.nubo.test7 I/nubovideosink.main: Received surface 0x720c63ca48 (native window 0x722581a010)
2021-02-02 10:12:16.130 18644-22339/com.nubo.test7 I/nubovideosink.main: Attaching thread 0x72256cdd50
2021-02-02 10:12:16.132 18644-22578/com.nubo.test7 I/nubovideosink.main: Creating pipeline in CustomData at 0x728ba63610
2021-02-02 10:12:16.162 18644-22578/com.nubo.test7 I/nubovideosink.main: Entering main loop... (CustomData:0x728ba63610)
2021-02-02 10:12:16.162 18644-22578/com.nubo.test7 I/nubovideosink.main: Attaching thread 0x728b84b6f0
2021-02-02 10:12:16.163 18644-22578/com.nubo.test7 I/nubovideosink.main: check_initialization_complete Initialization complete, notifying application. native_window:0x722581a010 main_loop:0x728b967b90
2021-02-02 10:12:16.163 18644-22578/com.nubo.test7 I/nubovideosink.main: window been set overlay 0x71f8a67020 by native_window:0x722581a010
2021-02-02 10:12:16.165 18644-22578/com.nubo.test7 E/nubovideosink.main: State changed to READY
2021-02-02 10:12:16.165 18644-22578/com.nubo.test7 E/nubovideosink.main: State changed to PAUSED
2021-02-02 10:12:16.371 18644-22339/com.nubo.test7 D/nubo.NuboClientActivity: cmdcode: 1, bytesCount: 30, channelType: 0, processId: 10014
2021-02-02 10:12:16.374 18644-22339/com.nubo.test7 D/nubo.NuboClientActivity: cmdcode: 16, bytesCount: 36, channelType: 0, processId: 10014
2021-02-02 10:12:16.375 18644-22339/com.nubo.test7 D/nubo.NuboClientActivity: cmdcode: 2, bytesCount: 37, channelType: 0, processId: 10014
2021-02-02 10:12:16.379 18644-22339/com.nubo.test7 D/nubo.NuboClientActivity: cmdcode: 7, bytesCount: 62, channelType: 0, processId: 10014
2021-02-02 10:12:16.381 18644-22339/com.nubo.test7 D/nubo.NuboClientActivity: cmdcode: 7, bytesCount: 62, channelType: 0, processId: 10014
2021-02-02 10:12:16.383 18644-22339/com.nubo.test7 D/nubo.NuboClientActivity: cmdcode: 2, bytesCount: 37, channelType: 0, processId: 10014
2021-02-02 10:12:16.385 18644-22339/com.nubo.test7 D/nubo.NuboClientActivity: cmdcode: 7, bytesCount: 62, channelType: 0, processId: 10014
2021-02-02 10:12:16.386 18644-22339/com.nubo.test7 D/nubo.NuboClientActivity: cmdcode: 7, bytesCount: 62, channelType: 0, processId: 10014
2021-02-02 10:12:16.386 18644-22339/com.nubo.test7 D/nubo.NuboClientActivity: cmdcode: 8, bytesCount: 81, channelType: 0, processId: 10014
2021-02-02 10:12:16.387 18644-22339/com.nubo.test7 D/nubo.NuboClientActivity: cmdcode: 14, bytesCount: 74, channelType: 0, processId: 10014
2021-02-02 10:12:16.388 18644-22339/com.nubo.test7 D/nubo.NuboClientActivity: cmdcode: 8, bytesCount: 81, channelType: 0, processId: 10014
2021-02-02 10:12:16.389 18644-22339/com.nubo.test7 D/nubo.NuboClientActivity: cmdcode: 17, bytesCount: 92, channelType: 0, processId: 10014
2021-02-02 10:12:16.389 18644-22339/com.nubo.test7 D/nubo.NuboClientActivity: cmdcode: 17, bytesCount: 92, channelType: 0, processId: 10014
2021-02-02 10:12:16.390 18644-22339/com.nubo.test7 D/nubo.NuboClientActivity: cmdcode: 8, bytesCount: 81, channelType: 0, processId: 10014
2021-02-02 10:12:16.391 18644-22339/com.nubo.test7 D/nubo.NuboClientActivity: cmdcode: 8, bytesCount: 81, channelType: 0, processId: 10014
2021-02-02 10:12:16.391 18644-22339/com.nubo.test7 D/nubo.NuboClientActivity: cmdcode: 8, bytesCount: 73, channelType: 0, processId: 10014
2021-02-02 10:12:16.392 18644-22339/com.nubo.test7 D/nubo.NuboClientActivity: cmdcode: 7, bytesCount: 66, channelType: 0, processId: 10014
2021-02-02 10:12:16.392 18644-22339/com.nubo.test7 D/nubo.NuboClientActivity: cmdcode: 7, bytesCount: 66, channelType: 0, processId: 10014
2021-02-02 10:12:16.393 18644-22339/com.nubo.test7 D/nubo.NuboClientActivity: cmdcode: 101, bytesCount: 13, channelType: 0, processId: 10014
2021-02-02 10:12:16.468 18644-22339/com.nubo.test7 D/nubo.NuboClientActivity: cmdcode: 123, bytesCount: 21, channelType: 0, processId: -1
2021-02-02 10:12:16.674 18644-22343/com.nubo.test7 D/nubo.NuboClientActivity: cmdcode: 123, bytesCount: 21, channelType: 2, processId: -1
2021-02-02 10:12:17.286 18644-22339/com.nubo.test7 D/nubo.NuboClientActivity: cmdcode: 1, bytesCount: 30, channelType: 0, processId: 10014
2021-02-02 10:12:17.288 18644-22339/com.nubo.test7 D/nubo.NuboClientActivity: cmdcode: 16, bytesCount: 36, channelType: 0, processId: 10014
2021-02-02 10:12:17.289 18644-22339/com.nubo.test7 D/nubo.NuboClientActivity: cmdcode: 2, bytesCount: 37, channelType: 0, processId: 10014
2021-02-02 10:12:17.290 18644-22339/com.nubo.test7 D/nubo.NuboClientActivity: cmdcode: 7, bytesCount: 62, channelType: 0, processId: 10014
2021-02-02 10:12:17.292 18644-22339/com.nubo.test7 D/nubo.NuboClientActivity: cmdcode: 7, bytesCount: 62, channelType: 0, processId: 10014
2021-02-02 10:12:17.294 18644-22339/com.nubo.test7 D/nubo.NuboClientActivity: cmdcode: 2, bytesCount: 37, channelType: 0, processId: 10014
2021-02-02 10:12:17.295 18644-22339/com.nubo.test7 D/nubo.NuboClientActivity: cmdcode: 7, bytesCount: 62, channelType: 0, processId: 10014
2021-02-02 10:12:17.297 18644-22339/com.nubo.test7 D/nubo.NuboClientActivity: cmdcode: 7, bytesCount: 62, channelType: 0, processId: 10014
2021-02-02 10:12:17.298 18644-22339/com.nubo.test7 D/nubo.NuboClientActivity: cmdcode: 14, bytesCount: 74, channelType: 0, processId: 10014
2021-02-02 10:12:17.301 18644-22339/com.nubo.test7 D/nubo.NuboClientActivity: cmdcode: 8, bytesCount: 81, channelType: 0, processId: 10014
2021-02-02 10:12:17.303 18644-22339/com.nubo.test7 D/nubo.NuboClientActivity: cmdcode: 5, bytesCount: 97, channelType: 0, processId: 10014
2021-02-02 10:12:17.310 18644-22339/com.nubo.test7 D/nubo.NuboClientActivity: cmdcode: 8, bytesCount: 73, channelType: 0, processId: 10014
2021-02-02 10:12:17.311 18644-22339/com.nubo.test7 D/nubo.NuboClientActivity: cmdcode: 7, bytesCount: 66, channelType: 0, processId: 10014
2021-02-02 10:12:17.312 18644-22339/com.nubo.test7 D/nubo.NuboClientActivity: cmdcode: 7, bytesCount: 66, channelType: 0, processId: 10014
2021-02-02 10:12:17.313 18644-22339/com.nubo.test7 D/nubo.NuboClientActivity: cmdcode: 101, bytesCount: 13, channelType: 0, processId: 10014
2021-02-02 10:12:17.424 18644-22339/com.nubo.test7 D/nubo.NuboClientActivity: cmdcode: 123, bytesCount: 21, channelType: 0, processId: -1
2021-02-02 10:12:17.427 18644-22339/com.nubo.test7 D/nubo.NuboClientActivity: cmdcode: 1, bytesCount: 30, channelType: 0, processId: 10014
2021-02-02 10:12:17.428 18644-22339/com.nubo.test7 D/nubo.NuboClientActivity: cmdcode: 16, bytesCount: 36, channelType: 0, processId: 10014
2021-02-02 10:12:17.429 18644-22339/com.nubo.test7 D/nubo.NuboClientActivity: cmdcode: 2, bytesCount: 37, channelType: 0, processId: 10014
2021-02-02 10:12:17.431 18644-22339/com.nubo.test7 D/nubo.NuboClientActivity: cmdcode: 7, bytesCount: 62, channelType: 0, processId: 10014
2021-02-02 10:12:17.433 18644-22339/com.nubo.test7 D/nubo.NuboClientActivity: cmdcode: 7, bytesCount: 62, channelType: 0, processId: 10014
2021-02-02 10:12:17.435 18644-22339/com.nubo.test7 D/nubo.NuboClientActivity: cmdcode: 2, bytesCount: 37, channelType: 0, processId: 10014
2021-02-02 10:12:17.438 18644-22339/com.nubo.test7 D/nubo.NuboClientActivity: cmdcode: 7, bytesCount: 62, channelType: 0, processId: 10014
2021-02-02 10:12:17.439 18644-22339/com.nubo.test7 D/nubo.NuboClientActivity: cmdcode: 7, bytesCount: 62, channelType: 0, processId: 10014
2021-02-02 10:12:17.440 18644-22339/com.nubo.test7 D/nubo.NuboClientActivity: cmdcode: 8, bytesCount: 81, channelType: 0, processId: 10014
2021-02-02 10:12:17.441 18644-22339/com.nubo.test7 D/nubo.NuboClientActivity: cmdcode: 14, bytesCount: 74, channelType: 0, processId: 10014
2021-02-02 10:12:17.442 18644-22339/com.nubo.test7 D/nubo.NuboClientActivity: cmdcode: 8, bytesCount: 81, channelType: 0, processId: 10014
2021-02-02 10:12:17.443 18644-22339/com.nubo.test7 D/nubo.NuboClientActivity: cmdcode: 17, bytesCount: 92, channelType: 0, processId: 10014
2021-02-02 10:12:17.444 18644-22339/com.nubo.test7 D/nubo.NuboClientActivity: cmdcode: 17, bytesCount: 92, channelType: 0, processId: 10014
2021-02-02 10:12:17.444 18644-22339/com.nubo.test7 D/nubo.NuboClientActivity: cmdcode: 8, bytesCount: 81, channelType: 0, processId: 10014
2021-02-02 10:12:17.445 18644-22339/com.nubo.test7 D/nubo.NuboClientActivity: cmdcode: 5, bytesCount: 97, channelType: 0, processId: 10014
2021-02-02 10:12:17.446 18644-22339/com.nubo.test7 D/nubo.NuboClientActivity: cmdcode: 8, bytesCount: 81, channelType: 0, processId: 10014
2021-02-02 10:12:17.446 18644-22339/com.nubo.test7 D/nubo.NuboClientActivity: cmdcode: 8, bytesCount: 73, channelType: 0, processId: 10014
2021-02-02 10:12:17.447 18644-22339/com.nubo.test7 D/nubo.NuboClientActivity: cmdcode: 7, bytesCount: 66, channelType: 0, processId: 10014
2021-02-02 10:12:17.447 18644-22339/com.nubo.test7 D/nubo.NuboClientActivity: cmdcode: 7, bytesCount: 66, channelType: 0, processId: 10014
2021-02-02 10:12:17.448 18644-22339/com.nubo.test7 D/nubo.NuboClientActivity: cmdcode: 101, bytesCount: 13, channelType: 0, processId: 10014
2021-02-02 10:12:18.433 18644-22339/com.nubo.test7 D/nubo.NuboClientActivity: cmdcode: 123, bytesCount: 21, channelType: 0, processId: -1
2021-02-02 10:12:19.433 18644-22339/com.nubo.test7 D/nubo.NuboClientActivity: cmdcode: 123, bytesCount: 21, channelType: 0, processId: -1
2021-02-02 10:12:20.422 18644-22343/com.nubo.test7 D/nubo.NuboClientActivity: cmdcode: -120, bytesCount: 57, channelType: 2, processId: -1
2021-02-02 10:12:20.430 18644-22343/com.nubo.test7 D/nubo.NuboClientActivity: cmdcode: -120, bytesCount: 33, channelType: 2, processId: -1
2021-02-02 10:12:20.433 18644-22343/com.nubo.test7 D/nubo.NuboClientActivity: cmdcode: -120, bytesCount: 57, channelType: 2, processId: -1
2021-02-02 10:12:20.435 18644-22343/com.nubo.test7 D/nubo.NuboClientActivity: cmdcode: -120, bytesCount: 33, channelType: 2, processId: -1
2021-02-02 10:12:20.438 18644-22343/com.nubo.test7 D/nubo.NuboClientActivity: cmdcode: -120, bytesCount: 1417, channelType: 2, processId: -1
2021-02-02 10:12:20.446 18644-22343/com.nubo.test7 I/chatty: uid=10300(com.nubo.test7) Thread-27 identical 3 lines
2021-02-02 10:12:20.448 18644-22343/com.nubo.test7 D/nubo.NuboClientActivity: cmdcode: -120, bytesCount: 1417, channelType: 2, processId: -1
2021-02-02 10:12:20.450 18644-22343/com.nubo.test7 D/nubo.NuboClientActivity: cmdcode: -120, bytesCount: 1010, channelType: 2, processId: -1
2021-02-02 10:12:20.452 18644-22343/com.nubo.test7 D/nubo.NuboClientActivity: cmdcode: -120, bytesCount: 119, channelType: 2, processId: -1
2021-02-02 10:12:20.452 18644-22339/com.nubo.test7 D/nubo.NuboClientActivity: cmdcode: 1, bytesCount: 30, channelType: 0, processId: 10014
2021-02-02 10:12:20.454 18644-22339/com.nubo.test7 D/nubo.NuboClientActivity: cmdcode: 16, bytesCount: 36, channelType: 0, processId: 10014
2021-02-02 10:12:20.456 18644-22339/com.nubo.test7 D/nubo.NuboClientActivity: cmdcode: 2, bytesCount: 37, channelType: 0, processId: 10014
2021-02-02 10:12:20.459 18644-22339/com.nubo.test7 D/nubo.NuboClientActivity: cmdcode: 7, bytesCount: 62, channelType: 0, processId: 10014
2021-02-02 10:12:20.462 18644-22339/com.nubo.test7 D/nubo.NuboClientActivity: cmdcode: 2, bytesCount: 37, channelType: 0, processId: 10014
2021-02-02 10:12:20.465 18644-22339/com.nubo.test7 D/nubo.NuboClientActivity: cmdcode: 7, bytesCount: 62, channelType: 0, processId: 10014
2021-02-02 10:12:20.467 18644-22339/com.nubo.test7 D/nubo.NuboClientActivity: cmdcode: 8, bytesCount: 81, channelType: 0, processId: 10014
2021-02-02 10:12:20.470 18644-22339/com.nubo.test7 D/nubo.NuboClientActivity: cmdcode: 14, bytesCount: 74, channelType: 0, processId: 10014
2021-02-02 10:12:20.472 18644-22339/com.nubo.test7 D/nubo.NuboClientActivity: cmdcode: 8, bytesCount: 81, channelType: 0, processId: 10014
2021-02-02 10:12:20.473 18644-22343/com.nubo.test7 D/nubo.NuboClientActivity: cmdcode: -120, bytesCount: 43, channelType: 2, processId: -1
2021-02-02 10:12:20.475 18644-22339/com.nubo.test7 D/nubo.NuboClientActivity: cmdcode: 17, bytesCount: 92, channelType: 0, processId: 10014
2021-02-02 10:12:20.478 18644-22339/com.nubo.test7 D/nubo.NuboClientActivity: cmdcode: 17, bytesCount: 92, channelType: 0, processId: 10014
2021-02-02 10:12:20.479 18644-22339/com.nubo.test7 D/nubo.NuboClientActivity: cmdcode: 8, bytesCount: 81, channelType: 0, processId: 10014
2021-02-02 10:12:20.482 18644-22339/com.nubo.test7 D/nubo.NuboClientActivity: cmdcode: 5, bytesCount: 97, channelType: 0, processId: 10014
2021-02-02 10:12:20.483 18644-22339/com.nubo.test7 D/nubo.NuboClientActivity: cmdcode: 8, bytesCount: 81, channelType: 0, processId: 10014
2021-02-02 10:12:20.485 18644-22339/com.nubo.test7 D/nubo.NuboClientActivity: cmdcode: 8, bytesCount: 73, channelType: 0, processId: 10014
2021-02-02 10:12:20.486 18644-22339/com.nubo.test7 D/nubo.NuboClientActivity: cmdcode: 7, bytesCount: 66, channelType: 0, processId: 10014
2021-02-02 10:12:20.488 18644-22339/com.nubo.test7 D/nubo.NuboClientActivity: cmdcode: 7, bytesCount: 66, channelType: 0, processId: 10014
2021-02-02 10:12:20.489 18644-22339/com.nubo.test7 D/nubo.NuboClientActivity: cmdcode: 101, bytesCount: 13, channelType: 0, processId: 10014
2021-02-02 10:12:20.502 18644-22339/com.nubo.test7 D/nubo.NuboClientActivity: cmdcode: 123, bytesCount: 21, channelType: 0, processId: -1
2021-02-02 10:12:20.508 18644-22343/com.nubo.test7 D/nubo.NuboClientActivity: cmdcode: -120, bytesCount: 370, channelType: 2, processId: -1
2021-02-02 10:12:20.549 18644-22343/com.nubo.test7 D/nubo.NuboClientActivity: cmdcode: -120, bytesCount: 79, channelType: 2, processId: -1
2021-02-02 10:12:20.590 18644-22343/com.nubo.test7 D/nubo.NuboClientActivity: cmdcode: -120, bytesCount: 37, channelType: 2, processId: -1
2021-02-02 10:12:20.629 18644-22343/com.nubo.test7 D/nubo.NuboClientActivity: cmdcode: -120, bytesCount: 37, channelType: 2, processId: -1
2021-02-02 10:12:20.708 18644-22343/com.nubo.test7 D/nubo.NuboClientActivity: cmdcode: 123, bytesCount: 21, channelType: 2, processId: -1
2021-02-02 10:12:20.711 18644-22343/com.nubo.test7 D/nubo.NuboClientActivity: cmdcode: -120, bytesCount: 37, channelType: 2, processId: -1
2021-02-02 10:12:20.713 18644-22343/com.nubo.test7 D/nubo.NuboClientActivity: cmdcode: -120, bytesCount: 37, channelType: 2, processId: -1
2021-02-02 10:12:20.722 18644-22581/com.nubo.test7 I/mali_winsys: new_window_surface() [1440x2722] return: 0x3000
2021-02-02 10:12:20.743 18644-22578/com.nubo.test7 E/nubovideosink.main: State changed to PLAYING
2021-02-02 10:12:20.749 18644-22343/com.nubo.test7 D/nubo.NuboClientActivity: cmdcode: -120, bytesCount: 37, channelType: 2, processId: -1
2021-02-02 10:12:20.789 18644-22343/com.nubo.test7 D/nubo.NuboClientActivity: cmdcode: -120, bytesCount: 37, channelType: 2, processId: -1
2021-02-02 10:12:20.834 18644-22343/com.nubo.test7 D/nubo.NuboClientActivity: cmdcode: -120, bytesCount: 37, channelType: 2, processId: -1
2021-02-02 10:12:20.869 18644-22343/com.nubo.test7 D/nubo.NuboClientActivity: cmdcode: -120, bytesCount: 37, channelType: 2, processId: -1
2021-02-02 10:12:20.918 18644-22343/com.nubo.test7 D/nubo.NuboClientActivity: cmdcode: -120, bytesCount: 37, channelType: 2, processId: -1
2021-02-02 10:12:20.937 18644-22339/com.nubo.test7 D/nubo.NuboClientActivity: cmdcode: 1, bytesCount: 30, channelType: 0, processId: 10014
2021-02-02 10:12:20.938 18644-22339/com.nubo.test7 D/nubo.NuboClientActivity: cmdcode: 16, bytesCount: 36, channelType: 0, processId: 10014
2021-02-02 10:12:20.940 18644-22339/com.nubo.test7 D/nubo.NuboClientActivity: cmdcode: 2, bytesCount: 37, channelType: 0, processId: 10014
2021-02-02 10:12:20.941 18644-22339/com.nubo.test7 D/nubo.NuboClientActivity: cmdcode: 7, bytesCount: 62, channelType: 0, processId: 10014
2021-02-02 10:12:20.942 18644-22339/com.nubo.test7 D/nubo.NuboClientActivity: cmdcode: 2, bytesCount: 37, channelType: 0, processId: 10014
2021-02-02 10:12:20.943 18644-22339/com.nubo.test7 D/nubo.NuboClientActivity: cmdcode: 7, bytesCount: 62, channelType: 0, processId: 10014
2021-02-02 10:12:20.945 18644-22339/com.nubo.test7 D/nubo.NuboClientActivity: cmdcode: 14, bytesCount: 74, channelType: 0, processId: 10014
2021-02-02 10:12:20.947 18644-22339/com.nubo.test7 D/nubo.NuboClientActivity: cmdcode: 8, bytesCount: 81, channelType: 0, processId: 10014
2021-02-02 10:12:20.948 18644-22339/com.nubo.test7 D/nubo.NuboClientActivity: cmdcode: 8, bytesCount: 73, channelType: 0, processId: 10014
2021-02-02 10:12:20.950 18644-22339/com.nubo.test7 D/nubo.NuboClientActivity: cmdcode: 7, bytesCount: 66, channelType: 0, processId: 10014
2021-02-02 10:12:20.951 18644-22339/com.nubo.test7 D/nubo.NuboClientActivity: cmdcode: 7, bytesCount: 66, channelType: 0, processId: 10014
2021-02-02 10:12:20.952 18644-22339/com.nubo.test7 D/nubo.NuboClientActivity: cmdcode: 101, bytesCount: 13, channelType: 0, processId: 10014
2021-02-02 10:12:20.977 18644-22343/com.nubo.test7 D/nubo.NuboClientActivity: cmdcode: -120, bytesCount: 37, channelType: 2, processId: -1
2021-02-02 10:12:20.989 18644-22339/com.nubo.test7 D/nubo.NuboClientActivity: cmdcode: 1, bytesCount: 30, channelType: 0, processId: 10014
2021-02-02 10:12:20.990 18644-22339/com.nubo.test7 D/nubo.NuboClientActivity: cmdcode: 16, bytesCount: 36, channelType: 0, processId: 10014
2021-02-02 10:12:20.991 18644-22339/com.nubo.test7 D/nubo.NuboClientActivity: cmdcode: 2, bytesCount: 37, channelType: 0, processId: 10014
2021-02-02 10:12:20.992 18644-22339/com.nubo.test7 D/nubo.NuboClientActivity: cmdcode: 7, bytesCount: 62, channelType: 0, processId: 10014
2021-02-02 10:12:20.993 18644-22339/com.nubo.test7 D/nubo.NuboClientActivity: cmdcode: 2, bytesCount: 37, channelType: 0, processId: 10014
2021-02-02 10:12:20.994 18644-22339/com.nubo.test7 D/nubo.NuboClientActivity: cmdcode: 7, bytesCount: 62, channelType: 0, processId: 10014
2021-02-02 10:12:20.995 18644-22339/com.nubo.test7 D/nubo.NuboClientActivity: cmdcode: 8, bytesCount: 81, channelType: 0, processId: 10014
2021-02-02 10:12:20.996 18644-22339/com.nubo.test7 D/nubo.NuboClientActivity: cmdcode: 14, bytesCount: 74, channelType: 0, processId: 10014
2021-02-02 10:12:20.997 18644-22339/com.nubo.test7 D/nubo.NuboClientActivity: cmdcode: 8, bytesCount: 529, channelType: 0, processId: 10014
2021-02-02 10:12:20.999 18644-22343/com.nubo.test7 D/nubo.NuboClientActivity: cmdcode: -120, bytesCount: 37, channelType: 2, processId: -1
2021-02-02 10:12:20.999 18644-22339/com.nubo.test7 D/nubo.NuboClientActivity: cmdcode: 17, bytesCount: 92, channelType: 0, processId: 10014
2021-02-02 10:12:21.001 18644-22339/com.nubo.test7 D/nubo.NuboClientActivity: cmdcode: 17, bytesCount: 92, channelType: 0, processId: 10014
2021-02-02 10:12:21.003 18644-22339/com.nubo.test7 D/nubo.NuboClientActivity: cmdcode: 8, bytesCount: 81, channelType: 0, processId: 10014
2021-02-02 10:12:21.004 18644-22339/com.nubo.test7 D/nubo.NuboClientActivity: cmdcode: 5, bytesCount: 97, channelType: 0, processId: 10014
2021-02-02 10:12:21.005 18644-22339/com.nubo.test7 D/nubo.NuboClientActivity: cmdcode: 8, bytesCount: 81, channelType: 0, processId: 10014
2021-02-02 10:12:21.006 18644-22339/com.nubo.test7 D/nubo.NuboClientActivity: cmdcode: 8, bytesCount: 73, channelType: 0, processId: 10014
2021-02-02 10:12:21.008 18644-22339/com.nubo.test7 D/nubo.NuboClientActivity: cmdcode: 7, bytesCount: 66, channelType: 0, processId: 10014
2021-02-02 10:12:21.010 18644-22339/com.nubo.test7 D/nubo.NuboClientActivity: cmdcode: 7, bytesCount: 66, channelType: 0, processId: 10014
2021-02-02 10:12:21.011 18644-22339/com.nubo.test7 D/nubo.NuboClientActivity: cmdcode: 101, bytesCount: 13, channelType: 0, processId: 10014
2021-02-02 10:12:21.029 18644-22339/com.nubo.test7 D/nubo.NuboClientActivity: cmdcode: 1, bytesCount: 30, channelType: 0, processId: 10014
2021-02-02 10:12:21.030 18644-22339/com.nubo.test7 D/nubo.NuboClientActivity: cmdcode: 16, bytesCount: 36, channelType: 0, processId: 10014
2021-02-02 10:12:21.031 18644-22339/com.nubo.test7 D/nubo.NuboClientActivity: cmdcode: 2, bytesCount: 37, channelType: 0, processId: 10014
2021-02-02 10:12:21.032 18644-22339/com.nubo.test7 D/nubo.NuboClientActivity: cmdcode: 7, bytesCount: 62, channelType: 0, processId: 10014
2021-02-02 10:12:21.032 18644-22339/com.nubo.test7 D/nubo.NuboClientActivity: cmdcode: 2, bytesCount: 37, channelType: 0, processId: 10014
2021-02-02 10:12:21.033 18644-22339/com.nubo.test7 D/nubo.NuboClientActivity: cmdcode: 7, bytesCount: 62, channelType: 0, processId: 10014
