2021-02-02 10:10:09.470 18644-18644/com.nubo.test7 D/ViewRootImpl@a5acc57[PopupWindow:77cd598]: Relayout returned: old=(0,150,0,3040) new=(0,150,0,3040) req=(0,2890)8 dur=8 res=0x5 s={false 0} ch=false
2021-02-02 10:10:09.471 18644-19155/com.nubo.test7 D/OpenGLRenderer: destroyEglSurface : 0x723ab9f500
2021-02-02 10:10:09.471 18644-19155/com.nubo.test7 I/mali_egl: eglDestroySurface() in
2021-02-02 10:10:09.473 18644-19155/com.nubo.test7 I/mali_winsys: delete_surface() [1440x2890] return
2021-02-02 10:10:09.473 18644-19155/com.nubo.test7 I/mali_egl: eglDestroySurface() out
2021-02-02 10:10:09.473 18644-19155/com.nubo.test7 W/libEGL: EGLNativeWindowType 0x732fd1dfd0 disconnect failed
2021-02-02 10:10:09.473 18644-19155/com.nubo.test7 D/OpenGLRenderer: ~ReliableSurface : 0x732fd1dfc0
2021-02-02 10:10:09.489 18644-18644/com.nubo.test7 D/ViewRootImpl@a735b38[NuboClientActivity]: Relayout returned: old=(0,150,1440,3040) new=(0,150,1440,3040) req=(1440,2890)8 dur=13 res=0x5 s={false 0} ch=false
2021-02-02 10:10:09.492 18644-18644/com.nubo.test7 D/ViewRootImpl@a735b38[NuboClientActivity]: MSG_WINDOW_FOCUS_CHANGED 0 1
2021-02-02 10:10:09.492 18644-18644/com.nubo.test7 D/InputMethodManager: prepareNavigationBarInfo() DecorView@31f21c7[NuboClientActivity]
2021-02-02 10:10:09.502 18644-18644/com.nubo.test7 D/InputMethodManager: getNavigationBarColor() -855310
2021-02-02 10:10:12.064 18644-18644/com.nubo.test7 V/nubo.NuboClientActivity: postDelayed: closeSocket()
2021-02-02 10:10:37.149 18644-21734/com.nubo.test7 E/nubo.Debugger: MgmtApiCall: SocketTimeoutExceptionjava.net.SocketTimeoutException: timeout
        at com.android.okhttp.okio.Okio$3.newTimeoutException(Okio.java:225)
        at com.android.okhttp.okio.AsyncTimeout.exit(AsyncTimeout.java:263)
        at com.android.okhttp.okio.AsyncTimeout$2.read(AsyncTimeout.java:217)
        at com.android.okhttp.okio.RealBufferedSource.indexOf(RealBufferedSource.java:317)
        at com.android.okhttp.okio.RealBufferedSource.indexOf(RealBufferedSource.java:311)
        at com.android.okhttp.okio.RealBufferedSource.readUtf8LineStrict(RealBufferedSource.java:207)
        at com.android.okhttp.internal.http.Http1xStream.readResponse(Http1xStream.java:395)
        at com.android.okhttp.internal.http.Http1xStream.readResponseHeaders(Http1xStream.java:146)
        at com.android.okhttp.internal.http.HttpEngine.readNetworkResponse(HttpEngine.java:900)
        at com.android.okhttp.internal.http.HttpEngine.readResponse(HttpEngine.java:772)
        at com.android.okhttp.internal.huc.HttpURLConnectionImpl.execute(HttpURLConnectionImpl.java:493)
        at com.android.okhttp.internal.huc.HttpURLConnectionImpl.getResponse(HttpURLConnectionImpl.java:429)
        at com.android.okhttp.internal.huc.HttpURLConnectionImpl.getResponseCode(HttpURLConnectionImpl.java:560)
        at com.android.okhttp.internal.huc.DelegatingHttpsURLConnection.getResponseCode(DelegatingHttpsURLConnection.java:106)
        at com.android.okhttp.internal.huc.HttpsURLConnectionImpl.getResponseCode(HttpsURLConnectionImpl.java:30)
        at com.nubo.api.IMgmtApiCall.urlCall(IMgmtApiCall.java:240)
        at com.nubo.api.IMgmtApiCall.run(IMgmtApiCall.java:70)
     Caused by: java.net.SocketException: socket is closed
        at com.android.org.conscrypt.ConscryptFileDescriptorSocket$SSLInputStream.read(ConscryptFileDescriptorSocket.java:588)
        at com.android.okhttp.okio.Okio$2.read(Okio.java:145)
        at com.android.okhttp.okio.AsyncTimeout$2.read(AsyncTimeout.java:213)
        at com.android.okhttp.okio.RealBufferedSource.indexOf(RealBufferedSource.java:317)
        at com.android.okhttp.okio.RealBufferedSource.indexOf(RealBufferedSource.java:311)
        at com.android.okhttp.okio.RealBufferedSource.readUtf8LineStrict(RealBufferedSource.java:207)
        at com.android.okhttp.internal.http.Http1xStream.readResponse(Http1xStream.java:395)
        at com.android.okhttp.internal.http.Http1xStream.readResponseHeaders(Http1xStream.java:146)
        at com.android.okhttp.internal.http.HttpEngine.readNetworkResponse(HttpEngine.java:900)
        at com.android.okhttp.internal.http.HttpEngine.readResponse(HttpEngine.java:772)
        at com.android.okhttp.internal.huc.HttpURLConnectionImpl.execute(HttpURLConnectionImpl.java:493)
        at com.android.okhttp.internal.huc.HttpURLConnectionImpl.getResponse(HttpURLConnectionImpl.java:429)
        at com.android.okhttp.internal.huc.HttpURLConnectionImpl.getResponseCode(HttpURLConnectionImpl.java:560)
        at com.android.okhttp.internal.huc.DelegatingHttpsURLConnection.getResponseCode(DelegatingHttpsURLConnection.java:106)
        at com.android.okhttp.internal.huc.HttpsURLConnectionImpl.getResponseCode(HttpsURLConnectionImpl.java:30)
        at com.nubo.api.IMgmtApiCall.urlCall(IMgmtApiCall.java:240)
        at com.nubo.api.IMgmtApiCall.run(IMgmtApiCall.java:70)
2021-02-02 10:10:37.158 18644-18644/com.nubo.test7 E/nubo.Debugger: ERROR, jsonGateway == null
2021-02-02 10:10:37.210 18644-18644/com.nubo.test7 D/ViewRootImpl@a2c1c0c[BiometricLogin]: dispatchDetachedFromWindow
2021-02-02 10:10:37.216 18644-18644/com.nubo.test7 D/InputTransport: Input channel destroyed: 'e464710', fd=72
2021-02-02 10:10:37.220 18644-18644/com.nubo.test7 D/ViewRootImpl@a5acc57[PopupWindow:77cd598]: dispatchDetachedFromWindow
2021-02-02 10:10:37.253 18644-18644/com.nubo.test7 D/InputTransport: Input channel destroyed: '35ec832', fd=111
2021-02-02 10:10:37.261 18644-18644/com.nubo.test7 D/ViewRootImpl@a735b38[NuboClientActivity]: dispatchDetachedFromWindow
2021-02-02 10:10:37.275 18644-18644/com.nubo.test7 D/InputTransport: Input channel destroyed: '950be46', fd=109
2021-02-02 10:11:58.759 18644-18644/com.nubo.test7 D/InputTransport: Input channel destroyed: 'ClientS', fd=91
2021-02-02 10:11:59.888 18644-18644/com.nubo.test7 W/ActivityThread: handleWindowVisibility: no activity for token android.os.BinderProxy@1813509
2021-02-02 10:11:59.941 18644-18644/com.nubo.test7 D/PhoneWindow: forceLight changed to true [] from com.android.internal.policy.PhoneWindow.updateForceLightNavigationBar:4268 com.android.internal.policy.DecorView.updateColorViews:1494 com.android.internal.policy.PhoneWindow.dispatchWindowAttributesChanged:3246 android.view.Window.setFlags:1148 com.android.internal.policy.PhoneWindow.generateLayout:2474 
2021-02-02 10:11:59.941 18644-18644/com.nubo.test7 I/MultiWindowDecorSupport: updateCaptionType >> DecorView@57f18c5[], isFloating: false, isApplication: true, hasWindowDecorCaption: false, hasWindowControllerCallback: true
2021-02-02 10:11:59.941 18644-18644/com.nubo.test7 D/MultiWindowDecorSupport: setCaptionType = 0, DecorView = DecorView@57f18c5[]
2021-02-02 10:11:59.999 18644-18644/com.nubo.test7 D/WallpaperManager: getScaledBitmap. scaleY: 2.1273437, scaleX: 0.703125, b.getHeight(): 1280, b.getWidth(): 2048, size[1]: 2723, size[0]: 1440
2021-02-02 10:12:00.059 18644-18644/com.nubo.test7 D/WallpaperManager: getScaledBitmap result: b.getHeight(): 2723, b.getWidth(): 4357
2021-02-02 10:12:00.076 18644-19295/com.nubo.test7 I/System.out: (HTTPLog)-Static: isSBSettingEnabled false
2021-02-02 10:12:00.076 18644-19295/com.nubo.test7 I/System.out: (HTTPLog)-Static: isSBSettingEnabled false
2021-02-02 10:12:00.082 18644-18644/com.nubo.test7 D/ViewRootImpl@2ac6422[ErrorActivity]: setView = com.android.internal.policy.DecorView@57f18c5 TM=true MM=false
2021-02-02 10:12:00.091 18644-18644/com.nubo.test7 D/ViewRootImpl@2ac6422[ErrorActivity]: Relayout returned: old=(0,0,1440,3040) new=(0,150,1440,3040) req=(1440,3040)0 dur=4 res=0x7 s={true 490610323456} ch=true
2021-02-02 10:12:00.095 18644-19155/com.nubo.test7 D/OpenGLRenderer: createReliableSurface : 0x732fcecc40(0x723aa77000)
2021-02-02 10:12:00.096 18644-19155/com.nubo.test7 D/OpenGLRenderer: makeCurrent EglSurface : 0x0 -> 0x0
2021-02-02 10:12:00.105 18644-19155/com.nubo.test7 I/mali_winsys: new_window_surface() [1440x2890] return: 0x3000
2021-02-02 10:12:00.109 18644-19155/com.nubo.test7 D/OpenGLRenderer: makeCurrent EglSurface : 0x0 -> 0x72a1322080
2021-02-02 10:12:00.136 18644-18644/com.nubo.test7 D/ViewRootImpl@2ac6422[ErrorActivity]: MSG_WINDOW_FOCUS_CHANGED 1 1
2021-02-02 10:12:00.136 18644-18644/com.nubo.test7 D/InputMethodManager: prepareNavigationBarInfo() DecorView@57f18c5[ErrorActivity]
2021-02-02 10:12:00.136 18644-18644/com.nubo.test7 D/InputMethodManager: getNavigationBarColor() -855310
2021-02-02 10:12:00.137 18644-18644/com.nubo.test7 D/InputMethodManager: prepareNavigationBarInfo() DecorView@57f18c5[ErrorActivity]
2021-02-02 10:12:00.137 18644-18644/com.nubo.test7 D/InputMethodManager: getNavigationBarColor() -855310
2021-02-02 10:12:00.137 18644-18644/com.nubo.test7 V/InputMethodManager: Starting input: tba=com.nubo.test7 ic=null mNaviBarColor -855310 mIsGetNaviBarColorSuccess true , NavVisible : true , NavTrans : false
2021-02-02 10:12:00.137 18644-18644/com.nubo.test7 D/InputMethodManager: startInputInner - Id : 0
2021-02-02 10:12:00.137 18644-18644/com.nubo.test7 I/InputMethodManager: startInputInner - mService.startInputOrWindowGainedFocus
2021-02-02 10:12:00.140 18644-18644/com.nubo.test7 D/ViewRootImpl@2ac6422[ErrorActivity]: MSG_RESIZED: frame=(0,150,1440,3040) ci=(0,0,0,168) vi=(0,0,0,168) or=1
2021-02-02 10:12:01.236 18644-18644/com.nubo.test7 D/ViewRootImpl@2ac6422[ErrorActivity]: ViewPostIme pointer 0
2021-02-02 10:12:01.334 18644-18644/com.nubo.test7 D/ViewRootImpl@2ac6422[ErrorActivity]: ViewPostIme pointer 1
2021-02-02 10:12:01.340 18644-22291/com.nubo.test7 I/System.out: (HTTPLog)-Static: isSBSettingEnabled false
2021-02-02 10:12:01.340 18644-22291/com.nubo.test7 I/System.out: (HTTPLog)-Static: isSBSettingEnabled false
2021-02-02 10:12:01.921 18644-22291/com.nubo.test7 I/nubo.Debugger: SSL Cipher Suite: TLS_ECDHE_RSA_WITH_AES_128_GCM_SHA256
2021-02-02 10:12:01.925 18644-18644/com.nubo.test7 E/ParamValidatorUtil: ******* checkClientProperties unhandled key *********: wallpaperX
2021-02-02 10:12:01.930 18644-19295/com.nubo.test7 I/System.out: (HTTPLog)-Static: isSBSettingEnabled false
2021-02-02 10:12:01.930 18644-19295/com.nubo.test7 I/System.out: (HTTPLog)-Static: isSBSettingEnabled false
2021-02-02 10:12:01.934 18644-22296/com.nubo.test7 I/System.out: (HTTPLog)-Static: isSBSettingEnabled false
2021-02-02 10:12:01.934 18644-22296/com.nubo.test7 I/System.out: (HTTPLog)-Static: isSBSettingEnabled false
2021-02-02 10:12:01.999 18644-22296/com.nubo.test7 I/nubo.Debugger: SSL Cipher Suite: TLS_ECDHE_RSA_WITH_AES_128_GCM_SHA256
2021-02-02 10:12:02.046 18644-18644/com.nubo.test7 D/ViewRootImpl@2ac6422[ErrorActivity]: MSG_WINDOW_FOCUS_CHANGED 0 1
2021-02-02 10:12:02.047 18644-18644/com.nubo.test7 D/InputMethodManager: prepareNavigationBarInfo() DecorView@57f18c5[ErrorActivity]
2021-02-02 10:12:02.047 18644-18644/com.nubo.test7 D/InputMethodManager: getNavigationBarColor() -855310
2021-02-02 10:12:02.048 18644-18644/com.nubo.test7 W/ActivityThread: handleWindowVisibility: no activity for token android.os.BinderProxy@ffd01a0
2021-02-02 10:12:02.076 18644-18644/com.nubo.test7 D/PhoneWindow: forceLight changed to true [] from com.android.internal.policy.PhoneWindow.updateForceLightNavigationBar:4268 com.android.internal.policy.DecorView.updateColorViews:1494 com.android.internal.policy.PhoneWindow.dispatchWindowAttributesChanged:3246 android.view.Window.setFlags:1148 com.android.internal.policy.PhoneWindow.generateLayout:2474 
2021-02-02 10:12:02.077 18644-18644/com.nubo.test7 I/MultiWindowDecorSupport: updateCaptionType >> DecorView@3e37df7[], isFloating: false, isApplication: true, hasWindowDecorCaption: false, hasWindowControllerCallback: true
2021-02-02 10:12:02.077 18644-18644/com.nubo.test7 D/MultiWindowDecorSupport: setCaptionType = 0, DecorView = DecorView@3e37df7[]
2021-02-02 10:12:02.106 18644-18644/com.nubo.test7 D/BiometricLogin: App can authenticate using biometrics.
2021-02-02 10:12:02.125 18644-18644/com.nubo.test7 D/KeyStore: keyAuthType : 2
2021-02-02 10:12:02.125 18644-18644/com.nubo.test7 D/KeyStore: UserNotAuthenticatedException : fingerprint
2021-02-02 10:12:02.137 18644-18644/com.nubo.test7 D/ViewRootImpl@5d81e43[BiometricLogin]: setView = com.android.internal.policy.DecorView@3e37df7 TM=true MM=false
2021-02-02 10:12:02.154 18644-18644/com.nubo.test7 D/ViewRootImpl@5d81e43[BiometricLogin]: Relayout returned: old=(0,0,1440,3040) new=(0,0,1440,3040) req=(1440,3040)0 dur=8 res=0x7 s={true 490613338112} ch=true
2021-02-02 10:12:02.154 18644-19155/com.nubo.test7 D/OpenGLRenderer: createReliableSurface : 0x729d801c80(0x723ad57000)
2021-02-02 10:12:02.155 18644-19155/com.nubo.test7 I/mali_winsys: new_window_surface() [1440x3040] return: 0x3000
2021-02-02 10:12:02.165 18644-19155/com.nubo.test7 D/OpenGLRenderer: makeCurrent EglSurface : 0x72a1322080 -> 0x723ab9f180
2021-02-02 10:12:02.178 18644-19155/com.nubo.test7 D/OpenGLRenderer: makeCurrent EglSurface : 0x723ab9f180 -> 0x72a1322080
2021-02-02 10:12:02.187 18644-18644/com.nubo.test7 D/ViewRootImpl@5d81e43[BiometricLogin]: MSG_WINDOW_FOCUS_CHANGED 1 1
2021-02-02 10:12:02.187 18644-18644/com.nubo.test7 D/InputMethodManager: prepareNavigationBarInfo() DecorView@3e37df7[BiometricLogin]
2021-02-02 10:12:02.187 18644-18644/com.nubo.test7 D/InputMethodManager: getNavigationBarColor() -855310
2021-02-02 10:12:02.190 18644-18644/com.nubo.test7 D/InputMethodManager: prepareNavigationBarInfo() DecorView@3e37df7[BiometricLogin]
2021-02-02 10:12:02.190 18644-18644/com.nubo.test7 D/InputMethodManager: getNavigationBarColor() -855310
2021-02-02 10:12:02.190 18644-18644/com.nubo.test7 V/InputMethodManager: Starting input: tba=com.nubo.test7 ic=null mNaviBarColor -855310 mIsGetNaviBarColorSuccess true , NavVisible : true , NavTrans : false
2021-02-02 10:12:02.190 18644-18644/com.nubo.test7 D/InputMethodManager: startInputInner - Id : 0
2021-02-02 10:12:02.190 18644-18644/com.nubo.test7 I/InputMethodManager: startInputInner - mService.startInputOrWindowGainedFocus
2021-02-02 10:12:02.196 18644-18644/com.nubo.test7 D/ViewRootImpl@5d81e43[BiometricLogin]: MSG_RESIZED_REPORT: frame=(0,0,1440,3040) ci=(0,150,0,168) vi=(0,150,0,168) or=1
2021-02-02 10:12:02.197 18644-19155/com.nubo.test7 D/OpenGLRenderer: makeCurrent EglSurface : 0x72a1322080 -> 0x723ab9f180
2021-02-02 10:12:02.221 18644-18644/com.nubo.test7 D/ViewRootImpl@5d81e43[BiometricLogin]: MSG_WINDOW_FOCUS_CHANGED 0 1
2021-02-02 10:12:02.222 18644-18644/com.nubo.test7 D/InputMethodManager: prepareNavigationBarInfo() DecorView@3e37df7[BiometricLogin]
2021-02-02 10:12:02.222 18644-18644/com.nubo.test7 D/InputMethodManager: getNavigationBarColor() -855310
2021-02-02 10:12:02.228 18644-18644/com.nubo.test7 D/InputTransport: Input channel destroyed: 'ClientS', fd=78
2021-02-02 10:12:02.242 18644-19155/com.nubo.test7 D/OpenGLRenderer: makeCurrent EglSurface : 0x723ab9f180 -> 0x72a1322080
2021-02-02 10:12:02.327 18644-19295/com.nubo.test7 I/System.out: (HTTPLog)-Static: isSBSettingEnabled false
2021-02-02 10:12:02.327 18644-19295/com.nubo.test7 I/System.out: (HTTPLog)-Static: isSBSettingEnabled false
2021-02-02 10:12:02.610 18644-19155/com.nubo.test7 D/OpenGLRenderer: makeCurrent EglSurface : 0x72a1322080 -> 0x0
2021-02-02 10:12:02.610 18644-19155/com.nubo.test7 D/OpenGLRenderer: destroyEglSurface : 0x72a1322080
2021-02-02 10:12:02.610 18644-19155/com.nubo.test7 I/mali_egl: eglDestroySurface() in
2021-02-02 10:12:02.611 18644-19155/com.nubo.test7 I/mali_winsys: delete_surface() [1440x2890] return
2021-02-02 10:12:02.611 18644-19155/com.nubo.test7 I/mali_egl: eglDestroySurface() out
2021-02-02 10:12:02.612 18644-19155/com.nubo.test7 W/libEGL: EGLNativeWindowType 0x732fcecc50 disconnect failed
2021-02-02 10:12:02.612 18644-19155/com.nubo.test7 D/OpenGLRenderer: ~ReliableSurface : 0x732fcecc40
2021-02-02 10:12:02.618 18644-18644/com.nubo.test7 D/ViewRootImpl@2ac6422[ErrorActivity]: Relayout returned: old=(0,150,1440,3040) new=(0,150,1440,3040) req=(1440,2890)8 dur=5 res=0x5 s={false 0} ch=true
2021-02-02 10:12:02.618 18644-18644/com.nubo.test7 D/ViewRootImpl@2ac6422[ErrorActivity]: stopped(true) old=false
2021-02-02 10:12:02.620 18644-18644/com.nubo.test7 D/ViewRootImpl@2ac6422[ErrorActivity]: dispatchDetachedFromWindow
2021-02-02 10:12:02.623 18644-18644/com.nubo.test7 D/InputTransport: Input channel destroyed: 'b7fd6af', fd=68
2021-02-02 10:12:03.688 18644-19276/com.nubo.test7 D/BiometricPrompt: onAuthenticationSucceeded
2021-02-02 10:12:03.695 18644-18644/com.nubo.test7 D/Toast: show: focusDisplayId = 0, isFocusInDesktop = false mCustomDisplayId=-1
2021-02-02 10:12:03.701 18644-19276/com.nubo.test7 V/Toast: SHOW: android.widget.Toast$TN@6116a8f
2021-02-02 10:12:03.709 18644-18644/com.nubo.test7 E/BiometricLogin: Dec information: cbe5c93b-e5a0-42c0-b99a-e890e6fcd657
2021-02-02 10:12:03.711 18644-22329/com.nubo.test7 I/System.out: (HTTPLog)-Static: isSBSettingEnabled false
2021-02-02 10:12:03.712 18644-22329/com.nubo.test7 I/System.out: (HTTPLog)-Static: isSBSettingEnabled false
2021-02-02 10:12:03.712 18644-18644/com.nubo.test7 V/Toast: HANDLE SHOW: android.widget.Toast$TN@6116a8f mView=null mNextView=android.widget.LinearLayout{42a5aa1 V.E...... ......I. 0,0-0,0}
2021-02-02 10:12:03.712 18644-18644/com.nubo.test7 V/Toast: HANDLE HIDE: android.widget.Toast$TN@6116a8f mView=null
2021-02-02 10:12:03.722 18644-18644/com.nubo.test7 D/ViewRootImpl@42177b4[Toast]: setView = android.widget.LinearLayout@42a5aa1 TM=true MM=false
2021-02-02 10:12:03.722 18644-18644/com.nubo.test7 V/Toast: Text: Buth in android.widget.Toast$TN@6116a8f
2021-02-02 10:12:03.722 18644-18644/com.nubo.test7 D/ViewRootImpl@5d81e43[BiometricLogin]: MSG_WINDOW_FOCUS_CHANGED 1 1
2021-02-02 10:12:03.722 18644-18644/com.nubo.test7 D/InputMethodManager: prepareNavigationBarInfo() DecorView@3e37df7[BiometricLogin]
2021-02-02 10:12:03.722 18644-18644/com.nubo.test7 D/InputMethodManager: getNavigationBarColor() -855310
2021-02-02 10:12:03.722 18644-18644/com.nubo.test7 D/InputMethodManager: prepareNavigationBarInfo() DecorView@3e37df7[BiometricLogin]
2021-02-02 10:12:03.722 18644-18644/com.nubo.test7 D/InputMethodManager: getNavigationBarColor() -855310
2021-02-02 10:12:03.722 18644-18644/com.nubo.test7 V/InputMethodManager: Starting input: tba=com.nubo.test7 ic=null mNaviBarColor -855310 mIsGetNaviBarColorSuccess true , NavVisible : true , NavTrans : false
2021-02-02 10:12:03.723 18644-18644/com.nubo.test7 D/InputMethodManager: startInputInner - Id : 0
2021-02-02 10:12:03.723 18644-18644/com.nubo.test7 I/InputMethodManager: startInputInner - mService.startInputOrWindowGainedFocus
2021-02-02 10:12:03.725 18644-19155/com.nubo.test7 D/OpenGLRenderer: makeCurrent EglSurface : 0x0 -> 0x723ab9f180
2021-02-02 10:12:03.734 18644-18644/com.nubo.test7 D/ViewRootImpl@42177b4[Toast]: Relayout returned: old=(0,150,1440,2872) new=(341,2494,1099,2648) req=(758,154)0 dur=6 res=0x7 s={true 492185985024} ch=true
2021-02-02 10:12:03.737 18644-19155/com.nubo.test7 D/OpenGLRenderer: createReliableSurface : 0x732fd1c580(0x7298922000)
2021-02-02 10:12:03.737 18644-19155/com.nubo.test7 I/mali_winsys: new_window_surface() [758x154] return: 0x3000
2021-02-02 10:12:03.738 18644-19155/com.nubo.test7 D/OpenGLRenderer: makeCurrent EglSurface : 0x723ab9f180 -> 0x723ab9f780
2021-02-02 10:12:03.742 18644-19155/com.nubo.test7 D/OpenGLRenderer: makeCurrent EglSurface : 0x723ab9f780 -> 0x723ab9f180
2021-02-02 10:12:03.744 18644-18644/com.nubo.test7 D/ViewRootImpl@42177b4[Toast]: MSG_RESIZED: frame=(341,2494,1099,2648) ci=(0,0,0,0) vi=(0,0,758,154) or=1
2021-02-02 10:12:04.015 18644-22329/com.nubo.test7 I/nubo.Debugger: SSL Cipher Suite: TLS_ECDHE_RSA_WITH_AES_128_GCM_SHA256
2021-02-02 10:12:04.018 18644-18644/com.nubo.test7 E/BiometricLogin: checkBiometric. status: 1 ,message: Biometric checked
2021-02-02 10:12:04.043 18644-18644/com.nubo.test7 W/ActivityThread: handleWindowVisibility: no activity for token android.os.BinderProxy@cf8fb76
2021-02-02 10:12:04.048 18644-18644/com.nubo.test7 I/GStreamer: GStreamer already initialized
2021-02-02 10:12:04.050 18644-18644/com.nubo.test7 D/PhoneWindow: forceLight changed to true [] from com.android.internal.policy.PhoneWindow.updateForceLightNavigationBar:4268 com.android.internal.policy.DecorView.updateColorViews:1494 com.android.internal.policy.PhoneWindow.dispatchWindowAttributesChanged:3246 android.view.Window.setFlags:1148 com.android.internal.policy.PhoneWindow.generateLayout:2474 
2021-02-02 10:12:04.050 18644-18644/com.nubo.test7 I/MultiWindowDecorSupport: updateCaptionType >> DecorView@4569a4d[], isFloating: false, isApplication: true, hasWindowDecorCaption: false, hasWindowControllerCallback: true
2021-02-02 10:12:04.050 18644-18644/com.nubo.test7 D/MultiWindowDecorSupport: setCaptionType = 0, DecorView = DecorView@4569a4d[]
2021-02-02 10:12:04.086 18644-18644/com.nubo.test7 E/nubo.NuboParams: getScreenScale: normal
2021-02-02 10:12:04.087 18644-18644/com.nubo.test7 E/nubo.NuboClientActivity: calcNavBarHeights. config_showNavigationBar: true, navigation_bar_height: 168
2021-02-02 10:12:04.087 18644-18644/com.nubo.test7 I/nubo.NuboClientActivity: calcNavBarHeights. mNavBarHeightLandscape: 0, mNavBarHeightPortrait: 168, mNavBarWidth: 168, mHasNavBar: true
2021-02-02 10:12:04.088 18644-18644/com.nubo.test7 I/nubo.NuboClientActivity: mHasNavBar: true, mNavBarHeightPortrait: 168, mNavBarHeightLandscape: 0, mNavBarWidth: 168, portraitWidth: 1440, portraitHeight: 2723, landscapeWidth: 2872, landscapeHeight: 1440
2021-02-02 10:12:04.088 18644-18644/com.nubo.test7 I/nubo.NuboClientActivity: After apply scale ratio. mHasNavBar: true, mNavBarHeightPortrait: 84, mNavBarHeightLandscape: 0, mNavBarWidth: 84, portraitWidth: 720, portraitHeight: 1361, landscapeWidth: 1436, landscapeHeight: 720
2021-02-02 10:12:04.098 18644-18644/com.nubo.test7 E/nubo.NuboParams: Cannot sync contacts. You should allow permission
2021-02-02 10:12:04.103 18644-19295/com.nubo.test7 I/System.out: (HTTPLog)-Static: isSBSettingEnabled false
2021-02-02 10:12:04.104 18644-19295/com.nubo.test7 I/System.out: (HTTPLog)-Static: isSBSettingEnabled false
2021-02-02 10:12:04.109 18644-18644/com.nubo.test7 D/Dialog: mIsSamsungBasicInteraction = false
2021-02-02 10:12:04.109 18644-18644/com.nubo.test7 D/Dialog: mIsSamsungBasicInteraction = false, isMetaDataInActivity = false
2021-02-02 10:12:04.110 18644-18644/com.nubo.test7 I/MultiWindowDecorSupport: updateCaptionType >> DecorView@27b6cd6[], isFloating: true, isApplication: true, hasWindowDecorCaption: false, hasWindowControllerCallback: false
2021-02-02 10:12:04.110 18644-18644/com.nubo.test7 D/MultiWindowDecorSupport: setCaptionType = 0, DecorView = DecorView@27b6cd6[]
2021-02-02 10:12:04.125 18644-18644/com.nubo.test7 D/ViewRootImpl@bcd12f8[NuboClientActivity]: setView = com.android.internal.policy.DecorView@27b6cd6 TM=true MM=false
2021-02-02 10:12:04.125 18644-18644/com.nubo.test7 D/nubo.Debugger: StartSession from onResume()
2021-02-02 10:12:04.127 18644-18644/com.nubo.test7 E/nubo.NuboClientActivity: nuboClientVersion: 2.8.64-nubo, NuboVersionCode: 387
2021-02-02 10:12:04.128 18644-18644/com.nubo.test7 E/nubo.NuboParams: getClientFrameRate: high
2021-02-02 10:12:04.128 18644-18644/com.nubo.test7 E/nubo.NuboClientActivity: Set fixed client frame rate: HIGH
2021-02-02 10:12:04.131 18644-22336/com.nubo.test7 I/System.out: (HTTPLog)-Static: isSBSettingEnabled false
2021-02-02 10:12:04.131 18644-22336/com.nubo.test7 I/System.out: (HTTPLog)-Static: isSBSettingEnabled false
2021-02-02 10:12:04.137 18644-18644/com.nubo.test7 D/SensorManager: registerListener :: 1, LSM6DSO Acceleration Sensor, 200000, 0,  
2021-02-02 10:12:04.144 18644-18644/com.nubo.test7 D/ViewRootImpl@e2b4910[NuboClientActivity]: setView = com.android.internal.policy.DecorView@4569a4d TM=true MM=false
2021-02-02 10:12:04.145 18644-18644/com.nubo.test7 D/ViewRootImpl@5d81e43[BiometricLogin]: MSG_WINDOW_FOCUS_CHANGED 0 1
2021-02-02 10:12:04.146 18644-18644/com.nubo.test7 D/InputMethodManager: prepareNavigationBarInfo() DecorView@3e37df7[BiometricLogin]
2021-02-02 10:12:04.146 18644-18644/com.nubo.test7 D/InputMethodManager: getNavigationBarColor() -855310
2021-02-02 10:12:04.158 18644-18644/com.nubo.test7 D/ViewRootImpl@bcd12f8[NuboClientActivity]: Relayout returned: old=(0,150,1440,2872) new=(282,1353,1157,1668) req=(875,315)0 dur=5 res=0x7 s={true 490610434048} ch=true
2021-02-02 10:12:04.159 18644-19155/com.nubo.test7 D/OpenGLRenderer: createReliableSurface : 0x729d5b0dc0(0x723aa92000)
2021-02-02 10:12:04.159 18644-19155/com.nubo.test7 I/mali_winsys: new_window_surface() [1099x539] return: 0x3000
2021-02-02 10:12:04.161 18644-18644/com.nubo.test7 E/DecorView: mWindow.mActivityCurrentConfig is null
2021-02-02 10:12:04.163 18644-19155/com.nubo.test7 D/OpenGLRenderer: makeCurrent EglSurface : 0x723ab9f180 -> 0x723add2480
2021-02-02 10:12:04.176 18644-18644/com.nubo.test7 D/ViewRootImpl@e2b4910[NuboClientActivity]: Relayout returned: old=(0,0,1440,3040) new=(0,150,1440,3040) req=(1440,3040)0 dur=4 res=0x7 s={true 490612101120} ch=true
2021-02-02 10:12:04.177 18644-19155/com.nubo.test7 D/OpenGLRenderer: createReliableSurface : 0x72256e9ec0(0x723ac29000)
2021-02-02 10:12:04.177 18644-19155/com.nubo.test7 I/mali_winsys: new_window_surface() [1440x2890] return: 0x3000
2021-02-02 10:12:04.205 18644-18644/com.nubo.test7 D/WallpaperManager: getScaledBitmap. scaleY: 2.2578125, scaleX: 0.703125, b.getHeight(): 1280, b.getWidth(): 2048, size[1]: 2890, size[0]: 1440
2021-02-02 10:12:04.272 18644-18644/com.nubo.test7 D/WallpaperManager: getScaledBitmap result: b.getHeight(): 2890, b.getWidth(): 4624
2021-02-02 10:12:04.273 18644-19155/com.nubo.test7 D/OpenGLRenderer: makeCurrent EglSurface : 0x723add2480 -> 0x723ac9ea00
2021-02-02 10:12:04.303 18644-19155/com.nubo.test7 D/OpenGLRenderer: makeCurrent EglSurface : 0x723ac9ea00 -> 0x723add2480
2021-02-02 10:12:04.307 18644-18644/com.nubo.test7 D/ViewRootImpl@bcd12f8[NuboClientActivity]: MSG_WINDOW_FOCUS_CHANGED 1 1
2021-02-02 10:12:04.308 18644-18644/com.nubo.test7 D/InputMethodManager: prepareNavigationBarInfo() DecorView@27b6cd6[NuboClientActivity]
2021-02-02 10:12:04.308 18644-18644/com.nubo.test7 D/InputMethodManager: getNavigationBarColor() -855310
2021-02-02 10:12:04.309 18644-18644/com.nubo.test7 D/InputMethodManager: prepareNavigationBarInfo() DecorView@27b6cd6[NuboClientActivity]
2021-02-02 10:12:04.309 18644-18644/com.nubo.test7 D/InputMethodManager: getNavigationBarColor() -855310
2021-02-02 10:12:04.309 18644-18644/com.nubo.test7 V/InputMethodManager: Starting input: tba=com.nubo.test7 ic=null mNaviBarColor -855310 mIsGetNaviBarColorSuccess true , NavVisible : true , NavTrans : false
2021-02-02 10:12:04.309 18644-18644/com.nubo.test7 D/InputMethodManager: startInputInner - Id : 0
2021-02-02 10:12:04.309 18644-18644/com.nubo.test7 I/InputMethodManager: startInputInner - mService.startInputOrWindowGainedFocus
2021-02-02 10:12:04.325 18644-18644/com.nubo.test7 D/InputTransport: Input channel destroyed: 'ClientS', fd=78
2021-02-02 10:12:04.339 18644-18644/com.nubo.test7 D/ViewRootImpl@31c0db3[PopupWindow:5180704]: setView = android.widget.PopupWindow$PopupDecorView@a908f70 TM=true MM=false
2021-02-02 10:12:04.340 18644-18644/com.nubo.test7 D/ViewRootImpl@bcd12f8[NuboClientActivity]: MSG_RESIZED_REPORT: frame=(282,1353,1157,1668) ci=(0,0,0,0) vi=(0,0,0,0) or=1
2021-02-02 10:12:04.340 18644-18644/com.nubo.test7 D/ViewRootImpl@e2b4910[NuboClientActivity]: MSG_RESIZED_REPORT: frame=(0,150,1440,3040) ci=(0,0,0,0) vi=(0,0,0,0) or=1
2021-02-02 10:12:04.342 18644-22336/com.nubo.test7 I/nubo.Debugger: SSL Cipher Suite: TLS_ECDHE_RSA_WITH_AES_128_GCM_SHA256
2021-02-02 10:12:04.365 18644-18644/com.nubo.test7 D/ViewRootImpl@31c0db3[PopupWindow:5180704]: Relayout returned: old=(0,150,1440,2872) new=(0,150,0,3040) req=(0,2722)0 dur=13 res=0x7 s={true 490256957440} ch=true
2021-02-02 10:12:04.366 18644-19155/com.nubo.test7 D/OpenGLRenderer: createReliableSurface : 0x732fd1a8c0(0x7225978000)
2021-02-02 10:12:04.368 18644-19155/com.nubo.test7 I/mali_winsys: new_window_surface() [1x2890] return: 0x3000
2021-02-02 10:12:04.371 18644-18644/com.nubo.test7 D/KeyboardHeightProvider: KeyboardHeightProvider. handleOnGlobalLayout. screenSize.y: 2723, rect.bottom: 3040, keyboardHeight: -317
2021-02-02 10:12:04.377 18644-19155/com.nubo.test7 D/OpenGLRenderer: makeCurrent EglSurface : 0x723add2480 -> 0x723ac9ea00
2021-02-02 10:12:04.380 18644-18644/com.nubo.test7 D/nubo.NuboClientActivity: startSession status: 1
2021-02-02 10:12:04.388 18644-19155/com.nubo.test7 D/OpenGLRenderer: makeCurrent EglSurface : 0x723ac9ea00 -> 0x723add2480
2021-02-02 10:12:04.399 18644-18644/com.nubo.test7 D/ViewRootImpl@31c0db3[PopupWindow:5180704]: MSG_RESIZED_REPORT: frame=(0,150,0,3040) ci=(0,0,0,0) vi=(0,0,0,0) or=1
2021-02-02 10:12:04.399 18644-18644/com.nubo.test7 V/nubo.NuboClientActivity: mFastOrSlowReconnectionRunnable. re-open socket
2021-02-02 10:12:04.400 18644-18644/com.nubo.test7 E/nubo.NuboClientActivity: openConnection. OPENING...
2021-02-02 10:12:04.402 18644-18644/com.nubo.test7 E/nubo.NuboClientActivity: openConnection. start thread
2021-02-02 10:12:04.415 18644-22339/com.nubo.test7 V/nubo.Debugger: Starting socket thread. channelType: 0, Connecting to labil.nubosoftware.com:7443
2021-02-02 10:12:04.415 18644-18644/com.nubo.test7 D/KeyboardHeightProvider: KeyboardHeightProvider. handleOnGlobalLayout. screenSize.y: 2723, rect.bottom: 3040, keyboardHeight: -317
2021-02-02 10:12:04.437 18644-19155/com.nubo.test7 D/OpenGLRenderer: makeCurrent EglSurface : 0x723add2480 -> 0x723ac9ea00
2021-02-02 10:12:04.442 18644-19155/com.nubo.test7 D/OpenGLRenderer: makeCurrent EglSurface : 0x723ac9ea00 -> 0x723add2480
2021-02-02 10:12:04.490 18644-22339/com.nubo.test7 E/nubo.NuboClientActivity: nuboClientVersion: 2.8.64-nubo, NuboVersionCode: 387
2021-02-02 10:12:04.491 18644-22339/com.nubo.test7 E/nubo.NuboParams: getClientFrameRate: high
2021-02-02 10:12:04.493 18644-22339/com.nubo.test7 E/nubo.NuboClientActivity: Set fixed client frame rate: HIGH
2021-02-02 10:12:04.496 18644-22339/com.nubo.test7 E/nubo.NuboClientActivity: sendPlayerLogin. initialFPS: Initial process FPS is 20Hz, mNetworkConQuality: 3
2021-02-02 10:12:04.497 18644-22339/com.nubo.test7 E/nubo.Debugger: SocketThread::run. Waiting for drawPlayerLoginAck. channelIdx: 0
2021-02-02 10:12:04.497 18644-22342/com.nubo.test7 E/nubo.NuboOutStreamMgr: Sending cmd: 3
2021-02-02 10:12:04.541 18644-19295/com.nubo.test7 I/System.out: (HTTPLog)-Static: isSBSettingEnabled false
2021-02-02 10:12:04.541 18644-19295/com.nubo.test7 I/System.out: (HTTPLog)-Static: isSBSettingEnabled false
2021-02-02 10:12:04.543 18644-22339/com.nubo.test7 E/nubo.Debugger: SocketThread::run. loginMgmtErrorCode: 0, channelIdx: 0
2021-02-02 10:12:04.543 18644-22339/com.nubo.test7 I/nubo.Debugger: Logged in
2021-02-02 10:12:04.544 18644-22339/com.nubo.test7 E/nubo.NuboParams: Cannot sync contacts. You should allow permission
2021-02-02 10:12:04.547 18644-22339/com.nubo.test7 I/nubo.NuboClientActivity: Using server side open GL!
2021-02-02 10:12:04.548 18644-22339/com.nubo.test7 I/nubo.NuboClientActivity: openChannel. Starting channel for process :0, channelType: 2, channelIdx: 0
2021-02-02 10:12:04.548 18644-22343/com.nubo.test7 E/nubo.NuboClientActivity: Adding channel: 29853, size: 1
2021-02-02 10:12:04.549 18644-22343/com.nubo.test7 V/nubo.Debugger: Starting socket thread. channelType: 2, Connecting to labil.nubosoftware.com:7443
2021-02-02 10:12:04.549 18644-22339/com.nubo.test7 E/nubo.NuboClientActivity: sendCurrentLocation..
2021-02-02 10:12:04.553 18644-22339/com.nubo.test7 D/nubo.NuboClientActivity: cmdcode: 121, bytesCount: 13, channelType: 0, processId: 9222
2021-02-02 10:12:04.553 18644-22339/com.nubo.test7 E/nubo.NuboClientActivity: clearProcessCacheAck. Avoid operation immediately after login! processId: 9222, loginTime: 9
2021-02-02 10:12:04.554 18644-22339/com.nubo.test7 D/nubo.NuboClientActivity: cmdcode: 29, bytesCount: 47, channelType: 0, processId: 9222
2021-02-02 10:12:04.554 18644-22339/com.nubo.test7 D/nubo.NuboClientActivity: cmdcode: 102, bytesCount: 27, channelType: 0, processId: 9222
2021-02-02 10:12:04.555 18644-22339/com.nubo.test7 D/nubo.NuboClientActivity: Push window. ACTIVITY wndId=148518344, containerType: 1
2021-02-02 10:12:04.559 18644-18644/com.nubo.test7 D/Dialog: mIsSamsungBasicInteraction = false
2021-02-02 10:12:04.559 18644-18644/com.nubo.test7 D/Dialog: mIsSamsungBasicInteraction = false, isMetaDataInActivity = false
2021-02-02 10:12:04.578 18644-18644/com.nubo.test7 D/PhoneWindow: forceLight changed to true [] from com.android.internal.policy.PhoneWindow.updateForceLightNavigationBar:4268 com.android.internal.policy.DecorView.updateColorViews:1494 com.android.internal.policy.PhoneWindow.dispatchWindowAttributesChanged:3246 android.view.Window.setFlags:1148 com.android.internal.policy.PhoneWindow.generateLayout:2474 
2021-02-02 10:12:04.578 18644-18644/com.nubo.test7 I/MultiWindowDecorSupport: updateCaptionType >> DecorView@e4a18ce[], isFloating: false, isApplication: true, hasWindowDecorCaption: false, hasWindowControllerCallback: false
2021-02-02 10:12:04.578 18644-18644/com.nubo.test7 D/MultiWindowDecorSupport: setCaptionType = 0, DecorView = DecorView@e4a18ce[]
2021-02-02 10:12:04.579 18644-18644/com.nubo.test7 D/nubo.WindowsStack: addWindowForActivityDialog. Add task that is on top
2021-02-02 10:12:04.580 18644-22339/com.nubo.test7 D/nubo.Debugger: PushWindow succeeded. processId=9222, wndId=148518344, nuboWndId=33293921, containerType: 1
2021-02-02 10:12:04.581 18644-18644/com.nubo.test7 E/nubo.NuboClientActivity: location: Location[fused 32.063737,34.870984 hAcc=19 et=+31d19h31m53s306ms alt=121.70000457763672 vAcc=1 sAcc=??? bAcc=??? {Bundle[mParcelledData.dataSize=52]}]
2021-02-02 10:12:04.581 18644-18644/com.nubo.test7 D/nubo.NuboClientActivity: player location localLatitude = 32.063736localLongitude = 34.870983localAccuracy = 19.429localAltitude = 121.700005localBearing = 0.0
2021-02-02 10:12:04.587 18644-18644/com.nubo.test7 D/ViewRootImpl@472f3da[NuboClientActivity]: setView = com.android.internal.policy.DecorView@e4a18ce TM=true MM=false
2021-02-02 10:12:04.587 18644-22339/com.nubo.test7 D/nubo.NuboClientActivity: cmdcode: 104, bytesCount: 14, channelType: 0, processId: 9222
2021-02-02 10:12:04.588 18644-22339/com.nubo.test7 V/nubo.NuboClientActivity: ShowWindow PACKAGENAME=com.nubo.launcher.nubo, wndId: 148518344
2021-02-02 10:12:04.594 18644-18644/com.nubo.test7 D/ViewRootImpl@472f3da[NuboClientActivity]: Relayout returned: old=(0,0,1440,3040) new=(0,150,1440,3040) req=(1440,3040)8 dur=6 res=0x1 s={false 0} ch=false
2021-02-02 10:12:04.604 18644-18644/com.nubo.test7 D/ViewRootImpl@4256194[PopupWindow:8d0a901]: setView = android.widget.PopupWindow$PopupDecorView@41dd43d TM=true MM=false
2021-02-02 10:12:04.605 18644-18644/com.nubo.test7 D/nubo.NuboClientActivity: mLayoutVisible PanelDialog: com.nubo.windows.PanelDialog@b8c2432
2021-02-02 10:12:04.605 18644-18644/com.nubo.test7 D/nubo.MenuBarManager: add status bar to new parent view
2021-02-02 10:12:04.630 18644-22339/com.nubo.test7 D/nubo.NuboClientActivity: cmdcode: 125, bytesCount: 17, channelType: 0, processId: 9222
2021-02-02 10:12:04.636 18644-18644/com.nubo.test7 D/ViewRootImpl@472f3da[NuboClientActivity]: Relayout returned: old=(0,150,1440,3040) new=(0,150,1440,3040) req=(1440,2890)0 dur=5 res=0x7 s={true 490613583872} ch=true
2021-02-02 10:12:04.637 18644-18644/com.nubo.test7 I/MultiWindowDecorSupport: updateCaptionType >> DecorView@e4a18ce[NuboClientActivity], isFloating: false, isApplication: true, hasWindowDecorCaption: false, hasWindowControllerCallback: false
2021-02-02 10:12:04.637 18644-18644/com.nubo.test7 D/MultiWindowDecorSupport: setCaptionType = 0, DecorView = DecorView@e4a18ce[NuboClientActivity]
2021-02-02 10:12:04.637 18644-19155/com.nubo.test7 D/OpenGLRenderer: createReliableSurface : 0x72256e85c0(0x723ad93000)
2021-02-02 10:12:04.638 18644-19155/com.nubo.test7 I/mali_winsys: new_window_surface() [1440x2890] return: 0x3000
2021-02-02 10:12:04.641 18644-18644/com.nubo.test7 E/DecorView: mWindow.mActivityCurrentConfig is null
2021-02-02 10:12:04.641 18644-22343/com.nubo.test7 E/nubo.Debugger: SocketThread::run. Creaating streamMgr, channelIdx: 0
2021-02-02 10:12:04.642 18644-18644/com.nubo.test7 D/nubo.Debugger: onSurfaceTextureAvailable. surface=android.graphics.SurfaceTexture@769b9aa
2021-02-02 10:12:04.642 18644-22343/com.nubo.test7 E/nubo.Debugger: SocketThread::run. sendChannelLogin, channelIdx: 0
2021-02-02 10:12:04.644 18644-22343/com.nubo.test7 E/nubo.Debugger: SocketThread::run. Waiting for drawPlayerLoginAck. channelIdx: 0
2021-02-02 10:12:04.644 18644-22346/com.nubo.test7 E/nubo.NuboOutStreamMgr: Sending cmd: 5
2021-02-02 10:12:04.646 18644-19155/com.nubo.test7 D/OpenGLRenderer: makeCurrent EglSurface : 0x723add2480 -> 0x7298834400
2021-02-02 10:12:04.666 18644-19155/com.nubo.test7 D/OpenGLRenderer: makeCurrent EglSurface : 0x7298834400 -> 0x723add2480
2021-02-02 10:12:04.672 18644-18644/com.nubo.test7 D/ViewRootImpl@4256194[PopupWindow:8d0a901]: Relayout returned: old=(0,150,1440,2872) new=(0,150,0,2872) req=(0,2722)0 dur=5 res=0x7 s={true 490256244736} ch=true
2021-02-02 10:12:04.673 18644-19155/com.nubo.test7 D/OpenGLRenderer: createReliableSurface : 0x722597bf00(0x72258ca000)
2021-02-02 10:12:04.674 18644-19155/com.nubo.test7 I/mali_winsys: new_window_surface() [1x2722] return: 0x3000
2021-02-02 10:12:04.674 18644-18644/com.nubo.test7 D/KeyboardHeightProvider: KeyboardHeightProvider. handleOnGlobalLayout. screenSize.y: 2723, rect.bottom: 2872, keyboardHeight: -149
2021-02-02 10:12:04.678 18644-18644/com.nubo.test7 D/ViewRootImpl@5d81e43[BiometricLogin]: stopped(true) old=false
2021-02-02 10:12:04.680 18644-18644/com.nubo.test7 D/nubo.Debugger: onSurfaceTextureDestroyed. surface=android.graphics.SurfaceTexture@769b9aa
2021-02-02 10:12:04.683 18644-19155/com.nubo.test7 D/OpenGLRenderer: destroyEglSurface : 0x7298834400
2021-02-02 10:12:04.683 18644-19155/com.nubo.test7 I/mali_egl: eglDestroySurface() in
2021-02-02 10:12:04.683 18644-19155/com.nubo.test7 I/mali_winsys: delete_surface() [1440x2890] return
2021-02-02 10:12:04.683 18644-19155/com.nubo.test7 I/mali_egl: eglDestroySurface() out
2021-02-02 10:12:04.683 18644-19155/com.nubo.test7 W/libEGL: EGLNativeWindowType 0x72256e85d0 disconnect failed
2021-02-02 10:12:04.683 18644-19155/com.nubo.test7 D/OpenGLRenderer: ~ReliableSurface : 0x72256e85c0
2021-02-02 10:12:04.683 18644-18644/com.nubo.test7 D/ViewRootImpl@472f3da[NuboClientActivity]: dispatchDetachedFromWindow
2021-02-02 10:12:04.690 18644-18644/com.nubo.test7 D/InputTransport: Input channel destroyed: 'd340bd2', fd=133
2021-02-02 10:12:04.691 18644-19155/com.nubo.test7 D/OpenGLRenderer: destroyEglSurface : 0x723ab9f180
2021-02-02 10:12:04.691 18644-19155/com.nubo.test7 I/mali_egl: eglDestroySurface() in
2021-02-02 10:12:04.692 18644-19155/com.nubo.test7 I/mali_winsys: delete_surface() [1440x3040] return
2021-02-02 10:12:04.692 18644-19155/com.nubo.test7 I/mali_egl: eglDestroySurface() out
2021-02-02 10:12:04.692 18644-19155/com.nubo.test7 W/libEGL: EGLNativeWindowType 0x729d801c90 disconnect failed
2021-02-02 10:12:04.692 18644-19155/com.nubo.test7 D/OpenGLRenderer: ~ReliableSurface : 0x729d801c80
2021-02-02 10:12:04.697 18644-18644/com.nubo.test7 D/ViewRootImpl@5d81e43[BiometricLogin]: Relayout returned: old=(0,0,1440,3040) new=(0,0,1440,3040) req=(1440,3040)8 dur=4 res=0x5 s={false 0} ch=false
2021-02-02 10:12:04.697 18644-18644/com.nubo.test7 E/ViewRootImpl: sendUserActionEvent() mView returned.
2021-02-02 10:12:04.697 18644-18644/com.nubo.test7 D/ViewRootImpl@4256194[PopupWindow:8d0a901]: MSG_RESIZED: frame=(0,150,0,2872) ci=(0,0,0,0) vi=(0,0,0,0) or=1
2021-02-02 10:12:04.700 18644-18644/com.nubo.test7 I/MultiWindowDecorSupport: updateCaptionType >> DecorView@e4a18ce[NuboClientActivity], isFloating: false, isApplication: true, hasWindowDecorCaption: false, hasWindowControllerCallback: false
2021-02-02 10:12:04.700 18644-18644/com.nubo.test7 D/MultiWindowDecorSupport: setCaptionType = 0, DecorView = DecorView@e4a18ce[NuboClientActivity]
2021-02-02 10:12:04.710 18644-18644/com.nubo.test7 D/ViewRootImpl@83bd402[NuboClientActivity]: setView = com.android.internal.policy.DecorView@e4a18ce TM=true MM=false
2021-02-02 10:12:04.711 18644-18644/com.nubo.test7 D/ViewRootImpl@bcd12f8[NuboClientActivity]: MSG_WINDOW_FOCUS_CHANGED 1 1
2021-02-02 10:12:04.711 18644-18644/com.nubo.test7 D/InputMethodManager: prepareNavigationBarInfo() DecorView@27b6cd6[NuboClientActivity]
2021-02-02 10:12:04.711 18644-18644/com.nubo.test7 D/InputMethodManager: getNavigationBarColor() -855310
2021-02-02 10:12:04.711 18644-22339/com.nubo.test7 D/nubo.NuboClientActivity: cmdcode: 121, bytesCount: 13, channelType: 0, processId: 9222
2021-02-02 10:12:04.712 18644-18644/com.nubo.test7 D/ViewRootImpl@bcd12f8[NuboClientActivity]: MSG_WINDOW_FOCUS_CHANGED 1 1
2021-02-02 10:12:04.712 18644-18644/com.nubo.test7 E/ViewRootImpl: sendUserActionEvent() mView returned.
2021-02-02 10:12:04.713 18644-18644/com.nubo.test7 D/KeyboardHeightProvider: KeyboardHeightProvider. handleOnGlobalLayout. screenSize.y: 2723, rect.bottom: 0, keyboardHeight: 2723
2021-02-02 10:12:04.713 18644-22339/com.nubo.test7 E/nubo.NuboClientActivity: clearProcessCacheAck. Avoid operation immediately after login! processId: 9222, loginTime: 169
2021-02-02 10:12:04.714 18644-22339/com.nubo.test7 D/nubo.NuboClientActivity: cmdcode: 29, bytesCount: 47, channelType: 0, processId: 9222
2021-02-02 10:12:04.714 18644-22339/com.nubo.test7 D/nubo.NuboClientActivity: cmdcode: 102, bytesCount: 27, channelType: 0, processId: 9222
2021-02-02 10:12:04.715 18644-22339/com.nubo.test7 V/nubo.NuboClientActivity: Window already exists
2021-02-02 10:12:04.715 18644-22339/com.nubo.test7 D/nubo.NuboClientActivity: cmdcode: 104, bytesCount: 14, channelType: 0, processId: 9222
2021-02-02 10:12:04.715 18644-22343/com.nubo.test7 E/nubo.Debugger: SocketThread::run. loginMgmtErrorCode: 0, channelIdx: 0
2021-02-02 10:12:04.716 18644-22339/com.nubo.test7 V/nubo.NuboClientActivity: ShowWindow PACKAGENAME=com.nubo.launcher.nubo, wndId: 148518344
2021-02-02 10:12:04.716 18644-22343/com.nubo.test7 I/nubo.Debugger: Logged in
2021-02-02 10:12:04.717 18644-22339/com.nubo.test7 D/nubo.NuboClientActivity: cmdcode: 125, bytesCount: 17, channelType: 0, processId: 9222
2021-02-02 10:12:04.718 18644-22339/com.nubo.test7 D/nubo.NuboClientActivity: cmdcode: 121, bytesCount: 13, channelType: 0, processId: 9130
2021-02-02 10:12:04.718 18644-22339/com.nubo.test7 E/nubo.NuboClientActivity: clearProcessCacheAck. Avoid operation immediately after login! processId: 9130, loginTime: 174
2021-02-02 10:12:04.719 18644-22339/com.nubo.test7 D/nubo.NuboClientActivity: cmdcode: 29, bytesCount: 45, channelType: 0, processId: 9130
2021-02-02 10:12:04.719 18644-22339/com.nubo.test7 D/nubo.NuboClientActivity: cmdcode: 121, bytesCount: 13, channelType: 0, processId: 9130
2021-02-02 10:12:04.719 18644-22339/com.nubo.test7 E/nubo.NuboClientActivity: clearProcessCacheAck. Avoid operation immediately after login! processId: 9130, loginTime: 175
2021-02-02 10:12:04.720 18644-22339/com.nubo.test7 D/nubo.NuboClientActivity: cmdcode: 28, bytesCount: 17, channelType: 0, processId: 9110
2021-02-02 10:12:04.720 18644-22339/com.nubo.test7 E/nubo.NuboClientActivity: startPlayerLocationListener..
2021-02-02 10:12:04.723 18644-22339/com.nubo.test7 E/nubo.NuboClientActivity: sendCurrentLocation..
2021-02-02 10:12:04.723 18644-18644/com.nubo.test7 D/ViewRootImpl@83bd402[NuboClientActivity]: Relayout returned: old=(0,0,1440,3040) new=(0,150,1440,3040) req=(1440,3040)0 dur=7 res=0x7 s={true 490613583872} ch=true
2021-02-02 10:12:04.726 18644-19155/com.nubo.test7 D/OpenGLRenderer: createReliableSurface : 0x729d801c80(0x723ad93000)
2021-02-02 10:12:04.726 18644-19155/com.nubo.test7 I/mali_winsys: new_window_surface() [1440x2890] return: 0x3000
2021-02-02 10:12:04.729 18644-18644/com.nubo.test7 E/DecorView: mWindow.mActivityCurrentConfig is null
2021-02-02 10:12:04.724 18644-22339/com.nubo.test7 D/nubo.NuboClientActivity: cmdcode: 28, bytesCount: 17, channelType: 0, processId: 9110
2021-02-02 10:12:04.731 18644-22339/com.nubo.test7 D/nubo.NuboClientActivity: cmdcode: 121, bytesCount: 13, channelType: 0, processId: 9110
2021-02-02 10:12:04.731 18644-18644/com.nubo.test7 D/nubo.Debugger: onSurfaceTextureAvailable. surface=android.graphics.SurfaceTexture@f333f50
2021-02-02 10:12:04.731 18644-22339/com.nubo.test7 E/nubo.NuboClientActivity: clearProcessCacheAck. Avoid operation immediately after login! processId: 9110, loginTime: 187
2021-02-02 10:12:04.734 18644-19155/com.nubo.test7 D/OpenGLRenderer: makeCurrent EglSurface : 0x723add2480 -> 0x723add2080
2021-02-02 10:12:04.734 18644-22339/com.nubo.test7 D/nubo.NuboClientActivity: cmdcode: 121, bytesCount: 13, channelType: 0, processId: 9110
2021-02-02 10:12:04.735 18644-22339/com.nubo.test7 E/nubo.NuboClientActivity: clearProcessCacheAck. Avoid operation immediately after login! processId: 9110, loginTime: 191
2021-02-02 10:12:04.735 18644-22339/com.nubo.test7 D/nubo.NuboClientActivity: cmdcode: 121, bytesCount: 13, channelType: 0, processId: 9244
2021-02-02 10:12:04.736 18644-22339/com.nubo.test7 E/nubo.NuboClientActivity: clearProcessCacheAck. Avoid operation immediately after login! processId: 9244, loginTime: 192
2021-02-02 10:12:04.736 18644-22339/com.nubo.test7 D/nubo.NuboClientActivity: cmdcode: 87, bytesCount: 47, channelType: 0, processId: 9244
2021-02-02 10:12:04.737 18644-22339/com.nubo.test7 E/nubo.NuboParams: Cannot sync contacts. You should allow permission
2021-02-02 10:12:04.737 18644-22339/com.nubo.test7 E/nubo.NuboClientActivity: performUplContactsSync accepted, but not allowed. aborting...
2021-02-02 10:12:04.738 18644-22339/com.nubo.test7 D/nubo.NuboClientActivity: cmdcode: 121, bytesCount: 13, channelType: 0, processId: 9244
2021-02-02 10:12:04.738 18644-22339/com.nubo.test7 E/nubo.NuboClientActivity: clearProcessCacheAck. Avoid operation immediately after login! processId: 9244, loginTime: 194
2021-02-02 10:12:04.738 18644-22339/com.nubo.test7 D/nubo.NuboClientActivity: cmdcode: 87, bytesCount: 47, channelType: 0, processId: 9244
2021-02-02 10:12:04.739 18644-22339/com.nubo.test7 D/nubo.NuboClientActivity: cmdcode: 121, bytesCount: 13, channelType: 0, processId: 9209
2021-02-02 10:12:04.739 18644-18644/com.nubo.test7 D/ViewRootImpl@83bd402[NuboClientActivity]: MSG_WINDOW_FOCUS_CHANGED 1 1
2021-02-02 10:12:04.739 18644-22339/com.nubo.test7 E/nubo.NuboClientActivity: clearProcessCacheAck. Avoid operation immediately after login! processId: 9209, loginTime: 195
2021-02-02 10:12:04.739 18644-18644/com.nubo.test7 D/InputMethodManager: prepareNavigationBarInfo() DecorView@e4a18ce[NuboClientActivity]
2021-02-02 10:12:04.739 18644-18644/com.nubo.test7 D/InputMethodManager: getNavigationBarColor() -855310
2021-02-02 10:12:04.739 18644-19155/com.nubo.test7 D/OpenGLRenderer: makeCurrent EglSurface : 0x723add2080 -> 0x723add2480
2021-02-02 10:12:04.740 18644-22339/com.nubo.test7 D/nubo.NuboClientActivity: cmdcode: 121, bytesCount: 13, channelType: 0, processId: 9209
2021-02-02 10:12:04.740 18644-22339/com.nubo.test7 E/nubo.NuboClientActivity: clearProcessCacheAck. Avoid operation immediately after login! processId: 9209, loginTime: 196
2021-02-02 10:12:04.740 18644-18644/com.nubo.test7 D/InputMethodManager: prepareNavigationBarInfo() DecorView@e4a18ce[NuboClientActivity]
2021-02-02 10:12:04.741 18644-18644/com.nubo.test7 D/InputMethodManager: getNavigationBarColor() -855310
2021-02-02 10:12:04.741 18644-18644/com.nubo.test7 V/InputMethodManager: Starting input: tba=com.nubo.test7 ic=null mNaviBarColor -855310 mIsGetNaviBarColorSuccess true , NavVisible : true , NavTrans : false
2021-02-02 10:12:04.741 18644-22339/com.nubo.test7 D/nubo.NuboClientActivity: cmdcode: 121, bytesCount: 13, channelType: 0, processId: 9267
2021-02-02 10:12:04.741 18644-18644/com.nubo.test7 D/InputMethodManager: startInputInner - Id : 0
2021-02-02 10:12:04.741 18644-18644/com.nubo.test7 I/InputMethodManager: startInputInner - mService.startInputOrWindowGainedFocus
2021-02-02 10:12:04.741 18644-22339/com.nubo.test7 E/nubo.NuboClientActivity: clearProcessCacheAck. Avoid operation immediately after login! processId: 9267, loginTime: 197
2021-02-02 10:12:04.742 18644-22339/com.nubo.test7 D/nubo.NuboClientActivity: cmdcode: 121, bytesCount: 13, channelType: 0, processId: 9267
2021-02-02 10:12:04.742 18644-22339/com.nubo.test7 E/nubo.NuboClientActivity: clearProcessCacheAck. Avoid operation immediately after login! processId: 9267, loginTime: 198
2021-02-02 10:12:04.743 18644-22339/com.nubo.test7 D/nubo.NuboClientActivity: cmdcode: 121, bytesCount: 13, channelType: 0, processId: 9775
2021-02-02 10:12:04.743 18644-22339/com.nubo.test7 E/nubo.NuboClientActivity: clearProcessCacheAck. Avoid operation immediately after login! processId: 9775, loginTime: 199
2021-02-02 10:12:04.744 18644-22339/com.nubo.test7 D/nubo.NuboClientActivity: cmdcode: 121, bytesCount: 13, channelType: 0, processId: 9282
2021-02-02 10:12:04.744 18644-22339/com.nubo.test7 E/nubo.NuboClientActivity: clearProcessCacheAck. Avoid operation immediately after login! processId: 9282, loginTime: 200
2021-02-02 10:12:04.745 18644-22339/com.nubo.test7 D/nubo.NuboClientActivity: cmdcode: 121, bytesCount: 13, channelType: 0, processId: 9282
2021-02-02 10:12:04.745 18644-22339/com.nubo.test7 E/nubo.NuboClientActivity: clearProcessCacheAck. Avoid operation immediately after login! processId: 9282, loginTime: 201
2021-02-02 10:12:04.746 18644-22339/com.nubo.test7 D/nubo.NuboClientActivity: cmdcode: 121, bytesCount: 13, channelType: 0, processId: 9321
