2021-02-02 10:12:04.746 18644-22339/com.nubo.test7 E/nubo.NuboClientActivity: clearProcessCacheAck. Avoid operation immediately after login! processId: 9321, loginTime: 202
2021-02-02 10:12:04.746 18644-22339/com.nubo.test7 D/nubo.NuboClientActivity: cmdcode: 121, bytesCount: 13, channelType: 0, processId: 9584
2021-02-02 10:12:04.747 18644-22339/com.nubo.test7 E/nubo.NuboClientActivity: clearProcessCacheAck. Avoid operation immediately after login! processId: 9584, loginTime: 203
2021-02-02 10:12:04.747 18644-22339/com.nubo.test7 D/nubo.NuboClientActivity: cmdcode: 121, bytesCount: 13, channelType: 0, processId: 9321
2021-02-02 10:12:04.747 18644-18644/com.nubo.test7 D/InputTransport: Input channel destroyed: 'ClientS', fd=106
2021-02-02 10:12:04.747 18644-22339/com.nubo.test7 E/nubo.NuboClientActivity: clearProcessCacheAck. Avoid operation immediately after login! processId: 9321, loginTime: 203
2021-02-02 10:12:04.747 18644-18644/com.nubo.test7 D/nubo.MenuBarManager: no need to re-create status bar. just move it to top
2021-02-02 10:12:04.748 18644-22339/com.nubo.test7 D/nubo.NuboClientActivity: cmdcode: 121, bytesCount: 13, channelType: 0, processId: 9584
2021-02-02 10:12:04.750 18644-22339/com.nubo.test7 E/nubo.NuboClientActivity: clearProcessCacheAck. Avoid operation immediately after login! processId: 9584, loginTime: 206
2021-02-02 10:12:04.750 18644-18644/com.nubo.test7 E/DecorView: mWindow.mActivityCurrentConfig is null
2021-02-02 10:12:04.751 18644-19155/com.nubo.test7 D/OpenGLRenderer: makeCurrent EglSurface : 0x723add2480 -> 0x723add2080
2021-02-02 10:12:04.751 18644-18644/com.nubo.test7 D/ViewRootImpl@83bd402[NuboClientActivity]: MSG_RESIZED: frame=(0,150,1440,3040) ci=(0,0,0,168) vi=(0,0,0,168) or=1
2021-02-02 10:12:04.751 18644-18644/com.nubo.test7 D/ViewRootImpl@bcd12f8[NuboClientActivity]: MSG_WINDOW_FOCUS_CHANGED 0 1
2021-02-02 10:12:04.751 18644-18644/com.nubo.test7 D/InputMethodManager: prepareNavigationBarInfo() DecorView@27b6cd6[NuboClientActivity]
2021-02-02 10:12:04.751 18644-18644/com.nubo.test7 D/InputMethodManager: getNavigationBarColor() -855310
2021-02-02 10:12:04.752 18644-22339/com.nubo.test7 D/nubo.NuboClientActivity: cmdcode: 121, bytesCount: 13, channelType: 0, processId: 9698
2021-02-02 10:12:04.754 18644-22339/com.nubo.test7 E/nubo.NuboClientActivity: clearProcessCacheAck. Avoid operation immediately after login! processId: 9698, loginTime: 210
2021-02-02 10:12:04.755 18644-22339/com.nubo.test7 D/nubo.NuboClientActivity: cmdcode: 121, bytesCount: 13, channelType: 0, processId: 9698
2021-02-02 10:12:04.755 18644-22339/com.nubo.test7 E/nubo.NuboClientActivity: clearProcessCacheAck. Avoid operation immediately after login! processId: 9698, loginTime: 211
2021-02-02 10:12:04.755 18644-22339/com.nubo.test7 D/nubo.NuboClientActivity: cmdcode: 121, bytesCount: 13, channelType: 0, processId: 9775
2021-02-02 10:12:04.755 18644-22339/com.nubo.test7 E/nubo.NuboClientActivity: clearProcessCacheAck. Avoid operation immediately after login! processId: 9775, loginTime: 211
2021-02-02 10:12:04.756 18644-22339/com.nubo.test7 D/nubo.NuboClientActivity: cmdcode: 121, bytesCount: 13, channelType: 0, processId: 9841
2021-02-02 10:12:04.756 18644-19155/com.nubo.test7 D/OpenGLRenderer: makeCurrent EglSurface : 0x723add2080 -> 0x723add2480
2021-02-02 10:12:04.756 18644-22339/com.nubo.test7 E/nubo.NuboClientActivity: clearProcessCacheAck. Avoid operation immediately after login! processId: 9841, loginTime: 212
2021-02-02 10:12:04.757 18644-22339/com.nubo.test7 D/nubo.NuboClientActivity: cmdcode: 121, bytesCount: 13, channelType: 0, processId: 9841
2021-02-02 10:12:04.757 18644-22339/com.nubo.test7 E/nubo.NuboClientActivity: clearProcessCacheAck. Avoid operation immediately after login! processId: 9841, loginTime: 213
2021-02-02 10:12:04.758 18644-22339/com.nubo.test7 D/nubo.NuboClientActivity: cmdcode: 121, bytesCount: 13, channelType: 0, processId: 9298
2021-02-02 10:12:04.759 18644-22339/com.nubo.test7 E/nubo.NuboClientActivity: clearProcessCacheAck. Avoid operation immediately after login! processId: 9298, loginTime: 215
2021-02-02 10:12:04.759 18644-22339/com.nubo.test7 D/nubo.NuboClientActivity: cmdcode: 121, bytesCount: 13, channelType: 0, processId: 9298
2021-02-02 10:12:04.759 18644-22339/com.nubo.test7 E/nubo.NuboClientActivity: clearProcessCacheAck. Avoid operation immediately after login! processId: 9298, loginTime: 215
2021-02-02 10:12:04.760 18644-22339/com.nubo.test7 D/nubo.NuboClientActivity: cmdcode: 121, bytesCount: 13, channelType: 0, processId: 9509
2021-02-02 10:12:04.760 18644-22339/com.nubo.test7 E/nubo.NuboClientActivity: clearProcessCacheAck. Avoid operation immediately after login! processId: 9509, loginTime: 216
2021-02-02 10:12:04.761 18644-22339/com.nubo.test7 D/nubo.NuboClientActivity: cmdcode: 121, bytesCount: 13, channelType: 0, processId: 9509
2021-02-02 10:12:04.761 18644-22339/com.nubo.test7 E/nubo.NuboClientActivity: clearProcessCacheAck. Avoid operation immediately after login! processId: 9509, loginTime: 217
2021-02-02 10:12:04.763 18644-18644/com.nubo.test7 E/nubo.NuboClientActivity: location: Location[fused 32.063737,34.870984 hAcc=19 et=+31d19h31m53s508ms alt=121.70000457763672 vAcc=1 sAcc=??? bAcc=??? {Bundle[mParcelledData.dataSize=52]}]
2021-02-02 10:12:04.763 18644-22339/com.nubo.test7 D/nubo.NuboClientActivity: cmdcode: 121, bytesCount: 13, channelType: 0, processId: 9486
2021-02-02 10:12:04.763 18644-18644/com.nubo.test7 D/nubo.NuboClientActivity: player location localLatitude = 32.063736localLongitude = 34.870983localAccuracy = 19.429localAltitude = 121.700005localBearing = 0.0
2021-02-02 10:12:04.763 18644-22339/com.nubo.test7 E/nubo.NuboClientActivity: clearProcessCacheAck. Avoid operation immediately after login! processId: 9486, loginTime: 219
2021-02-02 10:12:04.765 18644-22339/com.nubo.test7 D/nubo.NuboClientActivity: cmdcode: 121, bytesCount: 13, channelType: 0, processId: 9486
2021-02-02 10:12:04.765 18644-22339/com.nubo.test7 E/nubo.NuboClientActivity: clearProcessCacheAck. Avoid operation immediately after login! processId: 9486, loginTime: 221
2021-02-02 10:12:04.765 18644-22339/com.nubo.test7 D/nubo.NuboClientActivity: cmdcode: 121, bytesCount: 13, channelType: 0, processId: 9891
2021-02-02 10:12:04.766 18644-22339/com.nubo.test7 E/nubo.NuboClientActivity: clearProcessCacheAck. Avoid operation immediately after login! processId: 9891, loginTime: 222
2021-02-02 10:12:04.766 18644-22339/com.nubo.test7 D/nubo.NuboClientActivity: cmdcode: 121, bytesCount: 13, channelType: 0, processId: 9891
2021-02-02 10:12:04.766 18644-22339/com.nubo.test7 E/nubo.NuboClientActivity: clearProcessCacheAck. Avoid operation immediately after login! processId: 9891, loginTime: 222
2021-02-02 10:12:04.766 18644-22339/com.nubo.test7 D/nubo.NuboClientActivity: cmdcode: 105, bytesCount: 13, channelType: 0, processId: 9222
2021-02-02 10:12:04.767 18644-22339/com.nubo.test7 E/nubo.Debugger: Hide window. wndId=148518344
2021-02-02 10:12:04.767 18644-22339/com.nubo.test7 D/nubo.NuboClientActivity: cmdcode: 29, bytesCount: 48, channelType: 0, processId: 9980
2021-02-02 10:12:04.767 18644-22339/com.nubo.test7 D/nubo.NuboClientActivity: cmdcode: 83, bytesCount: 70, channelType: 0, processId: 9980
2021-02-02 10:12:04.768 18644-22339/com.nubo.test7 D/nubo.NuboClientActivity: cmdcode: 102, bytesCount: 27, channelType: 0, processId: 9222
2021-02-02 10:12:04.768 18644-22339/com.nubo.test7 V/nubo.NuboClientActivity: Window already exists
2021-02-02 10:12:04.769 18644-22339/com.nubo.test7 D/nubo.NuboClientActivity: cmdcode: 104, bytesCount: 14, channelType: 0, processId: 9222
2021-02-02 10:12:04.769 18644-22339/com.nubo.test7 V/nubo.NuboClientActivity: ShowWindow PACKAGENAME=com.nubo.launcher.nubo, wndId: 148518344
2021-02-02 10:12:04.769 18644-22339/com.nubo.test7 D/nubo.NuboClientActivity: cmdcode: 1, bytesCount: 30, channelType: 0, processId: 9222
2021-02-02 10:12:04.769 18644-18644/com.nubo.test7 D/nubo.MenuBarManager: no need to re-create status bar. just move it to top
2021-02-02 10:12:04.770 18644-22339/com.nubo.test7 D/nubo.NuboClientActivity: cmdcode: 16, bytesCount: 36, channelType: 0, processId: 9222
2021-02-02 10:12:04.772 18644-22339/com.nubo.test7 D/nubo.NuboClientActivity: cmdcode: 2, bytesCount: 37, channelType: 0, processId: 9222
2021-02-02 10:12:04.773 18644-22339/com.nubo.test7 D/nubo.NuboClientActivity: cmdcode: 6, bytesCount: 120108, channelType: 0, processId: 9222
2021-02-02 10:12:04.780 18644-22339/com.nubo.test7 D/nubo.NuboClientActivity: cmdcode: 8, bytesCount: 6816, channelType: 0, processId: 9222
2021-02-02 10:12:04.782 18644-22339/com.nubo.test7 D/nubo.NuboClientActivity: cmdcode: 6, bytesCount: 109, channelType: 0, processId: 9222
2021-02-02 10:12:04.785 18644-22339/com.nubo.test7 D/nubo.NuboClientActivity: cmdcode: 8, bytesCount: 9082, channelType: 0, processId: 9222
2021-02-02 10:12:04.787 18644-22339/com.nubo.test7 D/nubo.NuboClientActivity: cmdcode: 6, bytesCount: 110, channelType: 0, processId: 9222
2021-02-02 10:12:04.787 18644-22339/com.nubo.test7 D/nubo.NuboClientActivity: cmdcode: 8, bytesCount: 8911, channelType: 0, processId: 9222
2021-02-02 10:12:04.789 18644-22339/com.nubo.test7 D/nubo.NuboClientActivity: cmdcode: 6, bytesCount: 109, channelType: 0, processId: 9222
2021-02-02 10:12:04.789 18644-18644/com.nubo.test7 E/DecorView: mWindow.mActivityCurrentConfig is null
2021-02-02 10:12:04.789 18644-19155/com.nubo.test7 D/OpenGLRenderer: makeCurrent EglSurface : 0x723add2480 -> 0x723add2080
2021-02-02 10:12:04.790 18644-22339/com.nubo.test7 D/nubo.NuboClientActivity: cmdcode: 8, bytesCount: 7801, channelType: 0, processId: 9222
2021-02-02 10:12:04.791 18644-22339/com.nubo.test7 D/nubo.NuboClientActivity: cmdcode: 6, bytesCount: 109, channelType: 0, processId: 9222
2021-02-02 10:12:04.791 18644-22339/com.nubo.test7 D/nubo.NuboClientActivity: cmdcode: 8, bytesCount: 8601, channelType: 0, processId: 9222
2021-02-02 10:12:04.793 18644-22339/com.nubo.test7 D/nubo.NuboClientActivity: cmdcode: 6, bytesCount: 111, channelType: 0, processId: 9222
2021-02-02 10:12:04.793 18644-22339/com.nubo.test7 D/nubo.NuboClientActivity: cmdcode: 8, bytesCount: 5216, channelType: 0, processId: 9222
2021-02-02 10:12:04.794 18644-19155/com.nubo.test7 D/OpenGLRenderer: makeCurrent EglSurface : 0x723add2080 -> 0x723add2480
2021-02-02 10:12:04.794 18644-22339/com.nubo.test7 D/nubo.NuboClientActivity: cmdcode: 6, bytesCount: 111, channelType: 0, processId: 9222
2021-02-02 10:12:04.795 18644-22339/com.nubo.test7 D/nubo.NuboClientActivity: cmdcode: 8, bytesCount: 3720, channelType: 0, processId: 9222
2021-02-02 10:12:04.796 18644-22339/com.nubo.test7 D/nubo.NuboClientActivity: cmdcode: 6, bytesCount: 120, channelType: 0, processId: 9222
2021-02-02 10:12:04.797 18644-22339/com.nubo.test7 D/nubo.NuboClientActivity: cmdcode: 8, bytesCount: 7854, channelType: 0, processId: 9222
2021-02-02 10:12:04.798 18644-22339/com.nubo.test7 D/nubo.NuboClientActivity: cmdcode: 6, bytesCount: 119, channelType: 0, processId: 9222
2021-02-02 10:12:04.799 18644-22339/com.nubo.test7 D/nubo.NuboClientActivity: cmdcode: 8, bytesCount: 10267, channelType: 0, processId: 9222
2021-02-02 10:12:04.800 18644-22339/com.nubo.test7 D/nubo.NuboClientActivity: cmdcode: 6, bytesCount: 111, channelType: 0, processId: 9222
2021-02-02 10:12:04.800 18644-22339/com.nubo.test7 D/nubo.NuboClientActivity: cmdcode: 8, bytesCount: 8070, channelType: 0, processId: 9222
2021-02-02 10:12:04.801 18644-22339/com.nubo.test7 D/nubo.NuboClientActivity: cmdcode: 6, bytesCount: 111, channelType: 0, processId: 9222
2021-02-02 10:12:04.802 18644-22339/com.nubo.test7 D/nubo.NuboClientActivity: cmdcode: 8, bytesCount: 3374, channelType: 0, processId: 9222
2021-02-02 10:12:04.803 18644-22339/com.nubo.test7 D/nubo.NuboClientActivity: cmdcode: 6, bytesCount: 120, channelType: 0, processId: 9222
2021-02-02 10:12:04.803 18644-22339/com.nubo.test7 D/nubo.NuboClientActivity: cmdcode: 8, bytesCount: 9006, channelType: 0, processId: 9222
2021-02-02 10:12:04.804 18644-22339/com.nubo.test7 D/nubo.NuboClientActivity: cmdcode: 6, bytesCount: 120, channelType: 0, processId: 9222
2021-02-02 10:12:04.805 18644-22339/com.nubo.test7 D/nubo.NuboClientActivity: cmdcode: 22, bytesCount: 513, channelType: 0, processId: 9222
2021-02-02 10:12:04.806 18644-22339/com.nubo.test7 D/nubo.NuboClientActivity: cmdcode: 13, bytesCount: 109, channelType: 0, processId: 9222
2021-02-02 10:12:04.807 18644-22339/com.nubo.test7 D/nubo.NuboClientActivity: cmdcode: 15, bytesCount: 228, channelType: 0, processId: 9222
2021-02-02 10:12:04.807 18644-22339/com.nubo.test7 D/nubo.NuboClientActivity: cmdcode: 15, bytesCount: 233, channelType: 0, processId: 9222
2021-02-02 10:12:04.808 18644-22339/com.nubo.test7 D/nubo.NuboClientActivity: cmdcode: 8, bytesCount: 9646, channelType: 0, processId: 9222
2021-02-02 10:12:04.809 18644-22339/com.nubo.test7 D/nubo.NuboClientActivity: cmdcode: 6, bytesCount: 109, channelType: 0, processId: 9222
2021-02-02 10:12:04.810 18644-22339/com.nubo.test7 D/nubo.NuboClientActivity: cmdcode: 8, bytesCount: 6930, channelType: 0, processId: 9222
2021-02-02 10:12:04.811 18644-22339/com.nubo.test7 D/nubo.NuboClientActivity: cmdcode: 6, bytesCount: 112, channelType: 0, processId: 9222
2021-02-02 10:12:04.811 18644-22339/com.nubo.test7 D/nubo.NuboClientActivity: cmdcode: 8, bytesCount: 8317, channelType: 0, processId: 9222
2021-02-02 10:12:04.812 18644-22339/com.nubo.test7 D/nubo.NuboClientActivity: cmdcode: 6, bytesCount: 110, channelType: 0, processId: 9222
2021-02-02 10:12:04.813 18644-22339/com.nubo.test7 D/nubo.NuboClientActivity: cmdcode: 101, bytesCount: 13, channelType: 0, processId: 9222
2021-02-02 10:12:04.813 18644-22339/com.nubo.test7 E/TAG: Detected first write transaction...
2021-02-02 10:12:04.817 18644-22339/com.nubo.test7 W/Gralloc3: allocator 3.x is not supported
2021-02-02 10:12:04.817 18644-19155/com.nubo.test7 D/OpenGLRenderer: makeCurrent EglSurface : 0x723add2480 -> 0x0
2021-02-02 10:12:04.817 18644-19155/com.nubo.test7 D/OpenGLRenderer: destroyEglSurface : 0x723add2480
2021-02-02 10:12:04.817 18644-19155/com.nubo.test7 I/mali_egl: eglDestroySurface() in
2021-02-02 10:12:04.819 18644-19155/com.nubo.test7 I/mali_winsys: delete_surface() [1099x539] return
2021-02-02 10:12:04.819 18644-19155/com.nubo.test7 I/mali_egl: eglDestroySurface() out
2021-02-02 10:12:04.819 18644-19155/com.nubo.test7 W/libEGL: EGLNativeWindowType 0x729d5b0dd0 disconnect failed
2021-02-02 10:12:04.819 18644-19155/com.nubo.test7 D/OpenGLRenderer: ~ReliableSurface : 0x729d5b0dc0
2021-02-02 10:12:04.820 18644-18644/com.nubo.test7 D/ViewRootImpl@bcd12f8[NuboClientActivity]: dispatchDetachedFromWindow
2021-02-02 10:12:04.827 18644-18644/com.nubo.test7 D/InputTransport: Input channel destroyed: '26e2a55', fd=93
2021-02-02 10:12:04.833 18644-22339/com.nubo.test7 D/nubo.NuboClientActivity: cmdcode: 125, bytesCount: 17, channelType: 0, processId: 9222
2021-02-02 10:12:04.834 18644-22339/com.nubo.test7 D/nubo.NuboClientActivity: cmdcode: 120, bytesCount: 14, channelType: 0, processId: 9222
2021-02-02 10:12:04.835 18644-22339/com.nubo.test7 D/nubo.NuboClientActivity: cmdcode: 121, bytesCount: 13, channelType: 0, processId: 9222
2021-02-02 10:12:04.836 18644-22339/com.nubo.test7 E/nubo.NuboClientActivity: clearProcessCacheAck. Avoid operation immediately after login! processId: 9222, loginTime: 292
2021-02-02 10:12:04.837 18644-19155/com.nubo.test7 D/OpenGLRenderer: makeCurrent EglSurface : 0x0 -> 0x723add2080
2021-02-02 10:12:04.838 18644-22339/com.nubo.test7 D/nubo.NuboClientActivity: cmdcode: 121, bytesCount: 13, channelType: 0, processId: 9222
2021-02-02 10:12:04.838 18644-22339/com.nubo.test7 E/nubo.NuboClientActivity: clearProcessCacheAck. Avoid operation immediately after login! processId: 9222, loginTime: 294
2021-02-02 10:12:04.839 18644-22339/com.nubo.test7 D/nubo.NuboClientActivity: cmdcode: 102, bytesCount: 27, channelType: 0, processId: 9222
2021-02-02 10:12:04.840 18644-22339/com.nubo.test7 V/nubo.NuboClientActivity: Window already exists
2021-02-02 10:12:04.841 18644-22339/com.nubo.test7 D/nubo.NuboClientActivity: cmdcode: 104, bytesCount: 14, channelType: 0, processId: 9222
2021-02-02 10:12:04.842 18644-22339/com.nubo.test7 V/nubo.NuboClientActivity: ShowWindow PACKAGENAME=com.nubo.launcher.nubo, wndId: 148518344
2021-02-02 10:12:04.844 18644-22339/com.nubo.test7 D/nubo.NuboClientActivity: cmdcode: 1, bytesCount: 30, channelType: 0, processId: 9222
2021-02-02 10:12:04.846 18644-22339/com.nubo.test7 D/nubo.NuboClientActivity: cmdcode: 16, bytesCount: 36, channelType: 0, processId: 9222
2021-02-02 10:12:04.847 18644-22339/com.nubo.test7 D/nubo.NuboClientActivity: cmdcode: 2, bytesCount: 37, channelType: 0, processId: 9222
2021-02-02 10:12:04.849 18644-22339/com.nubo.test7 D/nubo.NuboClientActivity: cmdcode: 6, bytesCount: 120108, channelType: 0, processId: 9222
2021-02-02 10:12:04.853 18644-22339/com.nubo.test7 D/nubo.NuboClientActivity: cmdcode: 8, bytesCount: 6816, channelType: 0, processId: 9222
2021-02-02 10:12:04.854 18644-22339/com.nubo.test7 D/nubo.NuboClientActivity: cmdcode: 6, bytesCount: 109, channelType: 0, processId: 9222
2021-02-02 10:12:04.855 18644-22339/com.nubo.test7 D/nubo.NuboClientActivity: cmdcode: 8, bytesCount: 9082, channelType: 0, processId: 9222
2021-02-02 10:12:04.856 18644-22339/com.nubo.test7 D/nubo.NuboClientActivity: cmdcode: 6, bytesCount: 110, channelType: 0, processId: 9222
2021-02-02 10:12:04.857 18644-22339/com.nubo.test7 D/nubo.NuboClientActivity: cmdcode: 8, bytesCount: 8911, channelType: 0, processId: 9222
2021-02-02 10:12:04.858 18644-22339/com.nubo.test7 D/nubo.NuboClientActivity: cmdcode: 6, bytesCount: 109, channelType: 0, processId: 9222
2021-02-02 10:12:04.859 18644-22339/com.nubo.test7 D/nubo.NuboClientActivity: cmdcode: 8, bytesCount: 7801, channelType: 0, processId: 9222
2021-02-02 10:12:04.860 18644-22339/com.nubo.test7 D/nubo.NuboClientActivity: cmdcode: 6, bytesCount: 109, channelType: 0, processId: 9222
2021-02-02 10:12:04.861 18644-22339/com.nubo.test7 D/nubo.NuboClientActivity: cmdcode: 8, bytesCount: 8601, channelType: 0, processId: 9222
2021-02-02 10:12:04.862 18644-22339/com.nubo.test7 D/nubo.NuboClientActivity: cmdcode: 6, bytesCount: 111, channelType: 0, processId: 9222
2021-02-02 10:12:04.862 18644-22339/com.nubo.test7 D/nubo.NuboClientActivity: cmdcode: 8, bytesCount: 5216, channelType: 0, processId: 9222
2021-02-02 10:12:04.863 18644-22339/com.nubo.test7 D/nubo.NuboClientActivity: cmdcode: 6, bytesCount: 111, channelType: 0, processId: 9222
2021-02-02 10:12:04.864 18644-22339/com.nubo.test7 D/nubo.NuboClientActivity: cmdcode: 8, bytesCount: 3720, channelType: 0, processId: 9222
2021-02-02 10:12:04.864 18644-22339/com.nubo.test7 D/nubo.NuboClientActivity: cmdcode: 6, bytesCount: 120, channelType: 0, processId: 9222
2021-02-02 10:12:04.865 18644-22339/com.nubo.test7 D/nubo.NuboClientActivity: cmdcode: 8, bytesCount: 7854, channelType: 0, processId: 9222
2021-02-02 10:12:04.867 18644-18676/com.nubo.test7 I/com.nubo.test7: Compiler allocated 8763KB to compile void com.nubo.client.NuboClientActivity$SocketThread.run()
2021-02-02 10:12:04.867 18644-18644/com.nubo.test7 D/InputMethodManager: prepareNavigationBarInfo() DecorView@e4a18ce[NuboClientActivity]
2021-02-02 10:12:04.867 18644-22339/com.nubo.test7 D/nubo.NuboClientActivity: cmdcode: 6, bytesCount: 119, channelType: 0, processId: 9222
2021-02-02 10:12:04.867 18644-18644/com.nubo.test7 D/InputMethodManager: getNavigationBarColor() -855310
2021-02-02 10:12:04.868 18644-18644/com.nubo.test7 V/InputMethodManager: Starting input: tba=com.nubo.test7 ic=com.nubo.views.TextureViewPanel$NuboInputConnection@146b926 mNaviBarColor -855310 mIsGetNaviBarColorSuccess true , NavVisible : true , NavTrans : false
2021-02-02 10:12:04.868 18644-18644/com.nubo.test7 D/InputMethodManager: startInputInner - Id : 0
2021-02-02 10:12:04.868 18644-18644/com.nubo.test7 I/InputMethodManager: startInputInner - mService.startInputOrWindowGainedFocus
2021-02-02 10:12:04.868 18644-22339/com.nubo.test7 D/nubo.NuboClientActivity: cmdcode: 8, bytesCount: 10267, channelType: 0, processId: 9222
2021-02-02 10:12:04.870 18644-22339/com.nubo.test7 D/nubo.NuboClientActivity: cmdcode: 6, bytesCount: 111, channelType: 0, processId: 9222
2021-02-02 10:12:04.871 18644-22339/com.nubo.test7 D/nubo.NuboClientActivity: cmdcode: 8, bytesCount: 8070, channelType: 0, processId: 9222
2021-02-02 10:12:04.872 18644-22339/com.nubo.test7 D/nubo.NuboClientActivity: cmdcode: 6, bytesCount: 111, channelType: 0, processId: 9222
2021-02-02 10:12:04.873 18644-22339/com.nubo.test7 D/nubo.NuboClientActivity: cmdcode: 8, bytesCount: 3374, channelType: 0, processId: 9222
2021-02-02 10:12:04.873 18644-18644/com.nubo.test7 D/InputTransport: Input channel destroyed: 'ClientS', fd=101
2021-02-02 10:12:04.874 18644-18644/com.nubo.test7 D/nubo.MenuBarManager: no need to re-create status bar. just move it to top
2021-02-02 10:12:04.874 18644-22339/com.nubo.test7 D/nubo.NuboClientActivity: cmdcode: 6, bytesCount: 120, channelType: 0, processId: 9222
2021-02-02 10:12:04.876 18644-22339/com.nubo.test7 D/nubo.NuboClientActivity: cmdcode: 8, bytesCount: 9006, channelType: 0, processId: 9222
2021-02-02 10:12:04.877 18644-22339/com.nubo.test7 D/nubo.NuboClientActivity: cmdcode: 6, bytesCount: 120, channelType: 0, processId: 9222
2021-02-02 10:12:04.878 18644-22339/com.nubo.test7 D/nubo.NuboClientActivity: cmdcode: 22, bytesCount: 120, channelType: 0, processId: 9222
2021-02-02 10:12:04.878 18644-22339/com.nubo.test7 D/nubo.NuboClientActivity: cmdcode: 13, bytesCount: 109, channelType: 0, processId: 9222
2021-02-02 10:12:04.878 18644-22339/com.nubo.test7 D/nubo.NuboClientActivity: cmdcode: 15, bytesCount: 71, channelType: 0, processId: 9222
2021-02-02 10:12:04.879 18644-22339/com.nubo.test7 D/nubo.NuboClientActivity: cmdcode: 15, bytesCount: 71, channelType: 0, processId: 9222
2021-02-02 10:12:04.879 18644-22339/com.nubo.test7 D/nubo.NuboClientActivity: cmdcode: 8, bytesCount: 77, channelType: 0, processId: 9222
2021-02-02 10:12:04.879 18644-22339/com.nubo.test7 D/nubo.NuboClientActivity: cmdcode: 6, bytesCount: 109, channelType: 0, processId: 9222
2021-02-02 10:12:04.880 18644-22339/com.nubo.test7 D/nubo.NuboClientActivity: cmdcode: 8, bytesCount: 77, channelType: 0, processId: 9222
2021-02-02 10:12:04.880 18644-22339/com.nubo.test7 D/nubo.NuboClientActivity: cmdcode: 6, bytesCount: 112, channelType: 0, processId: 9222
2021-02-02 10:12:04.880 18644-22339/com.nubo.test7 D/nubo.NuboClientActivity: cmdcode: 8, bytesCount: 77, channelType: 0, processId: 9222
2021-02-02 10:12:04.881 18644-22339/com.nubo.test7 D/nubo.NuboClientActivity: cmdcode: 6, bytesCount: 110, channelType: 0, processId: 9222
2021-02-02 10:12:04.881 18644-22339/com.nubo.test7 D/nubo.NuboClientActivity: cmdcode: 101, bytesCount: 13, channelType: 0, processId: 9222
2021-02-02 10:12:04.888 18644-18644/com.nubo.test7 E/DecorView: mWindow.mActivityCurrentConfig is null
2021-02-02 10:12:04.914 18644-19295/com.nubo.test7 I/System.out: (HTTPLog)-Static: isSBSettingEnabled false
2021-02-02 10:12:04.914 18644-19295/com.nubo.test7 I/System.out: (HTTPLog)-Static: isSBSettingEnabled false
2021-02-02 10:12:05.426 18644-22339/com.nubo.test7 D/nubo.NuboClientActivity: cmdcode: 1, bytesCount: 30, channelType: 0, processId: 9222
2021-02-02 10:12:05.427 18644-19295/com.nubo.test7 I/System.out: (HTTPLog)-Static: isSBSettingEnabled false
2021-02-02 10:12:05.428 18644-19295/com.nubo.test7 I/System.out: (HTTPLog)-Static: isSBSettingEnabled false
2021-02-02 10:12:05.428 18644-22339/com.nubo.test7 D/nubo.NuboClientActivity: cmdcode: 16, bytesCount: 36, channelType: 0, processId: 9222
2021-02-02 10:12:05.429 18644-22339/com.nubo.test7 D/nubo.NuboClientActivity: cmdcode: 2, bytesCount: 37, channelType: 0, processId: 9222
2021-02-02 10:12:05.430 18644-22339/com.nubo.test7 D/nubo.NuboClientActivity: cmdcode: 6, bytesCount: 108, channelType: 0, processId: 9222
2021-02-02 10:12:05.430 18644-22339/com.nubo.test7 D/nubo.NuboClientActivity: cmdcode: 8, bytesCount: 77, channelType: 0, processId: 9222
2021-02-02 10:12:05.431 18644-22339/com.nubo.test7 D/nubo.NuboClientActivity: cmdcode: 6, bytesCount: 109, channelType: 0, processId: 9222
2021-02-02 10:12:05.431 18644-22339/com.nubo.test7 D/nubo.NuboClientActivity: cmdcode: 8, bytesCount: 77, channelType: 0, processId: 9222
2021-02-02 10:12:05.432 18644-22339/com.nubo.test7 D/nubo.NuboClientActivity: cmdcode: 6, bytesCount: 110, channelType: 0, processId: 9222
2021-02-02 10:12:05.432 18644-22339/com.nubo.test7 D/nubo.NuboClientActivity: cmdcode: 8, bytesCount: 77, channelType: 0, processId: 9222
2021-02-02 10:12:05.432 18644-22339/com.nubo.test7 D/nubo.NuboClientActivity: cmdcode: 6, bytesCount: 109, channelType: 0, processId: 9222
2021-02-02 10:12:05.433 18644-22339/com.nubo.test7 D/nubo.NuboClientActivity: cmdcode: 8, bytesCount: 77, channelType: 0, processId: 9222
2021-02-02 10:12:05.433 18644-22339/com.nubo.test7 D/nubo.NuboClientActivity: cmdcode: 6, bytesCount: 109, channelType: 0, processId: 9222
2021-02-02 10:12:05.433 18644-22339/com.nubo.test7 D/nubo.NuboClientActivity: cmdcode: 8, bytesCount: 77, channelType: 0, processId: 9222
2021-02-02 10:12:05.434 18644-22339/com.nubo.test7 D/nubo.NuboClientActivity: cmdcode: 6, bytesCount: 111, channelType: 0, processId: 9222
2021-02-02 10:12:05.434 18644-22339/com.nubo.test7 D/nubo.NuboClientActivity: cmdcode: 8, bytesCount: 77, channelType: 0, processId: 9222
2021-02-02 10:12:05.434 18644-22339/com.nubo.test7 D/nubo.NuboClientActivity: cmdcode: 6, bytesCount: 111, channelType: 0, processId: 9222
2021-02-02 10:12:05.435 18644-22339/com.nubo.test7 D/nubo.NuboClientActivity: cmdcode: 8, bytesCount: 77, channelType: 0, processId: 9222
2021-02-02 10:12:05.435 18644-22339/com.nubo.test7 D/nubo.NuboClientActivity: cmdcode: 6, bytesCount: 102, channelType: 0, processId: 9222
2021-02-02 10:12:05.435 18644-22339/com.nubo.test7 D/nubo.NuboClientActivity: cmdcode: 8, bytesCount: 77, channelType: 0, processId: 9222
2021-02-02 10:12:05.436 18644-22339/com.nubo.test7 D/nubo.NuboClientActivity: cmdcode: 6, bytesCount: 102, channelType: 0, processId: 9222
2021-02-02 10:12:05.436 18644-22339/com.nubo.test7 D/nubo.NuboClientActivity: cmdcode: 8, bytesCount: 77, channelType: 0, processId: 9222
2021-02-02 10:12:05.437 18644-22339/com.nubo.test7 D/nubo.NuboClientActivity: cmdcode: 6, bytesCount: 111, channelType: 0, processId: 9222
2021-02-02 10:12:05.437 18644-22339/com.nubo.test7 D/nubo.NuboClientActivity: cmdcode: 8, bytesCount: 77, channelType: 0, processId: 9222
2021-02-02 10:12:05.437 18644-22339/com.nubo.test7 D/nubo.NuboClientActivity: cmdcode: 6, bytesCount: 111, channelType: 0, processId: 9222
2021-02-02 10:12:05.438 18644-22339/com.nubo.test7 D/nubo.NuboClientActivity: cmdcode: 8, bytesCount: 77, channelType: 0, processId: 9222
2021-02-02 10:12:05.438 18644-22339/com.nubo.test7 D/nubo.NuboClientActivity: cmdcode: 6, bytesCount: 102, channelType: 0, processId: 9222
2021-02-02 10:12:05.439 18644-22339/com.nubo.test7 D/nubo.NuboClientActivity: cmdcode: 8, bytesCount: 77, channelType: 0, processId: 9222
2021-02-02 10:12:05.439 18644-22339/com.nubo.test7 D/nubo.NuboClientActivity: cmdcode: 6, bytesCount: 102, channelType: 0, processId: 9222
2021-02-02 10:12:05.439 18644-22339/com.nubo.test7 D/nubo.NuboClientActivity: cmdcode: 22, bytesCount: 120, channelType: 0, processId: 9222
2021-02-02 10:12:05.440 18644-22339/com.nubo.test7 D/nubo.NuboClientActivity: cmdcode: 13, bytesCount: 109, channelType: 0, processId: 9222
2021-02-02 10:12:05.440 18644-22339/com.nubo.test7 D/nubo.NuboClientActivity: cmdcode: 15, bytesCount: 71, channelType: 0, processId: 9222
2021-02-02 10:12:05.441 18644-22339/com.nubo.test7 D/nubo.NuboClientActivity: cmdcode: 15, bytesCount: 71, channelType: 0, processId: 9222
2021-02-02 10:12:05.441 18644-22339/com.nubo.test7 D/nubo.NuboClientActivity: cmdcode: 8, bytesCount: 77, channelType: 0, processId: 9222
2021-02-02 10:12:05.441 18644-22339/com.nubo.test7 D/nubo.NuboClientActivity: cmdcode: 6, bytesCount: 109, channelType: 0, processId: 9222
2021-02-02 10:12:05.442 18644-22339/com.nubo.test7 D/nubo.NuboClientActivity: cmdcode: 8, bytesCount: 77, channelType: 0, processId: 9222
2021-02-02 10:12:05.442 18644-22339/com.nubo.test7 D/nubo.NuboClientActivity: cmdcode: 6, bytesCount: 112, channelType: 0, processId: 9222
2021-02-02 10:12:05.442 18644-22339/com.nubo.test7 D/nubo.NuboClientActivity: cmdcode: 8, bytesCount: 77, channelType: 0, processId: 9222
2021-02-02 10:12:05.443 18644-22339/com.nubo.test7 D/nubo.NuboClientActivity: cmdcode: 6, bytesCount: 110, channelType: 0, processId: 9222
2021-02-02 10:12:05.443 18644-22339/com.nubo.test7 D/nubo.NuboClientActivity: cmdcode: 101, bytesCount: 13, channelType: 0, processId: 9222
2021-02-02 10:12:05.450 18644-22339/com.nubo.test7 D/nubo.NuboClientActivity: cmdcode: 1, bytesCount: 30, channelType: 0, processId: 9222
2021-02-02 10:12:05.450 18644-22339/com.nubo.test7 D/nubo.NuboClientActivity: cmdcode: 16, bytesCount: 36, channelType: 0, processId: 9222
2021-02-02 10:12:05.451 18644-22339/com.nubo.test7 D/nubo.NuboClientActivity: cmdcode: 2, bytesCount: 37, channelType: 0, processId: 9222
2021-02-02 10:12:05.451 18644-22339/com.nubo.test7 D/nubo.NuboClientActivity: cmdcode: 6, bytesCount: 108, channelType: 0, processId: 9222
2021-02-02 10:12:05.452 18644-22339/com.nubo.test7 D/nubo.NuboClientActivity: cmdcode: 8, bytesCount: 77, channelType: 0, processId: 9222
2021-02-02 10:12:05.452 18644-22339/com.nubo.test7 D/nubo.NuboClientActivity: cmdcode: 6, bytesCount: 109, channelType: 0, processId: 9222
2021-02-02 10:12:05.453 18644-22339/com.nubo.test7 D/nubo.NuboClientActivity: cmdcode: 8, bytesCount: 77, channelType: 0, processId: 9222
2021-02-02 10:12:05.453 18644-22339/com.nubo.test7 D/nubo.NuboClientActivity: cmdcode: 6, bytesCount: 110, channelType: 0, processId: 9222
2021-02-02 10:12:05.454 18644-22339/com.nubo.test7 D/nubo.NuboClientActivity: cmdcode: 8, bytesCount: 77, channelType: 0, processId: 9222
2021-02-02 10:12:05.454 18644-22339/com.nubo.test7 D/nubo.NuboClientActivity: cmdcode: 6, bytesCount: 109, channelType: 0, processId: 9222
2021-02-02 10:12:05.454 18644-22339/com.nubo.test7 D/nubo.NuboClientActivity: cmdcode: 8, bytesCount: 77, channelType: 0, processId: 9222
2021-02-02 10:12:05.455 18644-22339/com.nubo.test7 D/nubo.NuboClientActivity: cmdcode: 6, bytesCount: 109, channelType: 0, processId: 9222
2021-02-02 10:12:05.455 18644-22339/com.nubo.test7 D/nubo.NuboClientActivity: cmdcode: 8, bytesCount: 77, channelType: 0, processId: 9222
2021-02-02 10:12:05.455 18644-22339/com.nubo.test7 D/nubo.NuboClientActivity: cmdcode: 6, bytesCount: 111, channelType: 0, processId: 9222
2021-02-02 10:12:05.456 18644-22339/com.nubo.test7 D/nubo.NuboClientActivity: cmdcode: 8, bytesCount: 77, channelType: 0, processId: 9222
2021-02-02 10:12:05.456 18644-22339/com.nubo.test7 D/nubo.NuboClientActivity: cmdcode: 6, bytesCount: 111, channelType: 0, processId: 9222
2021-02-02 10:12:05.456 18644-22339/com.nubo.test7 D/nubo.NuboClientActivity: cmdcode: 8, bytesCount: 77, channelType: 0, processId: 9222
2021-02-02 10:12:05.457 18644-22339/com.nubo.test7 D/nubo.NuboClientActivity: cmdcode: 6, bytesCount: 102, channelType: 0, processId: 9222
2021-02-02 10:12:05.457 18644-22339/com.nubo.test7 D/nubo.NuboClientActivity: cmdcode: 8, bytesCount: 77, channelType: 0, processId: 9222
2021-02-02 10:12:05.457 18644-22339/com.nubo.test7 D/nubo.NuboClientActivity: cmdcode: 6, bytesCount: 102, channelType: 0, processId: 9222
2021-02-02 10:12:05.458 18644-22339/com.nubo.test7 D/nubo.NuboClientActivity: cmdcode: 8, bytesCount: 77, channelType: 0, processId: 9222
2021-02-02 10:12:05.458 18644-22339/com.nubo.test7 D/nubo.NuboClientActivity: cmdcode: 6, bytesCount: 111, channelType: 0, processId: 9222
2021-02-02 10:12:05.459 18644-22339/com.nubo.test7 D/nubo.NuboClientActivity: cmdcode: 8, bytesCount: 77, channelType: 0, processId: 9222
2021-02-02 10:12:05.459 18644-22339/com.nubo.test7 D/nubo.NuboClientActivity: cmdcode: 6, bytesCount: 111, channelType: 0, processId: 9222
2021-02-02 10:12:05.459 18644-22339/com.nubo.test7 D/nubo.NuboClientActivity: cmdcode: 8, bytesCount: 77, channelType: 0, processId: 9222
2021-02-02 10:12:05.460 18644-22339/com.nubo.test7 D/nubo.NuboClientActivity: cmdcode: 6, bytesCount: 102, channelType: 0, processId: 9222
2021-02-02 10:12:05.462 18644-22339/com.nubo.test7 D/nubo.NuboClientActivity: cmdcode: 8, bytesCount: 77, channelType: 0, processId: 9222
2021-02-02 10:12:05.462 18644-22339/com.nubo.test7 D/nubo.NuboClientActivity: cmdcode: 6, bytesCount: 102, channelType: 0, processId: 9222
2021-02-02 10:12:05.462 18644-22339/com.nubo.test7 D/nubo.NuboClientActivity: cmdcode: 22, bytesCount: 120, channelType: 0, processId: 9222
2021-02-02 10:12:05.463 18644-22339/com.nubo.test7 D/nubo.NuboClientActivity: cmdcode: 13, bytesCount: 109, channelType: 0, processId: 9222
2021-02-02 10:12:05.463 18644-22339/com.nubo.test7 D/nubo.NuboClientActivity: cmdcode: 15, bytesCount: 71, channelType: 0, processId: 9222
2021-02-02 10:12:05.464 18644-22339/com.nubo.test7 D/nubo.NuboClientActivity: cmdcode: 15, bytesCount: 71, channelType: 0, processId: 9222
2021-02-02 10:12:05.464 18644-22339/com.nubo.test7 D/nubo.NuboClientActivity: cmdcode: 8, bytesCount: 77, channelType: 0, processId: 9222
2021-02-02 10:12:05.464 18644-22339/com.nubo.test7 D/nubo.NuboClientActivity: cmdcode: 6, bytesCount: 109, channelType: 0, processId: 9222
2021-02-02 10:12:05.465 18644-22339/com.nubo.test7 D/nubo.NuboClientActivity: cmdcode: 8, bytesCount: 77, channelType: 0, processId: 9222
2021-02-02 10:12:05.465 18644-22339/com.nubo.test7 D/nubo.NuboClientActivity: cmdcode: 6, bytesCount: 112, channelType: 0, processId: 9222
2021-02-02 10:12:05.465 18644-22339/com.nubo.test7 D/nubo.NuboClientActivity: cmdcode: 8, bytesCount: 77, channelType: 0, processId: 9222
2021-02-02 10:12:05.466 18644-22339/com.nubo.test7 D/nubo.NuboClientActivity: cmdcode: 6, bytesCount: 110, channelType: 0, processId: 9222
2021-02-02 10:12:05.466 18644-22339/com.nubo.test7 D/nubo.NuboClientActivity: cmdcode: 101, bytesCount: 13, channelType: 0, processId: 9222
2021-02-02 10:12:05.702 18644-18690/com.nubo.test7 V/Toast: HIDE: android.widget.Toast$TN@6116a8f
2021-02-02 10:12:05.703 18644-18644/com.nubo.test7 V/Toast: HANDLE HIDE: android.widget.Toast$TN@6116a8f mView=android.widget.LinearLayout{42a5aa1 V.E...... ........ 0,0-758,154}
2021-02-02 10:12:05.703 18644-18644/com.nubo.test7 V/Toast: REMOVE! android.widget.LinearLayout{42a5aa1 V.E...... ........ 0,0-758,154} in android.widget.Toast$TN@6116a8f
2021-02-02 10:12:05.706 18644-19155/com.nubo.test7 D/OpenGLRenderer: destroyEglSurface : 0x723ab9f780
2021-02-02 10:12:05.706 18644-19155/com.nubo.test7 I/mali_egl: eglDestroySurface() in
2021-02-02 10:12:05.707 18644-19155/com.nubo.test7 I/mali_winsys: delete_surface() [758x154] return
2021-02-02 10:12:05.707 18644-19155/com.nubo.test7 I/mali_egl: eglDestroySurface() out
2021-02-02 10:12:05.707 18644-19155/com.nubo.test7 W/libEGL: EGLNativeWindowType 0x732fd1c590 disconnect failed
2021-02-02 10:12:05.707 18644-19155/com.nubo.test7 D/OpenGLRenderer: ~ReliableSurface : 0x732fd1c580
2021-02-02 10:12:05.708 18644-18644/com.nubo.test7 D/ViewRootImpl@42177b4[Toast]: dispatchDetachedFromWindow
2021-02-02 10:12:05.724 18644-18644/com.nubo.test7 D/InputTransport: Input channel destroyed: 'f65cbf1', fd=72
2021-02-02 10:12:05.766 18644-19295/com.nubo.test7 I/System.out: (HTTPLog)-Static: isSBSettingEnabled false
2021-02-02 10:12:05.766 18644-19295/com.nubo.test7 I/System.out: (HTTPLog)-Static: isSBSettingEnabled false
2021-02-02 10:12:06.414 18644-18644/com.nubo.test7 D/nubo.NuboClientActivity: onLocationChanged
2021-02-02 10:12:06.416 18644-18644/com.nubo.test7 D/nubo.NuboClientActivity: player location localLatitude = 32.063736localLongitude = 34.870983localAccuracy = 19.574localAltitude = 121.700005localBearing = 0.0
2021-02-02 10:12:08.667 18644-22343/com.nubo.test7 D/nubo.NuboClientActivity: cmdcode: 123, bytesCount: 21, channelType: 2, processId: -1
2021-02-02 10:12:09.016 18644-22339/com.nubo.test7 D/nubo.NuboClientActivity: cmdcode: 1, bytesCount: 30, channelType: 0, processId: 9222
2021-02-02 10:12:09.019 18644-22339/com.nubo.test7 D/nubo.NuboClientActivity: cmdcode: 16, bytesCount: 36, channelType: 0, processId: 9222
2021-02-02 10:12:09.022 18644-22339/com.nubo.test7 D/nubo.NuboClientActivity: cmdcode: 2, bytesCount: 37, channelType: 0, processId: 9222
2021-02-02 10:12:09.025 18644-22339/com.nubo.test7 D/nubo.NuboClientActivity: cmdcode: 6, bytesCount: 108, channelType: 0, processId: 9222
2021-02-02 10:12:09.027 18644-22339/com.nubo.test7 D/nubo.NuboClientActivity: cmdcode: 8, bytesCount: 77, channelType: 0, processId: 9222
2021-02-02 10:12:09.028 18644-22339/com.nubo.test7 D/nubo.NuboClientActivity: cmdcode: 6, bytesCount: 109, channelType: 0, processId: 9222
2021-02-02 10:12:09.029 18644-22339/com.nubo.test7 D/nubo.NuboClientActivity: cmdcode: 8, bytesCount: 77, channelType: 0, processId: 9222
2021-02-02 10:12:09.031 18644-22339/com.nubo.test7 D/nubo.NuboClientActivity: cmdcode: 6, bytesCount: 110, channelType: 0, processId: 9222
2021-02-02 10:12:09.032 18644-22339/com.nubo.test7 D/nubo.NuboClientActivity: cmdcode: 8, bytesCount: 77, channelType: 0, processId: 9222
2021-02-02 10:12:09.034 18644-22339/com.nubo.test7 D/nubo.NuboClientActivity: cmdcode: 6, bytesCount: 109, channelType: 0, processId: 9222
2021-02-02 10:12:09.035 18644-22339/com.nubo.test7 D/nubo.NuboClientActivity: cmdcode: 8, bytesCount: 77, channelType: 0, processId: 9222
2021-02-02 10:12:09.036 18644-22339/com.nubo.test7 D/nubo.NuboClientActivity: cmdcode: 6, bytesCount: 109, channelType: 0, processId: 9222
2021-02-02 10:12:09.037 18644-22339/com.nubo.test7 D/nubo.NuboClientActivity: cmdcode: 8, bytesCount: 77, channelType: 0, processId: 9222
2021-02-02 10:12:09.038 18644-22339/com.nubo.test7 D/nubo.NuboClientActivity: cmdcode: 6, bytesCount: 111, channelType: 0, processId: 9222
2021-02-02 10:12:09.039 18644-22339/com.nubo.test7 D/nubo.NuboClientActivity: cmdcode: 8, bytesCount: 77, channelType: 0, processId: 9222
2021-02-02 10:12:09.041 18644-22339/com.nubo.test7 D/nubo.NuboClientActivity: cmdcode: 6, bytesCount: 111, channelType: 0, processId: 9222
2021-02-02 10:12:09.042 18644-22339/com.nubo.test7 D/nubo.NuboClientActivity: cmdcode: 8, bytesCount: 77, channelType: 0, processId: 9222
2021-02-02 10:12:09.044 18644-22339/com.nubo.test7 D/nubo.NuboClientActivity: cmdcode: 6, bytesCount: 102, channelType: 0, processId: 9222
2021-02-02 10:12:09.045 18644-22339/com.nubo.test7 D/nubo.NuboClientActivity: cmdcode: 8, bytesCount: 77, channelType: 0, processId: 9222
2021-02-02 10:12:09.046 18644-22339/com.nubo.test7 D/nubo.NuboClientActivity: cmdcode: 6, bytesCount: 102, channelType: 0, processId: 9222
2021-02-02 10:12:09.047 18644-22339/com.nubo.test7 D/nubo.NuboClientActivity: cmdcode: 8, bytesCount: 77, channelType: 0, processId: 9222
2021-02-02 10:12:09.048 18644-22339/com.nubo.test7 D/nubo.NuboClientActivity: cmdcode: 6, bytesCount: 111, channelType: 0, processId: 9222
2021-02-02 10:12:09.049 18644-22339/com.nubo.test7 D/nubo.NuboClientActivity: cmdcode: 8, bytesCount: 77, channelType: 0, processId: 9222
2021-02-02 10:12:09.051 18644-22339/com.nubo.test7 D/nubo.NuboClientActivity: cmdcode: 6, bytesCount: 111, channelType: 0, processId: 9222
2021-02-02 10:12:09.052 18644-22339/com.nubo.test7 D/nubo.NuboClientActivity: cmdcode: 8, bytesCount: 77, channelType: 0, processId: 9222
2021-02-02 10:12:09.053 18644-22339/com.nubo.test7 D/nubo.NuboClientActivity: cmdcode: 6, bytesCount: 102, channelType: 0, processId: 9222
2021-02-02 10:12:09.054 18644-22339/com.nubo.test7 D/nubo.NuboClientActivity: cmdcode: 8, bytesCount: 77, channelType: 0, processId: 9222
2021-02-02 10:12:09.055 18644-22339/com.nubo.test7 D/nubo.NuboClientActivity: cmdcode: 6, bytesCount: 102, channelType: 0, processId: 9222
2021-02-02 10:12:09.057 18644-22339/com.nubo.test7 D/nubo.NuboClientActivity: cmdcode: 22, bytesCount: 120, channelType: 0, processId: 9222
2021-02-02 10:12:09.058 18644-22339/com.nubo.test7 D/nubo.NuboClientActivity: cmdcode: 13, bytesCount: 109, channelType: 0, processId: 9222
2021-02-02 10:12:09.059 18644-22339/com.nubo.test7 D/nubo.NuboClientActivity: cmdcode: 15, bytesCount: 71, channelType: 0, processId: 9222
2021-02-02 10:12:09.060 18644-22339/com.nubo.test7 D/nubo.NuboClientActivity: cmdcode: 15, bytesCount: 71, channelType: 0, processId: 9222
2021-02-02 10:12:09.061 18644-22339/com.nubo.test7 D/nubo.NuboClientActivity: cmdcode: 8, bytesCount: 77, channelType: 0, processId: 9222
2021-02-02 10:12:09.062 18644-22339/com.nubo.test7 D/nubo.NuboClientActivity: cmdcode: 6, bytesCount: 109, channelType: 0, processId: 9222
2021-02-02 10:12:09.063 18644-22339/com.nubo.test7 D/nubo.NuboClientActivity: cmdcode: 8, bytesCount: 77, channelType: 0, processId: 9222
2021-02-02 10:12:09.064 18644-22339/com.nubo.test7 D/nubo.NuboClientActivity: cmdcode: 6, bytesCount: 112, channelType: 0, processId: 9222
2021-02-02 10:12:09.065 18644-22339/com.nubo.test7 D/nubo.NuboClientActivity: cmdcode: 8, bytesCount: 77, channelType: 0, processId: 9222
2021-02-02 10:12:09.066 18644-22339/com.nubo.test7 D/nubo.NuboClientActivity: cmdcode: 6, bytesCount: 110, channelType: 0, processId: 9222
2021-02-02 10:12:09.067 18644-22339/com.nubo.test7 D/nubo.NuboClientActivity: cmdcode: 101, bytesCount: 13, channelType: 0, processId: 9222
2021-02-02 10:12:12.675 18644-22343/com.nubo.test7 D/nubo.NuboClientActivity: cmdcode: 123, bytesCount: 21, channelType: 2, processId: -1
2021-02-02 10:12:13.443 18644-18644/com.nubo.test7 D/ViewRootImpl@83bd402[NuboClientActivity]: ViewPostIme pointer 0
2021-02-02 10:12:13.504 18644-18644/com.nubo.test7 D/ViewRootImpl@83bd402[NuboClientActivity]: ViewPostIme pointer 1
2021-02-02 10:12:13.578 18644-22339/com.nubo.test7 D/nubo.NuboClientActivity: cmdcode: 1, bytesCount: 30, channelType: 0, processId: 9222
2021-02-02 10:12:13.578 18644-22339/com.nubo.test7 D/nubo.NuboClientActivity: cmdcode: 16, bytesCount: 36, channelType: 0, processId: 9222
2021-02-02 10:12:13.579 18644-22339/com.nubo.test7 D/nubo.NuboClientActivity: cmdcode: 2, bytesCount: 37, channelType: 0, processId: 9222
2021-02-02 10:12:13.579 18644-22339/com.nubo.test7 D/nubo.NuboClientActivity: cmdcode: 6, bytesCount: 108, channelType: 0, processId: 9222
2021-02-02 10:12:13.580 18644-22339/com.nubo.test7 D/nubo.NuboClientActivity: cmdcode: 8, bytesCount: 77, channelType: 0, processId: 9222
2021-02-02 10:12:13.580 18644-22339/com.nubo.test7 D/nubo.NuboClientActivity: cmdcode: 6, bytesCount: 109, channelType: 0, processId: 9222
2021-02-02 10:12:13.580 18644-22339/com.nubo.test7 D/nubo.NuboClientActivity: cmdcode: 8, bytesCount: 77, channelType: 0, processId: 9222
2021-02-02 10:12:13.581 18644-22339/com.nubo.test7 D/nubo.NuboClientActivity: cmdcode: 6, bytesCount: 110, channelType: 0, processId: 9222
2021-02-02 10:12:13.581 18644-22339/com.nubo.test7 D/nubo.NuboClientActivity: cmdcode: 8, bytesCount: 77, channelType: 0, processId: 9222
2021-02-02 10:12:13.581 18644-22339/com.nubo.test7 D/nubo.NuboClientActivity: cmdcode: 6, bytesCount: 109, channelType: 0, processId: 9222
2021-02-02 10:12:13.582 18644-22339/com.nubo.test7 D/nubo.NuboClientActivity: cmdcode: 8, bytesCount: 77, channelType: 0, processId: 9222
2021-02-02 10:12:13.582 18644-22339/com.nubo.test7 D/nubo.NuboClientActivity: cmdcode: 6, bytesCount: 109, channelType: 0, processId: 9222
2021-02-02 10:12:13.582 18644-22339/com.nubo.test7 D/nubo.NuboClientActivity: cmdcode: 8, bytesCount: 77, channelType: 0, processId: 9222
2021-02-02 10:12:13.582 18644-22339/com.nubo.test7 D/nubo.NuboClientActivity: cmdcode: 6, bytesCount: 111, channelType: 0, processId: 9222
2021-02-02 10:12:13.583 18644-22339/com.nubo.test7 D/nubo.NuboClientActivity: cmdcode: 8, bytesCount: 77, channelType: 0, processId: 9222
2021-02-02 10:12:13.583 18644-22339/com.nubo.test7 D/nubo.NuboClientActivity: cmdcode: 6, bytesCount: 111, channelType: 0, processId: 9222
2021-02-02 10:12:13.583 18644-22339/com.nubo.test7 D/nubo.NuboClientActivity: cmdcode: 8, bytesCount: 77, channelType: 0, processId: 9222
2021-02-02 10:12:13.583 18644-22339/com.nubo.test7 D/nubo.NuboClientActivity: cmdcode: 6, bytesCount: 102, channelType: 0, processId: 9222
2021-02-02 10:12:13.584 18644-22339/com.nubo.test7 D/nubo.NuboClientActivity: cmdcode: 8, bytesCount: 77, channelType: 0, processId: 9222
2021-02-02 10:12:13.584 18644-22339/com.nubo.test7 D/nubo.NuboClientActivity: cmdcode: 6, bytesCount: 102, channelType: 0, processId: 9222
2021-02-02 10:12:13.584 18644-22339/com.nubo.test7 D/nubo.NuboClientActivity: cmdcode: 8, bytesCount: 77, channelType: 0, processId: 9222
2021-02-02 10:12:13.584 18644-22339/com.nubo.test7 D/nubo.NuboClientActivity: cmdcode: 6, bytesCount: 111, channelType: 0, processId: 9222
2021-02-02 10:12:13.585 18644-22339/com.nubo.test7 D/nubo.NuboClientActivity: cmdcode: 8, bytesCount: 77, channelType: 0, processId: 9222
2021-02-02 10:12:13.585 18644-22339/com.nubo.test7 D/nubo.NuboClientActivity: cmdcode: 6, bytesCount: 111, channelType: 0, processId: 9222
2021-02-02 10:12:13.585 18644-22339/com.nubo.test7 D/nubo.NuboClientActivity: cmdcode: 8, bytesCount: 77, channelType: 0, processId: 9222
2021-02-02 10:12:13.586 18644-22339/com.nubo.test7 D/nubo.NuboClientActivity: cmdcode: 6, bytesCount: 102, channelType: 0, processId: 9222
2021-02-02 10:12:13.586 18644-22339/com.nubo.test7 D/nubo.NuboClientActivity: cmdcode: 8, bytesCount: 77, channelType: 0, processId: 9222
2021-02-02 10:12:13.586 18644-22339/com.nubo.test7 D/nubo.NuboClientActivity: cmdcode: 6, bytesCount: 102, channelType: 0, processId: 9222
2021-02-02 10:12:13.586 18644-22339/com.nubo.test7 D/nubo.NuboClientActivity: cmdcode: 22, bytesCount: 120, channelType: 0, processId: 9222
2021-02-02 10:12:13.587 18644-22339/com.nubo.test7 D/nubo.NuboClientActivity: cmdcode: 13, bytesCount: 109, channelType: 0, processId: 9222
2021-02-02 10:12:13.587 18644-22339/com.nubo.test7 D/nubo.NuboClientActivity: cmdcode: 15, bytesCount: 71, channelType: 0, processId: 9222
2021-02-02 10:12:13.587 18644-22339/com.nubo.test7 D/nubo.NuboClientActivity: cmdcode: 15, bytesCount: 71, channelType: 0, processId: 9222
2021-02-02 10:12:13.588 18644-22339/com.nubo.test7 D/nubo.NuboClientActivity: cmdcode: 8, bytesCount: 77, channelType: 0, processId: 9222
2021-02-02 10:12:13.588 18644-22339/com.nubo.test7 D/nubo.NuboClientActivity: cmdcode: 6, bytesCount: 109, channelType: 0, processId: 9222
2021-02-02 10:12:13.588 18644-22339/com.nubo.test7 D/nubo.NuboClientActivity: cmdcode: 8, bytesCount: 77, channelType: 0, processId: 9222
2021-02-02 10:12:13.588 18644-22339/com.nubo.test7 D/nubo.NuboClientActivity: cmdcode: 6, bytesCount: 112, channelType: 0, processId: 9222
2021-02-02 10:12:13.589 18644-22339/com.nubo.test7 D/nubo.NuboClientActivity: cmdcode: 8, bytesCount: 77, channelType: 0, processId: 9222
2021-02-02 10:12:13.589 18644-22339/com.nubo.test7 D/nubo.NuboClientActivity: cmdcode: 6, bytesCount: 110, channelType: 0, processId: 9222
2021-02-02 10:12:13.589 18644-22339/com.nubo.test7 D/nubo.NuboClientActivity: cmdcode: 101, bytesCount: 13, channelType: 0, processId: 9222
2021-02-02 10:12:13.595 18644-22339/com.nubo.test7 D/nubo.NuboClientActivity: cmdcode: 1, bytesCount: 30, channelType: 0, processId: 9222
2021-02-02 10:12:13.595 18644-22339/com.nubo.test7 D/nubo.NuboClientActivity: cmdcode: 16, bytesCount: 36, channelType: 0, processId: 9222
2021-02-02 10:12:13.596 18644-22339/com.nubo.test7 D/nubo.NuboClientActivity: cmdcode: 2, bytesCount: 37, channelType: 0, processId: 9222
2021-02-02 10:12:13.596 18644-22339/com.nubo.test7 D/nubo.NuboClientActivity: cmdcode: 9, bytesCount: 15, channelType: 0, processId: 9222
2021-02-02 10:12:13.596 18644-22339/com.nubo.test7 D/nubo.NuboClientActivity: cmdcode: 15, bytesCount: 3349, channelType: 0, processId: 9222
2021-02-02 10:12:13.597 18644-22339/com.nubo.test7 D/nubo.NuboClientActivity: cmdcode: 15, bytesCount: 71, channelType: 0, processId: 9222
2021-02-02 10:12:13.598 18644-22339/com.nubo.test7 D/nubo.NuboClientActivity: cmdcode: 4, bytesCount: 13, channelType: 0, processId: 9222
2021-02-02 10:12:13.598 18644-22339/com.nubo.test7 D/nubo.NuboClientActivity: cmdcode: 6, bytesCount: 108, channelType: 0, processId: 9222
2021-02-02 10:12:13.598 18644-22339/com.nubo.test7 D/nubo.NuboClientActivity: cmdcode: 8, bytesCount: 77, channelType: 0, processId: 9222
2021-02-02 10:12:13.599 18644-22339/com.nubo.test7 D/nubo.NuboClientActivity: cmdcode: 6, bytesCount: 109, channelType: 0, processId: 9222
2021-02-02 10:12:13.599 18644-22339/com.nubo.test7 D/nubo.NuboClientActivity: cmdcode: 8, bytesCount: 77, channelType: 0, processId: 9222
2021-02-02 10:12:13.599 18644-22339/com.nubo.test7 D/nubo.NuboClientActivity: cmdcode: 6, bytesCount: 110, channelType: 0, processId: 9222
2021-02-02 10:12:13.599 18644-22339/com.nubo.test7 D/nubo.NuboClientActivity: cmdcode: 8, bytesCount: 77, channelType: 0, processId: 9222
2021-02-02 10:12:13.600 18644-22339/com.nubo.test7 D/nubo.NuboClientActivity: cmdcode: 6, bytesCount: 109, channelType: 0, processId: 9222
2021-02-02 10:12:13.600 18644-22339/com.nubo.test7 D/nubo.NuboClientActivity: cmdcode: 8, bytesCount: 77, channelType: 0, processId: 9222
2021-02-02 10:12:13.600 18644-22339/com.nubo.test7 D/nubo.NuboClientActivity: cmdcode: 6, bytesCount: 109, channelType: 0, processId: 9222
2021-02-02 10:12:13.601 18644-22339/com.nubo.test7 D/nubo.NuboClientActivity: cmdcode: 8, bytesCount: 77, channelType: 0, processId: 9222
2021-02-02 10:12:13.601 18644-22339/com.nubo.test7 D/nubo.NuboClientActivity: cmdcode: 6, bytesCount: 111, channelType: 0, processId: 9222
